******************************************************************************
                  MSP430 Linker Unix v21.6.1                   
******************************************************************************
>> Linked Tue Mar 10 19:54:48 2026

OUTPUT FILE NAME:   <Car.out>
ENTRY POINT SYMBOL: "_c_int00_noargs_mpu"  address: 0000c680


MEMORY CONFIGURATION

         name            origin    length      used     unused   attr    fill
----------------------  --------  ---------  --------  --------  ----  --------
  TINYRAM               00000006   0000001a  00000000  0000001a  RWIX
  BSL0                  00001000   00000800  00000000  00000800  RWIX
  INFO                  00001800   00000200  00000000  00000200  RWIX
  TLVMEM                00001a00   00000200  00000000  00000200  RWIX
  BOOTCODE              00001c00   00000400  00000000  00000400  RWIX
  RAM                   00002000   00001000  00000606  000009fa  RWIX
  FRAM                  00008000   00007f80  00004442  00003b3e  RWIX
  JTAGSIGNATURE         0000ff80   00000004  00000004  00000000  RWIX  ffff 
  BSLSIGNATURE          0000ff84   00000004  00000004  00000000  RWIX  ffff 
  BSLCONFIGURATIONSIGNA 0000ff88   00000002  00000002  00000000  RWIX  ffff 
  BSLCONFIGURATION      0000ff8a   00000002  00000002  00000000  RWIX  ffff 
  BSLI2CADDRESS         0000ffa0   00000002  00000002  00000000  RWIX  ffff 
  INT00                 0000ffa2   00000002  00000000  00000002  RWIX
  INT01                 0000ffa4   00000002  00000000  00000002  RWIX
  INT02                 0000ffa6   00000002  00000000  00000002  RWIX
  INT03                 0000ffa8   00000002  00000000  00000002  RWIX
  INT04                 0000ffaa   00000002  00000000  00000002  RWIX
  INT05                 0000ffac   00000002  00000000  00000002  RWIX
  INT06                 0000ffae   00000002  00000000  00000002  RWIX
  INT07                 0000ffb0   00000002  00000000  00000002  RWIX
  INT08                 0000ffb2   00000002  00000000  00000002  RWIX
  INT09                 0000ffb4   00000002  00000000  00000002  RWIX
  INT10                 0000ffb6   00000002  00000000  00000002  RWIX
  INT11                 0000ffb8   00000002  00000000  00000002  RWIX
  INT12                 0000ffba   00000002  00000000  00000002  RWIX
  INT13                 0000ffbc   00000002  00000000  00000002  RWIX
  INT14                 0000ffbe   00000002  00000000  00000002  RWIX
  INT15                 0000ffc0   00000002  00000000  00000002  RWIX
  INT16                 0000ffc2   00000002  00000000  00000002  RWIX
  INT17                 0000ffc4   00000002  00000000  00000002  RWIX
  INT18                 0000ffc6   00000002  00000000  00000002  RWIX
  INT19                 0000ffc8   00000002  00000000  00000002  RWIX
  INT20                 0000ffca   00000002  00000000  00000002  RWIX
  INT21                 0000ffcc   00000002  00000000  00000002  RWIX
  INT22                 0000ffce   00000002  00000002  00000000  RWIX
  INT23                 0000ffd0   00000002  00000002  00000000  RWIX
  INT24                 0000ffd2   00000002  00000002  00000000  RWIX
  INT25                 0000ffd4   00000002  00000002  00000000  RWIX
  INT26                 0000ffd6   00000002  00000002  00000000  RWIX
  INT27                 0000ffd8   00000002  00000002  00000000  RWIX
  INT28                 0000ffda   00000002  00000002  00000000  RWIX
  INT29                 0000ffdc   00000002  00000002  00000000  RWIX
  INT30                 0000ffde   00000002  00000002  00000000  RWIX
  INT31                 0000ffe0   00000002  00000002  00000000  RWIX
  INT32                 0000ffe2   00000002  00000002  00000000  RWIX
  INT33                 0000ffe4   00000002  00000002  00000000  RWIX
  INT34                 0000ffe6   00000002  00000002  00000000  RWIX
  INT35                 0000ffe8   00000002  00000002  00000000  RWIX
  INT36                 0000ffea   00000002  00000002  00000000  RWIX
  INT37                 0000ffec   00000002  00000002  00000000  RWIX
  INT38                 0000ffee   00000002  00000002  00000000  RWIX
  INT39                 0000fff0   00000002  00000002  00000000  RWIX
  INT40                 0000fff2   00000002  00000002  00000000  RWIX
  INT41                 0000fff4   00000002  00000002  00000000  RWIX
  INT42                 0000fff6   00000002  00000002  00000000  RWIX
  INT43                 0000fff8   00000002  00000002  00000000  RWIX
  INT44                 0000fffa   00000002  00000002  00000000  RWIX
  INT45                 0000fffc   00000002  00000002  00000000  RWIX
  RESET                 0000fffe   00000002  00000002  00000000  RWIX
  ROMLIB                000fac00   00005000  00000000  00005000  RWIX
  BSL1                  000ffc00   00000400  00000000  00000400  RWIX


SECTION ALLOCATION MAP

 output                                  attributes/
section   page    origin      length       input sections
--------  ----  ----------  ----------   ----------------
.TI.ramfunc 
*          0    00008000    00000186     RUN ADDR = 000022de
                  00008000    00000080     detector.obj (.TI.ramfunc:getDetectorWhiteLevel)
                  00008080    0000005a     robot.obj (.TI.ramfunc:wrapAngle)
                  000080da    00000052     robot.obj (.TI.ramfunc:pwmCountsFromPercentFloat)
                  0000812c    00000034     detector.obj (.TI.ramfunc:getDetectorValue)
                  00008160    00000026     robot.obj (.TI.ramfunc:absoluteFloat)

.TI.persistent 
*          0    00008400    00000000     UNINITIALIZED

.cio       0    00008400    00000000     UNINITIALIZED

.sysmem    0    00008400    00000000     UNINITIALIZED

.cinit     0    00008400    000000be     
                  00008400    0000009c     (.cinit..data.load) [load image, compression = lzss]
                  0000849c    0000000c     (__TI_handler_table)
                  000084a8    00000006     (.cinit..bss.load) [load image, compression = zero_init]
                  000084ae    00000010     (__TI_cinit_table)

.pinit     0    000084be    00000000     UNINITIALIZED

.binit     0    000084be    00000010     
                  000084be    00000010     (.binit)

.init_array 
*          0    000084ce    00000000     UNINITIALIZED

.mspabi.exidx 
*          0    000084ce    00000000     UNINITIALIZED

.mspabi.extab 
*          0    000084ce    00000000     UNINITIALIZED

.const     0    000084ce    0000016a     
                  000084ce    0000006c     robot.obj (.const:.string)
                  0000853a    00000060     main.obj (.const:.string)
                  0000859a    00000048     switches.obj (.const:.string)
                  000085e2    0000001c     gpio.obj (.const:GPIO_PORT_TO_BASE)
                  000085fe    0000000e     timers.obj (.const:$P$T0$1)
                  0000860c    0000000e     timers.obj (.const:$P$T1$2)
                  0000861a    0000000b     robot.obj (.const:.string:$P$T0$1)
                  00008625    00000001     --HOLE-- [fill = 0]
                  00008626    0000000b     robot.obj (.const:.string:$P$T1$2)
                  00008631    00000001     --HOLE-- [fill = 0]
                  00008632    00000006     adc.obj (.const:adc_input_map)

.text      0    00008638    00003f2c     
                  00008638    00000eb4     robot.obj (.text:commandTick)
                  000094ec    000003a6     main.obj (.text:main)
                  00009892    00000132     rts430x_lc_sd_eabi.lib : fs_add.asm.obj (.text)
                  000099c4    000000ee     switches.obj (.text:Switch1_Process)
                  00009ab2    000000ee     rts430x_lc_sd_eabi.lib : copy_decompress_lzss.c.obj (.text:decompress:lzss:__TI_decompress_lzss)
                  00009ba0    000000c4     LCD.obj (.text:Init_LCD)
                  00009c64    000000ba     clocks.obj (.text:Software_Trim)
                  00009d1e    000000b8     rts430x_lc_sd_eabi.lib : fs_mpy.asm.obj (.text)
                  00009dd6    000000aa     ports.obj (.text:Init_Port1)
                  00009e80    000000aa     ports.obj (.text:Init_Port3)
                  00009f2a    000000a8     rts430x_lc_sd_eabi.lib : cpy_tbl.c.obj (.text:copy_in)
                  00009fd2    000000a6     robot.obj (.text:setFollowLineElapsedDisplay)
                  0000a078    000000a0     otos.obj (.text:otos_poll_measurement)
                  0000a118    0000009e     display.obj (.text:format_detector_line)
                  0000a1b6    0000009c     motors.obj (.text:serviceShootThroughIndicator)
                  0000a252    0000009a     robot.obj (.text:getChainApi)
                  0000a2ec    00000096     ports.obj (.text:Init_Port2)
                  0000a382    00000096     motors.obj (.text:Motors_Service)
                  0000a418    00000092     ports.obj (.text:Init_Port4)
                  0000a4aa    00000092     ports.obj (.text:Init_Port6)
                  0000a53c    00000090     rts430x_lc_sd_eabi.lib : fs_div.asm.obj (.text)
                  0000a5cc    0000008a     detector.obj (.text:getDetectedColor)
                  0000a656    0000007e     robot.obj (.text:commandTickParallelDriveChild)
                  0000a6d4    0000007c     rts430x_lc_sd_eabi.lib : autoinit.c.obj (.text:__TI_auto_init_nopinit_hold_wdt:__TI_auto_init_nopinit_hold_wdt)
                  0000a750    00000076     robot.obj (.text:Command_DriveToXY)
                  0000a7c6    00000076     robot.obj (.text:updateRobot)
                  0000a83c    00000074     otos.obj (.text:OTOS_Begin)
                  0000a8b0    0000006e     display.obj (.text:format_emitter_line)
                  0000a91e    0000006c     otos.obj (.text:i2c_read_byte)
                  0000a98a    0000006a     otos.obj (.text:i2c_write_byte)
                  0000a9f4    00000068     robot.obj (.text:Command_FollowLine)
                  0000aa5c    00000068     clocks.obj (.text:Init_Clocks)
                  0000aac4    00000068     otos.obj (.text:OTOS_CalibrateImu)
                  0000ab2c    00000068     otos.obj (.text:otos_read_register_bytes)
                  0000ab94    00000068     rts430x_lc_sd_eabi.lib : fs_toi.asm.obj (.text)
                  0000abfc    00000062     robot.obj (.text:Command_TurnToAngle)
                  0000ac5e    00000062     ports.obj (.text:Init_Port5)
                  0000acc0    00000062     timers.obj (.text:Init_Timer_B0)
                  0000ad22    00000062     timer_b.obj (.text:Timer_B_initUpMode)
                  0000ad84    00000060     robot.obj (.text:Command_AlignLeftToLine)
                  0000ade4    00000060     robot.obj (.text:Command_DriveToLine)
                  0000ae44    00000060     init.obj (.text:Init_Conditions)
                  0000aea4    00000060     robot.obj (.text:setCurrentCommandDisplay)
                  0000af04    0000005e     adc.obj (.text:Init_ADC)
                  0000af62    0000005c     robot.obj (.text:Command_DriveStraight)
                  0000afbe    0000005c     robot.obj (.text:Command_ReverseStraight)
                  0000b01a    0000005a     robot.obj (.text:Command_Sequence)
                  0000b074    0000005a     robot.obj (.text:applyMixedDrive)
                  0000b0ce    0000005a     motors.obj (.text:applyMotorMode)
                  0000b128    0000005a     otos.obj (.text:wrap_heading)
                  0000b182    00000058     rts430x_lc_sd_eabi.lib : div32u.asm.obj (.text)
                  0000b1da    00000054     robot.obj (.text:Command_DriveUntil)
                  0000b22e    00000050     timers.obj (.text:Init_Timer_B1)
                  0000b27e    0000004c     motors.obj (.text:Motors_DriveSpinPWM)
                  0000b2ca    0000004a     switches.obj (.text:Switch2_Process)
                  0000b314    0000004a     detector.obj (.text:detectorSetBlackRangeFromCurrent)
                  0000b35e    0000004a     detector.obj (.text:detectorSetWhiteRangeFromCurrent)
                  0000b3a8    0000004a     rts430x_lc_sd_eabi.lib : fs_cmp.asm.obj (.text)
                  0000b3f2    00000048     motors.obj (.text:clampPWM)
                  0000b43a    00000048     otos.obj (.text:otos_write_register_bytes)
                  0000b482    00000048     motors.obj (.text:pwmCountsFromPercent)
                  0000b4ca    00000046     motors.obj (.text:Motors_DriveForwardPWM)
                  0000b510    00000046     motors.obj (.text:Motors_DriveReversePWM)
                  0000b556    00000046     motors.obj (.text:Motors_DriveSpinReversePWM)
                  0000b59c    00000046     rts430x_lc_sd_eabi.lib : fs_tou.asm.obj (.text)
                  0000b5e2    00000044     LCD.obj (.text:Display_Update)
                  0000b626    00000042     motors.obj (.text:requiresDirectionChangeDeadtime)
                  0000b668    00000040     robot.obj (.text:Command_Spin)
                  0000b6a8    00000040     LCD.obj (.text:Init_SPI_B1)
                  0000b6e8    00000040     rts430x_lc_sd_eabi.lib : cpy_util.asm.obj (.text:__memcpy_far)
                  0000b728    00000040     robot.obj (.text:chainAndThenDriveToXY)
                  0000b768    00000040     rts430x_lc_sd_eabi.lib : div32s.asm.obj (.text)
                  0000b7a8    0000003e     timers.obj (.text:Init_Timer_B3)
                  0000b7e6    0000003e     rts430x_lc_sd_eabi.lib : copy_zero_init.c.obj (.text:decompress:ZI:__TI_zero_init_nomemset:__TI_zero_init_nomemset)
                  0000b824    0000003e                            : lsl32.asm.obj (.text:l_lsl_const)
                  0000b862    0000003c     robot.obj (.text:Command_Reverse)
                  0000b89e    0000003c     FRWP_INIT_LIB_CCS_msp430_large_code_small_data.lib : frwp_init.obj (.text:__mpu_init)
                  0000b8da    0000003c     rts430x_lc_sd_eabi.lib : copy_decompress_none.c.obj (.text:decompress:none:__TI_decompress_none)
                  0000b916    0000003a     robot.obj (.text:Command_Forward)
                  0000b950    0000003a     robot.obj (.text:Command_Wait)
                  0000b98a    0000003a     robot.obj (.text:chainUntil)
                  0000b9c4    0000003a     robot.obj (.text:chainUntilSelective)
                  0000b9fe    00000036     motors.obj (.text:Timer_CCR_Interval_From_Frequency)
                  0000ba34    00000036     robot.obj (.text:chainAndThenSpinCCW)
                  0000ba6a    00000036     robot.obj (.text:chainAndThenSpinCW)
                  0000baa0    00000036     robot.obj (.text:commandResetRecursive)
                  0000bad6    00000036     rts430x_lc_sd_eabi.lib : fs_itof.asm.obj (.text)
                  0000bb0c    00000034     adc.obj (.text:ADC_init)
                  0000bb40    00000034     robot.obj (.text:chainAndThenTurnToAngle)
                  0000bb74    00000034     motors.obj (.text:driveSpin)
                  0000bba8    00000032     motors.obj (.text:driveForward)
                  0000bbda    00000032     motors.obj (.text:driveReverse)
                  0000bc0c    00000032     motors.obj (.text:driveSpinReverse)
                  0000bc3e    0000002e     adc.obj (.text:ADC_SelectAndStart)
                  0000bc6c    0000002e     robot.obj (.text:chainAndThenAlignLeftToLine)
                  0000bc9a    0000002e     robot.obj (.text:chainAndThenDriveStraight)
                  0000bcc8    0000002e     robot.obj (.text:chainAndThenDriveToLine)
                  0000bcf6    0000002e     robot.obj (.text:chainAndThenDriveUntil)
                  0000bd24    0000002e     robot.obj (.text:chainAndThenFollowLine)
                  0000bd52    0000002e     robot.obj (.text:chainAndThenForward)
                  0000bd80    0000002e     robot.obj (.text:chainAndThenReverse)
                  0000bdae    0000002e     robot.obj (.text:chainAndThenReverseStraight)
                  0000bddc    0000002e     robot.obj (.text:chainAndThenWait)
                  0000be0a    0000002c     switches.obj (.text:Init_Switches)
                  0000be36    0000002c     robot.obj (.text:chainSchedule)
                  0000be62    0000002c     adc.obj (.text:getThumbWheel)
                  0000be8e    0000002c     rts430x_lc_sd_eabi.lib : div16s.asm.obj (.text)
                  0000beba    0000002a                            : strncmp.c.obj (.text:strncmp)
                  0000bee4    0000002a     otos.obj (.text:wait_scl_high)
                  0000bf0e    00000028     LCD.obj (.text:WriteData)
                  0000bf36    00000028     LCD.obj (.text:WriteIns)
                  0000bf5e    00000028     otos.obj (.text:getHeading)
                  0000bf86    00000026     gpio.obj (.text:GPIO_setAsInputPinWithPullUpResistor)
                  0000bfac    00000024     rts430x_lc_sd_eabi.lib : fs_utof.asm.obj (.text)
                  0000bfd0    00000024                            : mult32_f5hw.asm.obj (.text)
                  0000bff4    00000022     display.obj (.text:Display_Process)
                  0000c016    00000022     otos.obj (.text:zeroHeading)
                  0000c038    00000020     robot.obj (.text:scheduleCommand)
                  0000c058    0000001e     adc.obj (.text:ADC_disableConversions)
                  0000c076    0000001e     gpio.obj (.text:GPIO_setAsOutputPin)
                  0000c094    0000001e     switches.obj (.text:Switch_Process)
                  0000c0b2    0000001e     otos.obj (.text:getPositionY)
                  0000c0d0    0000001e     motors.obj (.text:leftWheelDirectionForMode)
                  0000c0ee    0000001e     robot.obj (.text:pwmCountsFromPercent)
                  0000c10c    0000001e     motors.obj (.text:rightWheelDirectionForMode)
                  0000c12a    0000001c     adc.obj (.text:ADC_startConversion)
                  0000c146    0000001c     LCD.obj (.text:SPI_B1_write)
                  0000c162    0000001c     rts430x_lc_sd_eabi.lib : mult1632_f5hw.asm.obj (.text:__mpyul)
                  0000c17e    0000001c     otos.obj (.text:i2c_stop)
                  0000c19a    0000001c     LCD.obj (.text:lcd_out)
                  0000c1b6    0000001a     gpio.obj (.text:GPIO_getInputPinValue)
                  0000c1d0    0000001a     robot.obj (.text:chainAppend)
                  0000c1ea    0000001a     robot.obj (.text:chainWithDisplay)
                  0000c204    00000018     LCD.obj (.text:ClrDisplay_Buffer_0)
                  0000c21c    00000018     LCD.obj (.text:ClrDisplay_Buffer_1)
                  0000c234    00000018     LCD.obj (.text:ClrDisplay_Buffer_2)
                  0000c24c    00000018     LCD.obj (.text:ClrDisplay_Buffer_3)
                  0000c264    00000018     ports.obj (.text:Init_Ports)
                  0000c27c    00000018     robot.obj (.text:clampSignedPwm)
                  0000c294    00000018     otos.obj (.text:i2c_start)
                  0000c2ac    00000018     robot.obj (.text:initRobot)
                  0000c2c4    00000018     otos.obj (.text:read_sda)
                  0000c2dc    00000018     rts430x_lc_sd_eabi.lib : mult16_f5hw.asm.obj (.text)
                  0000c2f4    00000016     adc.obj (.text:ADC_configureMemory)
                  0000c30a    00000016     LCD.obj (.text:ClrDisplay)
                  0000c320    00000016     gpio.obj (.text:GPIO_setOutputLowOnPin)
                  0000c336    00000016     robot.obj (.text:isRobotBusy)
                  0000c34c    00000016     rts430x_lc_sd_eabi.lib : div16u.asm.obj (.text)
                  0000c362    00000016     LCD.obj (.text:spi_chipselect_idle)
                  0000c378    00000014     adc.obj (.text:ADC_setupSamplingTimer)
                  0000c38c    00000014     motors.obj (.text:Motors_IsSettled)
                  0000c3a0    00000014     detector.obj (.text:clampAdc)
                  0000c3b4    00000014     robot.obj (.text:clampPwmCounts)
                  0000c3c8    00000014     robot.obj (.text:secondsToTicks)
                  0000c3dc    00000012     otos.obj (.text:Init_IMU)
                  0000c3ee    00000012     rts430x_lc_sd_eabi.lib : memcpy.c.obj (.text:memcpy)
                  0000c400    00000012     robot.obj (.text:resetRobot)
                  0000c412    00000012     LCD.obj (.text:spi_chipselect_active)
                  0000c424    00000010     adc.obj (.text:ADC_setResolution)
                  0000c434    00000010     detector.obj (.text:getRaw)
                  0000c444    00000010     otos.obj (.text:scl_low)
                  0000c454    00000010     otos.obj (.text:sda_low)
                  0000c464    0000000e     LCD.obj (.text:DisplayOnOff)
                  0000c472    0000000e     otos.obj (.text:bytes_to_int16)
                  0000c480    0000000e     robot.obj (.text:getDisplayName)
                  0000c48e    0000000e     otos.obj (.text:otos_delay)
                  0000c49c    0000000e     robot.obj (.text:setRobotShape)
                  0000c4aa    0000000c     adc.obj (.text:ADC_setDataReadBackFormat)
                  0000c4b6    0000000c     otos.obj (.text:IMU_Process)
                  0000c4c2    0000000c     timers.obj (.text:Init_Timers)
                  0000c4ce    0000000a     rts430x_lc_sd_eabi.lib : abs.c.obj (.text:abs)
                  0000c4d8    0000000a     switches.obj (.text:enable_switch_SW1)
                  0000c4e2    0000000a     switches.obj (.text:enable_switch_SW2)
                  0000c4ec    0000000a     rts430x_lc_sd_eabi.lib : fs_neg.asm.obj (.text)
                  0000c4f6    00000008     adc.obj (.text:ADC_clearInterrupt)
                  0000c4fe    00000008     adc.obj (.text:ADC_enable)
                  0000c506    00000008     adc.obj (.text:ADC_enableInterrupt)
                  0000c50e    00000008     robot.obj (.text:chainWait)
                  0000c516    00000008     system.obj (.text:enable_interrupts)
                  0000c51e    00000008     otos.obj (.text:scl_high)
                  0000c526    00000008     otos.obj (.text:sda_high)
                  0000c52e    00000006     otos.obj (.text:IMU_GetPacketCount)
                  0000c534    00000006     timer_b.obj (.text:Timer_B_startCounter)
                  0000c53a    00000006     rts430x_lc_sd_eabi.lib : exit.c.obj (.text:abort)
                  0000c540    00000006     robot.obj (.text:chainReset)
                  0000c546    00000006     motors.obj (.text:driveStop)
                  0000c54c    00000006     switches.obj (.text:getEmitterState)
                  0000c552    00000006     LCD.obj (.text:spi_reset_active)
                  0000c558    00000006     LCD.obj (.text:spi_reset_idle)
                  0000c55e    00000004     rts430x_lc_sd_eabi.lib : pre_init.c.obj (.text:_system_pre_init)
                  0000c562    00000002                            : startup.c.obj (.text:_system_post_cinit)

.text:_isr 
*          0    0000c564    00000158     
                  0000c564    0000005a     adc.obj (.text:_isr:ADC_ISR)
                  0000c5be    00000034     switches.obj (.text:_isr:PORT2_ISR)
                  0000c5f2    00000034     switches.obj (.text:_isr:PORT4_ISR)
                  0000c626    00000030     timers.obj (.text:_isr:Timer0_B1_ISR)
                  0000c656    0000002a     timers.obj (.text:_isr:Timer0_B0_ISR)
                  0000c680    00000020     rts430x_lc_sd_eabi.lib : boot.c.obj (.text:_isr:_c_int00_noargs_mpu)
                  0000c6a0    0000000a     timers.obj (.text:_isr:Timer1_B0_ISR)
                  0000c6aa    0000000a     timers.obj (.text:_isr:Timer1_B1_ISR)
                  0000c6b4    00000008     rts430x_lc_sd_eabi.lib : isr_trap.asm.obj (.text:_isr:__TI_ISR_TRAP)

.bss       0    00002000    000002dd     UNINITIALIZED
                  00002000    00000252     robot.obj (.bss:active_chain)
                  00002252    00000044     robot.obj (.bss:chain_api_local$3)
                  00002296    0000002c     (.common:display_line)
                  000022c2    00000008     (.common:display)
                  000022ca    00000004     (.common:one_second_timer)
                  000022ce    00000002     (.common:Time_Sequence)
                  000022d0    00000002     (.common:sw1_debounce_count)
                  000022d2    00000002     (.common:sw2_debounce_count)
                  000022d4    00000002     (.common:update_display_count)
                  000022d6    00000001     (.common:backlight_blink_enable)
                  000022d7    00000001     (.common:current_character)
                  000022d8    00000001     (.common:display_changed)
                  000022d9    00000001     (.common:one_time)
                  000022da    00000001     (.common:sw1_debounce_active)
                  000022db    00000001     (.common:sw2_debounce_active)
                  000022dc    00000001     (.common:update_display)

.data      0    00002464    00000103     UNINITIALIZED
                  00002464    00000098     robot.obj (.data)
                  000024fc    00000024     motors.obj (.data)
                  00002520    00000020     otos.obj (.data:g_otos)
                  00002540    00000010     detector.obj (.data)
                  00002550    0000000c     main.obj (.data)
                  0000255c    00000008     adc.obj (.data)
                  00002564    00000003     switches.obj (.data)

.stack     0    00002f60    000000a0     UNINITIALIZED
                  00002f60    00000002     rts430x_lc_sd_eabi.lib : boot.c.obj (.stack)
                  00002f62    0000009e     --HOLE--

PORT4      0    0000ffce    00000002     
                  0000ffce    00000002     switches.obj (.int22)

PORT3      0    0000ffd0    00000002     
                  0000ffd0    00000002     rts430x_lc_sd_eabi.lib : int23.asm.obj (.int23)

PORT2      0    0000ffd2    00000002     
                  0000ffd2    00000002     switches.obj (.int24)

PORT1      0    0000ffd4    00000002     
                  0000ffd4    00000002     rts430x_lc_sd_eabi.lib : int25.asm.obj (.int25)

SAC1_SAC3 
*          0    0000ffd6    00000002     
                  0000ffd6    00000002     rts430x_lc_sd_eabi.lib : int26.asm.obj (.int26)

SAC0_SAC2 
*          0    0000ffd8    00000002     
                  0000ffd8    00000002     rts430x_lc_sd_eabi.lib : int27.asm.obj (.int27)

ECOMP0_ECOMP1 
*          0    0000ffda    00000002     
                  0000ffda    00000002     rts430x_lc_sd_eabi.lib : int28.asm.obj (.int28)

ADC        0    0000ffdc    00000002     
                  0000ffdc    00000002     adc.obj (.int29)

EUSCI_B1   0    0000ffde    00000002     
                  0000ffde    00000002     rts430x_lc_sd_eabi.lib : int30.asm.obj (.int30)

EUSCI_B0   0    0000ffe0    00000002     
                  0000ffe0    00000002     rts430x_lc_sd_eabi.lib : int31.asm.obj (.int31)

EUSCI_A1   0    0000ffe2    00000002     
                  0000ffe2    00000002     rts430x_lc_sd_eabi.lib : int32.asm.obj (.int32)

EUSCI_A0   0    0000ffe4    00000002     
                  0000ffe4    00000002     rts430x_lc_sd_eabi.lib : int33.asm.obj (.int33)

WDT        0    0000ffe6    00000002     
                  0000ffe6    00000002     rts430x_lc_sd_eabi.lib : int34.asm.obj (.int34)

RTC        0    0000ffe8    00000002     
                  0000ffe8    00000002     rts430x_lc_sd_eabi.lib : int35.asm.obj (.int35)

TIMER3_B1 
*          0    0000ffea    00000002     
                  0000ffea    00000002     rts430x_lc_sd_eabi.lib : int36.asm.obj (.int36)

TIMER3_B0 
*          0    0000ffec    00000002     
                  0000ffec    00000002     rts430x_lc_sd_eabi.lib : int37.asm.obj (.int37)

TIMER2_B1 
*          0    0000ffee    00000002     
                  0000ffee    00000002     rts430x_lc_sd_eabi.lib : int38.asm.obj (.int38)

TIMER2_B0 
*          0    0000fff0    00000002     
                  0000fff0    00000002     rts430x_lc_sd_eabi.lib : int39.asm.obj (.int39)

TIMER1_B1 
*          0    0000fff2    00000002     
                  0000fff2    00000002     timers.obj (.int40)

TIMER1_B0 
*          0    0000fff4    00000002     
                  0000fff4    00000002     timers.obj (.int41)

TIMER0_B1 
*          0    0000fff6    00000002     
                  0000fff6    00000002     timers.obj (.int42)

TIMER0_B0 
*          0    0000fff8    00000002     
                  0000fff8    00000002     timers.obj (.int43)

UNMI       0    0000fffa    00000002     
                  0000fffa    00000002     rts430x_lc_sd_eabi.lib : int44.asm.obj (.int44)

SYSNMI     0    0000fffc    00000002     
                  0000fffc    00000002     rts430x_lc_sd_eabi.lib : int45.asm.obj (.int45)

.reset     0    0000fffe    00000002     
                  0000fffe    00000002     rts430x_lc_sd_eabi.lib : boot.c.obj (.reset)

$fill000   0    0000ff80    00000004     
                  0000ff80    00000004     --HOLE-- [fill = ffff]

$fill001   0    0000ff84    00000004     
                  0000ff84    00000004     --HOLE-- [fill = ffff]

$fill002   0    0000ff88    00000002     
                  0000ff88    00000002     --HOLE-- [fill = ffff]

$fill003   0    0000ff8a    00000002     
                  0000ff8a    00000002     --HOLE-- [fill = ffff]

$fill004   0    0000ffa0    00000002     
                  0000ffa0    00000002     --HOLE-- [fill = ffff]

MODULE SUMMARY

       Module                       code    ro data   rw data
       ------                       ----    -------   -------
    ../Compiled/
       LCD.obj                      648     0         57     
    +--+----------------------------+-------+---------+---------+
       Total:                       648     0         57     
                                                             
    ./
       robot.obj                    7180    130       814    
       motors.obj                   1234    0         36     
       otos.obj                     1194    0         32     
       main.obj                     934     96        12     
       ports.obj                    904     0         0      
       detector.obj                 682     0         16     
       switches.obj                 516     76        3      
       timers.obj                   362     36        0      
       clocks.obj                   290     0         14     
       display.obj                  302     0         0      
       adc.obj                      274     8         8      
       init.obj                     96      0         0      
       system.obj                   8       0         0      
    +--+----------------------------+-------+---------+---------+
       Total:                       13976   346       935    
                                                             
    ./driverlib/MSP430FR2xx_4xx/
       adc.obj                      204     0         0      
       gpio.obj                     116     28        0      
       timer_b.obj                  104     0         0      
    +--+----------------------------+-------+---------+---------+
       Total:                       424     28        0      
                                                             
    /home/saranga/ti/ccs2041/ccs/ccs_base/msp430/lib/FR2xx/FRWP_INIT_LIB_CCS_msp430_large_code_small_data.lib
       frwp_init.obj                60      0         0      
    +--+----------------------------+-------+---------+---------+
       Total:                       60      0         0      
                                                             
    /home/saranga/ti/ccs2041/ccs/tools/compiler/ti-cgt-msp430_21.6.1.LTS/lib/rts430x_lc_sd_eabi.lib
       fs_add.asm.obj               306     0         0      
       copy_decompress_lzss.c.obj   238     0         0      
       fs_mpy.asm.obj               184     0         0      
       cpy_tbl.c.obj                168     0         0      
       fs_div.asm.obj               144     0         0      
       autoinit.c.obj               124     0         0      
       fs_toi.asm.obj               104     0         0      
       div32u.asm.obj               88      0         0      
       fs_cmp.asm.obj               74      0         0      
       fs_tou.asm.obj               70      0         0      
       cpy_util.asm.obj             64      0         0      
       div32s.asm.obj               64      0         0      
       copy_zero_init.c.obj         62      0         0      
       lsl32.asm.obj                62      0         0      
       copy_decompress_none.c.obj   60      0         0      
       fs_itof.asm.obj              54      0         0      
       div16s.asm.obj               44      0         0      
       strncmp.c.obj                42      0         0      
       fs_utof.asm.obj              36      0         0      
       mult32_f5hw.asm.obj          36      0         0      
       boot.c.obj                   32      2         0      
       mult1632_f5hw.asm.obj        28      0         0      
       mult16_f5hw.asm.obj          24      0         0      
       div16u.asm.obj               22      0         0      
       memcpy.c.obj                 18      0         0      
       abs.c.obj                    10      0         0      
       fs_neg.asm.obj               10      0         0      
       isr_trap.asm.obj             8       0         0      
       exit.c.obj                   6       0         0      
       pre_init.c.obj               4       0         0      
       int23.asm.obj                0       2         0      
       int25.asm.obj                0       2         0      
       int26.asm.obj                0       2         0      
       int27.asm.obj                0       2         0      
       int28.asm.obj                0       2         0      
       int30.asm.obj                0       2         0      
       int31.asm.obj                0       2         0      
       int32.asm.obj                0       2         0      
       int33.asm.obj                0       2         0      
       int34.asm.obj                0       2         0      
       int35.asm.obj                0       2         0      
       int36.asm.obj                0       2         0      
       int37.asm.obj                0       2         0      
       int38.asm.obj                0       2         0      
       int39.asm.obj                0       2         0      
       int44.asm.obj                0       2         0      
       int45.asm.obj                0       2         0      
       startup.c.obj                2       0         0      
    +--+----------------------------+-------+---------+---------+
       Total:                       2188    36        0      
                                                             
       Stack:                       0       0         160    
       Linker Generated:            0       206       0      
    +--+----------------------------+-------+---------+---------+
       Grand Total:                 17296   616       1152   


LINKER GENERATED COPY TABLES

__TI_cinit_table @ 000084ae records: 2, size/record: 8, table size: 16
	.data: load addr=00008400, load size=0000009c bytes, run addr=00002464, run size=00000103 bytes, compression=lzss
	.bss: load addr=000084a8, load size=00000006 bytes, run addr=00002000, run size=000002dd bytes, compression=zero_init
binit @ 000084be records: 1, size/record: 12, table size: 16
	.TI.ramfunc: load addr=00008000, load size=00000186, run addr=000022de, run size=00000186, compression=none


LINKER GENERATED HANDLER TABLE

__TI_handler_table @ 0000849c records: 3, size/record: 4, table size: 12
	index: 0, handler: __TI_zero_init
	index: 1, handler: __TI_decompress_lzss
	index: 2, handler: __TI_decompress_none


GLOBAL SYMBOLS: SORTED ALPHABETICALLY BY Name 

address   name                                 
-------   ----                                 
00000700  ADCCTL0                              
00000701  ADCCTL0_H                            
00000700  ADCCTL0_L                            
00000702  ADCCTL1                              
00000703  ADCCTL1_H                            
00000702  ADCCTL1_L                            
00000704  ADCCTL2                              
00000705  ADCCTL2_H                            
00000704  ADCCTL2_L                            
00000708  ADCHI                                
00000709  ADCHI_H                              
00000708  ADCHI_L                              
0000071a  ADCIE                                
0000071b  ADCIE_H                              
0000071a  ADCIE_L                              
0000071c  ADCIFG                               
0000071d  ADCIFG_H                             
0000071c  ADCIFG_L                             
0000071e  ADCIV                                
0000071f  ADCIV_H                              
0000071e  ADCIV_L                              
00000706  ADCLO                                
00000707  ADCLO_H                              
00000706  ADCLO_L                              
0000070a  ADCMCTL0                             
0000070b  ADCMCTL0_H                           
0000070a  ADCMCTL0_L                           
00000712  ADCMEM0                              
00000713  ADCMEM0_H                            
00000712  ADCMEM0_L                            
0000c564  ADC_ISR                              
0000c4f6  ADC_clearInterrupt                   
0000c2f4  ADC_configureMemory                  
0000c058  ADC_disableConversions               
0000c4fe  ADC_enable                           
0000c506  ADC_enableInterrupt                  
0000bb0c  ADC_init                             
0000c4aa  ADC_setDataReadBackFormat            
0000c424  ADC_setResolution                    
0000c378  ADC_setupSamplingTimer               
0000c12a  ADC_startConversion                  
00000660  BAKMEM0                              
00000661  BAKMEM0_H                            
00000660  BAKMEM0_L                            
00000662  BAKMEM1                              
00000674  BAKMEM10                             
00000675  BAKMEM10_H                           
00000674  BAKMEM10_L                           
00000676  BAKMEM11                             
00000677  BAKMEM11_H                           
00000676  BAKMEM11_L                           
00000678  BAKMEM12                             
00000679  BAKMEM12_H                           
00000678  BAKMEM12_L                           
0000067a  BAKMEM13                             
0000067b  BAKMEM13_H                           
0000067a  BAKMEM13_L                           
0000067c  BAKMEM14                             
0000067d  BAKMEM14_H                           
0000067c  BAKMEM14_L                           
0000067e  BAKMEM15                             
0000067f  BAKMEM15_H                           
0000067e  BAKMEM15_L                           
00000663  BAKMEM1_H                            
00000662  BAKMEM1_L                            
00000664  BAKMEM2                              
00000665  BAKMEM2_H                            
00000664  BAKMEM2_L                            
00000666  BAKMEM3                              
00000667  BAKMEM3_H                            
00000666  BAKMEM3_L                            
00000668  BAKMEM4                              
00000669  BAKMEM4_H                            
00000668  BAKMEM4_L                            
0000066a  BAKMEM5                              
0000066b  BAKMEM5_H                            
0000066a  BAKMEM5_L                            
0000066c  BAKMEM6                              
0000066d  BAKMEM6_H                            
0000066c  BAKMEM6_L                            
0000066e  BAKMEM7                              
0000066f  BAKMEM7_H                            
0000066e  BAKMEM7_L                            
00000670  BAKMEM8                              
00000671  BAKMEM8_H                            
00000670  BAKMEM8_L                            
00000672  BAKMEM9                              
00000673  BAKMEM9_H                            
00000672  BAKMEM9_L                            
0000c53a  C$$EXIT                              
000002ee  CAPTIOCTL                            
000002ef  CAPTIOCTL_H                          
000002ee  CAPTIOCTL_L                          
000008e0  CP0CTL0                              
000008e1  CP0CTL0_H                            
000008e0  CP0CTL0_L                            
000008e2  CP0CTL1                              
000008e3  CP0CTL1_H                            
000008e2  CP0CTL1_L                            
000008f0  CP0DACCTL                            
000008f1  CP0DACCTL_H                          
000008f0  CP0DACCTL_L                          
000008f2  CP0DACDATA                           
000008f3  CP0DACDATA_H                         
000008f2  CP0DACDATA_L                         
000008e6  CP0INT                               
000008e7  CP0INT_H                             
000008e6  CP0INT_L                             
000008e8  CP0IV                                
000008e9  CP0IV_H                              
000008e8  CP0IV_L                              
00000900  CP1CTL0                              
00000901  CP1CTL0_H                            
00000900  CP1CTL0_L                            
00000902  CP1CTL1                              
00000903  CP1CTL1_H                            
00000902  CP1CTL1_L                            
00000910  CP1DACCTL                            
00000911  CP1DACCTL_H                          
00000910  CP1DACCTL_L                          
00000912  CP1DACDATA                           
00000913  CP1DACDATA_H                         
00000912  CP1DACDATA_L                         
00000906  CP1INT                               
00000907  CP1INT_H                             
00000906  CP1INT_L                             
00000908  CP1IV                                
00000909  CP1IV_H                              
00000908  CP1IV_L                              
000001c0  CRCDI                                
000001c2  CRCDIRB                              
000001c3  CRCDIRB_H                            
000001c2  CRCDIRB_L                            
000001c1  CRCDI_H                              
000001c0  CRCDI_L                              
000001c4  CRCINIRES                            
000001c5  CRCINIRES_H                          
000001c4  CRCINIRES_L                          
000001c6  CRCRESR                              
000001c7  CRCRESR_H                            
000001c6  CRCRESR_L                            
00000180  CSCTL0                               
00000181  CSCTL0_H                             
00000180  CSCTL0_L                             
00000182  CSCTL1                               
00000183  CSCTL1_H                             
00000182  CSCTL1_L                             
00000184  CSCTL2                               
00000185  CSCTL2_H                             
00000184  CSCTL2_L                             
00000186  CSCTL3                               
00000187  CSCTL3_H                             
00000186  CSCTL3_L                             
00000188  CSCTL4                               
00000189  CSCTL4_H                             
00000188  CSCTL4_L                             
0000018a  CSCTL5                               
0000018b  CSCTL5_H                             
0000018a  CSCTL5_L                             
0000018c  CSCTL6                               
0000018d  CSCTL6_H                             
0000018c  CSCTL6_L                             
0000018e  CSCTL7                               
0000018f  CSCTL7_H                             
0000018e  CSCTL7_L                             
00000190  CSCTL8                               
00000191  CSCTL8_H                             
00000190  CSCTL8_L                             
0000c30a  ClrDisplay                           
0000c204  ClrDisplay_Buffer_0                  
0000c21c  ClrDisplay_Buffer_1                  
0000c234  ClrDisplay_Buffer_2                  
0000c24c  ClrDisplay_Buffer_3                  
0000ad84  Command_AlignLeftToLine              
0000af62  Command_DriveStraight                
0000ade4  Command_DriveToLine                  
0000a750  Command_DriveToXY                    
0000b1da  Command_DriveUntil                   
0000a9f4  Command_FollowLine                   
0000b916  Command_Forward                      
0000b862  Command_Reverse                      
0000afbe  Command_ReverseStraight              
0000b01a  Command_Sequence                     
0000b668  Command_Spin                         
0000abfc  Command_TurnToAngle                  
0000b950  Command_Wait                         
0000c464  DisplayOnOff                         
0000bff4  Display_Process                      
0000b5e2  Display_Update                       
000001a0  FRCTL0                               
000001a1  FRCTL0_H                             
000001a0  FRCTL0_L                             
000001a4  GCCTL0                               
000001a5  GCCTL0_H                             
000001a4  GCCTL0_L                             
000001a6  GCCTL1                               
000001a7  GCCTL1_H                             
000001a6  GCCTL1_L                             
0000c1b6  GPIO_getInputPinValue                
0000bf86  GPIO_setAsInputPinWithPullUpResistor 
0000c076  GPIO_setAsOutputPin                  
0000c320  GPIO_setOutputLowOnPin               
000006c4  ICCILSR0                             
000006c5  ICCILSR0_H                           
000006c4  ICCILSR0_L                           
000006c6  ICCILSR1                             
000006c7  ICCILSR1_H                           
000006c6  ICCILSR1_L                           
000006c8  ICCILSR2                             
000006c9  ICCILSR2_H                           
000006c8  ICCILSR2_L                           
000006ca  ICCILSR3                             
000006cb  ICCILSR3_H                           
000006ca  ICCILSR3_L                           
000006c2  ICCMVS                               
000006c3  ICCMVS_H                             
000006c2  ICCMVS_L                             
000006c0  ICCSC                                
000006c1  ICCSC_H                              
000006c0  ICCSC_L                              
0000c52e  IMU_GetPacketCount                   
0000c4b6  IMU_Process                          
0000af04  Init_ADC                             
0000aa5c  Init_Clocks                          
0000ae44  Init_Conditions                      
0000c3dc  Init_IMU                             
00009ba0  Init_LCD                             
00009dd6  Init_Port1                           
0000a2ec  Init_Port2                           
00009e80  Init_Port3                           
0000a418  Init_Port4                           
0000ac5e  Init_Port5                           
0000a4aa  Init_Port6                           
0000c264  Init_Ports                           
0000b6a8  Init_SPI_B1                          
0000be0a  Init_Switch                          
0000be0a  Init_Switches                        
0000acc0  Init_Timer_B0                        
0000b22e  Init_Timer_B1                        
0000b7a8  Init_Timer_B3                        
0000c4c2  Init_Timers                          
000004c4  MAC                                  
000004da  MAC32H                               
000004db  MAC32H_H                             
000004da  MAC32H_L                             
000004d8  MAC32L                               
000004d9  MAC32L_H                             
000004d8  MAC32L_L                             
000004c6  MACS                                 
000004de  MACS32H                              
000004df  MACS32H_H                            
000004de  MACS32H_L                            
000004dc  MACS32L                              
000004dd  MACS32L_H                            
000004dc  MACS32L_L                            
000004c7  MACS_H                               
000004c6  MACS_L                               
000004c5  MAC_H                                
000004c4  MAC_L                                
000004c0  MPY                                  
000004ec  MPY32CTL0                            
000004ed  MPY32CTL0_H                          
000004ec  MPY32CTL0_L                          
000004d2  MPY32H                               
000004d3  MPY32H_H                             
000004d2  MPY32H_L                             
000004d0  MPY32L                               
000004d1  MPY32L_H                             
000004d0  MPY32L_L                             
000004c2  MPYS                                 
000004d6  MPYS32H                              
000004d7  MPYS32H_H                            
000004d6  MPYS32H_L                            
000004d4  MPYS32L                              
000004d5  MPYS32L_H                            
000004d4  MPYS32L_L                            
000004c3  MPYS_H                               
000004c2  MPYS_L                               
000004c1  MPY_H                                
000004c0  MPY_L                                
0000b4ca  Motors_DriveForwardPWM               
0000b510  Motors_DriveReversePWM               
0000b27e  Motors_DriveSpinPWM                  
0000b556  Motors_DriveSpinReversePWM           
0000c38c  Motors_IsSettled                     
0000a382  Motors_Service                       
000004c8  OP2                                  
000004e2  OP2H                                 
000004e3  OP2H_H                               
000004e2  OP2H_L                               
000004e0  OP2L                                 
000004e1  OP2L_H                               
000004e0  OP2L_L                               
000004c9  OP2_H                                
000004c8  OP2_L                                
0000a83c  OTOS_Begin                           
0000aac4  OTOS_CalibrateImu                    
00000204  P1DIR                                
0000021a  P1IE                                 
00000218  P1IES                                
0000021c  P1IFG                                
00000200  P1IN                                 
0000020e  P1IV                                 
0000020f  P1IV_H                               
0000020e  P1IV_L                               
00000202  P1OUT                                
00000206  P1REN                                
0000020a  P1SEL0                               
0000020c  P1SEL1                               
00000216  P1SELC                               
00000205  P2DIR                                
0000021b  P2IE                                 
00000219  P2IES                                
0000021d  P2IFG                                
00000201  P2IN                                 
0000021e  P2IV                                 
0000021f  P2IV_H                               
0000021e  P2IV_L                               
00000203  P2OUT                                
00000207  P2REN                                
0000020b  P2SEL0                               
0000020d  P2SEL1                               
00000217  P2SELC                               
00000224  P3DIR                                
0000023a  P3IE                                 
00000238  P3IES                                
0000023c  P3IFG                                
00000220  P3IN                                 
0000022e  P3IV                                 
0000022f  P3IV_H                               
0000022e  P3IV_L                               
00000222  P3OUT                                
00000226  P3REN                                
0000022a  P3SEL0                               
0000022c  P3SEL1                               
00000236  P3SELC                               
00000225  P4DIR                                
0000023b  P4IE                                 
00000239  P4IES                                
0000023d  P4IFG                                
00000221  P4IN                                 
0000023e  P4IV                                 
0000023f  P4IV_H                               
0000023e  P4IV_L                               
00000223  P4OUT                                
00000227  P4REN                                
0000022b  P4SEL0                               
0000022d  P4SEL1                               
00000237  P4SELC                               
00000244  P5DIR                                
0000025a  P5IE                                 
00000258  P5IES                                
0000025c  P5IFG                                
00000240  P5IN                                 
0000024e  P5IV                                 
0000024f  P5IV_H                               
0000024e  P5IV_L                               
00000242  P5OUT                                
00000246  P5REN                                
0000024a  P5SEL0                               
0000024c  P5SEL1                               
00000256  P5SELC                               
00000245  P6DIR                                
0000025b  P6IE                                 
00000259  P6IES                                
0000025d  P6IFG                                
00000241  P6IN                                 
0000025e  P6IV                                 
0000025f  P6IV_H                               
0000025e  P6IV_L                               
00000243  P6OUT                                
00000247  P6REN                                
0000024b  P6SEL0                               
0000024d  P6SEL1                               
00000257  P6SELC                               
00000204  PADIR                                
00000205  PADIR_H                              
00000204  PADIR_L                              
0000021a  PAIE                                 
00000218  PAIES                                
00000219  PAIES_H                              
00000218  PAIES_L                              
0000021b  PAIE_H                               
0000021a  PAIE_L                               
0000021c  PAIFG                                
0000021d  PAIFG_H                              
0000021c  PAIFG_L                              
00000200  PAIN                                 
00000201  PAIN_H                               
00000200  PAIN_L                               
00000202  PAOUT                                
00000203  PAOUT_H                              
00000202  PAOUT_L                              
00000206  PAREN                                
00000207  PAREN_H                              
00000206  PAREN_L                              
0000020a  PASEL0                               
0000020b  PASEL0_H                             
0000020a  PASEL0_L                             
0000020c  PASEL1                               
0000020d  PASEL1_H                             
0000020c  PASEL1_L                             
00000216  PASELC                               
00000217  PASELC_H                             
00000216  PASELC_L                             
00000224  PBDIR                                
00000225  PBDIR_H                              
00000224  PBDIR_L                              
0000023a  PBIE                                 
00000238  PBIES                                
00000239  PBIES_H                              
00000238  PBIES_L                              
0000023b  PBIE_H                               
0000023a  PBIE_L                               
0000023c  PBIFG                                
0000023d  PBIFG_H                              
0000023c  PBIFG_L                              
00000220  PBIN                                 
00000221  PBIN_H                               
00000220  PBIN_L                               
00000222  PBOUT                                
00000223  PBOUT_H                              
00000222  PBOUT_L                              
00000226  PBREN                                
00000227  PBREN_H                              
00000226  PBREN_L                              
0000022a  PBSEL0                               
0000022b  PBSEL0_H                             
0000022a  PBSEL0_L                             
0000022c  PBSEL1                               
0000022d  PBSEL1_H                             
0000022c  PBSEL1_L                             
00000236  PBSELC                               
00000237  PBSELC_H                             
00000236  PBSELC_L                             
00000244  PCDIR                                
00000245  PCDIR_H                              
00000244  PCDIR_L                              
0000025a  PCIE                                 
00000258  PCIES                                
00000259  PCIES_H                              
00000258  PCIES_L                              
0000025b  PCIE_H                               
0000025a  PCIE_L                               
0000025c  PCIFG                                
0000025d  PCIFG_H                              
0000025c  PCIFG_L                              
00000240  PCIN                                 
00000241  PCIN_H                               
00000240  PCIN_L                               
00000242  PCOUT                                
00000243  PCOUT_H                              
00000242  PCOUT_L                              
00000246  PCREN                                
00000247  PCREN_H                              
00000246  PCREN_L                              
0000024a  PCSEL0                               
0000024b  PCSEL0_H                             
0000024a  PCSEL0_L                             
0000024c  PCSEL1                               
0000024d  PCSEL1_H                             
0000024c  PCSEL1_L                             
00000256  PCSELC                               
00000257  PCSELC_H                             
00000256  PCSELC_L                             
00000324  PJDIR                                
00000325  PJDIR_H                              
00000324  PJDIR_L                              
00000320  PJIN                                 
00000321  PJIN_H                               
00000320  PJIN_L                               
00000322  PJOUT                                
00000323  PJOUT_H                              
00000322  PJOUT_L                              
00000326  PJREN                                
00000327  PJREN_H                              
00000326  PJREN_L                              
0000032a  PJSEL0                               
0000032b  PJSEL0_H                             
0000032a  PJSEL0_L                             
0000032c  PJSEL1                               
0000032d  PJSEL1_H                             
0000032c  PJSEL1_L                             
00000336  PJSELC                               
00000337  PJSELC_H                             
00000336  PJSELC_L                             
00000130  PM5CTL0                              
00000131  PM5CTL0_H                            
00000130  PM5CTL0_L                            
00000120  PMMCTL0                              
00000121  PMMCTL0_H                            
00000120  PMMCTL0_L                            
00000124  PMMCTL2                              
00000125  PMMCTL2_H                            
00000124  PMMCTL2_L                            
0000012a  PMMIFG                               
0000012b  PMMIFG_H                             
0000012a  PMMIFG_L                             
0000c5be  PORT2_ISR                            
0000c5f2  PORT4_ISR                            
000004e4  RES0                                 
000004e5  RES0_H                               
000004e4  RES0_L                               
000004e6  RES1                                 
000004e7  RES1_H                               
000004e6  RES1_L                               
000004e8  RES2                                 
000004e9  RES2_H                               
000004e8  RES2_L                               
000004ea  RES3                                 
000004eb  RES3_H                               
000004ea  RES3_L                               
000004cc  RESHI                                
000004cd  RESHI_H                              
000004cc  RESHI_L                              
000004ca  RESLO                                
000004cb  RESLO_H                              
000004ca  RESLO_L                              
0000030c  RTCCNT                               
0000030d  RTCCNT_H                             
0000030c  RTCCNT_L                             
00000300  RTCCTL                               
00000301  RTCCTL_H                             
00000300  RTCCTL_L                             
00000304  RTCIV                                
00000305  RTCIV_H                              
00000304  RTCIV_L                              
00000308  RTCMOD                               
00000309  RTCMOD_H                             
00000308  RTCMOD_L                             
00000c84  SAC0DAC                              
00000c88  SAC0DACSTS                           
00000c89  SAC0DACSTS_H                         
00000c88  SAC0DACSTS_L                         
00000c85  SAC0DAC_H                            
00000c84  SAC0DAC_L                            
00000c86  SAC0DAT                              
00000c87  SAC0DAT_H                            
00000c86  SAC0DAT_L                            
00000c8a  SAC0IV                               
00000c8b  SAC0IV_H                             
00000c8a  SAC0IV_L                             
00000c80  SAC0OA                               
00000c81  SAC0OA_H                             
00000c80  SAC0OA_L                             
00000c82  SAC0PGA                              
00000c83  SAC0PGA_H                            
00000c82  SAC0PGA_L                            
00000c94  SAC1DAC                              
00000c98  SAC1DACSTS                           
00000c99  SAC1DACSTS_H                         
00000c98  SAC1DACSTS_L                         
00000c95  SAC1DAC_H                            
00000c94  SAC1DAC_L                            
00000c96  SAC1DAT                              
00000c97  SAC1DAT_H                            
00000c96  SAC1DAT_L                            
00000c9a  SAC1IV                               
00000c9b  SAC1IV_H                             
00000c9a  SAC1IV_L                             
00000c90  SAC1OA                               
00000c91  SAC1OA_H                             
00000c90  SAC1OA_L                             
00000c92  SAC1PGA                              
00000c93  SAC1PGA_H                            
00000c92  SAC1PGA_L                            
00000ca4  SAC2DAC                              
00000ca8  SAC2DACSTS                           
00000ca9  SAC2DACSTS_H                         
00000ca8  SAC2DACSTS_L                         
00000ca5  SAC2DAC_H                            
00000ca4  SAC2DAC_L                            
00000ca6  SAC2DAT                              
00000ca7  SAC2DAT_H                            
00000ca6  SAC2DAT_L                            
00000caa  SAC2IV                               
00000cab  SAC2IV_H                             
00000caa  SAC2IV_L                             
00000ca0  SAC2OA                               
00000ca1  SAC2OA_H                             
00000ca0  SAC2OA_L                             
00000ca2  SAC2PGA                              
00000ca3  SAC2PGA_H                            
00000ca2  SAC2PGA_L                            
00000cb4  SAC3DAC                              
00000cb8  SAC3DACSTS                           
00000cb9  SAC3DACSTS_H                         
00000cb8  SAC3DACSTS_L                         
00000cb5  SAC3DAC_H                            
00000cb4  SAC3DAC_L                            
00000cb6  SAC3DAT                              
00000cb7  SAC3DAT_H                            
00000cb6  SAC3DAT_L                            
00000cba  SAC3IV                               
00000cbb  SAC3IV_H                             
00000cba  SAC3IV_L                             
00000cb0  SAC3OA                               
00000cb1  SAC3OA_H                             
00000cb0  SAC3OA_L                             
00000cb2  SAC3PGA                              
00000cb3  SAC3PGA_H                            
00000cb2  SAC3PGA_L                            
00000100  SFRIE1                               
00000101  SFRIE1_H                             
00000100  SFRIE1_L                             
00000102  SFRIFG1                              
00000103  SFRIFG1_H                            
00000102  SFRIFG1_L                            
00000104  SFRRPCR                              
00000105  SFRRPCR_H                            
00000104  SFRRPCR_L                            
0000c146  SPI_B1_write                         
000004ce  SUMEXT                               
000004cf  SUMEXT_H                             
000004ce  SUMEXT_L                             
00000142  SYSBSLC                              
00000143  SYSBSLC_H                            
00000142  SYSBSLC_L                            
00000160  SYSCFG0                              
00000161  SYSCFG0_H                            
00000160  SYSCFG0_L                            
00000162  SYSCFG1                              
00000163  SYSCFG1_H                            
00000162  SYSCFG1_L                            
00000164  SYSCFG2                              
00000165  SYSCFG2_H                            
00000164  SYSCFG2_L                            
00000140  SYSCTL                               
00000141  SYSCTL_H                             
00000140  SYSCTL_L                             
00000146  SYSJMBC                              
00000147  SYSJMBC_H                            
00000146  SYSJMBC_L                            
00000148  SYSJMBI0                             
00000149  SYSJMBI0_H                           
00000148  SYSJMBI0_L                           
0000014a  SYSJMBI1                             
0000014b  SYSJMBI1_H                           
0000014a  SYSJMBI1_L                           
0000014c  SYSJMBO0                             
0000014d  SYSJMBO0_H                           
0000014c  SYSJMBO0_L                           
0000014e  SYSJMBO1                             
0000014f  SYSJMBO1_H                           
0000014e  SYSJMBO1_L                           
0000015e  SYSRSTIV                             
0000015f  SYSRSTIV_H                           
0000015e  SYSRSTIV_L                           
0000015c  SYSSNIV                              
0000015d  SYSSNIV_H                            
0000015c  SYSSNIV_L                            
0000015a  SYSUNIV                              
0000015b  SYSUNIV_H                            
0000015a  SYSUNIV_L                            
00009c64  Software_Trim                        
000099c4  Switch1_Process                      
0000b2ca  Switch2_Process                      
0000c094  Switch_Process                       
0000c094  Switches_Process                     
00000392  TB0CCR0                              
00000393  TB0CCR0_H                            
00000392  TB0CCR0_L                            
00000394  TB0CCR1                              
00000395  TB0CCR1_H                            
00000394  TB0CCR1_L                            
00000396  TB0CCR2                              
00000397  TB0CCR2_H                            
00000396  TB0CCR2_L                            
00000382  TB0CCTL0                             
00000383  TB0CCTL0_H                           
00000382  TB0CCTL0_L                           
00000384  TB0CCTL1                             
00000385  TB0CCTL1_H                           
00000384  TB0CCTL1_L                           
00000386  TB0CCTL2                             
00000387  TB0CCTL2_H                           
00000386  TB0CCTL2_L                           
00000380  TB0CTL                               
00000381  TB0CTL_H                             
00000380  TB0CTL_L                             
000003a0  TB0EX0                               
000003a1  TB0EX0_H                             
000003a0  TB0EX0_L                             
000003ae  TB0IV                                
000003af  TB0IV_H                              
000003ae  TB0IV_L                              
00000390  TB0R                                 
00000391  TB0R_H                               
00000390  TB0R_L                               
000003d2  TB1CCR0                              
000003d3  TB1CCR0_H                            
000003d2  TB1CCR0_L                            
000003d4  TB1CCR1                              
000003d5  TB1CCR1_H                            
000003d4  TB1CCR1_L                            
000003d6  TB1CCR2                              
000003d7  TB1CCR2_H                            
000003d6  TB1CCR2_L                            
000003c2  TB1CCTL0                             
000003c3  TB1CCTL0_H                           
000003c2  TB1CCTL0_L                           
000003c4  TB1CCTL1                             
000003c5  TB1CCTL1_H                           
000003c4  TB1CCTL1_L                           
000003c6  TB1CCTL2                             
000003c7  TB1CCTL2_H                           
000003c6  TB1CCTL2_L                           
000003c0  TB1CTL                               
000003c1  TB1CTL_H                             
000003c0  TB1CTL_L                             
000003e0  TB1EX0                               
000003e1  TB1EX0_H                             
000003e0  TB1EX0_L                             
000003ee  TB1IV                                
000003ef  TB1IV_H                              
000003ee  TB1IV_L                              
000003d0  TB1R                                 
000003d1  TB1R_H                               
000003d0  TB1R_L                               
00000412  TB2CCR0                              
00000413  TB2CCR0_H                            
00000412  TB2CCR0_L                            
00000414  TB2CCR1                              
00000415  TB2CCR1_H                            
00000414  TB2CCR1_L                            
00000416  TB2CCR2                              
00000417  TB2CCR2_H                            
00000416  TB2CCR2_L                            
00000402  TB2CCTL0                             
00000403  TB2CCTL0_H                           
00000402  TB2CCTL0_L                           
00000404  TB2CCTL1                             
00000405  TB2CCTL1_H                           
00000404  TB2CCTL1_L                           
00000406  TB2CCTL2                             
00000407  TB2CCTL2_H                           
00000406  TB2CCTL2_L                           
00000400  TB2CTL                               
00000401  TB2CTL_H                             
00000400  TB2CTL_L                             
00000420  TB2EX0                               
00000421  TB2EX0_H                             
00000420  TB2EX0_L                             
0000042e  TB2IV                                
0000042f  TB2IV_H                              
0000042e  TB2IV_L                              
00000410  TB2R                                 
00000411  TB2R_H                               
00000410  TB2R_L                               
00000452  TB3CCR0                              
00000453  TB3CCR0_H                            
00000452  TB3CCR0_L                            
00000454  TB3CCR1                              
00000455  TB3CCR1_H                            
00000454  TB3CCR1_L                            
00000456  TB3CCR2                              
00000457  TB3CCR2_H                            
00000456  TB3CCR2_L                            
00000458  TB3CCR3                              
00000459  TB3CCR3_H                            
00000458  TB3CCR3_L                            
0000045a  TB3CCR4                              
0000045b  TB3CCR4_H                            
0000045a  TB3CCR4_L                            
0000045c  TB3CCR5                              
0000045d  TB3CCR5_H                            
0000045c  TB3CCR5_L                            
0000045e  TB3CCR6                              
0000045f  TB3CCR6_H                            
0000045e  TB3CCR6_L                            
00000442  TB3CCTL0                             
00000443  TB3CCTL0_H                           
00000442  TB3CCTL0_L                           
00000444  TB3CCTL1                             
00000445  TB3CCTL1_H                           
00000444  TB3CCTL1_L                           
00000446  TB3CCTL2                             
00000447  TB3CCTL2_H                           
00000446  TB3CCTL2_L                           
00000448  TB3CCTL3                             
00000449  TB3CCTL3_H                           
00000448  TB3CCTL3_L                           
0000044a  TB3CCTL4                             
0000044b  TB3CCTL4_H                           
0000044a  TB3CCTL4_L                           
0000044c  TB3CCTL5                             
0000044d  TB3CCTL5_H                           
0000044c  TB3CCTL5_L                           
0000044e  TB3CCTL6                             
0000044f  TB3CCTL6_H                           
0000044e  TB3CCTL6_L                           
00000440  TB3CTL                               
00000441  TB3CTL_H                             
00000440  TB3CTL_L                             
00000460  TB3EX0                               
00000461  TB3EX0_H                             
00000460  TB3EX0_L                             
0000046e  TB3IV                                
0000046f  TB3IV_H                              
0000046e  TB3IV_L                              
00000450  TB3R                                 
00000451  TB3R_H                               
00000450  TB3R_L                               
000022ce  Time_Sequence                        
0000c656  Timer0_B0_ISR                        
0000c626  Timer0_B1_ISR                        
0000c6a0  Timer1_B0_ISR                        
0000c6aa  Timer1_B1_ISR                        
0000ad22  Timer_B_initUpMode                   
0000c534  Timer_B_startCounter                 
00000510  UCA0ABCTL                            
00000511  UCA0ABCTL_H                          
00000510  UCA0ABCTL_L                          
00000506  UCA0BRW                              
00000507  UCA0BRW_H                            
00000506  UCA0BRW_L                            
00000500  UCA0CTLW0                            
00000501  UCA0CTLW0_H                          
00000500  UCA0CTLW0_L                          
00000502  UCA0CTLW1                            
00000503  UCA0CTLW1_H                          
00000502  UCA0CTLW1_L                          
0000051a  UCA0IE                               
0000051b  UCA0IE_H                             
0000051a  UCA0IE_L                             
0000051c  UCA0IFG                              
0000051d  UCA0IFG_H                            
0000051c  UCA0IFG_L                            
00000512  UCA0IRCTL                            
00000513  UCA0IRCTL_H                          
00000512  UCA0IRCTL_L                          
0000051e  UCA0IV                               
0000051f  UCA0IV_H                             
0000051e  UCA0IV_L                             
00000508  UCA0MCTLW                            
00000509  UCA0MCTLW_H                          
00000508  UCA0MCTLW_L                          
0000050c  UCA0RXBUF                            
0000050d  UCA0RXBUF_H                          
0000050c  UCA0RXBUF_L                          
0000050a  UCA0STATW                            
0000050b  UCA0STATW_H                          
0000050a  UCA0STATW_L                          
0000050e  UCA0TXBUF                            
0000050f  UCA0TXBUF_H                          
0000050e  UCA0TXBUF_L                          
00000590  UCA1ABCTL                            
00000591  UCA1ABCTL_H                          
00000590  UCA1ABCTL_L                          
00000586  UCA1BRW                              
00000587  UCA1BRW_H                            
00000586  UCA1BRW_L                            
00000580  UCA1CTLW0                            
00000581  UCA1CTLW0_H                          
00000580  UCA1CTLW0_L                          
00000582  UCA1CTLW1                            
00000583  UCA1CTLW1_H                          
00000582  UCA1CTLW1_L                          
0000059a  UCA1IE                               
0000059b  UCA1IE_H                             
0000059a  UCA1IE_L                             
0000059c  UCA1IFG                              
0000059d  UCA1IFG_H                            
0000059c  UCA1IFG_L                            
00000592  UCA1IRCTL                            
00000593  UCA1IRCTL_H                          
00000592  UCA1IRCTL_L                          
0000059e  UCA1IV                               
0000059f  UCA1IV_H                             
0000059e  UCA1IV_L                             
00000588  UCA1MCTLW                            
00000589  UCA1MCTLW_H                          
00000588  UCA1MCTLW_L                          
0000058c  UCA1RXBUF                            
0000058d  UCA1RXBUF_H                          
0000058c  UCA1RXBUF_L                          
0000058a  UCA1STATW                            
0000058b  UCA1STATW_H                          
0000058a  UCA1STATW_L                          
0000058e  UCA1TXBUF                            
0000058f  UCA1TXBUF_H                          
0000058e  UCA1TXBUF_L                          
0000055e  UCB0ADDMASK                          
0000055f  UCB0ADDMASK_H                        
0000055e  UCB0ADDMASK_L                        
0000055c  UCB0ADDRX                            
0000055d  UCB0ADDRX_H                          
0000055c  UCB0ADDRX_L                          
00000546  UCB0BRW                              
00000547  UCB0BRW_H                            
00000546  UCB0BRW_L                            
00000540  UCB0CTLW0                            
00000541  UCB0CTLW0_H                          
00000540  UCB0CTLW0_L                          
00000542  UCB0CTLW1                            
00000543  UCB0CTLW1_H                          
00000542  UCB0CTLW1_L                          
00000554  UCB0I2COA0                           
00000555  UCB0I2COA0_H                         
00000554  UCB0I2COA0_L                         
00000556  UCB0I2COA1                           
00000557  UCB0I2COA1_H                         
00000556  UCB0I2COA1_L                         
00000558  UCB0I2COA2                           
00000559  UCB0I2COA2_H                         
00000558  UCB0I2COA2_L                         
0000055a  UCB0I2COA3                           
0000055b  UCB0I2COA3_H                         
0000055a  UCB0I2COA3_L                         
00000560  UCB0I2CSA                            
00000561  UCB0I2CSA_H                          
00000560  UCB0I2CSA_L                          
0000056a  UCB0IE                               
0000056b  UCB0IE_H                             
0000056a  UCB0IE_L                             
[...]
000006c8  ICCILSR2_L                           
000006c9  ICCILSR2_H                           
000006ca  ICCILSR3                             
000006ca  ICCILSR3_L                           
000006cb  ICCILSR3_H                           
00000700  ADCCTL0                              
00000700  ADCCTL0_L                            
00000701  ADCCTL0_H                            
00000702  ADCCTL1                              
00000702  ADCCTL1_L                            
00000703  ADCCTL1_H                            
00000704  ADCCTL2                              
00000704  ADCCTL2_L                            
00000705  ADCCTL2_H                            
00000706  ADCLO                                
00000706  ADCLO_L                              
00000707  ADCLO_H                              
00000708  ADCHI                                
00000708  ADCHI_L                              
00000709  ADCHI_H                              
0000070a  ADCMCTL0                             
0000070a  ADCMCTL0_L                           
0000070b  ADCMCTL0_H                           
00000712  ADCMEM0                              
00000712  ADCMEM0_L                            
00000713  ADCMEM0_H                            
0000071a  ADCIE                                
0000071a  ADCIE_L                              
0000071b  ADCIE_H                              
0000071c  ADCIFG                               
0000071c  ADCIFG_L                             
0000071d  ADCIFG_H                             
0000071e  ADCIV                                
0000071e  ADCIV_L                              
0000071f  ADCIV_H                              
000008e0  CP0CTL0                              
000008e0  CP0CTL0_L                            
000008e1  CP0CTL0_H                            
000008e2  CP0CTL1                              
000008e2  CP0CTL1_L                            
000008e3  CP0CTL1_H                            
000008e6  CP0INT                               
000008e6  CP0INT_L                             
000008e7  CP0INT_H                             
000008e8  CP0IV                                
000008e8  CP0IV_L                              
000008e9  CP0IV_H                              
000008f0  CP0DACCTL                            
000008f0  CP0DACCTL_L                          
000008f1  CP0DACCTL_H                          
000008f2  CP0DACDATA                           
000008f2  CP0DACDATA_L                         
000008f3  CP0DACDATA_H                         
00000900  CP1CTL0                              
00000900  CP1CTL0_L                            
00000901  CP1CTL0_H                            
00000902  CP1CTL1                              
00000902  CP1CTL1_L                            
00000903  CP1CTL1_H                            
00000906  CP1INT                               
00000906  CP1INT_L                             
00000907  CP1INT_H                             
00000908  CP1IV                                
00000908  CP1IV_L                              
00000909  CP1IV_H                              
00000910  CP1DACCTL                            
00000910  CP1DACCTL_L                          
00000911  CP1DACCTL_H                          
00000912  CP1DACDATA                           
00000912  CP1DACDATA_L                         
00000913  CP1DACDATA_H                         
00000c80  SAC0OA                               
00000c80  SAC0OA_L                             
00000c81  SAC0OA_H                             
00000c82  SAC0PGA                              
00000c82  SAC0PGA_L                            
00000c83  SAC0PGA_H                            
00000c84  SAC0DAC                              
00000c84  SAC0DAC_L                            
00000c85  SAC0DAC_H                            
00000c86  SAC0DAT                              
00000c86  SAC0DAT_L                            
00000c87  SAC0DAT_H                            
00000c88  SAC0DACSTS                           
00000c88  SAC0DACSTS_L                         
00000c89  SAC0DACSTS_H                         
00000c8a  SAC0IV                               
00000c8a  SAC0IV_L                             
00000c8b  SAC0IV_H                             
00000c90  SAC1OA                               
00000c90  SAC1OA_L                             
00000c91  SAC1OA_H                             
00000c92  SAC1PGA                              
00000c92  SAC1PGA_L                            
00000c93  SAC1PGA_H                            
00000c94  SAC1DAC                              
00000c94  SAC1DAC_L                            
00000c95  SAC1DAC_H                            
00000c96  SAC1DAT                              
00000c96  SAC1DAT_L                            
00000c97  SAC1DAT_H                            
00000c98  SAC1DACSTS                           
00000c98  SAC1DACSTS_L                         
00000c99  SAC1DACSTS_H                         
00000c9a  SAC1IV                               
00000c9a  SAC1IV_L                             
00000c9b  SAC1IV_H                             
00000ca0  SAC2OA                               
00000ca0  SAC2OA_L                             
00000ca1  SAC2OA_H                             
00000ca2  SAC2PGA                              
00000ca2  SAC2PGA_L                            
00000ca3  SAC2PGA_H                            
00000ca4  SAC2DAC                              
00000ca4  SAC2DAC_L                            
00000ca5  SAC2DAC_H                            
00000ca6  SAC2DAT                              
00000ca6  SAC2DAT_L                            
00000ca7  SAC2DAT_H                            
00000ca8  SAC2DACSTS                           
00000ca8  SAC2DACSTS_L                         
00000ca9  SAC2DACSTS_H                         
00000caa  SAC2IV                               
00000caa  SAC2IV_L                             
00000cab  SAC2IV_H                             
00000cb0  SAC3OA                               
00000cb0  SAC3OA_L                             
00000cb1  SAC3OA_H                             
00000cb2  SAC3PGA                              
00000cb2  SAC3PGA_L                            
00000cb3  SAC3PGA_H                            
00000cb4  SAC3DAC                              
00000cb4  SAC3DAC_L                            
00000cb5  SAC3DAC_H                            
00000cb6  SAC3DAT                              
00000cb6  SAC3DAT_L                            
00000cb7  SAC3DAT_H                            
00000cb8  SAC3DACSTS                           
00000cb8  SAC3DACSTS_L                         
00000cb9  SAC3DACSTS_H                         
00000cba  SAC3IV                               
00000cba  SAC3IV_L                             
00000cbb  SAC3IV_H                             
00002296  display_line                         
000022c2  display                              
000022ca  one_second_timer                     
000022ce  Time_Sequence                        
000022d0  sw1_debounce_count                   
000022d2  sw2_debounce_count                   
000022d4  update_display_count                 
000022d6  backlight_blink_enable               
000022d7  current_character                    
000022d8  display_changed                      
000022d9  one_time                             
000022da  sw1_debounce_active                  
000022db  sw2_debounce_active                  
000022dc  update_display                       
000022de  getDetectorWhiteLevel                
0000240a  getDetectorValue                     
0000246c  turn_kp                              
00002470  turn_ki                              
00002474  turn_kd                              
00002478  turn_ff_rate_kp_dps_per_deg          
0000247c  turn_ff_max_rate_dps                 
00002480  turn_ff_ks_percent                   
00002484  turn_ff_kv_percent_per_dps           
00002488  turn_max_pwm_percent                 
0000248c  turn_integral_zone_deg               
00002490  turn_sysid_step_pwm_percent          
00002494  turn_sysid_ramp_start_pwm_percent    
00002498  turn_sysid_ramp_step_pwm_percent     
0000249c  turn_sysid_ramp_max_pwm_percent      
000024a0  turn_sysid_motion_delta_deg          
000024a4  drive_straight_kp                    
000024a8  drive_straight_kd                    
000024ac  drive_straight_base_percent          
000024b0  drive_straight_max_correction_percent
000024b4  drive_straight_deadband_deg          
000024b8  drive_straight_correction_sign       
000024bc  turn_angle_tolerance_deg             
000024c0  drive_to_xy_speed_percent            
000024c4  drive_to_xy_tolerance_in             
000024c8  align_line_left_base_percent         
000024cc  align_line_right_base_percent        
000024d0  align_line_detector_kp               
000024d4  align_line_detector_kd               
000024d8  align_line_detector_ki               
000024dc  align_line_heading_kp                
000024e0  align_line_target_delta_deg          
000024e4  align_line_heading_tolerance_deg     
000024e8  align_line_detector_tolerance_raw    
000024ec  drive_to_line_max_percent            
000024f0  drive_to_line_min_percent            
000024f4  drive_to_line_approach_gain          
00002540  detector_left_white_min              
00002542  detector_left_white_max              
00002544  detector_right_white_min             
00002546  detector_right_white_max             
00002548  detector_left_black_min              
0000254a  detector_left_black_max              
0000254c  detector_right_black_min             
0000254e  detector_right_black_max             
00002550  black_line_left                      
00002552  black_line_right                     
00002554  project7count                        
00002558  project7lock                         
0000255a  project7flag                         
0000255c  adc_thumb_raw                        
0000255e  adc_left_det_raw                     
00002560  adc_right_det_raw                    
00002f60  _stack                               
00003000  __STACK_END                          
00008400  fram_rw_start                        
00008400  fram_rx_start                        
0000849c  __TI_Handler_Table_Base              
000084a8  __TI_Handler_Table_Limit             
000084ae  __TI_CINIT_Base                      
000084be  __TI_BINIT_Base                      
000084be  __TI_CINIT_Limit                     
000084be  __TI_CINIT_Warm                      
000084be  __TI_table_binit                     
000084ce  __TI_BINIT_Limit                     
000094ec  main                                 
00009892  __mspabi_subf                        
00009898  __mspabi_addf                        
000099c4  Switch1_Process                      
00009ab2  __TI_decompress_lzss                 
00009ba0  Init_LCD                             
00009c64  Software_Trim                        
00009d1e  __mspabi_mpyf                        
00009dd6  Init_Port1                           
00009e80  Init_Port3                           
00009f2a  copy_in                              
0000a118  format_detector_line                 
0000a2ec  Init_Port2                           
0000a382  Motors_Service                       
0000a418  Init_Port4                           
0000a4aa  Init_Port6                           
0000a53c  __mspabi_divf                        
0000a5cc  getDetectedColor                     
0000a6d4  __TI_auto_init_nopinit_hold_wdt      
0000a750  Command_DriveToXY                    
0000a7c6  updateRobot                          
0000a83c  OTOS_Begin                           
0000a8b0  format_emitter_line                  
0000a9f4  Command_FollowLine                   
0000aa5c  Init_Clocks                          
0000aac4  OTOS_CalibrateImu                    
0000ab94  __mspabi_fixfi                       
0000abfc  Command_TurnToAngle                  
0000ac5e  Init_Port5                           
0000acc0  Init_Timer_B0                        
0000ad22  Timer_B_initUpMode                   
0000ad84  Command_AlignLeftToLine              
0000ade4  Command_DriveToLine                  
0000ae44  Init_Conditions                      
0000af04  Init_ADC                             
0000af62  Command_DriveStraight                
0000afbe  Command_ReverseStraight              
0000b01a  Command_Sequence                     
0000b182  __mspabi_divul                       
0000b182  __mspabi_remul                       
0000b1da  Command_DriveUntil                   
0000b22e  Init_Timer_B1                        
0000b27e  Motors_DriveSpinPWM                  
0000b2ca  Switch2_Process                      
0000b314  detectorSetBlackRangeFromCurrent     
0000b35e  detectorSetWhiteRangeFromCurrent     
0000b3a8  __mspabi_cmpf                        
0000b4ca  Motors_DriveForwardPWM               
0000b510  Motors_DriveReversePWM               
0000b556  Motors_DriveSpinReversePWM           
0000b59c  __mspabi_fixfu                       
0000b5e2  Display_Update                       
0000b668  Command_Spin                         
0000b6a8  Init_SPI_B1                          
0000b6e8  __memcpy_far                         
0000b768  __mspabi_divli                       
0000b768  __mspabi_remli                       
0000b7a8  Init_Timer_B3                        
0000b7e6  __TI_zero_init_nomemset              
0000b824  __mspabi_slll_15                     
0000b828  __mspabi_slll_14                     
0000b82c  __mspabi_slll_13                     
0000b830  __mspabi_slll_12                     
0000b834  __mspabi_slll_11                     
0000b838  __mspabi_slll_10                     
0000b83c  __mspabi_slll_9                      
0000b840  __mspabi_slll_8                      
0000b844  __mspabi_slll_7                      
0000b848  __mspabi_slll_6                      
0000b84c  __mspabi_slll_5                      
0000b850  __mspabi_slll_4                      
0000b854  __mspabi_slll_3                      
0000b858  __mspabi_slll_2                      
0000b85c  __mspabi_slll_1                      
0000b862  Command_Reverse                      
0000b89e  __mpu_init                           
0000b8da  __TI_decompress_none                 
0000b916  Command_Forward                      
0000b950  Command_Wait                         
0000bad6  __mspabi_fltif                       
0000bb0c  ADC_init                             
0000bb74  driveSpin                            
0000bba8  driveForward                         
0000bbda  driveReverse                         
0000bc0c  driveSpinReverse                     
0000be0a  Init_Switch                          
0000be0a  Init_Switches                        
0000be62  getThumbWheel                        
0000be8e  __mspabi_divi                        
0000be8e  __mspabi_remi                        
0000beba  strncmp                              
0000bf0e  WriteData                            
0000bf36  WriteIns                             
0000bf5e  getHeading                           
0000bf86  GPIO_setAsInputPinWithPullUpResistor 
0000bfac  __mspabi_fltuf                       
0000bfd0  __mspabi_mpyl_f5hw                   
0000bff4  Display_Process                      
0000c016  zeroHeading                          
0000c058  ADC_disableConversions               
0000c076  GPIO_setAsOutputPin                  
0000c094  Switch_Process                       
0000c094  Switches_Process                     
0000c094  switch_control                       
0000c0b2  getPositionY                         
0000c12a  ADC_startConversion                  
0000c146  SPI_B1_write                         
0000c162  __mspabi_mpyul_f5hw                  
0000c19a  lcd_out                              
0000c1b6  GPIO_getInputPinValue                
0000c204  ClrDisplay_Buffer_0                  
0000c21c  ClrDisplay_Buffer_1                  
0000c234  ClrDisplay_Buffer_2                  
0000c24c  ClrDisplay_Buffer_3                  
0000c264  Init_Ports                           
0000c2ac  initRobot                            
0000c2dc  __mspabi_mpyi_f5hw                   
0000c2f4  ADC_configureMemory                  
0000c30a  ClrDisplay                           
0000c320  GPIO_setOutputLowOnPin               
0000c336  isRobotBusy                          
0000c34c  __mspabi_divu                        
0000c34c  __mspabi_remu                        
0000c362  spi_chipselect_idle                  
0000c378  ADC_setupSamplingTimer               
0000c38c  Motors_IsSettled                     
0000c3dc  Init_IMU                             
0000c3ee  memcpy                               
0000c400  resetRobot                           
0000c412  spi_chipselect_active                
0000c424  ADC_setResolution                    
0000c434  getRawDetectorValue                  
0000c464  DisplayOnOff                         
0000c49c  setRobotShape                        
0000c4aa  ADC_setDataReadBackFormat            
0000c4b6  IMU_Process                          
0000c4c2  Init_Timers                          
0000c4ce  abs                                  
0000c4d8  enable_switch_SW1                    
0000c4e2  enable_switch_SW2                    
0000c4ec  __mspabi_negf                        
0000c4f6  ADC_clearInterrupt                   
0000c4fe  ADC_enable                           
0000c506  ADC_enableInterrupt                  
0000c50e  chainWait                            
0000c516  enable_interrupts                    
0000c52e  IMU_GetPacketCount                   
0000c534  Timer_B_startCounter                 
0000c53a  C$$EXIT                              
0000c53a  abort                                
0000c546  driveStop                            
0000c54c  getEmitterState                      
0000c552  spi_reset_active                     
0000c558  spi_reset_idle                       
0000c55e  _system_pre_init                     
0000c562  _system_post_cinit                   
0000c564  ADC_ISR                              
0000c5be  PORT2_ISR                            
0000c5f2  PORT4_ISR                            
0000c626  Timer0_B1_ISR                        
0000c656  Timer0_B0_ISR                        
0000c680  _c_int00_noargs_mpu                  
0000c6a0  Timer1_B0_ISR                        
0000c6aa  Timer1_B1_ISR                        
0000c6b4  __TI_ISR_TRAP                        
0000ffce  __TI_int22                           
0000ffd0  __TI_int23                           
0000ffd2  __TI_int24                           
0000ffd4  __TI_int25                           
0000ffd6  __TI_int26                           
0000ffd8  __TI_int27                           
0000ffda  __TI_int28                           
0000ffdc  __TI_int29                           
0000ffde  __TI_int30                           
0000ffe0  __TI_int31                           
0000ffe2  __TI_int32                           
0000ffe4  __TI_int33                           
0000ffe6  __TI_int34                           
0000ffe8  __TI_int35                           
0000ffea  __TI_int36                           
0000ffec  __TI_int37                           
0000ffee  __TI_int38                           
0000fff0  __TI_int39                           
0000fff2  __TI_int40                           
0000fff4  __TI_int41                           
0000fff6  __TI_int42                           
0000fff8  __TI_int43                           
0000fffa  __TI_int44                           
0000fffc  __TI_int45                           
0000fffe  _reset_vector                        
ffffffff  __TI_pprof_out_hndl                  
ffffffff  __TI_prof_data_size                  
ffffffff  __TI_prof_data_start                 
ffffffff  __c_args__                           

[1184 symbols]
