******************************************************************************
                  MSP430 Linker PC v21.6.1                     
******************************************************************************
>> Linked Sat Apr 25 10:09:01 2026

OUTPUT FILE NAME:   <Car.out>
ENTRY POINT SYMBOL: "_c_int00_noargs_mpu"  address: 0000ec84


MEMORY CONFIGURATION

         name            origin    length      used     unused   attr    fill
----------------------  --------  ---------  --------  --------  ----  --------
  TINYRAM               00000006   0000001a  00000000  0000001a  RWIX
  BSL0                  00001000   00000800  00000000  00000800  RWIX
  INFO                  00001800   00000200  00000000  00000200  RWIX
  TLVMEM                00001a00   00000200  00000000  00000200  RWIX
  BOOTCODE              00001c00   00000400  00000000  00000400  RWIX
  RAM                   00002000   00001000  000008a2  0000075e  RWIX
  FRAM                  00008000   00007f80  00006a30  00001550  RWIX
  JTAGSIGNATURE         0000ff80   00000004  00000004  00000000  RWIX  ffff 
  BSLSIGNATURE          0000ff84   00000004  00000004  00000000  RWIX  ffff 
  BSLCONFIGURATIONSIGNA 0000ff88   00000002  00000002  00000000  RWIX  ffff 
  BSLCONFIGURATION      0000ff8a   00000002  00000002  00000000  RWIX  ffff 
  BSLI2CADDRESS         0000ffa0   00000002  00000002  00000000  RWIX  ffff 
  INT00                 0000ffa2   00000002  00000000  00000002  RWIX
  INT01                 0000ffa4   00000002  00000000  00000002  RWIX
  INT02                 0000ffa6   00000002  00000000  00000002  RWIX
  INT03                 0000ffa8   00000002  00000000  00000002  RWIX
  INT04                 0000ffaa   00000002  00000000  00000002  RWIX
  INT05                 0000ffac   00000002  00000000  00000002  RWIX
  INT06                 0000ffae   00000002  00000000  00000002  RWIX
  INT07                 0000ffb0   00000002  00000000  00000002  RWIX
  INT08                 0000ffb2   00000002  00000000  00000002  RWIX
  INT09                 0000ffb4   00000002  00000000  00000002  RWIX
  INT10                 0000ffb6   00000002  00000000  00000002  RWIX
  INT11                 0000ffb8   00000002  00000000  00000002  RWIX
  INT12                 0000ffba   00000002  00000000  00000002  RWIX
  INT13                 0000ffbc   00000002  00000000  00000002  RWIX
  INT14                 0000ffbe   00000002  00000000  00000002  RWIX
  INT15                 0000ffc0   00000002  00000000  00000002  RWIX
  INT16                 0000ffc2   00000002  00000000  00000002  RWIX
  INT17                 0000ffc4   00000002  00000000  00000002  RWIX
  INT18                 0000ffc6   00000002  00000000  00000002  RWIX
  INT19                 0000ffc8   00000002  00000000  00000002  RWIX
  INT20                 0000ffca   00000002  00000000  00000002  RWIX
  INT21                 0000ffcc   00000002  00000000  00000002  RWIX
  INT22                 0000ffce   00000002  00000002  00000000  RWIX
  INT23                 0000ffd0   00000002  00000002  00000000  RWIX
  INT24                 0000ffd2   00000002  00000002  00000000  RWIX
  INT25                 0000ffd4   00000002  00000002  00000000  RWIX
  INT26                 0000ffd6   00000002  00000002  00000000  RWIX
  INT27                 0000ffd8   00000002  00000002  00000000  RWIX
  INT28                 0000ffda   00000002  00000002  00000000  RWIX
  INT29                 0000ffdc   00000002  00000002  00000000  RWIX
  INT30                 0000ffde   00000002  00000002  00000000  RWIX
  INT31                 0000ffe0   00000002  00000002  00000000  RWIX
  INT32                 0000ffe2   00000002  00000002  00000000  RWIX
  INT33                 0000ffe4   00000002  00000002  00000000  RWIX
  INT34                 0000ffe6   00000002  00000002  00000000  RWIX
  INT35                 0000ffe8   00000002  00000002  00000000  RWIX
  INT36                 0000ffea   00000002  00000002  00000000  RWIX
  INT37                 0000ffec   00000002  00000002  00000000  RWIX
  INT38                 0000ffee   00000002  00000002  00000000  RWIX
  INT39                 0000fff0   00000002  00000002  00000000  RWIX
  INT40                 0000fff2   00000002  00000002  00000000  RWIX
  INT41                 0000fff4   00000002  00000002  00000000  RWIX
  INT42                 0000fff6   00000002  00000002  00000000  RWIX
  INT43                 0000fff8   00000002  00000002  00000000  RWIX
  INT44                 0000fffa   00000002  00000002  00000000  RWIX
  INT45                 0000fffc   00000002  00000002  00000000  RWIX
  RESET                 0000fffe   00000002  00000002  00000000  RWIX
  ROMLIB                000fac00   00005000  00000000  00005000  RWIX
  BSL1                  000ffc00   00000400  00000000  00000400  RWIX


SECTION ALLOCATION MAP

 output                                  attributes/
section   page    origin      length       input sections
--------  ----  ----------  ----------   ----------------
.TI.ramfunc 
*          0    00008000    00000170     RUN ADDR = 00002530
                  00008000    00000086     detector.obj (.TI.ramfunc:getDetectorWhiteLevel)
                  00008086    0000005a     robot.obj (.TI.ramfunc:wrapAngle)
                  000080e0    00000052     robot.obj (.TI.ramfunc:pwmCountsFromPercentFloat)
                  00008132    0000003e     detector.obj (.TI.ramfunc:getDetectorValue)

.TI.persistent 
*          0    00008400    00000000     UNINITIALIZED

.cio       0    00008400    00000000     UNINITIALIZED

.sysmem    0    00008400    00000000     UNINITIALIZED

.cinit     0    00008400    000000d6     
                  00008400    000000b3     (.cinit..data.load) [load image, compression = lzss]
                  000084b3    00000001     --HOLE-- [fill = 0]
                  000084b4    0000000c     (__TI_handler_table)
                  000084c0    00000006     (.cinit..bss.load) [load image, compression = zero_init]
                  000084c6    00000010     (__TI_cinit_table)

.pinit     0    000084d6    00000000     UNINITIALIZED

.binit     0    000084d6    00000010     
                  000084d6    00000010     (.binit)

.init_array 
*          0    000084e6    00000000     UNINITIALIZED

.mspabi.exidx 
*          0    000084e6    00000000     UNINITIALIZED

.mspabi.extab 
*          0    000084e6    00000000     UNINITIALIZED

.const     0    000084e6    00000638     
                  000084e6    0000029e     esp.obj (.const:.string)
                  00008784    0000018c     menu.obj (.const:.string)
                  00008910    00000084     esp.obj (.const:esp_commands)
                  00008994    0000006c     robot.obj (.const:.string)
                  00008a00    0000001c     gpio.obj (.const:GPIO_PORT_TO_BASE)
                  00008a1c    00000018     menu.obj (.const:root_items)
                  00008a34    0000000e     timers.obj (.const:$P$T0$1)
                  00008a42    0000000e     timers.obj (.const:$P$T1$2)
                  00008a50    0000000c     esp.obj (.const:zero$1)
                  00008a5c    0000000b     menu.obj (.const:.string:$P$T0$1)
                  00008a67    00000001     --HOLE-- [fill = 0]
                  00008a68    0000000b     robot.obj (.const:.string:$P$T0$1)
                  00008a73    00000001     --HOLE-- [fill = 0]
                  00008a74    0000000b     menu.obj (.const:.string:$P$T1$2)
                  00008a7f    00000001     --HOLE-- [fill = 0]
                  00008a80    0000000b     robot.obj (.const:.string:$P$T1$2)
                  00008a8b    00000001     --HOLE-- [fill = 0]
                  00008a8c    0000000b     menu.obj (.const:.string:$P$T10$11)
                  00008a97    00000001     --HOLE-- [fill = 0]
                  00008a98    0000000b     menu.obj (.const:.string:$P$T11$12)
                  00008aa3    00000001     --HOLE-- [fill = 0]
                  00008aa4    0000000b     menu.obj (.const:.string:$P$T2$3)
                  00008aaf    00000001     --HOLE-- [fill = 0]
                  00008ab0    0000000b     robot.obj (.const:.string:$P$T2$3)
                  00008abb    00000001     --HOLE-- [fill = 0]
                  00008abc    0000000b     menu.obj (.const:.string:$P$T3$4)
                  00008ac7    00000001     --HOLE-- [fill = 0]
                  00008ac8    0000000b     menu.obj (.const:.string:$P$T4$5)
                  00008ad3    00000001     --HOLE-- [fill = 0]
                  00008ad4    0000000b     menu.obj (.const:.string:$P$T5$6)
                  00008adf    00000001     --HOLE-- [fill = 0]
                  00008ae0    0000000b     menu.obj (.const:.string:$P$T6$7)
                  00008aeb    00000001     --HOLE-- [fill = 0]
                  00008aec    0000000b     menu.obj (.const:.string:$P$T7$8)
                  00008af7    00000001     --HOLE-- [fill = 0]
                  00008af8    0000000b     menu.obj (.const:.string:$P$T8$9)
                  00008b03    00000001     --HOLE-- [fill = 0]
                  00008b04    0000000b     menu.obj (.const:.string:$P$T9$10)
                  00008b0f    00000001     --HOLE-- [fill = 0]
                  00008b10    00000008     adc.obj (.const:adc_input_map)
                  00008b18    00000006     menu.obj (.const:.string:root_icons)

.text      0    00008b1e    00005fb8     
                  00008b1e    00001330     robot.obj (.text:commandTick)
                  00009e4e    00000292     esp.obj (.text:ESP_ScheduleEvent)
                  0000a0e0    0000023c     menu.obj (.text:renderBattery)
                  0000a31c    00000236     esp.obj (.text:ESP_ParseIPDFrame)
                  0000a552    00000224     menu.obj (.text:formatLastCmd)
                  0000a776    000001e6     menu.obj (.text:Menu_Render)
                  0000a95c    00000174     main.obj (.text:main)
                  0000aad0    0000013c     menu.obj (.text:renderESPCmd)
                  0000ac0c    00000132     rts430x_lc_sd_eabi.lib : fs_add.asm.obj (.text)
                  0000ad3e    0000011e     menu.obj (.text:Menu_Update)
                  0000ae5c    0000011a     otos.obj (.text:otos_read_register_bytes)
                  0000af76    00000118     esp.obj (.text:esp_parse_float)
                  0000b08e    00000112     esp.obj (.text:ESP_ProcessStartup)
                  0000b1a0    000000f4     robot.obj (.text:applySpeedSet)
                  0000b294    000000ee     rts430x_lc_sd_eabi.lib : copy_decompress_lzss.c.obj (.text:decompress:lzss:__TI_decompress_lzss)
                  0000b382    000000ea     menu.obj (.text:renderSignedFloat1)
                  0000b46c    000000d8     menu.obj (.text:renderMain)
                  0000b544    000000c6     otos.obj (.text:i2c_write_byte)
                  0000b60a    000000c6     menu.obj (.text:renderBottomCmdSecs)
                  0000b6d0    000000c4     LCD.obj (.text:Init_LCD)
                  0000b794    000000c2     menu.obj (.text:renderRemote)
                  0000b856    000000c0     pid.obj (.text:PID_Calculate)
                  0000b916    000000be     robot.obj (.text:setFollowLineElapsedDisplay)
                  0000b9d4    000000bc     display.obj (.text:format_float)
                  0000ba90    000000ba     clocks.obj (.text:Software_Trim)
                  0000bb4a    000000b8     rts430x_lc_sd_eabi.lib : fs_mpy.asm.obj (.text)
                  0000bc02    000000b4     otos.obj (.text:otos_poll_measurement)
                  0000bcb6    000000b2     robot.obj (.text:getChainApi)
                  0000bd68    000000aa     ports.obj (.text:Init_Port1)
                  0000be12    000000a8     rts430x_lc_sd_eabi.lib : cpy_tbl.c.obj (.text:copy_in)
                  0000beba    000000a4     ports.obj (.text:Init_Port3)
                  0000bf5e    0000009e     otos.obj (.text:write_pose_regs)
                  0000bffc    00000096     ports.obj (.text:Init_Port2)
                  0000c092    00000096     menu.obj (.text:renderBootIP)
                  0000c128    00000092     ports.obj (.text:Init_Port4)
                  0000c1ba    00000092     ports.obj (.text:Init_Port6)
                  0000c24c    00000090     rts430x_lc_sd_eabi.lib : fs_div.asm.obj (.text)
                  0000c2dc    0000008e     robot.obj (.text:Command_FollowLine)
                  0000c36a    0000008a     adc.obj (.text:Init_ADC)
                  0000c3f4    0000008a     detector.obj (.text:detectorSetBlackRangeFromCurrent)
                  0000c47e    0000008a     detector.obj (.text:detectorSetWhiteRangeFromCurrent)
                  0000c508    00000088     menu.obj (.text:setLineNumber3)
                  0000c590    0000007e     menu.obj (.text:splitIPLines)
                  0000c60e    0000007c     otos.obj (.text:OTOS_Begin)
                  0000c68a    0000007c     rts430x_lc_sd_eabi.lib : autoinit.c.obj (.text:__TI_auto_init_nopinit_hold_wdt:__TI_auto_init_nopinit_hold_wdt)
                  0000c706    0000007a     menu.obj (.text:Menu_NotifyESPCommandReceived)
                  0000c780    0000007a     otos.obj (.text:getHeading)
                  0000c7fa    00000076     robot.obj (.text:Command_DriveToXY)
                  0000c870    00000070     robot.obj (.text:Command_DriveDistance)
                  0000c8e0    0000006e     robot.obj (.text:Command_TurnToAbsoluteAngle)
                  0000c94e    0000006c     robot.obj (.text:chainSpinCCWMs)
                  0000c9ba    0000006c     robot.obj (.text:chainSpinCWMs)
                  0000ca26    0000006a     robot.obj (.text:Command_DriveStraight)
                  0000ca90    0000006a     robot.obj (.text:Command_ReverseStraight)
                  0000cafa    00000068     clocks.obj (.text:Init_Clocks)
                  0000cb62    00000068     otos.obj (.text:OTOS_CalibrateImu)
                  0000cbca    00000068     rts430x_lc_sd_eabi.lib : fs_toi.asm.obj (.text)
                  0000cc32    00000066     pid.obj (.text:PID_Init)
                  0000cc98    00000062     robot.obj (.text:Command_TurnToAngle)
                  0000ccfa    00000062     ports.obj (.text:Init_Port5)
                  0000cd5c    00000062     timers.obj (.text:Init_Timer_B0)
                  0000cdbe    00000062     timer_b.obj (.text:Timer_B_initUpMode)
                  0000ce20    00000062     menu.obj (.text:renderWaiting)
                  0000ce82    00000060     robot.obj (.text:Command_AlignLeftToLine)
                  0000cee2    00000060     robot.obj (.text:Command_DriveToLine)
                  0000cf42    00000060     init.obj (.text:Init_Conditions)
                  0000cfa2    00000060     robot.obj (.text:chainDriveStraightMs)
                  0000d002    00000060     robot.obj (.text:chainReverseMs)
                  0000d062    00000060     robot.obj (.text:setCurrentCommandDisplay)
                  0000d0c2    0000005c     robot.obj (.text:Command_Sequence)
                  0000d11e    0000005c     robot.obj (.text:initRobot)
                  0000d17a    0000005a     menu.obj (.text:Menu_Init)
                  0000d1d4    0000005a     robot.obj (.text:applyMixedDrive)
                  0000d22e    00000058     esp.obj (.text:ESP_Init)
                  0000d286    00000058     rts430x_lc_sd_eabi.lib : div32u.asm.obj (.text)
                  0000d2de    00000056     robot.obj (.text:Command_Spin)
                  0000d334    00000056     robot.obj (.text:pwmCountsFromPercentFloatSigned)
                  0000d38a    00000054     robot.obj (.text:Command_DriveUntil)
                  0000d3de    00000054     detector.obj (.text:getDetectedColor)
                  0000d432    00000054     robot.obj (.text:updateRobot)
                  0000d486    00000052     motors.obj (.text:applyMotorMode)
                  0000d4d8    00000052     robot.obj (.text:chainAndThenDriveToXY)
                  0000d52a    00000050     timers.obj (.text:Init_Timer_B1)
                  0000d57a    0000004e     robot.obj (.text:setTurnToAngleDisplay)
                  0000d5c8    0000004a     robot.obj (.text:Command_Reverse)
                  0000d612    0000004a     robot.obj (.text:chainUntilSelective)
                  0000d65c    0000004a     otos.obj (.text:i2c_stop)
                  0000d6a6    0000004a     rts430x_lc_sd_eabi.lib : fs_cmp.asm.obj (.text)
                  0000d6f0    00000048     robot.obj (.text:Command_Forward)
                  0000d738    00000048     robot.obj (.text:Command_Wait)
                  0000d780    00000048     menu.obj (.text:Menu_OnSW1)
                  0000d7c8    00000048     robot.obj (.text:chainWithTimeout)
                  0000d810    00000048     otos.obj (.text:i2c_start)
                  0000d858    00000048     menu.obj (.text:isStartCommand)
                  0000d8a0    00000048     serial.obj (.text:uart_read_frame)
                  0000d8e8    00000046     menu.obj (.text:Menu_OnSW2)
                  0000d92e    00000046     robot.obj (.text:chainAndThenDriveUntil)
                  0000d974    00000046     robot.obj (.text:chainAndThenTurnToAbsoluteAngle)
                  0000d9ba    00000046     robot.obj (.text:chainAndThenTurnToAngle)
                  0000da00    00000046     rts430x_lc_sd_eabi.lib : fs_tou.asm.obj (.text)
                  0000da46    00000046     menu.obj (.text:setLine)
                  0000da8c    00000044     LCD.obj (.text:Display_Update)
                  0000dad0    00000044     main.obj (.text:Display_WriteLineIfChanged)
                  0000db14    00000044     robot.obj (.text:chainAndThenSpinCCW)
                  0000db58    00000044     robot.obj (.text:chainAndThenSpinCW)
                  0000db9c    00000044     otos.obj (.text:otos_write_register_bytes)
                  0000dbe0    00000042     robot.obj (.text:chainAndThenDriveStraight)
                  0000dc22    00000042     robot.obj (.text:chainAndThenFollowLine)
                  0000dc64    00000042     robot.obj (.text:chainAndThenForward)
                  0000dca6    00000042     robot.obj (.text:chainAndThenReverse)
                  0000dce8    00000042     robot.obj (.text:chainAndThenReverseStraight)
                  0000dd2a    00000042     robot.obj (.text:chainAndThenWait)
                  0000dd6c    00000042     robot.obj (.text:chainUntil)
                  0000ddae    00000040     LCD.obj (.text:Init_SPI_B1)
                  0000ddee    00000040     rts430x_lc_sd_eabi.lib : cpy_util.asm.obj (.text:__memcpy_far)
                  0000de2e    00000040                            : div32s.asm.obj (.text)
                  0000de6e    0000003e     timers.obj (.text:Init_Timer_B3)
                  0000deac    0000003e     rts430x_lc_sd_eabi.lib : copy_zero_init.c.obj (.text:decompress:ZI:__TI_zero_init)
                  0000deea    0000003e                            : asr32.asm.obj (.text:l_asr_const)
                  0000df28    0000003e                            : lsl32.asm.obj (.text:l_lsl_const)
                  0000df66    0000003e                            : lsr32.asm.obj (.text:l_lsr_const)
                  0000dfa4    0000003c     FRWP_INIT_LIB_CCS_msp430_large_code_small_data.lib : frwp_init.obj (.text:__mpu_init)
                  0000dfe0    0000003c     rts430x_lc_sd_eabi.lib : copy_decompress_none.c.obj (.text:decompress:none:__TI_decompress_none)
                  0000e01c    00000038     robot.obj (.text:chainAndThenAlignLeftToLine)
                  0000e054    00000038     robot.obj (.text:chainAndThenDriveToLine)
                  0000e08c    00000036     switches.obj (.text:Init_Switches)
                  0000e0c2    00000036     robot.obj (.text:chainAndThenDriveDistance)
                  0000e0f8    00000036     robot.obj (.text:chainSchedule)
                  0000e12e    00000036     robot.obj (.text:commandResetRecursive)
                  0000e164    00000036     rts430x_lc_sd_eabi.lib : fs_itof.asm.obj (.text)
                  0000e19a    00000036                            : strstr.c.obj (.text:strstr)
                  0000e1d0    00000034     adc.obj (.text:ADC_init)
                  0000e204    00000032     otos.obj (.text:wait_scl_high)
                  0000e236    0000002e     esp.obj (.text:ESP_IPPollUpdate)
                  0000e264    0000002e     serial.obj (.text:uart_init)
                  0000e292    0000002e     serial.obj (.text:uart_send_buf)
                  0000e2c0    0000002c     motors.obj (.text:clampPWM)
                  0000e2ec    0000002c     adc.obj (.text:getThumbWheel)
                  0000e318    0000002c     rts430x_lc_sd_eabi.lib : div16s.asm.obj (.text)
                  0000e344    0000002a     adc.obj (.text:getBatteryVoltage)
                  0000e36e    0000002a     rts430x_lc_sd_eabi.lib : strncmp.c.obj (.text:strncmp)
                  0000e398    00000028     motors.obj (.text:Motors_DriveSpinPWM)
                  0000e3c0    00000028     LCD.obj (.text:WriteData)
                  0000e3e8    00000028     LCD.obj (.text:WriteIns)
                  0000e410    00000028     otos.obj (.text:zeroHeading)
                  0000e438    00000026     gpio.obj (.text:GPIO_setAsInputPinWithPullUpResistor)
                  0000e45e    00000024     motors.obj (.text:Motors_DriveForwardPWM)
                  0000e482    00000024     motors.obj (.text:Motors_DriveReversePWM)
                  0000e4a6    00000024     motors.obj (.text:Motors_DriveSpinReversePWM)
                  0000e4ca    00000024     robot.obj (.text:chainWithDisplay)
                  0000e4ee    00000024     rts430x_lc_sd_eabi.lib : fs_utof.asm.obj (.text)
                  0000e512    00000024                            : mult32_f5hw.asm.obj (.text)
                  0000e536    00000022     display.obj (.text:Display_Process)
                  0000e558    00000022     motors.obj (.text:pwmCountsFromPercent)
                  0000e57a    00000020     menu.obj (.text:Menu_SetBLState)
                  0000e59a    00000020     esp.obj (.text:esp_is_num_start)
                  0000e5ba    00000020     robot.obj (.text:robotCurvatureWatchdog)
                  0000e5da    0000001e     adc.obj (.text:ADC_disableConversions)
                  0000e5f8    0000001e     gpio.obj (.text:GPIO_setAsOutputPin)
                  0000e616    0000001e     otos.obj (.text:getPositionX)
                  0000e634    0000001e     otos.obj (.text:getPositionY)
                  0000e652    0000001e     robot.obj (.text:pwmCountsFromPercent)
                  0000e670    0000001c     adc.obj (.text:ADC_startConversion)
                  0000e68c    0000001c     motors.obj (.text:Motors_Service)
                  0000e6a8    0000001c     pid.obj (.text:PID_IsDone)
                  0000e6c4    0000001c     LCD.obj (.text:SPI_B1_write)
                  0000e6e0    0000001c     rts430x_lc_sd_eabi.lib : mult1632_f5hw.asm.obj (.text:__mpyul)
                  0000e6fc    0000001c     robot.obj (.text:chainAppend)
                  0000e718    0000001c     LCD.obj (.text:lcd_out)
                  0000e734    0000001a     gpio.obj (.text:GPIO_getInputPinValue)
                  0000e74e    00000018     LCD.obj (.text:ClrDisplay_Buffer_0)
                  0000e766    00000018     LCD.obj (.text:ClrDisplay_Buffer_1)
                  0000e77e    00000018     LCD.obj (.text:ClrDisplay_Buffer_2)
                  0000e796    00000018     LCD.obj (.text:ClrDisplay_Buffer_3)
                  0000e7ae    00000018     esp.obj (.text:ESP_SetPendingEvent)
                  0000e7c6    00000018     ports.obj (.text:Init_Ports)
                  0000e7de    00000018     robot.obj (.text:clampSignedPwm)
                  0000e7f6    00000018     motors.obj (.text:driveSpin)
                  0000e80e    00000018     rts430x_lc_sd_eabi.lib : mult16_f5hw.asm.obj (.text)
                  0000e826    00000016     adc.obj (.text:ADC_configureMemory)
                  0000e83c    00000016     LCD.obj (.text:ClrDisplay)
                  0000e852    00000016     gpio.obj (.text:GPIO_setOutputLowOnPin)
                  0000e868    00000016     motors.obj (.text:driveForward)
                  0000e87e    00000016     motors.obj (.text:driveReverse)
                  0000e894    00000016     motors.obj (.text:driveSpinReverse)
                  0000e8aa    00000016     robot.obj (.text:isRobotBusy)
                  0000e8c0    00000016     rts430x_lc_sd_eabi.lib : div16u.asm.obj (.text)
                  0000e8d6    00000016     LCD.obj (.text:spi_chipselect_idle)
                  0000e8ec    00000014     adc.obj (.text:ADC_setupSamplingTimer)
                  0000e900    00000014     robot.obj (.text:clampPwmCounts)
                  0000e914    00000012     otos.obj (.text:Init_IMU)
                  0000e926    00000012     menu.obj (.text:Menu_ConsumeCancelMissionRequest)
                  0000e938    00000012     menu.obj (.text:Menu_ConsumeRunMissionRequest)
                  0000e94a    00000012     otos.obj (.text:OTOS_SetPosition)
                  0000e95c    00000012     switches.obj (.text:Switch1_ConsumePress)
                  0000e96e    00000012     switches.obj (.text:Switch2_ConsumePress)
                  0000e980    00000012     rts430x_lc_sd_eabi.lib : memcpy.c.obj (.text:memcpy)
                  0000e992    00000012     robot.obj (.text:resetRobot)
                  0000e9a4    00000012     LCD.obj (.text:spi_chipselect_active)
                  0000e9b6    00000010     adc.obj (.text:ADC_setResolution)
                  0000e9c6    00000010     menu.obj (.text:setLcdMode)
                  0000e9d6    00000010     adc.obj (.text:setThumbWheelMenuCount)
                  0000e9e6    0000000e     LCD.obj (.text:DisplayOnOff)
                  0000e9f4    0000000e     motors.obj (.text:Motors_IsSettled)
                  0000ea02    0000000e     LCD.obj (.text:lcd_4line)
                  0000ea10    0000000c     adc.obj (.text:ADC_setDataReadBackFormat)
                  0000ea1c    0000000c     otos.obj (.text:IMU_Process)
                  0000ea28    0000000c     timers.obj (.text:Init_Timers)
                  0000ea34    0000000a     pid.obj (.text:PID_Reset)
                  0000ea3e    0000000a     rts430x_lc_sd_eabi.lib : abs.c.obj (.text:abs)
                  0000ea48    0000000a                            : fs_neg.asm.obj (.text)
                  0000ea52    00000008     adc.obj (.text:ADC_clearInterrupt)
                  0000ea5a    00000008     adc.obj (.text:ADC_enable)
                  0000ea62    00000008     adc.obj (.text:ADC_enableInterrupt)
                  0000ea6a    00000008     robot.obj (.text:chainDriveDistance)
                  0000ea72    00000008     robot.obj (.text:chainTurnToAbsoluteAngle)
                  0000ea7a    00000008     robot.obj (.text:chainTurnToAngle)
                  0000ea82    00000008     robot.obj (.text:chainWait)
                  0000ea8a    00000008     system.obj (.text:enable_interrupts)
                  0000ea92    00000006     esp.obj (.text:ESP_GetIPString)
                  0000ea98    00000006     esp.obj (.text:ESP_GetStartupState)
                  0000ea9e    00000006     menu.obj (.text:Menu_SetMissionRunning)
                  0000eaa4    00000006     menu.obj (.text:Menu_SetPadArrival)
                  0000eaaa    00000006     timer_b.obj (.text:Timer_B_startCounter)
                  0000eab0    00000006     motors.obj (.text:Timer_CCR_Interval_From_Frequency)
                  0000eab6    00000006     rts430x_lc_sd_eabi.lib : exit.c.obj (.text:abort)
                  0000eabc    00000006     motors.obj (.text:driveStop)
                  0000eac2    00000006     LCD.obj (.text:spi_reset_active)
                  0000eac8    00000006     LCD.obj (.text:spi_reset_idle)
                  0000eace    00000004     rts430x_lc_sd_eabi.lib : pre_init.c.obj (.text:_system_pre_init)
                  0000ead2    00000002     switches.obj (.text:Switch_Process)
                  0000ead4    00000002     rts430x_lc_sd_eabi.lib : startup.c.obj (.text:_system_post_cinit)

.text:_isr 
*          0    0000ead6    000001ea     
                  0000ead6    00000064     adc.obj (.text:_isr:ADC_ISR)
                  0000eb3a    00000060     serial.obj (.text:_isr:EUSCI_A0_RX_ISR)
                  0000eb9a    00000034     switches.obj (.text:_isr:PORT2_ISR)
                  0000ebce    00000034     switches.obj (.text:_isr:PORT4_ISR)
                  0000ec02    00000030     timers.obj (.text:_isr:Timer0_B1_ISR)
                  0000ec32    0000002a     timers.obj (.text:_isr:Timer0_B0_ISR)
                  0000ec5c    00000028     debug_pc.obj (.text:_isr:EUSCI_A1_RX_ISR)
                  0000ec84    00000020     rts430x_lc_sd_eabi.lib : boot.c.obj (.text:_isr:_c_int00_noargs_mpu)
                  0000eca4    0000000a     timers.obj (.text:_isr:Timer1_B0_ISR)
                  0000ecae    0000000a     timers.obj (.text:_isr:Timer1_B1_ISR)
                  0000ecb8    00000008     rts430x_lc_sd_eabi.lib : isr_trap.asm.obj (.text:_isr:__TI_ISR_TRAP)

.bss       0    00002000    0000052f     UNINITIALIZED
                  00002000    000003f6     robot.obj (.bss:active_chain)
                  000023f6    00000050     robot.obj (.bss:chain_api_local$4)
                  00002446    0000002c     (.common:display_line)
                  00002472    00000022     (.common:turnPID)
                  00002494    00000020     main.obj (.bss:esp_frame$1)
                  000024b4    00000020     serial.obj (.bss:s_frame)
                  000024d4    00000020     serial.obj (.bss:s_rx_buf)
                  000024f4    0000001a     esp.obj (.bss:s_pending_event)
                  0000250e    00000008     (.common:display)
                  00002516    00000006     main.obj (.bss:g_robot)
                  0000251c    00000004     (.common:one_second_timer)
                  00002520    00000002     (.common:Time_Sequence)
                  00002522    00000002     (.common:sw1_debounce_count)
                  00002524    00000002     (.common:sw2_debounce_count)
                  00002526    00000002     (.common:update_display_count)
                  00002528    00000001     (.common:backlight_blink_enable)
                  00002529    00000001     (.common:current_character)
                  0000252a    00000001     (.common:display_changed)
                  0000252b    00000001     (.common:one_time)
                  0000252c    00000001     (.common:sw1_debounce_active)
                  0000252d    00000001     (.common:sw2_debounce_active)
                  0000252e    00000001     (.common:update_display)

.data      0    000026a0    00000163     UNINITIALIZED
                  000026a0    000000b4     robot.obj (.data)
                  00002754    00000022     menu.obj (.data)
                  00002776    00000020     otos.obj (.data:g_otos)
                  00002796    00000014     main.obj (.data)
                  000027aa    00000010     detector.obj (.data)
                  000027ba    00000010     esp.obj (.data:s_ip_string)
                  000027ca    0000000e     adc.obj (.data)
                  000027d8    0000000e     motors.obj (.data)
                  000027e6    0000000b     esp.obj (.data)
                  000027f1    00000001     --HOLE--
                  000027f2    00000006     menu.obj (.data:s_last_cmd5)
                  000027f8    00000006     serial.obj (.data)
                  000027fe    00000003     switches.obj (.data)
                  00002801    00000002     debug_pc.obj (.data)

.stack     0    00002f60    000000a0     UNINITIALIZED
                  00002f60    00000002     rts430x_lc_sd_eabi.lib : boot.c.obj (.stack)
                  00002f62    0000009e     --HOLE--

PORT4      0    0000ffce    00000002     
                  0000ffce    00000002     switches.obj (.int22)

PORT3      0    0000ffd0    00000002     
                  0000ffd0    00000002     rts430x_lc_sd_eabi.lib : int23.asm.obj (.int23)

PORT2      0    0000ffd2    00000002     
                  0000ffd2    00000002     switches.obj (.int24)

PORT1      0    0000ffd4    00000002     
                  0000ffd4    00000002     rts430x_lc_sd_eabi.lib : int25.asm.obj (.int25)

SAC1_SAC3 
*          0    0000ffd6    00000002     
                  0000ffd6    00000002     rts430x_lc_sd_eabi.lib : int26.asm.obj (.int26)

SAC0_SAC2 
*          0    0000ffd8    00000002     
                  0000ffd8    00000002     rts430x_lc_sd_eabi.lib : int27.asm.obj (.int27)

ECOMP0_ECOMP1 
*          0    0000ffda    00000002     
                  0000ffda    00000002     rts430x_lc_sd_eabi.lib : int28.asm.obj (.int28)

ADC        0    0000ffdc    00000002     
                  0000ffdc    00000002     adc.obj (.int29)

EUSCI_B1   0    0000ffde    00000002     
                  0000ffde    00000002     rts430x_lc_sd_eabi.lib : int30.asm.obj (.int30)

EUSCI_B0   0    0000ffe0    00000002     
                  0000ffe0    00000002     rts430x_lc_sd_eabi.lib : int31.asm.obj (.int31)

EUSCI_A1   0    0000ffe2    00000002     
                  0000ffe2    00000002     debug_pc.obj (.int32)

EUSCI_A0   0    0000ffe4    00000002     
                  0000ffe4    00000002     serial.obj (.int33)

WDT        0    0000ffe6    00000002     
                  0000ffe6    00000002     rts430x_lc_sd_eabi.lib : int34.asm.obj (.int34)

RTC        0    0000ffe8    00000002     
                  0000ffe8    00000002     rts430x_lc_sd_eabi.lib : int35.asm.obj (.int35)

TIMER3_B1 
*          0    0000ffea    00000002     
                  0000ffea    00000002     rts430x_lc_sd_eabi.lib : int36.asm.obj (.int36)

TIMER3_B0 
*          0    0000ffec    00000002     
                  0000ffec    00000002     rts430x_lc_sd_eabi.lib : int37.asm.obj (.int37)

TIMER2_B1 
*          0    0000ffee    00000002     
                  0000ffee    00000002     rts430x_lc_sd_eabi.lib : int38.asm.obj (.int38)

TIMER2_B0 
*          0    0000fff0    00000002     
                  0000fff0    00000002     rts430x_lc_sd_eabi.lib : int39.asm.obj (.int39)

TIMER1_B1 
*          0    0000fff2    00000002     
                  0000fff2    00000002     timers.obj (.int40)

TIMER1_B0 
*          0    0000fff4    00000002     
                  0000fff4    00000002     timers.obj (.int41)

TIMER0_B1 
*          0    0000fff6    00000002     
                  0000fff6    00000002     timers.obj (.int42)

TIMER0_B0 
*          0    0000fff8    00000002     
                  0000fff8    00000002     timers.obj (.int43)

UNMI       0    0000fffa    00000002     
                  0000fffa    00000002     rts430x_lc_sd_eabi.lib : int44.asm.obj (.int44)

SYSNMI     0    0000fffc    00000002     
                  0000fffc    00000002     rts430x_lc_sd_eabi.lib : int45.asm.obj (.int45)

.reset     0    0000fffe    00000002     
                  0000fffe    00000002     rts430x_lc_sd_eabi.lib : boot.c.obj (.reset)

$fill000   0    0000ff80    00000004     
                  0000ff80    00000004     --HOLE-- [fill = ffff]

$fill001   0    0000ff84    00000004     
                  0000ff84    00000004     --HOLE-- [fill = ffff]

$fill002   0    0000ff88    00000002     
                  0000ff88    00000002     --HOLE-- [fill = ffff]

$fill003   0    0000ff8a    00000002     
                  0000ff8a    00000002     --HOLE-- [fill = ffff]

$fill004   0    0000ffa0    00000002     
                  0000ffa0    00000002     --HOLE-- [fill = ffff]

MODULE SUMMARY

       Module                       code    ro data   rw data
       ------                       ----    -------   -------
    ..\Compiled\
       LCD.obj                      662     0         57     
    +--+----------------------------+-------+---------+---------+
       Total:                       662     0         57     
                                                             
    .\
       robot.obj                    9818    141       1308   
       menu.obj                     4152    558       40     
       esp.obj                      1980    814       53     
       otos.obj                     1580    0         32     
       ports.obj                    898     0         0      
       detector.obj                 752     0         16     
       main.obj                     440     0         58     
       motors.obj                   452     0         14     
       timers.obj                   362     36        0      
       adc.obj                      340     10        14     
       pid.obj                      332     0         0      
       serial.obj                   260     2         70     
       clocks.obj                   290     0         14     
       display.obj                  222     0         0      
       switches.obj                 196     4         3      
       init.obj                     96      0         0      
       debug_pc.obj                 40      2         2      
       system.obj                   8       0         0      
    +--+----------------------------+-------+---------+---------+
       Total:                       22218   1567      1624   
                                                             
    .\driverlib\MSP430FR2xx_4xx\
       adc.obj                      204     0         0      
       gpio.obj                     116     28        0      
       timer_b.obj                  104     0         0      
    +--+----------------------------+-------+---------+---------+
       Total:                       424     28        0      
                                                             
    C:\ti\ccs2041\ccs\ccs_base\msp430\lib\FR2xx\FRWP_INIT_LIB_CCS_msp430_large_code_small_data.lib
       frwp_init.obj                60      0         0      
    +--+----------------------------+-------+---------+---------+
       Total:                       60      0         0      
                                                             
    C:\ti\ccs2041\ccs\tools\compiler\ti-cgt-msp430_21.6.1.LTS\lib\rts430x_lc_sd_eabi.lib
       fs_add.asm.obj               306     0         0      
       copy_decompress_lzss.c.obj   238     0         0      
       fs_mpy.asm.obj               184     0         0      
       cpy_tbl.c.obj                168     0         0      
       fs_div.asm.obj               144     0         0      
       autoinit.c.obj               124     0         0      
       fs_toi.asm.obj               104     0         0      
       div32u.asm.obj               88      0         0      
       fs_cmp.asm.obj               74      0         0      
       fs_tou.asm.obj               70      0         0      
       cpy_util.asm.obj             64      0         0      
       div32s.asm.obj               64      0         0      
       asr32.asm.obj                62      0         0      
       copy_zero_init.c.obj         62      0         0      
       lsl32.asm.obj                62      0         0      
       lsr32.asm.obj                62      0         0      
       copy_decompress_none.c.obj   60      0         0      
       fs_itof.asm.obj              54      0         0      
       strstr.c.obj                 54      0         0      
       div16s.asm.obj               44      0         0      
       strncmp.c.obj                42      0         0      
       fs_utof.asm.obj              36      0         0      
       mult32_f5hw.asm.obj          36      0         0      
       boot.c.obj                   32      2         0      
       mult1632_f5hw.asm.obj        28      0         0      
       mult16_f5hw.asm.obj          24      0         0      
       div16u.asm.obj               22      0         0      
       memcpy.c.obj                 18      0         0      
       abs.c.obj                    10      0         0      
       fs_neg.asm.obj               10      0         0      
       isr_trap.asm.obj             8       0         0      
       exit.c.obj                   6       0         0      
       pre_init.c.obj               4       0         0      
       int23.asm.obj                0       2         0      
       int25.asm.obj                0       2         0      
       int26.asm.obj                0       2         0      
       int27.asm.obj                0       2         0      
       int28.asm.obj                0       2         0      
       int30.asm.obj                0       2         0      
       int31.asm.obj                0       2         0      
       int34.asm.obj                0       2         0      
       int35.asm.obj                0       2         0      
       int36.asm.obj                0       2         0      
       int37.asm.obj                0       2         0      
       int38.asm.obj                0       2         0      
       int39.asm.obj                0       2         0      
       int44.asm.obj                0       2         0      
       int45.asm.obj                0       2         0      
       startup.c.obj                2       0         0      
    +--+----------------------------+-------+---------+---------+
       Total:                       2366    32        0      
                                                             
       Stack:                       0       0         160    
       Linker Generated:            0       229       0      
    +--+----------------------------+-------+---------+---------+
       Grand Total:                 25730   1856      1841   


LINKER GENERATED COPY TABLES

__TI_cinit_table @ 000084c6 records: 2, size/record: 8, table size: 16
	.data: load addr=00008400, load size=000000b3 bytes, run addr=000026a0, run size=00000163 bytes, compression=lzss
	.bss: load addr=000084c0, load size=00000006 bytes, run addr=00002000, run size=0000052f bytes, compression=zero_init
binit @ 000084d6 records: 1, size/record: 12, table size: 16
	.TI.ramfunc: load addr=00008000, load size=00000170, run addr=00002530, run size=00000170, compression=none


LINKER GENERATED HANDLER TABLE

__TI_handler_table @ 000084b4 records: 3, size/record: 4, table size: 12
	index: 0, handler: __TI_zero_init
	index: 1, handler: __TI_decompress_lzss
	index: 2, handler: __TI_decompress_none


GLOBAL SYMBOLS: SORTED ALPHABETICALLY BY Name 

address   name                                 
-------   ----                                 
00000700  ADCCTL0                              
00000701  ADCCTL0_H                            
00000700  ADCCTL0_L                            
00000702  ADCCTL1                              
00000703  ADCCTL1_H                            
00000702  ADCCTL1_L                            
00000704  ADCCTL2                              
00000705  ADCCTL2_H                            
00000704  ADCCTL2_L                            
00000708  ADCHI                                
00000709  ADCHI_H                              
00000708  ADCHI_L                              
0000071a  ADCIE                                
0000071b  ADCIE_H                              
0000071a  ADCIE_L                              
0000071c  ADCIFG                               
0000071d  ADCIFG_H                             
0000071c  ADCIFG_L                             
0000071e  ADCIV                                
0000071f  ADCIV_H                              
0000071e  ADCIV_L                              
00000706  ADCLO                                
00000707  ADCLO_H                              
00000706  ADCLO_L                              
0000070a  ADCMCTL0                             
0000070b  ADCMCTL0_H                           
0000070a  ADCMCTL0_L                           
00000712  ADCMEM0                              
00000713  ADCMEM0_H                            
00000712  ADCMEM0_L                            
0000ead6  ADC_ISR                              
0000ea52  ADC_clearInterrupt                   
0000e826  ADC_configureMemory                  
0000e5da  ADC_disableConversions               
0000ea5a  ADC_enable                           
0000ea62  ADC_enableInterrupt                  
0000e1d0  ADC_init                             
0000ea10  ADC_setDataReadBackFormat            
0000e9b6  ADC_setResolution                    
0000e8ec  ADC_setupSamplingTimer               
0000e670  ADC_startConversion                  
00000660  BAKMEM0                              
00000661  BAKMEM0_H                            
00000660  BAKMEM0_L                            
00000662  BAKMEM1                              
00000674  BAKMEM10                             
00000675  BAKMEM10_H                           
00000674  BAKMEM10_L                           
00000676  BAKMEM11                             
00000677  BAKMEM11_H                           
00000676  BAKMEM11_L                           
00000678  BAKMEM12                             
00000679  BAKMEM12_H                           
00000678  BAKMEM12_L                           
0000067a  BAKMEM13                             
0000067b  BAKMEM13_H                           
0000067a  BAKMEM13_L                           
0000067c  BAKMEM14                             
0000067d  BAKMEM14_H                           
0000067c  BAKMEM14_L                           
0000067e  BAKMEM15                             
0000067f  BAKMEM15_H                           
0000067e  BAKMEM15_L                           
00000663  BAKMEM1_H                            
00000662  BAKMEM1_L                            
00000664  BAKMEM2                              
00000665  BAKMEM2_H                            
00000664  BAKMEM2_L                            
00000666  BAKMEM3                              
00000667  BAKMEM3_H                            
00000666  BAKMEM3_L                            
00000668  BAKMEM4                              
00000669  BAKMEM4_H                            
00000668  BAKMEM4_L                            
0000066a  BAKMEM5                              
0000066b  BAKMEM5_H                            
0000066a  BAKMEM5_L                            
0000066c  BAKMEM6                              
0000066d  BAKMEM6_H                            
0000066c  BAKMEM6_L                            
0000066e  BAKMEM7                              
0000066f  BAKMEM7_H                            
0000066e  BAKMEM7_L                            
00000670  BAKMEM8                              
00000671  BAKMEM8_H                            
00000670  BAKMEM8_L                            
00000672  BAKMEM9                              
00000673  BAKMEM9_H                            
00000672  BAKMEM9_L                            
0000eab6  C$$EXIT                              
000002ee  CAPTIOCTL                            
000002ef  CAPTIOCTL_H                          
000002ee  CAPTIOCTL_L                          
000008e0  CP0CTL0                              
000008e1  CP0CTL0_H                            
000008e0  CP0CTL0_L                            
000008e2  CP0CTL1                              
000008e3  CP0CTL1_H                            
000008e2  CP0CTL1_L                            
000008f0  CP0DACCTL                            
000008f1  CP0DACCTL_H                          
000008f0  CP0DACCTL_L                          
000008f2  CP0DACDATA                           
000008f3  CP0DACDATA_H                         
000008f2  CP0DACDATA_L                         
000008e6  CP0INT                               
000008e7  CP0INT_H                             
000008e6  CP0INT_L                             
000008e8  CP0IV                                
000008e9  CP0IV_H                              
000008e8  CP0IV_L                              
00000900  CP1CTL0                              
00000901  CP1CTL0_H                            
00000900  CP1CTL0_L                            
00000902  CP1CTL1                              
00000903  CP1CTL1_H                            
00000902  CP1CTL1_L                            
00000910  CP1DACCTL                            
00000911  CP1DACCTL_H                          
00000910  CP1DACCTL_L                          
00000912  CP1DACDATA                           
00000913  CP1DACDATA_H                         
00000912  CP1DACDATA_L                         
00000906  CP1INT                               
00000907  CP1INT_H                             
00000906  CP1INT_L                             
00000908  CP1IV                                
00000909  CP1IV_H                              
00000908  CP1IV_L                              
000001c0  CRCDI                                
000001c2  CRCDIRB                              
000001c3  CRCDIRB_H                            
000001c2  CRCDIRB_L                            
000001c1  CRCDI_H                              
000001c0  CRCDI_L                              
000001c4  CRCINIRES                            
000001c5  CRCINIRES_H                          
000001c4  CRCINIRES_L                          
000001c6  CRCRESR                              
000001c7  CRCRESR_H                            
000001c6  CRCRESR_L                            
00000180  CSCTL0                               
00000181  CSCTL0_H                             
00000180  CSCTL0_L                             
00000182  CSCTL1                               
00000183  CSCTL1_H                             
00000182  CSCTL1_L                             
00000184  CSCTL2                               
00000185  CSCTL2_H                             
00000184  CSCTL2_L                             
00000186  CSCTL3                               
00000187  CSCTL3_H                             
00000186  CSCTL3_L                             
00000188  CSCTL4                               
00000189  CSCTL4_H                             
00000188  CSCTL4_L                             
0000018a  CSCTL5                               
0000018b  CSCTL5_H                             
0000018a  CSCTL5_L                             
0000018c  CSCTL6                               
0000018d  CSCTL6_H                             
0000018c  CSCTL6_L                             
0000018e  CSCTL7                               
0000018f  CSCTL7_H                             
0000018e  CSCTL7_L                             
00000190  CSCTL8                               
00000191  CSCTL8_H                             
00000190  CSCTL8_L                             
0000e83c  ClrDisplay                           
0000e74e  ClrDisplay_Buffer_0                  
0000e766  ClrDisplay_Buffer_1                  
0000e77e  ClrDisplay_Buffer_2                  
0000e796  ClrDisplay_Buffer_3                  
0000ce82  Command_AlignLeftToLine              
0000c870  Command_DriveDistance                
0000ca26  Command_DriveStraight                
0000cee2  Command_DriveToLine                  
0000c7fa  Command_DriveToXY                    
0000d38a  Command_DriveUntil                   
0000c2dc  Command_FollowLine                   
0000d6f0  Command_Forward                      
0000d5c8  Command_Reverse                      
0000ca90  Command_ReverseStraight              
0000d0c2  Command_Sequence                     
0000d2de  Command_Spin                         
0000c8e0  Command_TurnToAbsoluteAngle          
0000cc98  Command_TurnToAngle                  
0000d738  Command_Wait                         
0000e9e6  DisplayOnOff                         
0000e536  Display_Process                      
0000da8c  Display_Update                       
0000dad0  Display_WriteLineIfChanged           
0000ea92  ESP_GetIPString                      
0000ea98  ESP_GetStartupState                  
0000e236  ESP_IPPollUpdate                     
0000d22e  ESP_Init                             
0000a31c  ESP_ParseIPDFrame                    
0000b08e  ESP_ProcessStartup                   
00009e4e  ESP_ScheduleEvent                    
0000e7ae  ESP_SetPendingEvent                  
0000eb3a  EUSCI_A0_RX_ISR                      
0000ec5c  EUSCI_A1_RX_ISR                      
000001a0  FRCTL0                               
000001a1  FRCTL0_H                             
000001a0  FRCTL0_L                             
000001a4  GCCTL0                               
000001a5  GCCTL0_H                             
000001a4  GCCTL0_L                             
000001a6  GCCTL1                               
000001a7  GCCTL1_H                             
000001a6  GCCTL1_L                             
0000e734  GPIO_getInputPinValue                
0000e438  GPIO_setAsInputPinWithPullUpResistor 
0000e5f8  GPIO_setAsOutputPin                  
0000e852  GPIO_setOutputLowOnPin               
000006c4  ICCILSR0                             
000006c5  ICCILSR0_H                           
000006c4  ICCILSR0_L                           
000006c6  ICCILSR1                             
000006c7  ICCILSR1_H                           
000006c6  ICCILSR1_L                           
000006c8  ICCILSR2                             
000006c9  ICCILSR2_H                           
000006c8  ICCILSR2_L                           
000006ca  ICCILSR3                             
000006cb  ICCILSR3_H                           
000006ca  ICCILSR3_L                           
000006c2  ICCMVS                               
000006c3  ICCMVS_H                             
000006c2  ICCMVS_L                             
000006c0  ICCSC                                
000006c1  ICCSC_H                              
000006c0  ICCSC_L                              
0000ea1c  IMU_Process                          
0000c36a  Init_ADC                             
0000cafa  Init_Clocks                          
0000cf42  Init_Conditions                      
0000e914  Init_IMU                             
0000b6d0  Init_LCD                             
0000bd68  Init_Port1                           
0000bffc  Init_Port2                           
0000beba  Init_Port3                           
0000c128  Init_Port4                           
0000ccfa  Init_Port5                           
0000c1ba  Init_Port6                           
0000e7c6  Init_Ports                           
0000ddae  Init_SPI_B1                          
0000e08c  Init_Switch                          
0000e08c  Init_Switches                        
0000cd5c  Init_Timer_B0                        
0000d52a  Init_Timer_B1                        
0000de6e  Init_Timer_B3                        
0000ea28  Init_Timers                          
000004c4  MAC                                  
000004da  MAC32H                               
000004db  MAC32H_H                             
000004da  MAC32H_L                             
000004d8  MAC32L                               
000004d9  MAC32L_H                             
000004d8  MAC32L_L                             
000004c6  MACS                                 
000004de  MACS32H                              
000004df  MACS32H_H                            
000004de  MACS32H_L                            
000004dc  MACS32L                              
000004dd  MACS32L_H                            
000004dc  MACS32L_L                            
000004c7  MACS_H                               
000004c6  MACS_L                               
000004c5  MAC_H                                
000004c4  MAC_L                                
000004c0  MPY                                  
000004ec  MPY32CTL0                            
000004ed  MPY32CTL0_H                          
000004ec  MPY32CTL0_L                          
000004d2  MPY32H                               
000004d3  MPY32H_H                             
000004d2  MPY32H_L                             
000004d0  MPY32L                               
000004d1  MPY32L_H                             
000004d0  MPY32L_L                             
000004c2  MPYS                                 
000004d6  MPYS32H                              
000004d7  MPYS32H_H                            
000004d6  MPYS32H_L                            
000004d4  MPYS32L                              
000004d5  MPYS32L_H                            
000004d4  MPYS32L_L                            
000004c3  MPYS_H                               
000004c2  MPYS_L                               
000004c1  MPY_H                                
000004c0  MPY_L                                
0000e926  Menu_ConsumeCancelMissionRequest     
0000e938  Menu_ConsumeRunMissionRequest        
0000d17a  Menu_Init                            
0000c706  Menu_NotifyESPCommandReceived        
0000d780  Menu_OnSW1                           
0000d8e8  Menu_OnSW2                           
0000a776  Menu_Render                          
0000e57a  Menu_SetBLState                      
0000ea9e  Menu_SetMissionRunning               
0000eaa4  Menu_SetPadArrival                   
0000ad3e  Menu_Update                          
0000e45e  Motors_DriveForwardPWM               
0000e482  Motors_DriveReversePWM               
0000e398  Motors_DriveSpinPWM                  
0000e4a6  Motors_DriveSpinReversePWM           
0000e9f4  Motors_IsSettled                     
0000e68c  Motors_Service                       
000004c8  OP2                                  
000004e2  OP2H                                 
000004e3  OP2H_H                               
000004e2  OP2H_L                               
000004e0  OP2L                                 
000004e1  OP2L_H                               
000004e0  OP2L_L                               
000004c9  OP2_H                                
000004c8  OP2_L                                
0000c60e  OTOS_Begin                           
0000cb62  OTOS_CalibrateImu                    
0000e94a  OTOS_SetPosition                     
00000204  P1DIR                                
0000021a  P1IE                                 
00000218  P1IES                                
0000021c  P1IFG                                
00000200  P1IN                                 
0000020e  P1IV                                 
0000020f  P1IV_H                               
0000020e  P1IV_L                               
00000202  P1OUT                                
00000206  P1REN                                
0000020a  P1SEL0                               
0000020c  P1SEL1                               
00000216  P1SELC                               
00000205  P2DIR                                
0000021b  P2IE                                 
00000219  P2IES                                
0000021d  P2IFG                                
00000201  P2IN                                 
0000021e  P2IV                                 
0000021f  P2IV_H                               
0000021e  P2IV_L                               
00000203  P2OUT                                
00000207  P2REN                                
0000020b  P2SEL0                               
0000020d  P2SEL1                               
00000217  P2SELC                               
00000224  P3DIR                                
0000023a  P3IE                                 
00000238  P3IES                                
0000023c  P3IFG                                
00000220  P3IN                                 
0000022e  P3IV                                 
0000022f  P3IV_H                               
0000022e  P3IV_L                               
00000222  P3OUT                                
00000226  P3REN                                
0000022a  P3SEL0                               
0000022c  P3SEL1                               
00000236  P3SELC                               
00000225  P4DIR                                
0000023b  P4IE                                 
00000239  P4IES                                
0000023d  P4IFG                                
00000221  P4IN                                 
0000023e  P4IV                                 
0000023f  P4IV_H                               
0000023e  P4IV_L                               
00000223  P4OUT                                
00000227  P4REN                                
0000022b  P4SEL0                               
0000022d  P4SEL1                               
00000237  P4SELC                               
00000244  P5DIR                                
0000025a  P5IE                                 
00000258  P5IES                                
0000025c  P5IFG                                
00000240  P5IN                                 
0000024e  P5IV                                 
0000024f  P5IV_H                               
0000024e  P5IV_L                               
00000242  P5OUT                                
00000246  P5REN                                
0000024a  P5SEL0                               
0000024c  P5SEL1                               
00000256  P5SELC                               
00000245  P6DIR                                
0000025b  P6IE                                 
00000259  P6IES                                
0000025d  P6IFG                                
00000241  P6IN                                 
0000025e  P6IV                                 
0000025f  P6IV_H                               
0000025e  P6IV_L                               
00000243  P6OUT                                
00000247  P6REN                                
0000024b  P6SEL0                               
0000024d  P6SEL1                               
00000257  P6SELC                               
00000204  PADIR                                
00000205  PADIR_H                              
00000204  PADIR_L                              
0000021a  PAIE                                 
00000218  PAIES                                
00000219  PAIES_H                              
00000218  PAIES_L                              
0000021b  PAIE_H                               
0000021a  PAIE_L                               
0000021c  PAIFG                                
0000021d  PAIFG_H                              
0000021c  PAIFG_L                              
00000200  PAIN                                 
00000201  PAIN_H                               
00000200  PAIN_L                               
00000202  PAOUT                                
00000203  PAOUT_H                              
00000202  PAOUT_L                              
00000206  PAREN                                
00000207  PAREN_H                              
00000206  PAREN_L                              
0000020a  PASEL0                               
0000020b  PASEL0_H                             
0000020a  PASEL0_L                             
0000020c  PASEL1                               
0000020d  PASEL1_H                             
0000020c  PASEL1_L                             
00000216  PASELC                               
00000217  PASELC_H                             
00000216  PASELC_L                             
00000224  PBDIR                                
00000225  PBDIR_H                              
00000224  PBDIR_L                              
0000023a  PBIE                                 
00000238  PBIES                                
00000239  PBIES_H                              
00000238  PBIES_L                              
0000023b  PBIE_H                               
0000023a  PBIE_L                               
0000023c  PBIFG                                
0000023d  PBIFG_H                              
0000023c  PBIFG_L                              
00000220  PBIN                                 
00000221  PBIN_H                               
00000220  PBIN_L                               
00000222  PBOUT                                
00000223  PBOUT_H                              
00000222  PBOUT_L                              
00000226  PBREN                                
00000227  PBREN_H                              
00000226  PBREN_L                              
0000022a  PBSEL0                               
0000022b  PBSEL0_H                             
0000022a  PBSEL0_L                             
0000022c  PBSEL1                               
0000022d  PBSEL1_H                             
0000022c  PBSEL1_L                             
00000236  PBSELC                               
00000237  PBSELC_H                             
00000236  PBSELC_L                             
00000244  PCDIR                                
00000245  PCDIR_H                              
00000244  PCDIR_L                              
0000025a  PCIE                                 
00000258  PCIES                                
00000259  PCIES_H                              
00000258  PCIES_L                              
0000025b  PCIE_H                               
0000025a  PCIE_L                               
0000025c  PCIFG                                
0000025d  PCIFG_H                              
0000025c  PCIFG_L                              
00000240  PCIN                                 
00000241  PCIN_H                               
00000240  PCIN_L                               
00000242  PCOUT                                
00000243  PCOUT_H                              
00000242  PCOUT_L                              
00000246  PCREN                                
00000247  PCREN_H                              
00000246  PCREN_L                              
0000024a  PCSEL0                               
0000024b  PCSEL0_H                             
0000024a  PCSEL0_L                             
0000024c  PCSEL1                               
0000024d  PCSEL1_H                             
0000024c  PCSEL1_L                             
00000256  PCSELC                               
00000257  PCSELC_H                             
00000256  PCSELC_L                             
0000cc32  PID_Init                             
0000e6a8  PID_IsDone                           
00000324  PJDIR                                
00000325  PJDIR_H                              
00000324  PJDIR_L                              
00000320  PJIN                                 
00000321  PJIN_H                               
00000320  PJIN_L                               
00000322  PJOUT                                
00000323  PJOUT_H                              
00000322  PJOUT_L                              
00000326  PJREN                                
00000327  PJREN_H                              
00000326  PJREN_L                              
0000032a  PJSEL0                               
0000032b  PJSEL0_H                             
0000032a  PJSEL0_L                             
0000032c  PJSEL1                               
0000032d  PJSEL1_H                             
0000032c  PJSEL1_L                             
00000336  PJSELC                               
00000337  PJSELC_H                             
00000336  PJSELC_L                             
00000130  PM5CTL0                              
00000131  PM5CTL0_H                            
00000130  PM5CTL0_L                            
00000120  PMMCTL0                              
00000121  PMMCTL0_H                            
00000120  PMMCTL0_L                            
00000124  PMMCTL2                              
00000125  PMMCTL2_H                            
00000124  PMMCTL2_L                            
0000012a  PMMIFG                               
0000012b  PMMIFG_H                             
0000012a  PMMIFG_L                             
0000eb9a  PORT2_ISR                            
0000ebce  PORT4_ISR                            
000004e4  RES0                                 
000004e5  RES0_H                               
000004e4  RES0_L                               
000004e6  RES1                                 
000004e7  RES1_H                               
000004e6  RES1_L                               
000004e8  RES2                                 
000004e9  RES2_H                               
000004e8  RES2_L                               
000004ea  RES3                                 
000004eb  RES3_H                               
000004ea  RES3_L                               
000004cc  RESHI                                
000004cd  RESHI_H                              
000004cc  RESHI_L                              
000004ca  RESLO                                
000004cb  RESLO_H                              
000004ca  RESLO_L                              
0000030c  RTCCNT                               
0000030d  RTCCNT_H                             
0000030c  RTCCNT_L                             
00000300  RTCCTL                               
00000301  RTCCTL_H                             
00000300  RTCCTL_L                             
00000304  RTCIV                                
00000305  RTCIV_H                              
00000304  RTCIV_L                              
00000308  RTCMOD                               
00000309  RTCMOD_H                             
00000308  RTCMOD_L                             
00000c84  SAC0DAC                              
00000c88  SAC0DACSTS                           
00000c89  SAC0DACSTS_H                         
00000c88  SAC0DACSTS_L                         
00000c85  SAC0DAC_H                            
00000c84  SAC0DAC_L                            
00000c86  SAC0DAT                              
00000c87  SAC0DAT_H                            
00000c86  SAC0DAT_L                            
00000c8a  SAC0IV                               
00000c8b  SAC0IV_H                             
00000c8a  SAC0IV_L                             
00000c80  SAC0OA                               
00000c81  SAC0OA_H                             
00000c80  SAC0OA_L                             
00000c82  SAC0PGA                              
00000c83  SAC0PGA_H                            
00000c82  SAC0PGA_L                            
00000c94  SAC1DAC                              
00000c98  SAC1DACSTS                           
00000c99  SAC1DACSTS_H                         
00000c98  SAC1DACSTS_L                         
00000c95  SAC1DAC_H                            
00000c94  SAC1DAC_L                            
00000c96  SAC1DAT                              
00000c97  SAC1DAT_H                            
00000c96  SAC1DAT_L                            
00000c9a  SAC1IV                               
00000c9b  SAC1IV_H                             
00000c9a  SAC1IV_L                             
00000c90  SAC1OA                               
00000c91  SAC1OA_H                             
00000c90  SAC1OA_L                             
00000c92  SAC1PGA                              
00000c93  SAC1PGA_H                            
00000c92  SAC1PGA_L                            
00000ca4  SAC2DAC                              
00000ca8  SAC2DACSTS                           
00000ca9  SAC2DACSTS_H                         
00000ca8  SAC2DACSTS_L                         
00000ca5  SAC2DAC_H                            
00000ca4  SAC2DAC_L                            
00000ca6  SAC2DAT                              
00000ca7  SAC2DAT_H                            
00000ca6  SAC2DAT_L                            
00000caa  SAC2IV                               
00000cab  SAC2IV_H                             
00000caa  SAC2IV_L                             
00000ca0  SAC2OA                               
00000ca1  SAC2OA_H                             
00000ca0  SAC2OA_L                             
00000ca2  SAC2PGA                              
00000ca3  SAC2PGA_H                            
00000ca2  SAC2PGA_L                            
00000cb4  SAC3DAC                              
00000cb8  SAC3DACSTS                           
00000cb9  SAC3DACSTS_H                         
00000cb8  SAC3DACSTS_L                         
00000cb5  SAC3DAC_H                            
00000cb4  SAC3DAC_L                            
00000cb6  SAC3DAT                              
00000cb7  SAC3DAT_H                            
00000cb6  SAC3DAT_L                            
00000cba  SAC3IV                               
00000cbb  SAC3IV_H                             
00000cba  SAC3IV_L                             
00000cb0  SAC3OA                               
00000cb1  SAC3OA_H                             
00000cb0  SAC3OA_L                             
00000cb2  SAC3PGA                              
00000cb3  SAC3PGA_H                            
00000cb2  SAC3PGA_L                            
00000100  SFRIE1                               
00000101  SFRIE1_H                             
00000100  SFRIE1_L                             
00000102  SFRIFG1                              
00000103  SFRIFG1_H                            
00000102  SFRIFG1_L                            
00000104  SFRRPCR                              
00000105  SFRRPCR_H                            
00000104  SFRRPCR_L                            
0000e6c4  SPI_B1_write                         
000004ce  SUMEXT                               
000004cf  SUMEXT_H                             
000004ce  SUMEXT_L                             
00000142  SYSBSLC                              
00000143  SYSBSLC_H                            
00000142  SYSBSLC_L                            
00000160  SYSCFG0                              
00000161  SYSCFG0_H                            
00000160  SYSCFG0_L                            
00000162  SYSCFG1                              
00000163  SYSCFG1_H                            
00000162  SYSCFG1_L                            
00000164  SYSCFG2                              
00000165  SYSCFG2_H                            
00000164  SYSCFG2_L                            
00000140  SYSCTL                               
00000141  SYSCTL_H                             
00000140  SYSCTL_L                             
00000146  SYSJMBC                              
00000147  SYSJMBC_H                            
00000146  SYSJMBC_L                            
00000148  SYSJMBI0                             
00000149  SYSJMBI0_H                           
00000148  SYSJMBI0_L                           
0000014a  SYSJMBI1                             
0000014b  SYSJMBI1_H                           
0000014a  SYSJMBI1_L                           
0000014c  SYSJMBO0                             
0000014d  SYSJMBO0_H                           
0000014c  SYSJMBO0_L                           
0000014e  SYSJMBO1                             
0000014f  SYSJMBO1_H                           
0000014e  SYSJMBO1_L                           
0000015e  SYSRSTIV                             
0000015f  SYSRSTIV_H                           
0000015e  SYSRSTIV_L                           
0000015c  SYSSNIV                              
0000015d  SYSSNIV_H                            
0000015c  SYSSNIV_L                            
0000015a  SYSUNIV                              
0000015b  SYSUNIV_H                            
0000015a  SYSUNIV_L                            
0000ba90  Software_Trim                        
0000e95c  Switch1_ConsumePress                 
0000e96e  Switch2_ConsumePress                 
0000ead2  Switch_Process                       
0000ead2  Switches_Process                     
00000392  TB0CCR0                              
00000393  TB0CCR0_H                            
00000392  TB0CCR0_L                            
00000394  TB0CCR1                              
00000395  TB0CCR1_H                            
00000394  TB0CCR1_L                            
00000396  TB0CCR2                              
00000397  TB0CCR2_H                            
00000396  TB0CCR2_L                            
00000382  TB0CCTL0                             
00000383  TB0CCTL0_H                           
00000382  TB0CCTL0_L                           
00000384  TB0CCTL1                             
00000385  TB0CCTL1_H                           
00000384  TB0CCTL1_L                           
00000386  TB0CCTL2                             
00000387  TB0CCTL2_H                           
00000386  TB0CCTL2_L                           
00000380  TB0CTL                               
00000381  TB0CTL_H                             
00000380  TB0CTL_L                             
000003a0  TB0EX0                               
000003a1  TB0EX0_H                             
000003a0  TB0EX0_L                             
000003ae  TB0IV                                
000003af  TB0IV_H                              
000003ae  TB0IV_L                              
00000390  TB0R                                 
00000391  TB0R_H                               
00000390  TB0R_L                               
000003d2  TB1CCR0                              
000003d3  TB1CCR0_H                            
000003d2  TB1CCR0_L                            
000003d4  TB1CCR1                              
000003d5  TB1CCR1_H                            
000003d4  TB1CCR1_L                            
000003d6  TB1CCR2                              
000003d7  TB1CCR2_H                            
000003d6  TB1CCR2_L                            
000003c2  TB1CCTL0                             
000003c3  TB1CCTL0_H                           
000003c2  TB1CCTL0_L                           
000003c4  TB1CCTL1                             
000003c5  TB1CCTL1_H                           
000003c4  TB1CCTL1_L                           
000003c6  TB1CCTL2                             
000003c7  TB1CCTL2_H                           
000003c6  TB1CCTL2_L                           
000003c0  TB1CTL                               
000003c1  TB1CTL_H                             
000003c0  TB1CTL_L                             
000003e0  TB1EX0                               
000003e1  TB1EX0_H                             
000003e0  TB1EX0_L                             
000003ee  TB1IV                                
000003ef  TB1IV_H                              
000003ee  TB1IV_L                              
000003d0  TB1R                                 
000003d1  TB1R_H                               
000003d0  TB1R_L                               
00000412  TB2CCR0                              
00000413  TB2CCR0_H                            
00000412  TB2CCR0_L                            
00000414  TB2CCR1                              
00000415  TB2CCR1_H                            
00000414  TB2CCR1_L                            
00000416  TB2CCR2                              
00000417  TB2CCR2_H                            
00000416  TB2CCR2_L                            
00000402  TB2CCTL0                             
00000403  TB2CCTL0_H                           
00000402  TB2CCTL0_L                           
00000404  TB2CCTL1                             
00000405  TB2CCTL1_H                           
00000404  TB2CCTL1_L                           
00000406  TB2CCTL2                             
00000407  TB2CCTL2_H                           
00000406  TB2CCTL2_L                           
00000400  TB2CTL                               
00000401  TB2CTL_H                             
00000400  TB2CTL_L                             
00000420  TB2EX0                               
00000421  TB2EX0_H                             
00000420  TB2EX0_L                             
0000042e  TB2IV                                
0000042f  TB2IV_H                              
0000042e  TB2IV_L                              
00000410  TB2R                                 
00000411  TB2R_H                               
00000410  TB2R_L                               
00000452  TB3CCR0                              
00000453  TB3CCR0_H                            
[...]
00000c82  SAC0PGA                              
00000c82  SAC0PGA_L                            
00000c83  SAC0PGA_H                            
00000c84  SAC0DAC                              
00000c84  SAC0DAC_L                            
00000c85  SAC0DAC_H                            
00000c86  SAC0DAT                              
00000c86  SAC0DAT_L                            
00000c87  SAC0DAT_H                            
00000c88  SAC0DACSTS                           
00000c88  SAC0DACSTS_L                         
00000c89  SAC0DACSTS_H                         
00000c8a  SAC0IV                               
00000c8a  SAC0IV_L                             
00000c8b  SAC0IV_H                             
00000c90  SAC1OA                               
00000c90  SAC1OA_L                             
00000c91  SAC1OA_H                             
00000c92  SAC1PGA                              
00000c92  SAC1PGA_L                            
00000c93  SAC1PGA_H                            
00000c94  SAC1DAC                              
00000c94  SAC1DAC_L                            
00000c95  SAC1DAC_H                            
00000c96  SAC1DAT                              
00000c96  SAC1DAT_L                            
00000c97  SAC1DAT_H                            
00000c98  SAC1DACSTS                           
00000c98  SAC1DACSTS_L                         
00000c99  SAC1DACSTS_H                         
00000c9a  SAC1IV                               
00000c9a  SAC1IV_L                             
00000c9b  SAC1IV_H                             
00000ca0  SAC2OA                               
00000ca0  SAC2OA_L                             
00000ca1  SAC2OA_H                             
00000ca2  SAC2PGA                              
00000ca2  SAC2PGA_L                            
00000ca3  SAC2PGA_H                            
00000ca4  SAC2DAC                              
00000ca4  SAC2DAC_L                            
00000ca5  SAC2DAC_H                            
00000ca6  SAC2DAT                              
00000ca6  SAC2DAT_L                            
00000ca7  SAC2DAT_H                            
00000ca8  SAC2DACSTS                           
00000ca8  SAC2DACSTS_L                         
00000ca9  SAC2DACSTS_H                         
00000caa  SAC2IV                               
00000caa  SAC2IV_L                             
00000cab  SAC2IV_H                             
00000cb0  SAC3OA                               
00000cb0  SAC3OA_L                             
00000cb1  SAC3OA_H                             
00000cb2  SAC3PGA                              
00000cb2  SAC3PGA_L                            
00000cb3  SAC3PGA_H                            
00000cb4  SAC3DAC                              
00000cb4  SAC3DAC_L                            
00000cb5  SAC3DAC_H                            
00000cb6  SAC3DAT                              
00000cb6  SAC3DAT_L                            
00000cb7  SAC3DAT_H                            
00000cb8  SAC3DACSTS                           
00000cb8  SAC3DACSTS_L                         
00000cb9  SAC3DACSTS_H                         
00000cba  SAC3IV                               
00000cba  SAC3IV_L                             
00000cbb  SAC3IV_H                             
00002446  display_line                         
00002472  turnPID                              
0000250e  display                              
0000251c  one_second_timer                     
00002520  Time_Sequence                        
00002522  sw1_debounce_count                   
00002524  sw2_debounce_count                   
00002526  update_display_count                 
00002528  backlight_blink_enable               
00002529  current_character                    
0000252a  display_changed                      
0000252b  one_time                             
0000252c  sw1_debounce_active                  
0000252d  sw2_debounce_active                  
0000252e  update_display                       
00002530  getDetectorWhiteLevel                
00002662  getDetectorValue                     
000026b6  turn_kp                              
000026ba  turn_ki                              
000026be  turn_kd                              
000026c2  turn_ff_rate_kp_dps_per_deg          
000026c6  turn_ff_max_rate_dps                 
000026ca  turn_ff_ks_percent                   
000026ce  turn_ff_kv_percent_per_dps           
000026d2  turn_max_pwm_percent                 
000026d6  turn_integral_zone_deg               
000026da  turn_sysid_step_pwm_percent          
000026de  turn_sysid_ramp_start_pwm_percent    
000026e2  turn_sysid_ramp_step_pwm_percent     
000026e6  turn_sysid_ramp_max_pwm_percent      
000026ea  turn_sysid_motion_delta_deg          
000026ee  drive_straight_kp                    
000026f2  drive_straight_kd                    
000026f6  drive_straight_base_percent          
000026fa  drive_straight_max_correction_percent
000026fe  drive_straight_deadband_deg          
00002702  drive_straight_correction_sign       
00002706  turn_angle_tolerance_deg             
0000270a  drive_to_xy_speed_percent            
0000270e  drive_to_xy_tolerance_in             
00002712  drive_to_xy_kv                       
00002716  drive_to_xy_komega                   
0000271a  align_line_left_base_percent         
0000271e  align_line_right_base_percent        
00002722  align_line_detector_kp               
00002726  align_line_detector_kd               
0000272a  align_line_detector_ki               
0000272e  align_line_heading_kp                
00002732  align_line_target_delta_deg          
00002736  align_line_heading_tolerance_deg     
0000273a  align_line_detector_tolerance_raw    
0000273e  drive_to_line_max_percent            
00002742  drive_to_line_min_percent            
00002746  drive_to_line_approach_gain          
00002796  black_line_left                      
00002798  black_line_right                     
0000279a  black_all                            
0000279c  project7count                        
000027a0  project7lock                         
000027a2  project7flag                         
000027a4  baud_hi                              
000027aa  detector_left_white_min              
000027ac  detector_left_white_max              
000027ae  detector_right_white_min             
000027b0  detector_right_white_max             
000027b2  detector_left_black_min              
000027b4  detector_left_black_max              
000027b6  detector_right_black_min             
000027b8  detector_right_black_max             
000027ca  adc_thumb_raw                        
000027cc  adc_left_det_raw                     
000027ce  adc_right_det_raw                    
000027d0  adc_battery_raw                      
00002f60  _stack                               
00003000  __STACK_END                          
00008400  fram_rw_start                        
00008400  fram_rx_start                        
000084b4  __TI_Handler_Table_Base              
000084c0  __TI_Handler_Table_Limit             
000084c6  __TI_CINIT_Base                      
000084d6  __TI_BINIT_Base                      
000084d6  __TI_CINIT_Limit                     
000084d6  __TI_CINIT_Warm                      
000084d6  __TI_table_binit                     
000084e6  __TI_BINIT_Limit                     
00008910  esp_commands                         
00009e4e  ESP_ScheduleEvent                    
0000a31c  ESP_ParseIPDFrame                    
0000a776  Menu_Render                          
0000a95c  main                                 
0000ac0c  __mspabi_subf                        
0000ac12  __mspabi_addf                        
0000ad3e  Menu_Update                          
0000b08e  ESP_ProcessStartup                   
0000b1a0  applySpeedSet                        
0000b294  __TI_decompress_lzss                 
0000b6d0  Init_LCD                             
0000b9d4  format_float                         
0000ba90  Software_Trim                        
0000bb4a  __mspabi_mpyf                        
0000bd68  Init_Port1                           
0000be12  copy_in                              
0000beba  Init_Port3                           
0000bffc  Init_Port2                           
0000c128  Init_Port4                           
0000c1ba  Init_Port6                           
0000c24c  __mspabi_divf                        
0000c2dc  Command_FollowLine                   
0000c36a  Init_ADC                             
0000c3f4  detectorSetBlackRangeFromCurrent     
0000c47e  detectorSetWhiteRangeFromCurrent     
0000c60e  OTOS_Begin                           
0000c68a  __TI_auto_init_nopinit_hold_wdt      
0000c706  Menu_NotifyESPCommandReceived        
0000c780  getHeading                           
0000c7fa  Command_DriveToXY                    
0000c870  Command_DriveDistance                
0000c8e0  Command_TurnToAbsoluteAngle          
0000c94e  chainSpinCCWMs                       
0000c9ba  chainSpinCWMs                        
0000ca26  Command_DriveStraight                
0000ca90  Command_ReverseStraight              
0000cafa  Init_Clocks                          
0000cb62  OTOS_CalibrateImu                    
0000cbca  __mspabi_fixfi                       
0000cc32  PID_Init                             
0000cc98  Command_TurnToAngle                  
0000ccfa  Init_Port5                           
0000cd5c  Init_Timer_B0                        
0000cdbe  Timer_B_initUpMode                   
0000ce82  Command_AlignLeftToLine              
0000cee2  Command_DriveToLine                  
0000cf42  Init_Conditions                      
0000cfa2  chainDriveStraightMs                 
0000d002  chainReverseMs                       
0000d0c2  Command_Sequence                     
0000d11e  initRobot                            
0000d17a  Menu_Init                            
0000d22e  ESP_Init                             
0000d286  __mspabi_divul                       
0000d286  __mspabi_remul                       
0000d2de  Command_Spin                         
0000d38a  Command_DriveUntil                   
0000d3de  getDetectedColor                     
0000d432  updateRobot                          
0000d52a  Init_Timer_B1                        
0000d5c8  Command_Reverse                      
0000d6a6  __mspabi_cmpf                        
0000d6f0  Command_Forward                      
0000d738  Command_Wait                         
0000d780  Menu_OnSW1                           
0000d8a0  uart_read_frame                      
0000d8e8  Menu_OnSW2                           
0000da00  __mspabi_fixfu                       
0000da8c  Display_Update                       
0000dad0  Display_WriteLineIfChanged           
0000ddae  Init_SPI_B1                          
0000ddee  __memcpy_far                         
0000de2e  __mspabi_divli                       
0000de2e  __mspabi_remli                       
0000de6e  Init_Timer_B3                        
0000deac  __TI_zero_init                       
0000deea  __mspabi_sral_15                     
0000deee  __mspabi_sral_14                     
0000def2  __mspabi_sral_13                     
0000def6  __mspabi_sral_12                     
0000defa  __mspabi_sral_11                     
0000defe  __mspabi_sral_10                     
0000df02  __mspabi_sral_9                      
0000df06  __mspabi_sral_8                      
0000df0a  __mspabi_sral_7                      
0000df0e  __mspabi_sral_6                      
0000df12  __mspabi_sral_5                      
0000df16  __mspabi_sral_4                      
0000df1a  __mspabi_sral_3                      
0000df1e  __mspabi_sral_2                      
0000df22  __mspabi_sral_1                      
0000df28  __mspabi_slll_15                     
0000df2c  __mspabi_slll_14                     
0000df30  __mspabi_slll_13                     
0000df34  __mspabi_slll_12                     
0000df38  __mspabi_slll_11                     
0000df3c  __mspabi_slll_10                     
0000df40  __mspabi_slll_9                      
0000df44  __mspabi_slll_8                      
0000df48  __mspabi_slll_7                      
0000df4c  __mspabi_slll_6                      
0000df50  __mspabi_slll_5                      
0000df54  __mspabi_slll_4                      
0000df58  __mspabi_slll_3                      
0000df5c  __mspabi_slll_2                      
0000df60  __mspabi_slll_1                      
0000df66  __mspabi_srll_15                     
0000df6a  __mspabi_srll_14                     
0000df6e  __mspabi_srll_13                     
0000df72  __mspabi_srll_12                     
0000df76  __mspabi_srll_11                     
0000df7a  __mspabi_srll_10                     
0000df7e  __mspabi_srll_9                      
0000df82  __mspabi_srll_8                      
0000df86  __mspabi_srll_7                      
0000df8a  __mspabi_srll_6                      
0000df8e  __mspabi_srll_5                      
0000df92  __mspabi_srll_4                      
0000df96  __mspabi_srll_3                      
0000df9a  __mspabi_srll_2                      
0000df9e  __mspabi_srll_1                      
0000dfa4  __mpu_init                           
0000dfe0  __TI_decompress_none                 
0000e08c  Init_Switch                          
0000e08c  Init_Switches                        
0000e164  __mspabi_fltif                       
0000e19a  strstr                               
0000e1d0  ADC_init                             
0000e236  ESP_IPPollUpdate                     
0000e264  uart_init                            
0000e292  uart_send_buf                        
0000e2ec  getThumbWheel                        
0000e318  __mspabi_divi                        
0000e318  __mspabi_remi                        
0000e344  getBatteryVoltage                    
0000e36e  strncmp                              
0000e398  Motors_DriveSpinPWM                  
0000e3c0  WriteData                            
0000e3e8  WriteIns                             
0000e410  zeroHeading                          
0000e438  GPIO_setAsInputPinWithPullUpResistor 
0000e45e  Motors_DriveForwardPWM               
0000e482  Motors_DriveReversePWM               
0000e4a6  Motors_DriveSpinReversePWM           
0000e4ee  __mspabi_fltuf                       
0000e512  __mspabi_mpyl_f5hw                   
0000e536  Display_Process                      
0000e57a  Menu_SetBLState                      
0000e5ba  robotCurvatureWatchdog               
0000e5da  ADC_disableConversions               
0000e5f8  GPIO_setAsOutputPin                  
0000e616  getPositionX                         
0000e634  getPositionY                         
0000e670  ADC_startConversion                  
0000e68c  Motors_Service                       
0000e6a8  PID_IsDone                           
0000e6c4  SPI_B1_write                         
0000e6e0  __mspabi_mpyul_f5hw                  
0000e718  lcd_out                              
0000e734  GPIO_getInputPinValue                
0000e74e  ClrDisplay_Buffer_0                  
0000e766  ClrDisplay_Buffer_1                  
0000e77e  ClrDisplay_Buffer_2                  
0000e796  ClrDisplay_Buffer_3                  
0000e7ae  ESP_SetPendingEvent                  
0000e7c6  Init_Ports                           
0000e7f6  driveSpin                            
0000e80e  __mspabi_mpyi_f5hw                   
0000e826  ADC_configureMemory                  
0000e83c  ClrDisplay                           
0000e852  GPIO_setOutputLowOnPin               
0000e868  driveForward                         
0000e87e  driveReverse                         
0000e894  driveSpinReverse                     
0000e8aa  isRobotBusy                          
0000e8c0  __mspabi_divu                        
0000e8c0  __mspabi_remu                        
0000e8d6  spi_chipselect_idle                  
0000e8ec  ADC_setupSamplingTimer               
0000e914  Init_IMU                             
0000e926  Menu_ConsumeCancelMissionRequest     
0000e938  Menu_ConsumeRunMissionRequest        
0000e94a  OTOS_SetPosition                     
0000e95c  Switch1_ConsumePress                 
0000e96e  Switch2_ConsumePress                 
0000e980  memcpy                               
0000e992  resetRobot                           
0000e9a4  spi_chipselect_active                
0000e9b6  ADC_setResolution                    
0000e9d6  setThumbWheelMenuCount               
0000e9e6  DisplayOnOff                         
0000e9f4  Motors_IsSettled                     
0000ea02  lcd_4line                            
0000ea10  ADC_setDataReadBackFormat            
0000ea1c  IMU_Process                          
0000ea28  Init_Timers                          
0000ea3e  abs                                  
0000ea48  __mspabi_negf                        
0000ea52  ADC_clearInterrupt                   
0000ea5a  ADC_enable                           
0000ea62  ADC_enableInterrupt                  
0000ea6a  chainDriveDistance                   
0000ea72  chainTurnToAbsoluteAngle             
0000ea7a  chainTurnToAngle                     
0000ea82  chainWait                            
0000ea8a  enable_interrupts                    
0000ea92  ESP_GetIPString                      
0000ea98  ESP_GetStartupState                  
0000ea9e  Menu_SetMissionRunning               
0000eaa4  Menu_SetPadArrival                   
0000eaaa  Timer_B_startCounter                 
0000eab6  C$$EXIT                              
0000eab6  abort                                
0000eabc  driveStop                            
0000eac2  spi_reset_active                     
0000eac8  spi_reset_idle                       
0000eace  _system_pre_init                     
0000ead2  Switch_Process                       
0000ead2  Switches_Process                     
0000ead2  switch_control                       
0000ead4  _system_post_cinit                   
0000ead6  ADC_ISR                              
0000eb3a  EUSCI_A0_RX_ISR                      
0000eb9a  PORT2_ISR                            
0000ebce  PORT4_ISR                            
0000ec02  Timer0_B1_ISR                        
0000ec32  Timer0_B0_ISR                        
0000ec5c  EUSCI_A1_RX_ISR                      
0000ec84  _c_int00_noargs_mpu                  
0000eca4  Timer1_B0_ISR                        
0000ecae  Timer1_B1_ISR                        
0000ecb8  __TI_ISR_TRAP                        
0000ffce  __TI_int22                           
0000ffd0  __TI_int23                           
0000ffd2  __TI_int24                           
0000ffd4  __TI_int25                           
0000ffd6  __TI_int26                           
0000ffd8  __TI_int27                           
0000ffda  __TI_int28                           
0000ffdc  __TI_int29                           
0000ffde  __TI_int30                           
0000ffe0  __TI_int31                           
0000ffe2  __TI_int32                           
0000ffe4  __TI_int33                           
0000ffe6  __TI_int34                           
0000ffe8  __TI_int35                           
0000ffea  __TI_int36                           
0000ffec  __TI_int37                           
0000ffee  __TI_int38                           
0000fff0  __TI_int39                           
0000fff2  __TI_int40                           
0000fff4  __TI_int41                           
0000fff6  __TI_int42                           
0000fff8  __TI_int43                           
0000fffa  __TI_int44                           
0000fffc  __TI_int45                           
0000fffe  _reset_vector                        
ffffffff  __TI_pprof_out_hndl                  
ffffffff  __TI_prof_data_size                  
ffffffff  __TI_prof_data_start                 
ffffffff  __c_args__                           

[1258 symbols]
