<?xml version="1.0" encoding="ISO-8859-1" ?>
<link_info>
   <banner>MSP430 Linker Unix v21.6.1.LTS</banner>
   <copyright>Copyright (c) 2003-2018 Texas Instruments Incorporated</copyright>
   <link_time>0x69be1c5f</link_time>
   <link_errors>0x0</link_errors>
   <output_file>Car.out</output_file>
   <entry_point>
      <name>_c_int00_noargs_mpu</name>
      <address>0xc69e</address>
   </entry_point>
   <input_file_list>
      <input_file id="fl-2">
         <path>./</path>
         <kind>object</kind>
         <file>adc.obj</file>
         <name>adc.obj</name>
      </input_file>
      <input_file id="fl-3">
         <path>./</path>
         <kind>object</kind>
         <file>clocks.obj</file>
         <name>clocks.obj</name>
      </input_file>
      <input_file id="fl-4">
         <path>./</path>
         <kind>object</kind>
         <file>detector.obj</file>
         <name>detector.obj</name>
      </input_file>
      <input_file id="fl-5">
         <path>./</path>
         <kind>object</kind>
         <file>display.obj</file>
         <name>display.obj</name>
      </input_file>
      <input_file id="fl-6">
         <path>./</path>
         <kind>object</kind>
         <file>init.obj</file>
         <name>init.obj</name>
      </input_file>
      <input_file id="fl-7">
         <path>./</path>
         <kind>object</kind>
         <file>led.obj</file>
         <name>led.obj</name>
      </input_file>
      <input_file id="fl-8">
         <path>./</path>
         <kind>object</kind>
         <file>main.obj</file>
         <name>main.obj</name>
      </input_file>
      <input_file id="fl-9">
         <path>./</path>
         <kind>object</kind>
         <file>motors.obj</file>
         <name>motors.obj</name>
      </input_file>
      <input_file id="fl-a">
         <path>./</path>
         <kind>object</kind>
         <file>otos.obj</file>
         <name>otos.obj</name>
      </input_file>
      <input_file id="fl-b">
         <path>./</path>
         <kind>object</kind>
         <file>pid.obj</file>
         <name>pid.obj</name>
      </input_file>
      <input_file id="fl-c">
         <path>./</path>
         <kind>object</kind>
         <file>ports.obj</file>
         <name>ports.obj</name>
      </input_file>
      <input_file id="fl-d">
         <path>./</path>
         <kind>object</kind>
         <file>robot.obj</file>
         <name>robot.obj</name>
      </input_file>
      <input_file id="fl-e">
         <path>./</path>
         <kind>object</kind>
         <file>switches.obj</file>
         <name>switches.obj</name>
      </input_file>
      <input_file id="fl-f">
         <path>./</path>
         <kind>object</kind>
         <file>system.obj</file>
         <name>system.obj</name>
      </input_file>
      <input_file id="fl-10">
         <path>./</path>
         <kind>object</kind>
         <file>timers.obj</file>
         <name>timers.obj</name>
      </input_file>
      <input_file id="fl-11">
         <path>../Compiled/</path>
         <kind>object</kind>
         <file>LCD.obj</file>
         <name>LCD.obj</name>
      </input_file>
      <input_file id="fl-12">
         <path>./driverlib/MSP430FR2xx_4xx/</path>
         <kind>object</kind>
         <file>adc.obj</file>
         <name>adc.obj</name>
      </input_file>
      <input_file id="fl-13">
         <path>./driverlib/MSP430FR2xx_4xx/</path>
         <kind>object</kind>
         <file>crc.obj</file>
         <name>crc.obj</name>
      </input_file>
      <input_file id="fl-14">
         <path>./driverlib/MSP430FR2xx_4xx/</path>
         <kind>object</kind>
         <file>cs.obj</file>
         <name>cs.obj</name>
      </input_file>
      <input_file id="fl-15">
         <path>./driverlib/MSP430FR2xx_4xx/</path>
         <kind>object</kind>
         <file>ecomp.obj</file>
         <name>ecomp.obj</name>
      </input_file>
      <input_file id="fl-16">
         <path>./driverlib/MSP430FR2xx_4xx/</path>
         <kind>object</kind>
         <file>eusci_a_spi.obj</file>
         <name>eusci_a_spi.obj</name>
      </input_file>
      <input_file id="fl-17">
         <path>./driverlib/MSP430FR2xx_4xx/</path>
         <kind>object</kind>
         <file>eusci_a_uart.obj</file>
         <name>eusci_a_uart.obj</name>
      </input_file>
      <input_file id="fl-18">
         <path>./driverlib/MSP430FR2xx_4xx/</path>
         <kind>object</kind>
         <file>eusci_b_i2c.obj</file>
         <name>eusci_b_i2c.obj</name>
      </input_file>
      <input_file id="fl-19">
         <path>./driverlib/MSP430FR2xx_4xx/</path>
         <kind>object</kind>
         <file>eusci_b_spi.obj</file>
         <name>eusci_b_spi.obj</name>
      </input_file>
      <input_file id="fl-1a">
         <path>./driverlib/MSP430FR2xx_4xx/</path>
         <kind>object</kind>
         <file>framctl.obj</file>
         <name>framctl.obj</name>
      </input_file>
      <input_file id="fl-1b">
         <path>./driverlib/MSP430FR2xx_4xx/</path>
         <kind>object</kind>
         <file>gpio.obj</file>
         <name>gpio.obj</name>
      </input_file>
      <input_file id="fl-1c">
         <path>./driverlib/MSP430FR2xx_4xx/</path>
         <kind>object</kind>
         <file>icc.obj</file>
         <name>icc.obj</name>
      </input_file>
      <input_file id="fl-1d">
         <path>./driverlib/MSP430FR2xx_4xx/</path>
         <kind>object</kind>
         <file>lcd_e.obj</file>
         <name>lcd_e.obj</name>
      </input_file>
      <input_file id="fl-1e">
         <path>./driverlib/MSP430FR2xx_4xx/</path>
         <kind>object</kind>
         <file>mpy32.obj</file>
         <name>mpy32.obj</name>
      </input_file>
      <input_file id="fl-1f">
         <path>./driverlib/MSP430FR2xx_4xx/</path>
         <kind>object</kind>
         <file>pmm.obj</file>
         <name>pmm.obj</name>
      </input_file>
      <input_file id="fl-20">
         <path>./driverlib/MSP430FR2xx_4xx/</path>
         <kind>object</kind>
         <file>rtc.obj</file>
         <name>rtc.obj</name>
      </input_file>
      <input_file id="fl-21">
         <path>./driverlib/MSP430FR2xx_4xx/</path>
         <kind>object</kind>
         <file>sac.obj</file>
         <name>sac.obj</name>
      </input_file>
      <input_file id="fl-22">
         <path>./driverlib/MSP430FR2xx_4xx/</path>
         <kind>object</kind>
         <file>sfr.obj</file>
         <name>sfr.obj</name>
      </input_file>
      <input_file id="fl-23">
         <path>./driverlib/MSP430FR2xx_4xx/</path>
         <kind>object</kind>
         <file>sysctl.obj</file>
         <name>sysctl.obj</name>
      </input_file>
      <input_file id="fl-24">
         <path>./driverlib/MSP430FR2xx_4xx/</path>
         <kind>object</kind>
         <file>tia.obj</file>
         <name>tia.obj</name>
      </input_file>
      <input_file id="fl-25">
         <path>./driverlib/MSP430FR2xx_4xx/</path>
         <kind>object</kind>
         <file>timer_a.obj</file>
         <name>timer_a.obj</name>
      </input_file>
      <input_file id="fl-26">
         <path>./driverlib/MSP430FR2xx_4xx/</path>
         <kind>object</kind>
         <file>timer_b.obj</file>
         <name>timer_b.obj</name>
      </input_file>
      <input_file id="fl-27">
         <path>./driverlib/MSP430FR2xx_4xx/</path>
         <kind>object</kind>
         <file>tlv.obj</file>
         <name>tlv.obj</name>
      </input_file>
      <input_file id="fl-28">
         <path>./driverlib/MSP430FR2xx_4xx/</path>
         <kind>object</kind>
         <file>wdt_a.obj</file>
         <name>wdt_a.obj</name>
      </input_file>
      <input_file id="fl-2e">
         <kind>object</kind>
         <file>&lt;internal&gt;</file>
         <name>&lt;internal&gt;</name>
      </input_file>
      <input_file id="fl-49">
         <path>/home/saranga/ti/ccs2041/ccs/tools/compiler/ti-cgt-msp430_21.6.1.LTS/lib/</path>
         <kind>archive</kind>
         <file>rts430x_lc_sd_eabi.lib</file>
         <name>copy_decompress_lzss.c.obj</name>
      </input_file>
      <input_file id="fl-4a">
         <path>/home/saranga/ti/ccs2041/ccs/tools/compiler/ti-cgt-msp430_21.6.1.LTS/lib/</path>
         <kind>archive</kind>
         <file>rts430x_lc_sd_eabi.lib</file>
         <name>copy_decompress_none.c.obj</name>
      </input_file>
      <input_file id="fl-4b">
         <path>/home/saranga/ti/ccs2041/ccs/tools/compiler/ti-cgt-msp430_21.6.1.LTS/lib/</path>
         <kind>archive</kind>
         <file>rts430x_lc_sd_eabi.lib</file>
         <name>int23.asm.obj</name>
      </input_file>
      <input_file id="fl-4c">
         <path>/home/saranga/ti/ccs2041/ccs/tools/compiler/ti-cgt-msp430_21.6.1.LTS/lib/</path>
         <kind>archive</kind>
         <file>rts430x_lc_sd_eabi.lib</file>
         <name>isr_trap.asm.obj</name>
      </input_file>
      <input_file id="fl-4d">
         <path>/home/saranga/ti/ccs2041/ccs/tools/compiler/ti-cgt-msp430_21.6.1.LTS/lib/</path>
         <kind>archive</kind>
         <file>rts430x_lc_sd_eabi.lib</file>
         <name>int25.asm.obj</name>
      </input_file>
      <input_file id="fl-4e">
         <path>/home/saranga/ti/ccs2041/ccs/tools/compiler/ti-cgt-msp430_21.6.1.LTS/lib/</path>
         <kind>archive</kind>
         <file>rts430x_lc_sd_eabi.lib</file>
         <name>int26.asm.obj</name>
      </input_file>
      <input_file id="fl-4f">
         <path>/home/saranga/ti/ccs2041/ccs/tools/compiler/ti-cgt-msp430_21.6.1.LTS/lib/</path>
         <kind>archive</kind>
         <file>rts430x_lc_sd_eabi.lib</file>
         <name>int27.asm.obj</name>
      </input_file>
      <input_file id="fl-50">
         <path>/home/saranga/ti/ccs2041/ccs/tools/compiler/ti-cgt-msp430_21.6.1.LTS/lib/</path>
         <kind>archive</kind>
         <file>rts430x_lc_sd_eabi.lib</file>
         <name>int28.asm.obj</name>
      </input_file>
      <input_file id="fl-51">
         <path>/home/saranga/ti/ccs2041/ccs/tools/compiler/ti-cgt-msp430_21.6.1.LTS/lib/</path>
         <kind>archive</kind>
         <file>rts430x_lc_sd_eabi.lib</file>
         <name>int30.asm.obj</name>
      </input_file>
      <input_file id="fl-52">
         <path>/home/saranga/ti/ccs2041/ccs/tools/compiler/ti-cgt-msp430_21.6.1.LTS/lib/</path>
         <kind>archive</kind>
         <file>rts430x_lc_sd_eabi.lib</file>
         <name>int31.asm.obj</name>
      </input_file>
      <input_file id="fl-53">
         <path>/home/saranga/ti/ccs2041/ccs/tools/compiler/ti-cgt-msp430_21.6.1.LTS/lib/</path>
         <kind>archive</kind>
         <file>rts430x_lc_sd_eabi.lib</file>
         <name>int32.asm.obj</name>
      </input_file>
      <input_file id="fl-54">
         <path>/home/saranga/ti/ccs2041/ccs/tools/compiler/ti-cgt-msp430_21.6.1.LTS/lib/</path>
         <kind>archive</kind>
         <file>rts430x_lc_sd_eabi.lib</file>
         <name>int33.asm.obj</name>
      </input_file>
      <input_file id="fl-55">
         <path>/home/saranga/ti/ccs2041/ccs/tools/compiler/ti-cgt-msp430_21.6.1.LTS/lib/</path>
         <kind>archive</kind>
         <file>rts430x_lc_sd_eabi.lib</file>
         <name>int34.asm.obj</name>
      </input_file>
      <input_file id="fl-56">
         <path>/home/saranga/ti/ccs2041/ccs/tools/compiler/ti-cgt-msp430_21.6.1.LTS/lib/</path>
         <kind>archive</kind>
         <file>rts430x_lc_sd_eabi.lib</file>
         <name>int35.asm.obj</name>
      </input_file>
      <input_file id="fl-57">
         <path>/home/saranga/ti/ccs2041/ccs/tools/compiler/ti-cgt-msp430_21.6.1.LTS/lib/</path>
         <kind>archive</kind>
         <file>rts430x_lc_sd_eabi.lib</file>
         <name>int36.asm.obj</name>
      </input_file>
      <input_file id="fl-58">
         <path>/home/saranga/ti/ccs2041/ccs/tools/compiler/ti-cgt-msp430_21.6.1.LTS/lib/</path>
         <kind>archive</kind>
         <file>rts430x_lc_sd_eabi.lib</file>
         <name>int37.asm.obj</name>
      </input_file>
      <input_file id="fl-59">
         <path>/home/saranga/ti/ccs2041/ccs/tools/compiler/ti-cgt-msp430_21.6.1.LTS/lib/</path>
         <kind>archive</kind>
         <file>rts430x_lc_sd_eabi.lib</file>
         <name>int38.asm.obj</name>
      </input_file>
      <input_file id="fl-5a">
         <path>/home/saranga/ti/ccs2041/ccs/tools/compiler/ti-cgt-msp430_21.6.1.LTS/lib/</path>
         <kind>archive</kind>
         <file>rts430x_lc_sd_eabi.lib</file>
         <name>int39.asm.obj</name>
      </input_file>
      <input_file id="fl-5b">
         <path>/home/saranga/ti/ccs2041/ccs/tools/compiler/ti-cgt-msp430_21.6.1.LTS/lib/</path>
         <kind>archive</kind>
         <file>rts430x_lc_sd_eabi.lib</file>
         <name>int44.asm.obj</name>
      </input_file>
      <input_file id="fl-5c">
         <path>/home/saranga/ti/ccs2041/ccs/tools/compiler/ti-cgt-msp430_21.6.1.LTS/lib/</path>
         <kind>archive</kind>
         <file>rts430x_lc_sd_eabi.lib</file>
         <name>int45.asm.obj</name>
      </input_file>
      <input_file id="fl-5d">
         <path>/home/saranga/ti/ccs2041/ccs/tools/compiler/ti-cgt-msp430_21.6.1.LTS/lib/</path>
         <kind>archive</kind>
         <file>rts430x_lc_sd_eabi.lib</file>
         <name>copy_zero_init.c.obj</name>
      </input_file>
      <input_file id="fl-5e">
         <path>/home/saranga/ti/ccs2041/ccs/tools/compiler/ti-cgt-msp430_21.6.1.LTS/lib/</path>
         <kind>archive</kind>
         <file>rts430x_lc_sd_eabi.lib</file>
         <name>cpy_util.asm.obj</name>
      </input_file>
      <input_file id="fl-5f">
         <path>/home/saranga/ti/ccs2041/ccs/tools/compiler/ti-cgt-msp430_21.6.1.LTS/lib/</path>
         <kind>archive</kind>
         <file>rts430x_lc_sd_eabi.lib</file>
         <name>fs_add.asm.obj</name>
      </input_file>
      <input_file id="fl-60">
         <path>/home/saranga/ti/ccs2041/ccs/tools/compiler/ti-cgt-msp430_21.6.1.LTS/lib/</path>
         <kind>archive</kind>
         <file>rts430x_lc_sd_eabi.lib</file>
         <name>fs_cmp.asm.obj</name>
      </input_file>
      <input_file id="fl-61">
         <path>/home/saranga/ti/ccs2041/ccs/tools/compiler/ti-cgt-msp430_21.6.1.LTS/lib/</path>
         <kind>archive</kind>
         <file>rts430x_lc_sd_eabi.lib</file>
         <name>fs_div.asm.obj</name>
      </input_file>
      <input_file id="fl-62">
         <path>/home/saranga/ti/ccs2041/ccs/tools/compiler/ti-cgt-msp430_21.6.1.LTS/lib/</path>
         <kind>archive</kind>
         <file>rts430x_lc_sd_eabi.lib</file>
         <name>div16s.asm.obj</name>
      </input_file>
      <input_file id="fl-63">
         <path>/home/saranga/ti/ccs2041/ccs/tools/compiler/ti-cgt-msp430_21.6.1.LTS/lib/</path>
         <kind>archive</kind>
         <file>rts430x_lc_sd_eabi.lib</file>
         <name>div32s.asm.obj</name>
      </input_file>
      <input_file id="fl-64">
         <path>/home/saranga/ti/ccs2041/ccs/tools/compiler/ti-cgt-msp430_21.6.1.LTS/lib/</path>
         <kind>archive</kind>
         <file>rts430x_lc_sd_eabi.lib</file>
         <name>div16u.asm.obj</name>
      </input_file>
      <input_file id="fl-65">
         <path>/home/saranga/ti/ccs2041/ccs/tools/compiler/ti-cgt-msp430_21.6.1.LTS/lib/</path>
         <kind>archive</kind>
         <file>rts430x_lc_sd_eabi.lib</file>
         <name>div32u.asm.obj</name>
      </input_file>
      <input_file id="fl-66">
         <path>/home/saranga/ti/ccs2041/ccs/tools/compiler/ti-cgt-msp430_21.6.1.LTS/lib/</path>
         <kind>archive</kind>
         <file>rts430x_lc_sd_eabi.lib</file>
         <name>fs_toi.asm.obj</name>
      </input_file>
      <input_file id="fl-67">
         <path>/home/saranga/ti/ccs2041/ccs/tools/compiler/ti-cgt-msp430_21.6.1.LTS/lib/</path>
         <kind>archive</kind>
         <file>rts430x_lc_sd_eabi.lib</file>
         <name>fs_tol.asm.obj</name>
      </input_file>
      <input_file id="fl-68">
         <path>/home/saranga/ti/ccs2041/ccs/tools/compiler/ti-cgt-msp430_21.6.1.LTS/lib/</path>
         <kind>archive</kind>
         <file>rts430x_lc_sd_eabi.lib</file>
         <name>fs_tou.asm.obj</name>
      </input_file>
      <input_file id="fl-69">
         <path>/home/saranga/ti/ccs2041/ccs/tools/compiler/ti-cgt-msp430_21.6.1.LTS/lib/</path>
         <kind>archive</kind>
         <file>rts430x_lc_sd_eabi.lib</file>
         <name>fs_itof.asm.obj</name>
      </input_file>
      <input_file id="fl-6a">
         <path>/home/saranga/ti/ccs2041/ccs/tools/compiler/ti-cgt-msp430_21.6.1.LTS/lib/</path>
         <kind>archive</kind>
         <file>rts430x_lc_sd_eabi.lib</file>
         <name>fs_utof.asm.obj</name>
      </input_file>
      <input_file id="fl-6b">
         <path>/home/saranga/ti/ccs2041/ccs/tools/compiler/ti-cgt-msp430_21.6.1.LTS/lib/</path>
         <kind>archive</kind>
         <file>rts430x_lc_sd_eabi.lib</file>
         <name>fs_mpy.asm.obj</name>
      </input_file>
      <input_file id="fl-6c">
         <path>/home/saranga/ti/ccs2041/ccs/tools/compiler/ti-cgt-msp430_21.6.1.LTS/lib/</path>
         <kind>archive</kind>
         <file>rts430x_lc_sd_eabi.lib</file>
         <name>mult16.asm.obj</name>
      </input_file>
      <input_file id="fl-6d">
         <path>/home/saranga/ti/ccs2041/ccs/tools/compiler/ti-cgt-msp430_21.6.1.LTS/lib/</path>
         <kind>archive</kind>
         <file>rts430x_lc_sd_eabi.lib</file>
         <name>mult16_f5hw.asm.obj</name>
      </input_file>
      <input_file id="fl-6e">
         <path>/home/saranga/ti/ccs2041/ccs/tools/compiler/ti-cgt-msp430_21.6.1.LTS/lib/</path>
         <kind>archive</kind>
         <file>rts430x_lc_sd_eabi.lib</file>
         <name>mult32.asm.obj</name>
      </input_file>
      <input_file id="fl-6f">
         <path>/home/saranga/ti/ccs2041/ccs/tools/compiler/ti-cgt-msp430_21.6.1.LTS/lib/</path>
         <kind>archive</kind>
         <file>rts430x_lc_sd_eabi.lib</file>
         <name>mult32_f5hw.asm.obj</name>
      </input_file>
      <input_file id="fl-70">
         <path>/home/saranga/ti/ccs2041/ccs/tools/compiler/ti-cgt-msp430_21.6.1.LTS/lib/</path>
         <kind>archive</kind>
         <file>rts430x_lc_sd_eabi.lib</file>
         <name>mult64_f5hw.asm.obj</name>
      </input_file>
      <input_file id="fl-71">
         <path>/home/saranga/ti/ccs2041/ccs/tools/compiler/ti-cgt-msp430_21.6.1.LTS/lib/</path>
         <kind>archive</kind>
         <file>rts430x_lc_sd_eabi.lib</file>
         <name>mult1632_f5hw.asm.obj</name>
      </input_file>
      <input_file id="fl-72">
         <path>/home/saranga/ti/ccs2041/ccs/tools/compiler/ti-cgt-msp430_21.6.1.LTS/lib/</path>
         <kind>archive</kind>
         <file>rts430x_lc_sd_eabi.lib</file>
         <name>mult3264_f5hw.asm.obj</name>
      </input_file>
      <input_file id="fl-73">
         <path>/home/saranga/ti/ccs2041/ccs/tools/compiler/ti-cgt-msp430_21.6.1.LTS/lib/</path>
         <kind>archive</kind>
         <file>rts430x_lc_sd_eabi.lib</file>
         <name>mult1632.asm.obj</name>
      </input_file>
      <input_file id="fl-74">
         <path>/home/saranga/ti/ccs2041/ccs/tools/compiler/ti-cgt-msp430_21.6.1.LTS/lib/</path>
         <kind>archive</kind>
         <file>rts430x_lc_sd_eabi.lib</file>
         <name>fs_neg.asm.obj</name>
      </input_file>
      <input_file id="fl-75">
         <path>/home/saranga/ti/ccs2041/ccs/tools/compiler/ti-cgt-msp430_21.6.1.LTS/lib/</path>
         <kind>archive</kind>
         <file>rts430x_lc_sd_eabi.lib</file>
         <name>lsl16.asm.obj</name>
      </input_file>
      <input_file id="fl-76">
         <path>/home/saranga/ti/ccs2041/ccs/tools/compiler/ti-cgt-msp430_21.6.1.LTS/lib/</path>
         <kind>archive</kind>
         <file>rts430x_lc_sd_eabi.lib</file>
         <name>lsl32.asm.obj</name>
      </input_file>
      <input_file id="fl-77">
         <path>/home/saranga/ti/ccs2041/ccs/tools/compiler/ti-cgt-msp430_21.6.1.LTS/lib/</path>
         <kind>archive</kind>
         <file>rts430x_lc_sd_eabi.lib</file>
         <name>asr32.asm.obj</name>
      </input_file>
      <input_file id="fl-78">
         <path>/home/saranga/ti/ccs2041/ccs/tools/compiler/ti-cgt-msp430_21.6.1.LTS/lib/</path>
         <kind>archive</kind>
         <file>rts430x_lc_sd_eabi.lib</file>
         <name>lsr16.asm.obj</name>
      </input_file>
      <input_file id="fl-79">
         <path>/home/saranga/ti/ccs2041/ccs/tools/compiler/ti-cgt-msp430_21.6.1.LTS/lib/</path>
         <kind>archive</kind>
         <file>rts430x_lc_sd_eabi.lib</file>
         <name>boot.c.obj</name>
      </input_file>
      <input_file id="fl-7a">
         <path>/home/saranga/ti/ccs2041/ccs/ccs_base/msp430/lib/FR2xx/</path>
         <kind>archive</kind>
         <file>FRWP_INIT_LIB_CCS_msp430_large_code_small_data.lib</file>
         <name>frwp_init.obj</name>
      </input_file>
      <input_file id="fl-7b">
         <path>/home/saranga/ti/ccs2041/ccs/tools/compiler/ti-cgt-msp430_21.6.1.LTS/lib/</path>
         <kind>archive</kind>
         <file>rts430x_lc_sd_eabi.lib</file>
         <name>args_main.c.obj</name>
      </input_file>
      <input_file id="fl-7c">
         <path>/home/saranga/ti/ccs2041/ccs/tools/compiler/ti-cgt-msp430_21.6.1.LTS/lib/</path>
         <kind>archive</kind>
         <file>rts430x_lc_sd_eabi.lib</file>
         <name>autoinit.c.obj</name>
      </input_file>
      <input_file id="fl-7d">
         <path>/home/saranga/ti/ccs2041/ccs/tools/compiler/ti-cgt-msp430_21.6.1.LTS/lib/</path>
         <kind>archive</kind>
         <file>rts430x_lc_sd_eabi.lib</file>
         <name>startup.c.obj</name>
      </input_file>
      <input_file id="fl-7e">
         <path>/home/saranga/ti/ccs2041/ccs/tools/compiler/ti-cgt-msp430_21.6.1.LTS/lib/</path>
         <kind>archive</kind>
         <file>rts430x_lc_sd_eabi.lib</file>
         <name>pre_init.c.obj</name>
      </input_file>
      <input_file id="fl-7f">
         <path>/home/saranga/ti/ccs2041/ccs/tools/compiler/ti-cgt-msp430_21.6.1.LTS/lib/</path>
         <kind>archive</kind>
         <file>rts430x_lc_sd_eabi.lib</file>
         <name>abs.c.obj</name>
      </input_file>
      <input_file id="fl-80">
         <path>/home/saranga/ti/ccs2041/ccs/tools/compiler/ti-cgt-msp430_21.6.1.LTS/lib/</path>
         <kind>archive</kind>
         <file>rts430x_lc_sd_eabi.lib</file>
         <name>cpy_tbl.c.obj</name>
      </input_file>
      <input_file id="fl-81">
         <path>/home/saranga/ti/ccs2041/ccs/tools/compiler/ti-cgt-msp430_21.6.1.LTS/lib/</path>
         <kind>archive</kind>
         <file>rts430x_lc_sd_eabi.lib</file>
         <name>exit.c.obj</name>
      </input_file>
      <input_file id="fl-82">
         <path>/home/saranga/ti/ccs2041/ccs/tools/compiler/ti-cgt-msp430_21.6.1.LTS/lib/</path>
         <kind>archive</kind>
         <file>rts430x_lc_sd_eabi.lib</file>
         <name>exit_gvars.c.obj</name>
      </input_file>
      <input_file id="fl-83">
         <path>/home/saranga/ti/ccs2041/ccs/tools/compiler/ti-cgt-msp430_21.6.1.LTS/lib/</path>
         <kind>archive</kind>
         <file>rts430x_lc_sd_eabi.lib</file>
         <name>_lock.c.obj</name>
      </input_file>
      <input_file id="fl-84">
         <path>/home/saranga/ti/ccs2041/ccs/tools/compiler/ti-cgt-msp430_21.6.1.LTS/lib/</path>
         <kind>archive</kind>
         <file>rts430x_lc_sd_eabi.lib</file>
         <name>labs.c.obj</name>
      </input_file>
      <input_file id="fl-85">
         <path>/home/saranga/ti/ccs2041/ccs/tools/compiler/ti-cgt-msp430_21.6.1.LTS/lib/</path>
         <kind>archive</kind>
         <file>rts430x_lc_sd_eabi.lib</file>
         <name>memcpy.c.obj</name>
      </input_file>
      <input_file id="fl-86">
         <path>/home/saranga/ti/ccs2041/ccs/tools/compiler/ti-cgt-msp430_21.6.1.LTS/lib/</path>
         <kind>archive</kind>
         <file>rts430x_lc_sd_eabi.lib</file>
         <name>strncmp.c.obj</name>
      </input_file>
   </input_file_list>
   <object_component_list>
      <object_component id="oc-bd7">
         <name>.cinit..data.load</name>
         <load_address>0x8400</load_address>
         <run_address>0x8400</run_address>
         <size>0x9b</size>
      </object_component>
      <object_component id="oc-bd4">
         <name>__TI_handler_table</name>
         <load_address>0x849c</load_address>
         <run_address>0x849c</run_address>
         <size>0xc</size>
      </object_component>
      <object_component id="oc-bd6">
         <name>.cinit..bss.load</name>
         <load_address>0x84a8</load_address>
         <run_address>0x84a8</run_address>
         <size>0x6</size>
      </object_component>
      <object_component id="oc-bd5">
         <name>__TI_cinit_table</name>
         <load_address>0x84ae</load_address>
         <run_address>0x84ae</run_address>
         <size>0x10</size>
      </object_component>
      <object_component id="oc-b74">
         <name>.binit</name>
         <load_address>0x84be</load_address>
         <run_address>0x84be</run_address>
         <size>0x10</size>
      </object_component>
      <object_component id="oc-bd8">
         <name>__TI_BINIT_Limit</name>
         <load_address>0x84ce</load_address>
         <run_address>0x84ce</run_address>
         <size>0x0</size>
      </object_component>
      <object_component id="oc-889">
         <name>.const:.string</name>
         <load_address>0x84ce</load_address>
         <run_address>0x84ce</run_address>
         <size>0x6c</size>
         <input_file_ref idref="fl-d"/>
      </object_component>
      <object_component id="oc-581">
         <name>.const:.string</name>
         <load_address>0x853a</load_address>
         <run_address>0x853a</run_address>
         <size>0x60</size>
         <input_file_ref idref="fl-8"/>
      </object_component>
      <object_component id="oc-940">
         <name>.const:.string</name>
         <load_address>0x859a</load_address>
         <run_address>0x859a</run_address>
         <size>0x48</size>
         <input_file_ref idref="fl-e"/>
      </object_component>
      <object_component id="oc-a22">
         <name>.const:GPIO_PORT_TO_BASE</name>
         <load_address>0x85e2</load_address>
         <run_address>0x85e2</run_address>
         <size>0x1c</size>
         <input_file_ref idref="fl-1b"/>
      </object_component>
      <object_component id="oc-7d4">
         <name>.const:$P$T0$1</name>
         <load_address>0x85fe</load_address>
         <run_address>0x85fe</run_address>
         <size>0xe</size>
         <input_file_ref idref="fl-10"/>
      </object_component>
      <object_component id="oc-7e4">
         <name>.const:$P$T1$2</name>
         <load_address>0x860c</load_address>
         <run_address>0x860c</run_address>
         <size>0xe</size>
         <input_file_ref idref="fl-10"/>
      </object_component>
      <object_component id="oc-9fe">
         <name>.const:.string:$P$T0$1</name>
         <load_address>0x861a</load_address>
         <run_address>0x861a</run_address>
         <size>0xb</size>
         <input_file_ref idref="fl-d"/>
      </object_component>
      <object_component id="oc-9c8">
         <name>.const:.string:$P$T1$2</name>
         <load_address>0x8626</load_address>
         <run_address>0x8626</run_address>
         <size>0xb</size>
         <input_file_ref idref="fl-d"/>
      </object_component>
      <object_component id="oc-4b5">
         <name>.const:adc_input_map</name>
         <load_address>0x8632</load_address>
         <run_address>0x8632</run_address>
         <size>0x6</size>
         <input_file_ref idref="fl-2"/>
      </object_component>
      <object_component id="oc-75f">
         <name>.text:commandTick</name>
         <load_address>0x8638</load_address>
         <run_address>0x8638</run_address>
         <size>0xef4</size>
         <input_file_ref idref="fl-d"/>
      </object_component>
      <object_component id="oc-4e5">
         <name>.text:main</name>
         <load_address>0x952c</load_address>
         <run_address>0x952c</run_address>
         <size>0x260</size>
         <input_file_ref idref="fl-8"/>
      </object_component>
      <object_component id="oc-8ba">
         <name>.text</name>
         <load_address>0x978c</load_address>
         <run_address>0x978c</run_address>
         <size>0x132</size>
         <input_file_ref idref="fl-5f"/>
      </object_component>
      <object_component id="oc-78a">
         <name>.text:Switch1_Process</name>
         <load_address>0x98be</load_address>
         <run_address>0x98be</run_address>
         <size>0xee</size>
         <input_file_ref idref="fl-e"/>
      </object_component>
      <object_component id="oc-66">
         <name>.text:decompress:lzss:__TI_decompress_lzss</name>
         <load_address>0x99ac</load_address>
         <run_address>0x99ac</run_address>
         <size>0xee</size>
         <input_file_ref idref="fl-49"/>
      </object_component>
      <object_component id="oc-56e">
         <name>.text:Init_LCD</name>
         <load_address>0x9a9a</load_address>
         <run_address>0x9a9a</run_address>
         <size>0xc4</size>
         <input_file_ref idref="fl-11"/>
      </object_component>
      <object_component id="oc-66f">
         <name>.text:Software_Trim</name>
         <load_address>0x9b5e</load_address>
         <run_address>0x9b5e</run_address>
         <size>0xba</size>
         <input_file_ref idref="fl-3"/>
      </object_component>
      <object_component id="oc-759">
         <name>.text</name>
         <load_address>0x9c18</load_address>
         <run_address>0x9c18</run_address>
         <size>0xb8</size>
         <input_file_ref idref="fl-6b"/>
      </object_component>
      <object_component id="oc-896">
         <name>.text:setFollowLineElapsedDisplay</name>
         <load_address>0x9cd0</load_address>
         <run_address>0x9cd0</run_address>
         <size>0xb2</size>
         <input_file_ref idref="fl-d"/>
      </object_component>
      <object_component id="oc-64a">
         <name>.text:Init_Port1</name>
         <load_address>0x9d82</load_address>
         <run_address>0x9d82</run_address>
         <size>0xaa</size>
         <input_file_ref idref="fl-c"/>
      </object_component>
      <object_component id="oc-656">
         <name>.text:Init_Port3</name>
         <load_address>0x9e2c</load_address>
         <run_address>0x9e2c</run_address>
         <size>0xaa</size>
         <input_file_ref idref="fl-c"/>
      </object_component>
      <object_component id="oc-7b4">
         <name>.text:copy_in</name>
         <load_address>0x9ed6</load_address>
         <run_address>0x9ed6</run_address>
         <size>0xa8</size>
         <input_file_ref idref="fl-80"/>
      </object_component>
      <object_component id="oc-74d">
         <name>.text:otos_poll_measurement</name>
         <load_address>0x9f7e</load_address>
         <run_address>0x9f7e</run_address>
         <size>0xa0</size>
         <input_file_ref idref="fl-a"/>
      </object_component>
      <object_component id="oc-5e2">
         <name>.text:format_detector_line</name>
         <load_address>0xa01e</load_address>
         <run_address>0xa01e</run_address>
         <size>0x9e</size>
         <input_file_ref idref="fl-5"/>
      </object_component>
      <object_component id="oc-734">
         <name>.text:serviceShootThroughIndicator</name>
         <load_address>0xa0bc</load_address>
         <run_address>0xa0bc</run_address>
         <size>0x9c</size>
         <input_file_ref idref="fl-9"/>
      </object_component>
      <object_component id="oc-a70">
         <name>.text:getChainApi</name>
         <load_address>0xa158</load_address>
         <run_address>0xa158</run_address>
         <size>0x9a</size>
         <input_file_ref idref="fl-d"/>
      </object_component>
      <object_component id="oc-650">
         <name>.text:Init_Port2</name>
         <load_address>0xa1f2</load_address>
         <run_address>0xa1f2</run_address>
         <size>0x96</size>
         <input_file_ref idref="fl-c"/>
      </object_component>
      <object_component id="oc-5ac">
         <name>.text:Motors_Service</name>
         <load_address>0xa288</load_address>
         <run_address>0xa288</run_address>
         <size>0x96</size>
         <input_file_ref idref="fl-9"/>
      </object_component>
      <object_component id="oc-65c">
         <name>.text:Init_Port4</name>
         <load_address>0xa31e</load_address>
         <run_address>0xa31e</run_address>
         <size>0x92</size>
         <input_file_ref idref="fl-c"/>
      </object_component>
      <object_component id="oc-668">
         <name>.text:Init_Port6</name>
         <load_address>0xa3b0</load_address>
         <run_address>0xa3b0</run_address>
         <size>0x92</size>
         <input_file_ref idref="fl-c"/>
      </object_component>
      <object_component id="oc-8c5">
         <name>.text</name>
         <load_address>0xa442</load_address>
         <run_address>0xa442</run_address>
         <size>0x90</size>
         <input_file_ref idref="fl-61"/>
      </object_component>
      <object_component id="oc-5dc">
         <name>.text:getDetectedColor</name>
         <load_address>0xa4d2</load_address>
         <run_address>0xa4d2</run_address>
         <size>0x8a</size>
         <input_file_ref idref="fl-4"/>
      </object_component>
      <object_component id="oc-890">
         <name>.text:commandTickParallelDriveChild</name>
         <load_address>0xa55c</load_address>
         <run_address>0xa55c</run_address>
         <size>0x7e</size>
         <input_file_ref idref="fl-d"/>
      </object_component>
      <object_component id="oc-b3b">
         <name>.text:Command_FollowLine</name>
         <load_address>0xa5da</load_address>
         <run_address>0xa5da</run_address>
         <size>0x7c</size>
         <input_file_ref idref="fl-d"/>
      </object_component>
      <object_component id="oc-62f">
         <name>.text:__TI_auto_init_nopinit_hold_wdt:__TI_auto_init_nopinit_hold_wdt</name>
         <load_address>0xa656</load_address>
         <run_address>0xa656</run_address>
         <size>0x7c</size>
         <input_file_ref idref="fl-7c"/>
      </object_component>
      <object_component id="oc-b4c">
         <name>.text:Command_DriveToXY</name>
         <load_address>0xa6d2</load_address>
         <run_address>0xa6d2</run_address>
         <size>0x76</size>
         <input_file_ref idref="fl-d"/>
      </object_component>
      <object_component id="oc-5be">
         <name>.text:updateRobot</name>
         <load_address>0xa748</load_address>
         <run_address>0xa748</run_address>
         <size>0x76</size>
         <input_file_ref idref="fl-d"/>
      </object_component>
      <object_component id="oc-708">
         <name>.text:OTOS_Begin</name>
         <load_address>0xa7be</load_address>
         <run_address>0xa7be</run_address>
         <size>0x74</size>
         <input_file_ref idref="fl-a"/>
      </object_component>
      <object_component id="oc-5d0">
         <name>.text:format_emitter_line</name>
         <load_address>0xa832</load_address>
         <run_address>0xa832</run_address>
         <size>0x6e</size>
         <input_file_ref idref="fl-5"/>
      </object_component>
      <object_component id="oc-9a0">
         <name>.text:i2c_read_byte</name>
         <load_address>0xa8a0</load_address>
         <run_address>0xa8a0</run_address>
         <size>0x6c</size>
         <input_file_ref idref="fl-a"/>
      </object_component>
      <object_component id="oc-99a">
         <name>.text:i2c_write_byte</name>
         <load_address>0xa90c</load_address>
         <run_address>0xa90c</run_address>
         <size>0x6a</size>
         <input_file_ref idref="fl-a"/>
      </object_component>
      <object_component id="oc-55c">
         <name>.text:Init_Clocks</name>
         <load_address>0xa976</load_address>
         <run_address>0xa976</run_address>
         <size>0x68</size>
         <input_file_ref idref="fl-3"/>
      </object_component>
      <object_component id="oc-70e">
         <name>.text:OTOS_CalibrateImu</name>
         <load_address>0xa9de</load_address>
         <run_address>0xa9de</run_address>
         <size>0x68</size>
         <input_file_ref idref="fl-a"/>
      </object_component>
      <object_component id="oc-846">
         <name>.text:otos_read_register_bytes</name>
         <load_address>0xaa46</load_address>
         <run_address>0xaa46</run_address>
         <size>0x68</size>
         <input_file_ref idref="fl-a"/>
      </object_component>
      <object_component id="oc-881">
         <name>.text</name>
         <load_address>0xaaae</load_address>
         <run_address>0xaaae</run_address>
         <size>0x68</size>
         <input_file_ref idref="fl-66"/>
      </object_component>
      <object_component id="oc-790">
         <name>.text:Switch2_Process</name>
         <load_address>0xab16</load_address>
         <run_address>0xab16</run_address>
         <size>0x66</size>
         <input_file_ref idref="fl-e"/>
      </object_component>
      <object_component id="oc-b18">
         <name>.text:Command_TurnToAngle</name>
         <load_address>0xab7c</load_address>
         <run_address>0xab7c</run_address>
         <size>0x62</size>
         <input_file_ref idref="fl-d"/>
      </object_component>
      <object_component id="oc-662">
         <name>.text:Init_Port5</name>
         <load_address>0xabde</load_address>
         <run_address>0xabde</run_address>
         <size>0x62</size>
         <input_file_ref idref="fl-c"/>
      </object_component>
      <object_component id="oc-67e">
         <name>.text:Init_Timer_B0</name>
         <load_address>0xac40</load_address>
         <run_address>0xac40</run_address>
         <size>0x62</size>
         <input_file_ref idref="fl-10"/>
      </object_component>
      <object_component id="oc-7d7">
         <name>.text:Timer_B_initUpMode</name>
         <load_address>0xaca2</load_address>
         <run_address>0xaca2</run_address>
         <size>0x62</size>
         <input_file_ref idref="fl-26"/>
      </object_component>
      <object_component id="oc-b34">
         <name>.text:Command_AlignLeftToLine</name>
         <load_address>0xad04</load_address>
         <run_address>0xad04</run_address>
         <size>0x60</size>
         <input_file_ref idref="fl-d"/>
      </object_component>
      <object_component id="oc-b2d">
         <name>.text:Command_DriveToLine</name>
         <load_address>0xad64</load_address>
         <run_address>0xad64</run_address>
         <size>0x60</size>
         <input_file_ref idref="fl-d"/>
      </object_component>
      <object_component id="oc-562">
         <name>.text:Init_Conditions</name>
         <load_address>0xadc4</load_address>
         <run_address>0xadc4</run_address>
         <size>0x60</size>
         <input_file_ref idref="fl-6"/>
      </object_component>
      <object_component id="oc-91c">
         <name>.text:setCurrentCommandDisplay</name>
         <load_address>0xae24</load_address>
         <run_address>0xae24</run_address>
         <size>0x60</size>
         <input_file_ref idref="fl-d"/>
      </object_component>
      <object_component id="oc-574">
         <name>.text:Init_ADC</name>
         <load_address>0xae84</load_address>
         <run_address>0xae84</run_address>
         <size>0x5e</size>
         <input_file_ref idref="fl-2"/>
      </object_component>
      <object_component id="oc-b1f">
         <name>.text:Command_DriveStraight</name>
         <load_address>0xaee2</load_address>
         <run_address>0xaee2</run_address>
         <size>0x5c</size>
         <input_file_ref idref="fl-d"/>
      </object_component>
      <object_component id="oc-b26">
         <name>.text:Command_ReverseStraight</name>
         <load_address>0xaf3e</load_address>
         <run_address>0xaf3e</run_address>
         <size>0x5c</size>
         <input_file_ref idref="fl-d"/>
      </object_component>
      <object_component id="oc-b53">
         <name>.text:Command_Sequence</name>
         <load_address>0xaf9a</load_address>
         <run_address>0xaf9a</run_address>
         <size>0x5a</size>
         <input_file_ref idref="fl-d"/>
      </object_component>
      <object_component id="oc-88a">
         <name>.text:applyMixedDrive</name>
         <load_address>0xaff4</load_address>
         <run_address>0xaff4</run_address>
         <size>0x5a</size>
         <input_file_ref idref="fl-d"/>
      </object_component>
      <object_component id="oc-746">
         <name>.text:applyMotorMode</name>
         <load_address>0xb04e</load_address>
         <run_address>0xb04e</run_address>
         <size>0x5a</size>
         <input_file_ref idref="fl-9"/>
      </object_component>
      <object_component id="oc-9d2">
         <name>.text:wrap_heading</name>
         <load_address>0xb0a8</load_address>
         <run_address>0xb0a8</run_address>
         <size>0x5a</size>
         <input_file_ref idref="fl-a"/>
      </object_component>
      <object_component id="oc-92a">
         <name>.text</name>
         <load_address>0xb102</load_address>
         <run_address>0xb102</run_address>
         <size>0x58</size>
         <input_file_ref idref="fl-65"/>
      </object_component>
      <object_component id="oc-b45">
         <name>.text:Command_DriveUntil</name>
         <load_address>0xb15a</load_address>
         <run_address>0xb15a</run_address>
         <size>0x54</size>
         <input_file_ref idref="fl-d"/>
      </object_component>
      <object_component id="oc-684">
         <name>.text:Init_Timer_B1</name>
         <load_address>0xb1ae</load_address>
         <run_address>0xb1ae</run_address>
         <size>0x50</size>
         <input_file_ref idref="fl-10"/>
      </object_component>
      <object_component id="oc-af2">
         <name>.text:chainAndThenDriveToXY</name>
         <load_address>0xb1fe</load_address>
         <run_address>0xb1fe</run_address>
         <size>0x50</size>
         <input_file_ref idref="fl-d"/>
      </object_component>
      <object_component id="oc-9c0">
         <name>.text:Motors_DriveSpinPWM</name>
         <load_address>0xb24e</load_address>
         <run_address>0xb24e</run_address>
         <size>0x4c</size>
         <input_file_ref idref="fl-9"/>
      </object_component>
      <object_component id="oc-ae0">
         <name>.text:chainUntilSelective</name>
         <load_address>0xb29a</load_address>
         <run_address>0xb29a</run_address>
         <size>0x4a</size>
         <input_file_ref idref="fl-d"/>
      </object_component>
      <object_component id="oc-934">
         <name>.text:detectorSetBlackRangeFromCurrent</name>
         <load_address>0xb2e4</load_address>
         <run_address>0xb2e4</run_address>
         <size>0x4a</size>
         <input_file_ref idref="fl-4"/>
      </object_component>
      <object_component id="oc-5a6">
         <name>.text:detectorSetWhiteRangeFromCurrent</name>
         <load_address>0xb32e</load_address>
         <run_address>0xb32e</run_address>
         <size>0x4a</size>
         <input_file_ref idref="fl-4"/>
      </object_component>
      <object_component id="oc-922">
         <name>.text</name>
         <load_address>0xb378</load_address>
         <run_address>0xb378</run_address>
         <size>0x4a</size>
         <input_file_ref idref="fl-60"/>
      </object_component>
      <object_component id="oc-9df">
         <name>.text:clampPWM</name>
         <load_address>0xb3c2</load_address>
         <run_address>0xb3c2</run_address>
         <size>0x48</size>
         <input_file_ref idref="fl-9"/>
      </object_component>
      <object_component id="oc-84d">
         <name>.text:otos_write_register_bytes</name>
         <load_address>0xb40a</load_address>
         <run_address>0xb40a</run_address>
         <size>0x48</size>
         <input_file_ref idref="fl-a"/>
      </object_component>
      <object_component id="oc-a51">
         <name>.text:pwmCountsFromPercent</name>
         <load_address>0xb452</load_address>
         <run_address>0xb452</run_address>
         <size>0x48</size>
         <input_file_ref idref="fl-9"/>
      </object_component>
      <object_component id="oc-8d0">
         <name>.text:Motors_DriveForwardPWM</name>
         <load_address>0xb49a</load_address>
         <run_address>0xb49a</run_address>
         <size>0x46</size>
         <input_file_ref idref="fl-9"/>
      </object_component>
      <object_component id="oc-910">
         <name>.text:Motors_DriveReversePWM</name>
         <load_address>0xb4e0</load_address>
         <run_address>0xb4e0</run_address>
         <size>0x46</size>
         <input_file_ref idref="fl-9"/>
      </object_component>
      <object_component id="oc-8ae">
         <name>.text:Motors_DriveSpinReversePWM</name>
         <load_address>0xb526</load_address>
         <run_address>0xb526</run_address>
         <size>0x46</size>
         <input_file_ref idref="fl-9"/>
      </object_component>
      <object_component id="oc-9d9">
         <name>.text</name>
         <load_address>0xb56c</load_address>
         <run_address>0xb56c</run_address>
         <size>0x46</size>
         <input_file_ref idref="fl-68"/>
      </object_component>
      <object_component id="oc-701">
         <name>.text:Display_Update</name>
         <load_address>0xb5b2</load_address>
         <run_address>0xb5b2</run_address>
         <size>0x44</size>
         <input_file_ref idref="fl-11"/>
      </object_component>
      <object_component id="oc-ab6">
         <name>.text:chainAndThenTurnToAngle</name>
         <load_address>0xb5f6</load_address>
         <run_address>0xb5f6</run_address>
         <size>0x44</size>
         <input_file_ref idref="fl-d"/>
      </object_component>
      <object_component id="oc-ab0">
         <name>.text:chainAndThenSpinCCW</name>
         <load_address>0xb63a</load_address>
         <run_address>0xb63a</run_address>
         <size>0x42</size>
         <input_file_ref idref="fl-d"/>
      </object_component>
      <object_component id="oc-aaa">
         <name>.text:chainAndThenSpinCW</name>
         <load_address>0xb67c</load_address>
         <run_address>0xb67c</run_address>
         <size>0x42</size>
         <input_file_ref idref="fl-d"/>
      </object_component>
      <object_component id="oc-ada">
         <name>.text:chainUntil</name>
         <load_address>0xb6be</load_address>
         <run_address>0xb6be</run_address>
         <size>0x42</size>
         <input_file_ref idref="fl-d"/>
      </object_component>
      <object_component id="oc-740">
         <name>.text:requiresDirectionChangeDeadtime</name>
         <load_address>0xb700</load_address>
         <run_address>0xb700</run_address>
         <size>0x42</size>
         <input_file_ref idref="fl-9"/>
      </object_component>
      <object_component id="oc-b10">
         <name>.text:Command_Spin</name>
         <load_address>0xb742</load_address>
         <run_address>0xb742</run_address>
         <size>0x40</size>
         <input_file_ref idref="fl-d"/>
      </object_component>
      <object_component id="oc-691">
         <name>.text:Init_SPI_B1</name>
         <load_address>0xb782</load_address>
         <run_address>0xb782</run_address>
         <size>0x40</size>
         <input_file_ref idref="fl-11"/>
      </object_component>
      <object_component id="oc-42b">
         <name>.text:__memcpy_far</name>
         <load_address>0xb7c2</load_address>
         <run_address>0xb7c2</run_address>
         <size>0x40</size>
         <input_file_ref idref="fl-5e"/>
      </object_component>
      <object_component id="oc-abc">
         <name>.text:chainAndThenDriveStraight</name>
         <load_address>0xb802</load_address>
         <run_address>0xb802</run_address>
         <size>0x40</size>
         <input_file_ref idref="fl-d"/>
      </object_component>
      <object_component id="oc-aec">
         <name>.text:chainAndThenDriveUntil</name>
         <load_address>0xb842</load_address>
         <run_address>0xb842</run_address>
         <size>0x40</size>
         <input_file_ref idref="fl-d"/>
      </object_component>
      <object_component id="oc-ad4">
         <name>.text:chainAndThenFollowLine</name>
         <load_address>0xb882</load_address>
         <run_address>0xb882</run_address>
         <size>0x40</size>
         <input_file_ref idref="fl-d"/>
      </object_component>
      <object_component id="oc-a9d">
         <name>.text:chainAndThenForward</name>
         <load_address>0xb8c2</load_address>
         <run_address>0xb8c2</run_address>
         <size>0x40</size>
         <input_file_ref idref="fl-d"/>
      </object_component>
      <object_component id="oc-aa4">
         <name>.text:chainAndThenReverse</name>
         <load_address>0xb902</load_address>
         <run_address>0xb902</run_address>
         <size>0x40</size>
         <input_file_ref idref="fl-d"/>
      </object_component>
      <object_component id="oc-ac2">
         <name>.text:chainAndThenReverseStraight</name>
         <load_address>0xb942</load_address>
         <run_address>0xb942</run_address>
         <size>0x40</size>
         <input_file_ref idref="fl-d"/>
      </object_component>
      <object_component id="oc-a0b">
         <name>.text:chainAndThenWait</name>
         <load_address>0xb982</load_address>
         <run_address>0xb982</run_address>
         <size>0x40</size>
         <input_file_ref idref="fl-d"/>
      </object_component>
      <object_component id="oc-772">
         <name>.text</name>
         <load_address>0xb9c2</load_address>
         <run_address>0xb9c2</run_address>
         <size>0x40</size>
         <input_file_ref idref="fl-63"/>
      </object_component>
      <object_component id="oc-68a">
         <name>.text:Init_Timer_B3</name>
         <load_address>0xba02</load_address>
         <run_address>0xba02</run_address>
         <size>0x3e</size>
         <input_file_ref idref="fl-10"/>
      </object_component>
      <object_component id="oc-466">
         <name>.text:decompress:ZI:__TI_zero_init_nomemset:__TI_zero_init_nomemset</name>
         <load_address>0xba40</load_address>
         <run_address>0xba40</run_address>
         <size>0x3e</size>
         <input_file_ref idref="fl-5d"/>
      </object_component>
      <object_component id="oc-9cc">
         <name>.text:l_lsl_const</name>
         <load_address>0xba7e</load_address>
         <run_address>0xba7e</run_address>
         <size>0x3e</size>
         <input_file_ref idref="fl-76"/>
      </object_component>
      <object_component id="oc-b09">
         <name>.text:Command_Reverse</name>
         <load_address>0xbabc</load_address>
         <run_address>0xbabc</run_address>
         <size>0x3c</size>
         <input_file_ref idref="fl-d"/>
      </object_component>
      <object_component id="oc-4f7">
         <name>.text:__mpu_init</name>
         <load_address>0xbaf8</load_address>
         <run_address>0xbaf8</run_address>
         <size>0x3c</size>
         <input_file_ref idref="fl-7a"/>
      </object_component>
      <object_component id="oc-6c">
         <name>.text:decompress:none:__TI_decompress_none</name>
         <load_address>0xbb34</load_address>
         <run_address>0xbb34</run_address>
         <size>0x3c</size>
         <input_file_ref idref="fl-4a"/>
      </object_component>
      <object_component id="oc-b02">
         <name>.text:Command_Forward</name>
         <load_address>0xbb70</load_address>
         <run_address>0xbb70</run_address>
         <size>0x3a</size>
         <input_file_ref idref="fl-d"/>
      </object_component>
      <object_component id="oc-a64">
         <name>.text:Command_Wait</name>
         <load_address>0xbbaa</load_address>
         <run_address>0xbbaa</run_address>
         <size>0x3a</size>
         <input_file_ref idref="fl-d"/>
      </object_component>
      <object_component id="oc-9f1">
         <name>.text:Timer_CCR_Interval_From_Frequency</name>
         <load_address>0xbbe4</load_address>
         <run_address>0xbbe4</run_address>
         <size>0x36</size>
         <input_file_ref idref="fl-9"/>
      </object_component>
      <object_component id="oc-ace">
         <name>.text:chainAndThenAlignLeftToLine</name>
         <load_address>0xbc1a</load_address>
         <run_address>0xbc1a</run_address>
         <size>0x36</size>
         <input_file_ref idref="fl-d"/>
      </object_component>
      <object_component id="oc-ac8">
         <name>.text:chainAndThenDriveToLine</name>
         <load_address>0xbc50</load_address>
         <run_address>0xbc50</run_address>
         <size>0x36</size>
         <input_file_ref idref="fl-d"/>
      </object_component>
      <object_component id="oc-b6c">
         <name>.text:commandResetRecursive</name>
         <load_address>0xbc86</load_address>
         <run_address>0xbc86</run_address>
         <size>0x36</size>
         <input_file_ref idref="fl-d"/>
      </object_component>
      <object_component id="oc-754">
         <name>.text</name>
         <load_address>0xbcbc</load_address>
         <run_address>0xbcbc</run_address>
         <size>0x36</size>
         <input_file_ref idref="fl-69"/>
      </object_component>
      <object_component id="oc-6bc">
         <name>.text:ADC_init</name>
         <load_address>0xbcf2</load_address>
         <run_address>0xbcf2</run_address>
         <size>0x34</size>
         <input_file_ref idref="fl-12"/>
      </object_component>
      <object_component id="oc-8f8">
         <name>.text:driveSpin</name>
         <load_address>0xbd26</load_address>
         <run_address>0xbd26</run_address>
         <size>0x34</size>
         <input_file_ref idref="fl-9"/>
      </object_component>
      <object_component id="oc-904">
         <name>.text:driveForward</name>
         <load_address>0xbd5a</load_address>
         <run_address>0xbd5a</run_address>
         <size>0x32</size>
         <input_file_ref idref="fl-9"/>
      </object_component>
      <object_component id="oc-8fe">
         <name>.text:driveReverse</name>
         <load_address>0xbd8c</load_address>
         <run_address>0xbd8c</run_address>
         <size>0x32</size>
         <input_file_ref idref="fl-9"/>
      </object_component>
      <object_component id="oc-8f2">
         <name>.text:driveSpinReverse</name>
         <load_address>0xbdbe</load_address>
         <run_address>0xbdbe</run_address>
         <size>0x32</size>
         <input_file_ref idref="fl-9"/>
      </object_component>
      <object_component id="oc-6e6">
         <name>.text:ADC_SelectAndStart</name>
         <load_address>0xbdf0</load_address>
         <run_address>0xbdf0</run_address>
         <size>0x2e</size>
         <input_file_ref idref="fl-2"/>
      </object_component>
      <object_component id="oc-57a">
         <name>.text:Init_Switches</name>
         <load_address>0xbe1e</load_address>
         <run_address>0xbe1e</run_address>
         <size>0x2c</size>
         <input_file_ref idref="fl-e"/>
      </object_component>
      <object_component id="oc-af8">
         <name>.text:chainSchedule</name>
         <load_address>0xbe4a</load_address>
         <run_address>0xbe4a</run_address>
         <size>0x2c</size>
         <input_file_ref idref="fl-d"/>
      </object_component>
      <object_component id="oc-5ca">
         <name>.text:getThumbWheel</name>
         <load_address>0xbe76</load_address>
         <run_address>0xbe76</run_address>
         <size>0x2c</size>
         <input_file_ref idref="fl-2"/>
      </object_component>
      <object_component id="oc-77a">
         <name>.text</name>
         <load_address>0xbea2</load_address>
         <run_address>0xbea2</run_address>
         <size>0x2c</size>
         <input_file_ref idref="fl-62"/>
      </object_component>
      <object_component id="oc-5f8">
         <name>.text:strncmp</name>
         <load_address>0xbece</load_address>
         <run_address>0xbece</run_address>
         <size>0x2a</size>
         <input_file_ref idref="fl-86"/>
      </object_component>
      <object_component id="oc-a3a">
         <name>.text:wait_scl_high</name>
         <load_address>0xbef8</load_address>
         <run_address>0xbef8</run_address>
         <size>0x2a</size>
         <input_file_ref idref="fl-a"/>
      </object_component>
      <object_component id="oc-985">
         <name>.text:WriteData</name>
         <load_address>0xbf22</load_address>
         <run_address>0xbf22</run_address>
         <size>0x28</size>
         <input_file_ref idref="fl-11"/>
      </object_component>
      <object_component id="oc-6a9">
         <name>.text:WriteIns</name>
         <load_address>0xbf4a</load_address>
         <run_address>0xbf4a</run_address>
         <size>0x28</size>
         <input_file_ref idref="fl-11"/>
      </object_component>
      <object_component id="oc-8a2">
         <name>.text:getHeading</name>
         <load_address>0xbf72</load_address>
         <run_address>0xbf72</run_address>
         <size>0x28</size>
         <input_file_ref idref="fl-a"/>
      </object_component>
      <object_component id="oc-98c">
         <name>.text:GPIO_setAsInputPinWithPullUpResistor</name>
         <load_address>0xbf9a</load_address>
         <run_address>0xbf9a</run_address>
         <size>0x26</size>
         <input_file_ref idref="fl-1b"/>
      </object_component>
      <object_component id="oc-ae6">
         <name>.text:chainWithDisplay</name>
         <load_address>0xbfc0</load_address>
         <run_address>0xbfc0</run_address>
         <size>0x24</size>
         <input_file_ref idref="fl-d"/>
      </object_component>
      <object_component id="oc-8ed">
         <name>.text</name>
         <load_address>0xbfe4</load_address>
         <run_address>0xbfe4</run_address>
         <size>0x24</size>
         <input_file_ref idref="fl-6a"/>
      </object_component>
      <object_component id="oc-76d">
         <name>.text</name>
         <load_address>0xc008</load_address>
         <run_address>0xc008</run_address>
         <size>0x24</size>
         <input_file_ref idref="fl-6f"/>
      </object_component>
      <object_component id="oc-588">
         <name>.text:Display_Process</name>
         <load_address>0xc02c</load_address>
         <run_address>0xc02c</run_address>
         <size>0x22</size>
         <input_file_ref idref="fl-5"/>
      </object_component>
      <object_component id="oc-5b8">
         <name>.text:zeroHeading</name>
         <load_address>0xc04e</load_address>
         <run_address>0xc04e</run_address>
         <size>0x22</size>
         <input_file_ref idref="fl-a"/>
      </object_component>
      <object_component id="oc-b59">
         <name>.text:scheduleCommand</name>
         <load_address>0xc070</load_address>
         <run_address>0xc070</run_address>
         <size>0x20</size>
         <input_file_ref idref="fl-d"/>
      </object_component>
      <object_component id="oc-81c">
         <name>.text:ADC_disableConversions</name>
         <load_address>0xc090</load_address>
         <run_address>0xc090</run_address>
         <size>0x1e</size>
         <input_file_ref idref="fl-12"/>
      </object_component>
      <object_component id="oc-a82">
         <name>.text:GPIO_setAsOutputPin</name>
         <load_address>0xc0ae</load_address>
         <run_address>0xc0ae</run_address>
         <size>0x1e</size>
         <input_file_ref idref="fl-1b"/>
      </object_component>
      <object_component id="oc-5f1">
         <name>.text:Switch_Process</name>
         <load_address>0xc0cc</load_address>
         <run_address>0xc0cc</run_address>
         <size>0x1e</size>
         <input_file_ref idref="fl-e"/>
      </object_component>
      <object_component id="oc-8d6">
         <name>.text:getPositionY</name>
         <load_address>0xc0ea</load_address>
         <run_address>0xc0ea</run_address>
         <size>0x1e</size>
         <input_file_ref idref="fl-a"/>
      </object_component>
      <object_component id="oc-86d">
         <name>.text:leftWheelDirectionForMode</name>
         <load_address>0xc108</load_address>
         <run_address>0xc108</run_address>
         <size>0x1e</size>
         <input_file_ref idref="fl-9"/>
      </object_component>
      <object_component id="oc-89c">
         <name>.text:pwmCountsFromPercent</name>
         <load_address>0xc126</load_address>
         <run_address>0xc126</run_address>
         <size>0x1e</size>
         <input_file_ref idref="fl-d"/>
      </object_component>
      <object_component id="oc-873">
         <name>.text:rightWheelDirectionForMode</name>
         <load_address>0xc144</load_address>
         <run_address>0xc144</run_address>
         <size>0x1e</size>
         <input_file_ref idref="fl-9"/>
      </object_component>
      <object_component id="oc-828">
         <name>.text:ADC_startConversion</name>
         <load_address>0xc162</load_address>
         <run_address>0xc162</run_address>
         <size>0x1c</size>
         <input_file_ref idref="fl-12"/>
      </object_component>
      <object_component id="oc-7f3">
         <name>.text:SPI_B1_write</name>
         <load_address>0xc17e</load_address>
         <run_address>0xc17e</run_address>
         <size>0x1c</size>
         <input_file_ref idref="fl-11"/>
      </object_component>
      <object_component id="oc-a58">
         <name>.text:__mpyul</name>
         <load_address>0xc19a</load_address>
         <run_address>0xc19a</run_address>
         <size>0x1c</size>
         <input_file_ref idref="fl-71"/>
      </object_component>
      <object_component id="oc-9a6">
         <name>.text:i2c_stop</name>
         <load_address>0xc1b6</load_address>
         <run_address>0xc1b6</run_address>
         <size>0x1c</size>
         <input_file_ref idref="fl-a"/>
      </object_component>
      <object_component id="oc-833">
         <name>.text:lcd_out</name>
         <load_address>0xc1d2</load_address>
         <run_address>0xc1d2</run_address>
         <size>0x1c</size>
         <input_file_ref idref="fl-11"/>
      </object_component>
      <object_component id="oc-a8a">
         <name>.text:GPIO_getInputPinValue</name>
         <load_address>0xc1ee</load_address>
         <run_address>0xc1ee</run_address>
         <size>0x1a</size>
         <input_file_ref idref="fl-1b"/>
      </object_component>
      <object_component id="oc-a6a">
         <name>.text:chainAppend</name>
         <load_address>0xc208</load_address>
         <run_address>0xc208</run_address>
         <size>0x1a</size>
         <input_file_ref idref="fl-d"/>
      </object_component>
      <object_component id="oc-7fa">
         <name>.text:ClrDisplay_Buffer_0</name>
         <load_address>0xc222</load_address>
         <run_address>0xc222</run_address>
         <size>0x18</size>
         <input_file_ref idref="fl-11"/>
      </object_component>
      <object_component id="oc-800">
         <name>.text:ClrDisplay_Buffer_1</name>
         <load_address>0xc23a</load_address>
         <run_address>0xc23a</run_address>
         <size>0x18</size>
         <input_file_ref idref="fl-11"/>
      </object_component>
      <object_component id="oc-806">
         <name>.text:ClrDisplay_Buffer_2</name>
         <load_address>0xc252</load_address>
         <run_address>0xc252</run_address>
         <size>0x18</size>
         <input_file_ref idref="fl-11"/>
      </object_component>
      <object_component id="oc-80c">
         <name>.text:ClrDisplay_Buffer_3</name>
         <load_address>0xc26a</load_address>
         <run_address>0xc26a</run_address>
         <size>0x18</size>
         <input_file_ref idref="fl-11"/>
      </object_component>
      <object_component id="oc-556">
         <name>.text:Init_Ports</name>
         <load_address>0xc282</load_address>
         <run_address>0xc282</run_address>
         <size>0x18</size>
         <input_file_ref idref="fl-c"/>
      </object_component>
      <object_component id="oc-9b4">
         <name>.text:clampSignedPwm</name>
         <load_address>0xc29a</load_address>
         <run_address>0xc29a</run_address>
         <size>0x18</size>
         <input_file_ref idref="fl-d"/>
      </object_component>
      <object_component id="oc-994">
         <name>.text:i2c_start</name>
         <load_address>0xc2b2</load_address>
         <run_address>0xc2b2</run_address>
         <size>0x18</size>
         <input_file_ref idref="fl-a"/>
      </object_component>
      <object_component id="oc-59a">
         <name>.text:initRobot</name>
         <load_address>0xc2ca</load_address>
         <run_address>0xc2ca</run_address>
         <size>0x18</size>
         <input_file_ref idref="fl-d"/>
      </object_component>
      <object_component id="oc-a40">
         <name>.text:read_sda</name>
         <load_address>0xc2e2</load_address>
         <run_address>0xc2e2</run_address>
         <size>0x18</size>
         <input_file_ref idref="fl-a"/>
      </object_component>
      <object_component id="oc-966">
         <name>.text</name>
         <load_address>0xc2fa</load_address>
         <run_address>0xc2fa</run_address>
         <size>0x18</size>
         <input_file_ref idref="fl-6d"/>
      </object_component>
      <object_component id="oc-822">
         <name>.text:ADC_configureMemory</name>
         <load_address>0xc312</load_address>
         <run_address>0xc312</run_address>
         <size>0x16</size>
         <input_file_ref idref="fl-12"/>
      </object_component>
      <object_component id="oc-6af">
         <name>.text:ClrDisplay</name>
         <load_address>0xc328</load_address>
         <run_address>0xc328</run_address>
         <size>0x16</size>
         <input_file_ref idref="fl-11"/>
      </object_component>
      <object_component id="oc-a7c">
         <name>.text:GPIO_setOutputLowOnPin</name>
         <load_address>0xc33e</load_address>
         <run_address>0xc33e</run_address>
         <size>0x16</size>
         <input_file_ref idref="fl-1b"/>
      </object_component>
      <object_component id="oc-5e8">
         <name>.text:isRobotBusy</name>
         <load_address>0xc354</load_address>
         <run_address>0xc354</run_address>
         <size>0x16</size>
         <input_file_ref idref="fl-d"/>
      </object_component>
      <object_component id="oc-781">
         <name>.text</name>
         <load_address>0xc36a</load_address>
         <run_address>0xc36a</run_address>
         <size>0x16</size>
         <input_file_ref idref="fl-64"/>
      </object_component>
      <object_component id="oc-69d">
         <name>.text:spi_chipselect_idle</name>
         <load_address>0xc380</load_address>
         <run_address>0xc380</run_address>
         <size>0x16</size>
         <input_file_ref idref="fl-11"/>
      </object_component>
      <object_component id="oc-6c8">
         <name>.text:ADC_setupSamplingTimer</name>
         <load_address>0xc396</load_address>
         <run_address>0xc396</run_address>
         <size>0x14</size>
         <input_file_ref idref="fl-12"/>
      </object_component>
      <object_component id="oc-90a">
         <name>.text:Motors_IsSettled</name>
         <load_address>0xc3aa</load_address>
         <run_address>0xc3aa</run_address>
         <size>0x14</size>
         <input_file_ref idref="fl-9"/>
      </object_component>
      <object_component id="oc-72a">
         <name>.text:clampAdc</name>
         <load_address>0xc3be</load_address>
         <run_address>0xc3be</run_address>
         <size>0x14</size>
         <input_file_ref idref="fl-4"/>
      </object_component>
      <object_component id="oc-8ca">
         <name>.text:clampPwmCounts</name>
         <load_address>0xc3d2</load_address>
         <run_address>0xc3d2</run_address>
         <size>0x14</size>
         <input_file_ref idref="fl-d"/>
      </object_component>
      <object_component id="oc-8e1">
         <name>.text:secondsToTicks</name>
         <load_address>0xc3e6</load_address>
         <run_address>0xc3e6</run_address>
         <size>0x14</size>
         <input_file_ref idref="fl-d"/>
      </object_component>
      <object_component id="oc-58e">
         <name>.text:Init_IMU</name>
         <load_address>0xc3fa</load_address>
         <run_address>0xc3fa</run_address>
         <size>0x12</size>
         <input_file_ref idref="fl-a"/>
      </object_component>
      <object_component id="oc-582">
         <name>.text:memcpy</name>
         <load_address>0xc40c</load_address>
         <run_address>0xc40c</run_address>
         <size>0x12</size>
         <input_file_ref idref="fl-85"/>
      </object_component>
      <object_component id="oc-71d">
         <name>.text:resetRobot</name>
         <load_address>0xc41e</load_address>
         <run_address>0xc41e</run_address>
         <size>0x12</size>
         <input_file_ref idref="fl-d"/>
      </object_component>
      <object_component id="oc-7ed">
         <name>.text:spi_chipselect_active</name>
         <load_address>0xc430</load_address>
         <run_address>0xc430</run_address>
         <size>0x12</size>
         <input_file_ref idref="fl-11"/>
      </object_component>
      <object_component id="oc-6ce">
         <name>.text:ADC_setResolution</name>
         <load_address>0xc442</load_address>
         <run_address>0xc442</run_address>
         <size>0x10</size>
         <input_file_ref idref="fl-12"/>
      </object_component>
      <object_component id="oc-724">
         <name>.text:getRaw</name>
         <load_address>0xc452</load_address>
         <run_address>0xc452</run_address>
         <size>0x10</size>
         <input_file_ref idref="fl-4"/>
      </object_component>
      <object_component id="oc-a33">
         <name>.text:scl_low</name>
         <load_address>0xc462</load_address>
         <run_address>0xc462</run_address>
         <size>0x10</size>
         <input_file_ref idref="fl-a"/>
      </object_component>
      <object_component id="oc-a2d">
         <name>.text:sda_low</name>
         <load_address>0xc472</load_address>
         <run_address>0xc472</run_address>
         <size>0x10</size>
         <input_file_ref idref="fl-a"/>
      </object_component>
      <object_component id="oc-6b5">
         <name>.text:DisplayOnOff</name>
         <load_address>0xc482</load_address>
         <run_address>0xc482</run_address>
         <size>0xe</size>
         <input_file_ref idref="fl-11"/>
      </object_component>
      <object_component id="oc-87b">
         <name>.text:bytes_to_int16</name>
         <load_address>0xc490</load_address>
         <run_address>0xc490</run_address>
         <size>0xe</size>
         <input_file_ref idref="fl-a"/>
      </object_component>
      <object_component id="oc-916">
         <name>.text:getDisplayName</name>
         <load_address>0xc49e</load_address>
         <run_address>0xc49e</run_address>
         <size>0xe</size>
         <input_file_ref idref="fl-d"/>
      </object_component>
      <object_component id="oc-a27">
         <name>.text:otos_delay</name>
         <load_address>0xc4ac</load_address>
         <run_address>0xc4ac</run_address>
         <size>0xe</size>
         <input_file_ref idref="fl-a"/>
      </object_component>
      <object_component id="oc-5a0">
         <name>.text:setRobotShape</name>
         <load_address>0xc4ba</load_address>
         <run_address>0xc4ba</run_address>
         <size>0xe</size>
         <input_file_ref idref="fl-d"/>
      </object_component>
      <object_component id="oc-6d4">
         <name>.text:ADC_setDataReadBackFormat</name>
         <load_address>0xc4c8</load_address>
         <run_address>0xc4c8</run_address>
         <size>0xc</size>
         <input_file_ref idref="fl-12"/>
      </object_component>
      <object_component id="oc-5b2">
         <name>.text:IMU_Process</name>
         <load_address>0xc4d4</load_address>
         <run_address>0xc4d4</run_address>
         <size>0xc</size>
         <input_file_ref idref="fl-a"/>
      </object_component>
      <object_component id="oc-568">
         <name>.text:Init_Timers</name>
         <load_address>0xc4e0</load_address>
         <run_address>0xc4e0</run_address>
         <size>0xc</size>
         <input_file_ref idref="fl-10"/>
      </object_component>
      <object_component id="oc-9ba">
         <name>.text:abs</name>
         <load_address>0xc4ec</load_address>
         <run_address>0xc4ec</run_address>
         <size>0xa</size>
         <input_file_ref idref="fl-7f"/>
      </object_component>
      <object_component id="oc-6f2">
         <name>.text:enable_switch_SW1</name>
         <load_address>0xc4f6</load_address>
         <run_address>0xc4f6</run_address>
         <size>0xa</size>
         <input_file_ref idref="fl-e"/>
      </object_component>
      <object_component id="oc-6f8">
         <name>.text:enable_switch_SW2</name>
         <load_address>0xc500</load_address>
         <run_address>0xc500</run_address>
         <size>0xa</size>
         <input_file_ref idref="fl-e"/>
      </object_component>
      <object_component id="oc-8dc">
         <name>.text</name>
         <load_address>0xc50a</load_address>
         <run_address>0xc50a</run_address>
         <size>0xa</size>
         <input_file_ref idref="fl-74"/>
      </object_component>
      <object_component id="oc-6da">
         <name>.text:ADC_clearInterrupt</name>
         <load_address>0xc514</load_address>
         <run_address>0xc514</run_address>
         <size>0x8</size>
         <input_file_ref idref="fl-12"/>
      </object_component>
      <object_component id="oc-6c2">
         <name>.text:ADC_enable</name>
         <load_address>0xc51c</load_address>
         <run_address>0xc51c</run_address>
         <size>0x8</size>
         <input_file_ref idref="fl-12"/>
      </object_component>
      <object_component id="oc-6e0">
         <name>.text:ADC_enableInterrupt</name>
         <load_address>0xc524</load_address>
         <run_address>0xc524</run_address>
         <size>0x8</size>
         <input_file_ref idref="fl-12"/>
      </object_component>
      <object_component id="oc-93a">
         <name>.text:chainWait</name>
         <load_address>0xc52c</load_address>
         <run_address>0xc52c</run_address>
         <size>0x8</size>
         <input_file_ref idref="fl-d"/>
      </object_component>
      <object_component id="oc-677">
         <name>.text:enable_interrupts</name>
         <load_address>0xc534</load_address>
         <run_address>0xc534</run_address>
         <size>0x8</size>
         <input_file_ref idref="fl-f"/>
      </object_component>
      <object_component id="oc-840">
         <name>.text:scl_high</name>
         <load_address>0xc53c</load_address>
         <run_address>0xc53c</run_address>
         <size>0x8</size>
         <input_file_ref idref="fl-a"/>
      </object_component>
      <object_component id="oc-83a">
         <name>.text:sda_high</name>
         <load_address>0xc544</load_address>
         <run_address>0xc544</run_address>
         <size>0x8</size>
         <input_file_ref idref="fl-a"/>
      </object_component>
      <object_component id="oc-594">
         <name>.text:IMU_GetPacketCount</name>
         <load_address>0xc54c</load_address>
         <run_address>0xc54c</run_address>
         <size>0x6</size>
         <input_file_ref idref="fl-a"/>
      </object_component>
      <object_component id="oc-7dd">
         <name>.text:Timer_B_startCounter</name>
         <load_address>0xc552</load_address>
         <run_address>0xc552</run_address>
         <size>0x6</size>
         <input_file_ref idref="fl-26"/>
      </object_component>
      <object_component id="oc-5ff">
         <name>.text:abort</name>
         <load_address>0xc558</load_address>
         <run_address>0xc558</run_address>
         <size>0x6</size>
         <input_file_ref idref="fl-81"/>
      </object_component>
      <object_component id="oc-a05">
         <name>.text:chainReset</name>
         <load_address>0xc55e</load_address>
         <run_address>0xc55e</run_address>
         <size>0x6</size>
         <input_file_ref idref="fl-d"/>
      </object_component>
      <object_component id="oc-765">
         <name>.text:driveStop</name>
         <load_address>0xc564</load_address>
         <run_address>0xc564</run_address>
         <size>0x6</size>
         <input_file_ref idref="fl-9"/>
      </object_component>
      <object_component id="oc-5c4">
         <name>.text:getEmitterState</name>
         <load_address>0xc56a</load_address>
         <run_address>0xc56a</run_address>
         <size>0x6</size>
         <input_file_ref idref="fl-e"/>
      </object_component>
      <object_component id="oc-6a3">
         <name>.text:spi_reset_active</name>
         <load_address>0xc570</load_address>
         <run_address>0xc570</run_address>
         <size>0x6</size>
         <input_file_ref idref="fl-11"/>
      </object_component>
      <object_component id="oc-697">
         <name>.text:spi_reset_idle</name>
         <load_address>0xc576</load_address>
         <run_address>0xc576</run_address>
         <size>0x6</size>
         <input_file_ref idref="fl-11"/>
      </object_component>
      <object_component id="oc-4df">
         <name>.text:_system_pre_init</name>
         <load_address>0xc57c</load_address>
         <run_address>0xc57c</run_address>
         <size>0x4</size>
         <input_file_ref idref="fl-7e"/>
      </object_component>
      <object_component id="oc-7ab">
         <name>.text:_system_post_cinit</name>
         <load_address>0xc580</load_address>
         <run_address>0xc580</run_address>
         <size>0x2</size>
         <input_file_ref idref="fl-7d"/>
      </object_component>
      <object_component id="oc-448">
         <name>.text:_isr:ADC_ISR</name>
         <load_address>0xc582</load_address>
         <run_address>0xc582</run_address>
         <size>0x5a</size>
         <input_file_ref idref="fl-2"/>
      </object_component>
      <object_component id="oc-442">
         <name>.text:_isr:PORT2_ISR</name>
         <load_address>0xc5dc</load_address>
         <run_address>0xc5dc</run_address>
         <size>0x34</size>
         <input_file_ref idref="fl-e"/>
      </object_component>
      <object_component id="oc-437">
         <name>.text:_isr:PORT4_ISR</name>
         <load_address>0xc610</load_address>
         <run_address>0xc610</run_address>
         <size>0x34</size>
         <input_file_ref idref="fl-e"/>
      </object_component>
      <object_component id="oc-45a">
         <name>.text:_isr:Timer0_B1_ISR</name>
         <load_address>0xc644</load_address>
         <run_address>0xc644</run_address>
         <size>0x30</size>
         <input_file_ref idref="fl-10"/>
      </object_component>
      <object_component id="oc-460">
         <name>.text:_isr:Timer0_B0_ISR</name>
         <load_address>0xc674</load_address>
         <run_address>0xc674</run_address>
         <size>0x2a</size>
         <input_file_ref idref="fl-10"/>
      </object_component>
      <object_component id="oc-490">
         <name>.text:_isr:_c_int00_noargs_mpu</name>
         <load_address>0xc69e</load_address>
         <run_address>0xc69e</run_address>
         <size>0x20</size>
         <input_file_ref idref="fl-79"/>
      </object_component>
      <object_component id="oc-454">
         <name>.text:_isr:Timer1_B0_ISR</name>
         <load_address>0xc6be</load_address>
         <run_address>0xc6be</run_address>
         <size>0xa</size>
         <input_file_ref idref="fl-10"/>
      </object_component>
      <object_component id="oc-44e">
         <name>.text:_isr:Timer1_B1_ISR</name>
         <load_address>0xc6c8</load_address>
         <run_address>0xc6c8</run_address>
         <size>0xa</size>
         <input_file_ref idref="fl-10"/>
      </object_component>
      <object_component id="oc-43d">
         <name>.text:_isr:__TI_ISR_TRAP</name>
         <load_address>0xc6d2</load_address>
         <run_address>0xc6d2</run_address>
         <size>0x8</size>
         <input_file_ref idref="fl-4c"/>
      </object_component>
      <object_component id="oc-8b4">
         <name>.TI.ramfunc:getDetectorWhiteLevel</name>
[...]
      </symbol>
      <symbol id="sm-afa">
         <name>PORT2_ISR</name>
         <value>0xc5dc</value>
         <object_component_ref idref="oc-442"/>
      </symbol>
      <symbol id="sm-afb">
         <name>switch_control</name>
         <value>0xc0cc</value>
         <object_component_ref idref="oc-5f1"/>
      </symbol>
      <symbol id="sm-afc">
         <name>Init_Switch</name>
         <value>0xbe1e</value>
         <object_component_ref idref="oc-57a"/>
      </symbol>
      <symbol id="sm-afd">
         <name>Switch2_Process</name>
         <value>0xab16</value>
         <object_component_ref idref="oc-790"/>
      </symbol>
      <symbol id="sm-b0a">
         <name>enable_interrupts</name>
         <value>0xc534</value>
         <object_component_ref idref="oc-677"/>
      </symbol>
      <symbol id="sm-b5c">
         <name>Init_Timers</name>
         <value>0xc4e0</value>
         <object_component_ref idref="oc-568"/>
      </symbol>
      <symbol id="sm-b5d">
         <name>__TI_int42</name>
         <value>0xfff6</value>
         <object_component_ref idref="oc-86"/>
      </symbol>
      <symbol id="sm-b5e">
         <name>__TI_int43</name>
         <value>0xfff8</value>
         <object_component_ref idref="oc-87"/>
      </symbol>
      <symbol id="sm-b5f">
         <name>__TI_int40</name>
         <value>0xfff2</value>
         <object_component_ref idref="oc-84"/>
      </symbol>
      <symbol id="sm-b60">
         <name>__TI_int41</name>
         <value>0xfff4</value>
         <object_component_ref idref="oc-85"/>
      </symbol>
      <symbol id="sm-b61">
         <name>Timer0_B1_ISR</name>
         <value>0xc644</value>
         <object_component_ref idref="oc-45a"/>
      </symbol>
      <symbol id="sm-b62">
         <name>Timer0_B0_ISR</name>
         <value>0xc674</value>
         <object_component_ref idref="oc-460"/>
      </symbol>
      <symbol id="sm-b63">
         <name>Init_Timer_B3</name>
         <value>0xba02</value>
         <object_component_ref idref="oc-68a"/>
      </symbol>
      <symbol id="sm-b64">
         <name>Init_Timer_B1</name>
         <value>0xb1ae</value>
         <object_component_ref idref="oc-684"/>
      </symbol>
      <symbol id="sm-b65">
         <name>Init_Timer_B0</name>
         <value>0xac40</value>
         <object_component_ref idref="oc-67e"/>
      </symbol>
      <symbol id="sm-b66">
         <name>Timer1_B1_ISR</name>
         <value>0xc6c8</value>
         <object_component_ref idref="oc-44e"/>
      </symbol>
      <symbol id="sm-b67">
         <name>Timer1_B0_ISR</name>
         <value>0xc6be</value>
         <object_component_ref idref="oc-454"/>
      </symbol>
      <symbol id="sm-bf6">
         <name>current_character</name>
         <value>0x22e9</value>
      </symbol>
      <symbol id="sm-bf7">
         <name>update_display_count</name>
         <value>0x22e6</value>
      </symbol>
      <symbol id="sm-bf8">
         <name>update_display</name>
         <value>0x22ee</value>
      </symbol>
      <symbol id="sm-bf9">
         <name>display_changed</name>
         <value>0x22ea</value>
      </symbol>
      <symbol id="sm-bfa">
         <name>display_line</name>
         <value>0x22a8</value>
      </symbol>
      <symbol id="sm-bfb">
         <name>display</name>
         <value>0x22d4</value>
      </symbol>
      <symbol id="sm-bfc">
         <name>ClrDisplay_Buffer_2</name>
         <value>0xc252</value>
         <object_component_ref idref="oc-806"/>
      </symbol>
      <symbol id="sm-bfd">
         <name>ClrDisplay_Buffer_3</name>
         <value>0xc26a</value>
         <object_component_ref idref="oc-80c"/>
      </symbol>
      <symbol id="sm-bfe">
         <name>ClrDisplay_Buffer_0</name>
         <value>0xc222</value>
         <object_component_ref idref="oc-7fa"/>
      </symbol>
      <symbol id="sm-bff">
         <name>ClrDisplay_Buffer_1</name>
         <value>0xc23a</value>
         <object_component_ref idref="oc-800"/>
      </symbol>
      <symbol id="sm-c00">
         <name>spi_chipselect_idle</name>
         <value>0xc380</value>
         <object_component_ref idref="oc-69d"/>
      </symbol>
      <symbol id="sm-c01">
         <name>WriteIns</name>
         <value>0xbf4a</value>
         <object_component_ref idref="oc-6a9"/>
      </symbol>
      <symbol id="sm-c02">
         <name>spi_reset_active</name>
         <value>0xc570</value>
         <object_component_ref idref="oc-6a3"/>
      </symbol>
      <symbol id="sm-c03">
         <name>WriteData</name>
         <value>0xbf22</value>
         <object_component_ref idref="oc-985"/>
      </symbol>
      <symbol id="sm-c04">
         <name>DisplayOnOff</name>
         <value>0xc482</value>
         <object_component_ref idref="oc-6b5"/>
      </symbol>
      <symbol id="sm-c05">
         <name>spi_chipselect_active</name>
         <value>0xc430</value>
         <object_component_ref idref="oc-7ed"/>
      </symbol>
      <symbol id="sm-c06">
         <name>lcd_out</name>
         <value>0xc1d2</value>
         <object_component_ref idref="oc-833"/>
      </symbol>
      <symbol id="sm-c07">
         <name>Display_Update</name>
         <value>0xb5b2</value>
         <object_component_ref idref="oc-701"/>
      </symbol>
      <symbol id="sm-c08">
         <name>Init_LCD</name>
         <value>0x9a9a</value>
         <object_component_ref idref="oc-56e"/>
      </symbol>
      <symbol id="sm-c09">
         <name>SPI_B1_write</name>
         <value>0xc17e</value>
         <object_component_ref idref="oc-7f3"/>
      </symbol>
      <symbol id="sm-c0a">
         <name>Init_SPI_B1</name>
         <value>0xb782</value>
         <object_component_ref idref="oc-691"/>
      </symbol>
      <symbol id="sm-c0b">
         <name>spi_reset_idle</name>
         <value>0xc576</value>
         <object_component_ref idref="oc-697"/>
      </symbol>
      <symbol id="sm-c0c">
         <name>ClrDisplay</name>
         <value>0xc328</value>
         <object_component_ref idref="oc-6af"/>
      </symbol>
      <symbol id="sm-c5a">
         <name>ADC_setupSamplingTimer</name>
         <value>0xc396</value>
         <object_component_ref idref="oc-6c8"/>
      </symbol>
      <symbol id="sm-c5b">
         <name>ADC_setDataReadBackFormat</name>
         <value>0xc4c8</value>
         <object_component_ref idref="oc-6d4"/>
      </symbol>
      <symbol id="sm-c5c">
         <name>ADC_configureMemory</name>
         <value>0xc312</value>
         <object_component_ref idref="oc-822"/>
      </symbol>
      <symbol id="sm-c5d">
         <name>ADC_disableConversions</name>
         <value>0xc090</value>
         <object_component_ref idref="oc-81c"/>
      </symbol>
      <symbol id="sm-c5e">
         <name>ADC_enableInterrupt</name>
         <value>0xc524</value>
         <object_component_ref idref="oc-6e0"/>
      </symbol>
      <symbol id="sm-c5f">
         <name>ADC_startConversion</name>
         <value>0xc162</value>
         <object_component_ref idref="oc-828"/>
      </symbol>
      <symbol id="sm-c60">
         <name>ADC_init</name>
         <value>0xbcf2</value>
         <object_component_ref idref="oc-6bc"/>
      </symbol>
      <symbol id="sm-c61">
         <name>ADC_enable</name>
         <value>0xc51c</value>
         <object_component_ref idref="oc-6c2"/>
      </symbol>
      <symbol id="sm-c62">
         <name>ADC_clearInterrupt</name>
         <value>0xc514</value>
         <object_component_ref idref="oc-6da"/>
      </symbol>
      <symbol id="sm-c63">
         <name>ADC_setResolution</name>
         <value>0xc442</value>
         <object_component_ref idref="oc-6ce"/>
      </symbol>
      <symbol id="sm-c97">
         <name>GPIO_setAsInputPinWithPullUpResistor</name>
         <value>0xbf9a</value>
         <object_component_ref idref="oc-98c"/>
      </symbol>
      <symbol id="sm-c98">
         <name>GPIO_setAsOutputPin</name>
         <value>0xc0ae</value>
         <object_component_ref idref="oc-a82"/>
      </symbol>
      <symbol id="sm-c99">
         <name>GPIO_setOutputLowOnPin</name>
         <value>0xc33e</value>
         <object_component_ref idref="oc-a7c"/>
      </symbol>
      <symbol id="sm-c9a">
         <name>GPIO_getInputPinValue</name>
         <value>0xc1ee</value>
         <object_component_ref idref="oc-a8a"/>
      </symbol>
      <symbol id="sm-cba">
         <name>Timer_B_startCounter</name>
         <value>0xc552</value>
         <object_component_ref idref="oc-7dd"/>
      </symbol>
      <symbol id="sm-cbb">
         <name>Timer_B_initUpMode</name>
         <value>0xaca2</value>
         <object_component_ref idref="oc-7d7"/>
      </symbol>
      <symbol id="sm-cde">
         <name>__TI_decompress_lzss</name>
         <value>0x99ac</value>
         <object_component_ref idref="oc-66"/>
      </symbol>
      <symbol id="sm-cef">
         <name>__TI_decompress_none</name>
         <value>0xbb34</value>
         <object_component_ref idref="oc-6c"/>
      </symbol>
      <symbol id="sm-cf2">
         <name>__TI_int23</name>
         <value>0xffd0</value>
         <object_component_ref idref="oc-73"/>
      </symbol>
      <symbol id="sm-cfa">
         <name>__TI_ISR_TRAP</name>
         <value>0xc6d2</value>
         <object_component_ref idref="oc-43d"/>
      </symbol>
      <symbol id="sm-cfd">
         <name>__TI_int25</name>
         <value>0xffd4</value>
         <object_component_ref idref="oc-75"/>
      </symbol>
      <symbol id="sm-d00">
         <name>__TI_int26</name>
         <value>0xffd6</value>
         <object_component_ref idref="oc-76"/>
      </symbol>
      <symbol id="sm-d03">
         <name>__TI_int27</name>
         <value>0xffd8</value>
         <object_component_ref idref="oc-77"/>
      </symbol>
      <symbol id="sm-d06">
         <name>__TI_int28</name>
         <value>0xffda</value>
         <object_component_ref idref="oc-78"/>
      </symbol>
      <symbol id="sm-d09">
         <name>__TI_int30</name>
         <value>0xffde</value>
         <object_component_ref idref="oc-7a"/>
      </symbol>
      <symbol id="sm-d0c">
         <name>__TI_int31</name>
         <value>0xffe0</value>
         <object_component_ref idref="oc-7b"/>
      </symbol>
      <symbol id="sm-d0f">
         <name>__TI_int32</name>
         <value>0xffe2</value>
         <object_component_ref idref="oc-7c"/>
      </symbol>
      <symbol id="sm-d12">
         <name>__TI_int33</name>
         <value>0xffe4</value>
         <object_component_ref idref="oc-7d"/>
      </symbol>
      <symbol id="sm-d15">
         <name>__TI_int34</name>
         <value>0xffe6</value>
         <object_component_ref idref="oc-7e"/>
      </symbol>
      <symbol id="sm-d18">
         <name>__TI_int35</name>
         <value>0xffe8</value>
         <object_component_ref idref="oc-7f"/>
      </symbol>
      <symbol id="sm-d1b">
         <name>__TI_int36</name>
         <value>0xffea</value>
         <object_component_ref idref="oc-80"/>
      </symbol>
      <symbol id="sm-d1e">
         <name>__TI_int37</name>
         <value>0xffec</value>
         <object_component_ref idref="oc-81"/>
      </symbol>
      <symbol id="sm-d21">
         <name>__TI_int38</name>
         <value>0xffee</value>
         <object_component_ref idref="oc-82"/>
      </symbol>
      <symbol id="sm-d24">
         <name>__TI_int39</name>
         <value>0xfff0</value>
         <object_component_ref idref="oc-83"/>
      </symbol>
      <symbol id="sm-d27">
         <name>__TI_int44</name>
         <value>0xfffa</value>
         <object_component_ref idref="oc-88"/>
      </symbol>
      <symbol id="sm-d2a">
         <name>__TI_int45</name>
         <value>0xfffc</value>
         <object_component_ref idref="oc-89"/>
      </symbol>
      <symbol id="sm-d3a">
         <name>__TI_zero_init_nomemset</name>
         <value>0xba40</value>
         <object_component_ref idref="oc-466"/>
      </symbol>
      <symbol id="sm-d45">
         <name>__memcpy_far</name>
         <value>0xb7c2</value>
         <object_component_ref idref="oc-42b"/>
      </symbol>
      <symbol id="sm-d60">
         <name>__mspabi_subf</name>
         <value>0x978c</value>
         <object_component_ref idref="oc-8ba"/>
      </symbol>
      <symbol id="sm-d61">
         <name>__mspabi_addf</name>
         <value>0x9792</value>
         <object_component_ref idref="oc-8ba"/>
      </symbol>
      <symbol id="sm-d71">
         <name>__mspabi_cmpf</name>
         <value>0xb378</value>
         <object_component_ref idref="oc-922"/>
      </symbol>
      <symbol id="sm-d83">
         <name>__mspabi_divf</name>
         <value>0xa442</value>
         <object_component_ref idref="oc-8c5"/>
      </symbol>
      <symbol id="sm-d8f">
         <name>__mspabi_remi</name>
         <value>0xbea2</value>
         <object_component_ref idref="oc-77a"/>
      </symbol>
      <symbol id="sm-d90">
         <name>__mspabi_divi</name>
         <value>0xbea2</value>
         <object_component_ref idref="oc-77a"/>
      </symbol>
      <symbol id="sm-d9c">
         <name>__mspabi_remli</name>
         <value>0xb9c2</value>
         <object_component_ref idref="oc-772"/>
      </symbol>
      <symbol id="sm-d9d">
         <name>__mspabi_divli</name>
         <value>0xb9c2</value>
         <object_component_ref idref="oc-772"/>
      </symbol>
      <symbol id="sm-da7">
         <name>__mspabi_remu</name>
         <value>0xc36a</value>
         <object_component_ref idref="oc-781"/>
      </symbol>
      <symbol id="sm-da8">
         <name>__mspabi_divu</name>
         <value>0xc36a</value>
         <object_component_ref idref="oc-781"/>
      </symbol>
      <symbol id="sm-db6">
         <name>__mspabi_remul</name>
         <value>0xb102</value>
         <object_component_ref idref="oc-92a"/>
      </symbol>
      <symbol id="sm-db7">
         <name>__mspabi_divul</name>
         <value>0xb102</value>
         <object_component_ref idref="oc-92a"/>
      </symbol>
      <symbol id="sm-dc9">
         <name>__mspabi_fixfi</name>
         <value>0xaaae</value>
         <object_component_ref idref="oc-881"/>
      </symbol>
      <symbol id="sm-dd9">
         <name>__mspabi_fixfu</name>
         <value>0xb56c</value>
         <object_component_ref idref="oc-9d9"/>
      </symbol>
      <symbol id="sm-de6">
         <name>__mspabi_fltif</name>
         <value>0xbcbc</value>
         <object_component_ref idref="oc-754"/>
      </symbol>
      <symbol id="sm-df1">
         <name>__mspabi_fltuf</name>
         <value>0xbfe4</value>
         <object_component_ref idref="oc-8ed"/>
      </symbol>
      <symbol id="sm-e08">
         <name>__mspabi_mpyf</name>
         <value>0x9c18</value>
         <object_component_ref idref="oc-759"/>
      </symbol>
      <symbol id="sm-e11">
         <name>__mspabi_mpyi_f5hw</name>
         <value>0xc2fa</value>
         <object_component_ref idref="oc-966"/>
      </symbol>
      <symbol id="sm-e1a">
         <name>__mspabi_mpyl_f5hw</name>
         <value>0xc008</value>
         <object_component_ref idref="oc-76d"/>
      </symbol>
      <symbol id="sm-e23">
         <name>__mspabi_mpyul_f5hw</name>
         <value>0xc19a</value>
         <object_component_ref idref="oc-a58"/>
      </symbol>
      <symbol id="sm-e2e">
         <name>__mspabi_negf</name>
         <value>0xc50a</value>
         <object_component_ref idref="oc-8dc"/>
      </symbol>
      <symbol id="sm-e37">
         <name>__mspabi_slll_9</name>
         <value>0xba96</value>
         <object_component_ref idref="oc-9cc"/>
      </symbol>
      <symbol id="sm-e38">
         <name>__mspabi_slll_8</name>
         <value>0xba9a</value>
         <object_component_ref idref="oc-9cc"/>
      </symbol>
      <symbol id="sm-e39">
         <name>__mspabi_slll_7</name>
         <value>0xba9e</value>
         <object_component_ref idref="oc-9cc"/>
      </symbol>
      <symbol id="sm-e3a">
         <name>__mspabi_slll_6</name>
         <value>0xbaa2</value>
         <object_component_ref idref="oc-9cc"/>
      </symbol>
      <symbol id="sm-e3b">
         <name>__mspabi_slll_5</name>
         <value>0xbaa6</value>
         <object_component_ref idref="oc-9cc"/>
      </symbol>
      <symbol id="sm-e3c">
         <name>__mspabi_slll_4</name>
         <value>0xbaaa</value>
         <object_component_ref idref="oc-9cc"/>
      </symbol>
      <symbol id="sm-e3d">
         <name>__mspabi_slll_3</name>
         <value>0xbaae</value>
         <object_component_ref idref="oc-9cc"/>
      </symbol>
      <symbol id="sm-e3e">
         <name>__mspabi_slll_2</name>
         <value>0xbab2</value>
         <object_component_ref idref="oc-9cc"/>
      </symbol>
      <symbol id="sm-e3f">
         <name>__mspabi_slll_1</name>
         <value>0xbab6</value>
         <object_component_ref idref="oc-9cc"/>
      </symbol>
      <symbol id="sm-e40">
         <name>__mspabi_slll_15</name>
         <value>0xba7e</value>
         <object_component_ref idref="oc-9cc"/>
      </symbol>
      <symbol id="sm-e41">
         <name>__mspabi_slll_14</name>
         <value>0xba82</value>
         <object_component_ref idref="oc-9cc"/>
      </symbol>
      <symbol id="sm-e42">
         <name>__mspabi_slll_13</name>
         <value>0xba86</value>
         <object_component_ref idref="oc-9cc"/>
      </symbol>
      <symbol id="sm-e43">
         <name>__mspabi_slll_12</name>
         <value>0xba8a</value>
         <object_component_ref idref="oc-9cc"/>
      </symbol>
      <symbol id="sm-e44">
         <name>__mspabi_slll_11</name>
         <value>0xba8e</value>
         <object_component_ref idref="oc-9cc"/>
      </symbol>
      <symbol id="sm-e45">
         <name>__mspabi_slll_10</name>
         <value>0xba92</value>
         <object_component_ref idref="oc-9cc"/>
      </symbol>
      <symbol id="sm-e57">
         <name>_c_int00_noargs_mpu</name>
         <value>0xc69e</value>
         <object_component_ref idref="oc-490"/>
      </symbol>
      <symbol id="sm-e58">
         <name>_stack</name>
         <value>0x2f60</value>
         <object_component_ref idref="oc-41c"/>
      </symbol>
      <symbol id="sm-e59">
         <name>_reset_vector</name>
         <value>0xfffe</value>
         <object_component_ref idref="oc-41f"/>
      </symbol>
      <symbol id="sm-e67">
         <name>__mpu_init</name>
         <value>0xbaf8</value>
         <object_component_ref idref="oc-4f7"/>
      </symbol>
      <symbol id="sm-e8b">
         <name>__TI_auto_init_nopinit_hold_wdt</name>
         <value>0xa656</value>
         <object_component_ref idref="oc-62f"/>
      </symbol>
      <symbol id="sm-e94">
         <name>_system_post_cinit</name>
         <value>0xc580</value>
         <object_component_ref idref="oc-7ab"/>
      </symbol>
      <symbol id="sm-e9d">
         <name>_system_pre_init</name>
         <value>0xc57c</value>
         <object_component_ref idref="oc-4df"/>
      </symbol>
      <symbol id="sm-ea7">
         <name>abs</name>
         <value>0xc4ec</value>
         <object_component_ref idref="oc-9ba"/>
      </symbol>
      <symbol id="sm-ebe">
         <name>copy_in</name>
         <value>0x9ed6</value>
         <object_component_ref idref="oc-7b4"/>
      </symbol>
      <symbol id="sm-ec8">
         <name>C$$EXIT</name>
         <value>0xc558</value>
         <object_component_ref idref="oc-5ff"/>
      </symbol>
      <symbol id="sm-ec9">
         <name>abort</name>
         <value>0xc558</value>
         <object_component_ref idref="oc-5ff"/>
      </symbol>
      <symbol id="sm-eda">
         <name>memcpy</name>
         <value>0xc40c</value>
         <object_component_ref idref="oc-582"/>
      </symbol>
      <symbol id="sm-eea">
         <name>strncmp</name>
         <value>0xbece</value>
         <object_component_ref idref="oc-5f8"/>
      </symbol>
   </symbol_table>
   <title>Link successful</title>
</link_info>
