<?xml version="1.0" encoding="ISO-8859-1" ?>
<link_info>
   <banner>MSP430 Linker Unix v21.6.1.LTS</banner>
   <copyright>Copyright (c) 2003-2018 Texas Instruments Incorporated</copyright>
   <link_time>0x69aaa676</link_time>
   <link_errors>0x0</link_errors>
   <output_file>Car.out</output_file>
   <entry_point>
      <name>_c_int00_noargs_mpu</name>
      <address>0xd768</address>
   </entry_point>
   <input_file_list>
      <input_file id="fl-2">
         <path>./</path>
         <kind>object</kind>
         <file>adc.obj</file>
         <name>adc.obj</name>
      </input_file>
      <input_file id="fl-3">
         <path>./</path>
         <kind>object</kind>
         <file>clocks.obj</file>
         <name>clocks.obj</name>
      </input_file>
      <input_file id="fl-4">
         <path>./</path>
         <kind>object</kind>
         <file>detector.obj</file>
         <name>detector.obj</name>
      </input_file>
      <input_file id="fl-5">
         <path>./</path>
         <kind>object</kind>
         <file>display.obj</file>
         <name>display.obj</name>
      </input_file>
      <input_file id="fl-6">
         <path>./</path>
         <kind>object</kind>
         <file>init.obj</file>
         <name>init.obj</name>
      </input_file>
      <input_file id="fl-7">
         <path>./</path>
         <kind>object</kind>
         <file>led.obj</file>
         <name>led.obj</name>
      </input_file>
      <input_file id="fl-8">
         <path>./</path>
         <kind>object</kind>
         <file>main.obj</file>
         <name>main.obj</name>
      </input_file>
      <input_file id="fl-9">
         <path>./</path>
         <kind>object</kind>
         <file>motors.obj</file>
         <name>motors.obj</name>
      </input_file>
      <input_file id="fl-a">
         <path>./</path>
         <kind>object</kind>
         <file>otos.obj</file>
         <name>otos.obj</name>
      </input_file>
      <input_file id="fl-b">
         <path>./</path>
         <kind>object</kind>
         <file>ports.obj</file>
         <name>ports.obj</name>
      </input_file>
      <input_file id="fl-c">
         <path>./</path>
         <kind>object</kind>
         <file>robot.obj</file>
         <name>robot.obj</name>
      </input_file>
      <input_file id="fl-d">
         <path>./</path>
         <kind>object</kind>
         <file>switches.obj</file>
         <name>switches.obj</name>
      </input_file>
      <input_file id="fl-e">
         <path>./</path>
         <kind>object</kind>
         <file>system.obj</file>
         <name>system.obj</name>
      </input_file>
      <input_file id="fl-f">
         <path>./</path>
         <kind>object</kind>
         <file>timers.obj</file>
         <name>timers.obj</name>
      </input_file>
      <input_file id="fl-10">
         <path>../Compiled/</path>
         <kind>object</kind>
         <file>LCD.obj</file>
         <name>LCD.obj</name>
      </input_file>
      <input_file id="fl-11">
         <path>./driverlib/MSP430FR2xx_4xx/</path>
         <kind>object</kind>
         <file>adc.obj</file>
         <name>adc.obj</name>
      </input_file>
      <input_file id="fl-12">
         <path>./driverlib/MSP430FR2xx_4xx/</path>
         <kind>object</kind>
         <file>crc.obj</file>
         <name>crc.obj</name>
      </input_file>
      <input_file id="fl-13">
         <path>./driverlib/MSP430FR2xx_4xx/</path>
         <kind>object</kind>
         <file>cs.obj</file>
         <name>cs.obj</name>
      </input_file>
      <input_file id="fl-14">
         <path>./driverlib/MSP430FR2xx_4xx/</path>
         <kind>object</kind>
         <file>ecomp.obj</file>
         <name>ecomp.obj</name>
      </input_file>
      <input_file id="fl-15">
         <path>./driverlib/MSP430FR2xx_4xx/</path>
         <kind>object</kind>
         <file>eusci_a_spi.obj</file>
         <name>eusci_a_spi.obj</name>
      </input_file>
      <input_file id="fl-16">
         <path>./driverlib/MSP430FR2xx_4xx/</path>
         <kind>object</kind>
         <file>eusci_a_uart.obj</file>
         <name>eusci_a_uart.obj</name>
      </input_file>
      <input_file id="fl-17">
         <path>./driverlib/MSP430FR2xx_4xx/</path>
         <kind>object</kind>
         <file>eusci_b_i2c.obj</file>
         <name>eusci_b_i2c.obj</name>
      </input_file>
      <input_file id="fl-18">
         <path>./driverlib/MSP430FR2xx_4xx/</path>
         <kind>object</kind>
         <file>eusci_b_spi.obj</file>
         <name>eusci_b_spi.obj</name>
      </input_file>
      <input_file id="fl-19">
         <path>./driverlib/MSP430FR2xx_4xx/</path>
         <kind>object</kind>
         <file>framctl.obj</file>
         <name>framctl.obj</name>
      </input_file>
      <input_file id="fl-1a">
         <path>./driverlib/MSP430FR2xx_4xx/</path>
         <kind>object</kind>
         <file>gpio.obj</file>
         <name>gpio.obj</name>
      </input_file>
      <input_file id="fl-1b">
         <path>./driverlib/MSP430FR2xx_4xx/</path>
         <kind>object</kind>
         <file>icc.obj</file>
         <name>icc.obj</name>
      </input_file>
      <input_file id="fl-1c">
         <path>./driverlib/MSP430FR2xx_4xx/</path>
         <kind>object</kind>
         <file>lcd_e.obj</file>
         <name>lcd_e.obj</name>
      </input_file>
      <input_file id="fl-1d">
         <path>./driverlib/MSP430FR2xx_4xx/</path>
         <kind>object</kind>
         <file>mpy32.obj</file>
         <name>mpy32.obj</name>
      </input_file>
      <input_file id="fl-1e">
         <path>./driverlib/MSP430FR2xx_4xx/</path>
         <kind>object</kind>
         <file>pmm.obj</file>
         <name>pmm.obj</name>
      </input_file>
      <input_file id="fl-1f">
         <path>./driverlib/MSP430FR2xx_4xx/</path>
         <kind>object</kind>
         <file>rtc.obj</file>
         <name>rtc.obj</name>
      </input_file>
      <input_file id="fl-20">
         <path>./driverlib/MSP430FR2xx_4xx/</path>
         <kind>object</kind>
         <file>sac.obj</file>
         <name>sac.obj</name>
      </input_file>
      <input_file id="fl-21">
         <path>./driverlib/MSP430FR2xx_4xx/</path>
         <kind>object</kind>
         <file>sfr.obj</file>
         <name>sfr.obj</name>
      </input_file>
      <input_file id="fl-22">
         <path>./driverlib/MSP430FR2xx_4xx/</path>
         <kind>object</kind>
         <file>sysctl.obj</file>
         <name>sysctl.obj</name>
      </input_file>
      <input_file id="fl-23">
         <path>./driverlib/MSP430FR2xx_4xx/</path>
         <kind>object</kind>
         <file>tia.obj</file>
         <name>tia.obj</name>
      </input_file>
      <input_file id="fl-24">
         <path>./driverlib/MSP430FR2xx_4xx/</path>
         <kind>object</kind>
         <file>timer_a.obj</file>
         <name>timer_a.obj</name>
      </input_file>
      <input_file id="fl-25">
         <path>./driverlib/MSP430FR2xx_4xx/</path>
         <kind>object</kind>
         <file>timer_b.obj</file>
         <name>timer_b.obj</name>
      </input_file>
      <input_file id="fl-26">
         <path>./driverlib/MSP430FR2xx_4xx/</path>
         <kind>object</kind>
         <file>tlv.obj</file>
         <name>tlv.obj</name>
      </input_file>
      <input_file id="fl-27">
         <path>./driverlib/MSP430FR2xx_4xx/</path>
         <kind>object</kind>
         <file>wdt_a.obj</file>
         <name>wdt_a.obj</name>
      </input_file>
      <input_file id="fl-2d">
         <kind>object</kind>
         <file>&lt;internal&gt;</file>
         <name>&lt;internal&gt;</name>
      </input_file>
      <input_file id="fl-48">
         <path>/home/saranga/ti/ccs2041/ccs/tools/compiler/ti-cgt-msp430_21.6.1.LTS/lib/</path>
         <kind>archive</kind>
         <file>rts430x_lc_sd_eabi.lib</file>
         <name>copy_decompress_lzss.c.obj</name>
      </input_file>
      <input_file id="fl-49">
         <path>/home/saranga/ti/ccs2041/ccs/tools/compiler/ti-cgt-msp430_21.6.1.LTS/lib/</path>
         <kind>archive</kind>
         <file>rts430x_lc_sd_eabi.lib</file>
         <name>copy_decompress_none.c.obj</name>
      </input_file>
      <input_file id="fl-4a">
         <path>/home/saranga/ti/ccs2041/ccs/tools/compiler/ti-cgt-msp430_21.6.1.LTS/lib/</path>
         <kind>archive</kind>
         <file>rts430x_lc_sd_eabi.lib</file>
         <name>int23.asm.obj</name>
      </input_file>
      <input_file id="fl-4b">
         <path>/home/saranga/ti/ccs2041/ccs/tools/compiler/ti-cgt-msp430_21.6.1.LTS/lib/</path>
         <kind>archive</kind>
         <file>rts430x_lc_sd_eabi.lib</file>
         <name>isr_trap.asm.obj</name>
      </input_file>
      <input_file id="fl-4c">
         <path>/home/saranga/ti/ccs2041/ccs/tools/compiler/ti-cgt-msp430_21.6.1.LTS/lib/</path>
         <kind>archive</kind>
         <file>rts430x_lc_sd_eabi.lib</file>
         <name>int25.asm.obj</name>
      </input_file>
      <input_file id="fl-4d">
         <path>/home/saranga/ti/ccs2041/ccs/tools/compiler/ti-cgt-msp430_21.6.1.LTS/lib/</path>
         <kind>archive</kind>
         <file>rts430x_lc_sd_eabi.lib</file>
         <name>int26.asm.obj</name>
      </input_file>
      <input_file id="fl-4e">
         <path>/home/saranga/ti/ccs2041/ccs/tools/compiler/ti-cgt-msp430_21.6.1.LTS/lib/</path>
         <kind>archive</kind>
         <file>rts430x_lc_sd_eabi.lib</file>
         <name>int27.asm.obj</name>
      </input_file>
      <input_file id="fl-4f">
         <path>/home/saranga/ti/ccs2041/ccs/tools/compiler/ti-cgt-msp430_21.6.1.LTS/lib/</path>
         <kind>archive</kind>
         <file>rts430x_lc_sd_eabi.lib</file>
         <name>int28.asm.obj</name>
      </input_file>
      <input_file id="fl-50">
         <path>/home/saranga/ti/ccs2041/ccs/tools/compiler/ti-cgt-msp430_21.6.1.LTS/lib/</path>
         <kind>archive</kind>
         <file>rts430x_lc_sd_eabi.lib</file>
         <name>int30.asm.obj</name>
      </input_file>
      <input_file id="fl-51">
         <path>/home/saranga/ti/ccs2041/ccs/tools/compiler/ti-cgt-msp430_21.6.1.LTS/lib/</path>
         <kind>archive</kind>
         <file>rts430x_lc_sd_eabi.lib</file>
         <name>int31.asm.obj</name>
      </input_file>
      <input_file id="fl-52">
         <path>/home/saranga/ti/ccs2041/ccs/tools/compiler/ti-cgt-msp430_21.6.1.LTS/lib/</path>
         <kind>archive</kind>
         <file>rts430x_lc_sd_eabi.lib</file>
         <name>int32.asm.obj</name>
      </input_file>
      <input_file id="fl-53">
         <path>/home/saranga/ti/ccs2041/ccs/tools/compiler/ti-cgt-msp430_21.6.1.LTS/lib/</path>
         <kind>archive</kind>
         <file>rts430x_lc_sd_eabi.lib</file>
         <name>int33.asm.obj</name>
      </input_file>
      <input_file id="fl-54">
         <path>/home/saranga/ti/ccs2041/ccs/tools/compiler/ti-cgt-msp430_21.6.1.LTS/lib/</path>
         <kind>archive</kind>
         <file>rts430x_lc_sd_eabi.lib</file>
         <name>int34.asm.obj</name>
      </input_file>
      <input_file id="fl-55">
         <path>/home/saranga/ti/ccs2041/ccs/tools/compiler/ti-cgt-msp430_21.6.1.LTS/lib/</path>
         <kind>archive</kind>
         <file>rts430x_lc_sd_eabi.lib</file>
         <name>int35.asm.obj</name>
      </input_file>
      <input_file id="fl-56">
         <path>/home/saranga/ti/ccs2041/ccs/tools/compiler/ti-cgt-msp430_21.6.1.LTS/lib/</path>
         <kind>archive</kind>
         <file>rts430x_lc_sd_eabi.lib</file>
         <name>int36.asm.obj</name>
      </input_file>
      <input_file id="fl-57">
         <path>/home/saranga/ti/ccs2041/ccs/tools/compiler/ti-cgt-msp430_21.6.1.LTS/lib/</path>
         <kind>archive</kind>
         <file>rts430x_lc_sd_eabi.lib</file>
         <name>int37.asm.obj</name>
      </input_file>
      <input_file id="fl-58">
         <path>/home/saranga/ti/ccs2041/ccs/tools/compiler/ti-cgt-msp430_21.6.1.LTS/lib/</path>
         <kind>archive</kind>
         <file>rts430x_lc_sd_eabi.lib</file>
         <name>int38.asm.obj</name>
      </input_file>
      <input_file id="fl-59">
         <path>/home/saranga/ti/ccs2041/ccs/tools/compiler/ti-cgt-msp430_21.6.1.LTS/lib/</path>
         <kind>archive</kind>
         <file>rts430x_lc_sd_eabi.lib</file>
         <name>int39.asm.obj</name>
      </input_file>
      <input_file id="fl-5a">
         <path>/home/saranga/ti/ccs2041/ccs/tools/compiler/ti-cgt-msp430_21.6.1.LTS/lib/</path>
         <kind>archive</kind>
         <file>rts430x_lc_sd_eabi.lib</file>
         <name>int40.asm.obj</name>
      </input_file>
      <input_file id="fl-5b">
         <path>/home/saranga/ti/ccs2041/ccs/tools/compiler/ti-cgt-msp430_21.6.1.LTS/lib/</path>
         <kind>archive</kind>
         <file>rts430x_lc_sd_eabi.lib</file>
         <name>int42.asm.obj</name>
      </input_file>
      <input_file id="fl-5c">
         <path>/home/saranga/ti/ccs2041/ccs/tools/compiler/ti-cgt-msp430_21.6.1.LTS/lib/</path>
         <kind>archive</kind>
         <file>rts430x_lc_sd_eabi.lib</file>
         <name>int44.asm.obj</name>
      </input_file>
      <input_file id="fl-5d">
         <path>/home/saranga/ti/ccs2041/ccs/tools/compiler/ti-cgt-msp430_21.6.1.LTS/lib/</path>
         <kind>archive</kind>
         <file>rts430x_lc_sd_eabi.lib</file>
         <name>int45.asm.obj</name>
      </input_file>
      <input_file id="fl-5e">
         <path>/home/saranga/ti/ccs2041/ccs/tools/compiler/ti-cgt-msp430_21.6.1.LTS/lib/</path>
         <kind>archive</kind>
         <file>rts430x_lc_sd_eabi.lib</file>
         <name>copy_zero_init.c.obj</name>
      </input_file>
      <input_file id="fl-5f">
         <path>/home/saranga/ti/ccs2041/ccs/tools/compiler/ti-cgt-msp430_21.6.1.LTS/lib/</path>
         <kind>archive</kind>
         <file>rts430x_lc_sd_eabi.lib</file>
         <name>cpy_util.asm.obj</name>
      </input_file>
      <input_file id="fl-60">
         <path>/home/saranga/ti/ccs2041/ccs/tools/compiler/ti-cgt-msp430_21.6.1.LTS/lib/</path>
         <kind>archive</kind>
         <file>rts430x_lc_sd_eabi.lib</file>
         <name>fs_add.asm.obj</name>
      </input_file>
      <input_file id="fl-61">
         <path>/home/saranga/ti/ccs2041/ccs/tools/compiler/ti-cgt-msp430_21.6.1.LTS/lib/</path>
         <kind>archive</kind>
         <file>rts430x_lc_sd_eabi.lib</file>
         <name>fs_cmp.asm.obj</name>
      </input_file>
      <input_file id="fl-62">
         <path>/home/saranga/ti/ccs2041/ccs/tools/compiler/ti-cgt-msp430_21.6.1.LTS/lib/</path>
         <kind>archive</kind>
         <file>rts430x_lc_sd_eabi.lib</file>
         <name>fs_div.asm.obj</name>
      </input_file>
      <input_file id="fl-63">
         <path>/home/saranga/ti/ccs2041/ccs/tools/compiler/ti-cgt-msp430_21.6.1.LTS/lib/</path>
         <kind>archive</kind>
         <file>rts430x_lc_sd_eabi.lib</file>
         <name>div16s.asm.obj</name>
      </input_file>
      <input_file id="fl-64">
         <path>/home/saranga/ti/ccs2041/ccs/tools/compiler/ti-cgt-msp430_21.6.1.LTS/lib/</path>
         <kind>archive</kind>
         <file>rts430x_lc_sd_eabi.lib</file>
         <name>div32s.asm.obj</name>
      </input_file>
      <input_file id="fl-65">
         <path>/home/saranga/ti/ccs2041/ccs/tools/compiler/ti-cgt-msp430_21.6.1.LTS/lib/</path>
         <kind>archive</kind>
         <file>rts430x_lc_sd_eabi.lib</file>
         <name>div16u.asm.obj</name>
      </input_file>
      <input_file id="fl-66">
         <path>/home/saranga/ti/ccs2041/ccs/tools/compiler/ti-cgt-msp430_21.6.1.LTS/lib/</path>
         <kind>archive</kind>
         <file>rts430x_lc_sd_eabi.lib</file>
         <name>div32u.asm.obj</name>
      </input_file>
      <input_file id="fl-67">
         <path>/home/saranga/ti/ccs2041/ccs/tools/compiler/ti-cgt-msp430_21.6.1.LTS/lib/</path>
         <kind>archive</kind>
         <file>rts430x_lc_sd_eabi.lib</file>
         <name>fs_toi.asm.obj</name>
      </input_file>
      <input_file id="fl-68">
         <path>/home/saranga/ti/ccs2041/ccs/tools/compiler/ti-cgt-msp430_21.6.1.LTS/lib/</path>
         <kind>archive</kind>
         <file>rts430x_lc_sd_eabi.lib</file>
         <name>fs_tol.asm.obj</name>
      </input_file>
      <input_file id="fl-69">
         <path>/home/saranga/ti/ccs2041/ccs/tools/compiler/ti-cgt-msp430_21.6.1.LTS/lib/</path>
         <kind>archive</kind>
         <file>rts430x_lc_sd_eabi.lib</file>
         <name>fs_tou.asm.obj</name>
      </input_file>
      <input_file id="fl-6a">
         <path>/home/saranga/ti/ccs2041/ccs/tools/compiler/ti-cgt-msp430_21.6.1.LTS/lib/</path>
         <kind>archive</kind>
         <file>rts430x_lc_sd_eabi.lib</file>
         <name>fs_itof.asm.obj</name>
      </input_file>
      <input_file id="fl-6b">
         <path>/home/saranga/ti/ccs2041/ccs/tools/compiler/ti-cgt-msp430_21.6.1.LTS/lib/</path>
         <kind>archive</kind>
         <file>rts430x_lc_sd_eabi.lib</file>
         <name>fs_utof.asm.obj</name>
      </input_file>
      <input_file id="fl-6c">
         <path>/home/saranga/ti/ccs2041/ccs/tools/compiler/ti-cgt-msp430_21.6.1.LTS/lib/</path>
         <kind>archive</kind>
         <file>rts430x_lc_sd_eabi.lib</file>
         <name>fs_mpy.asm.obj</name>
      </input_file>
      <input_file id="fl-6d">
         <path>/home/saranga/ti/ccs2041/ccs/tools/compiler/ti-cgt-msp430_21.6.1.LTS/lib/</path>
         <kind>archive</kind>
         <file>rts430x_lc_sd_eabi.lib</file>
         <name>mult16.asm.obj</name>
      </input_file>
      <input_file id="fl-6e">
         <path>/home/saranga/ti/ccs2041/ccs/tools/compiler/ti-cgt-msp430_21.6.1.LTS/lib/</path>
         <kind>archive</kind>
         <file>rts430x_lc_sd_eabi.lib</file>
         <name>mult16_f5hw.asm.obj</name>
      </input_file>
      <input_file id="fl-6f">
         <path>/home/saranga/ti/ccs2041/ccs/tools/compiler/ti-cgt-msp430_21.6.1.LTS/lib/</path>
         <kind>archive</kind>
         <file>rts430x_lc_sd_eabi.lib</file>
         <name>mult32.asm.obj</name>
      </input_file>
      <input_file id="fl-70">
         <path>/home/saranga/ti/ccs2041/ccs/tools/compiler/ti-cgt-msp430_21.6.1.LTS/lib/</path>
         <kind>archive</kind>
         <file>rts430x_lc_sd_eabi.lib</file>
         <name>mult32_f5hw.asm.obj</name>
      </input_file>
      <input_file id="fl-71">
         <path>/home/saranga/ti/ccs2041/ccs/tools/compiler/ti-cgt-msp430_21.6.1.LTS/lib/</path>
         <kind>archive</kind>
         <file>rts430x_lc_sd_eabi.lib</file>
         <name>mult64_f5hw.asm.obj</name>
      </input_file>
      <input_file id="fl-72">
         <path>/home/saranga/ti/ccs2041/ccs/tools/compiler/ti-cgt-msp430_21.6.1.LTS/lib/</path>
         <kind>archive</kind>
         <file>rts430x_lc_sd_eabi.lib</file>
         <name>mult1632_f5hw.asm.obj</name>
      </input_file>
      <input_file id="fl-73">
         <path>/home/saranga/ti/ccs2041/ccs/tools/compiler/ti-cgt-msp430_21.6.1.LTS/lib/</path>
         <kind>archive</kind>
         <file>rts430x_lc_sd_eabi.lib</file>
         <name>mult3264_f5hw.asm.obj</name>
      </input_file>
      <input_file id="fl-74">
         <path>/home/saranga/ti/ccs2041/ccs/tools/compiler/ti-cgt-msp430_21.6.1.LTS/lib/</path>
         <kind>archive</kind>
         <file>rts430x_lc_sd_eabi.lib</file>
         <name>mult1632.asm.obj</name>
      </input_file>
      <input_file id="fl-75">
         <path>/home/saranga/ti/ccs2041/ccs/tools/compiler/ti-cgt-msp430_21.6.1.LTS/lib/</path>
         <kind>archive</kind>
         <file>rts430x_lc_sd_eabi.lib</file>
         <name>fs_neg.asm.obj</name>
      </input_file>
      <input_file id="fl-76">
         <path>/home/saranga/ti/ccs2041/ccs/tools/compiler/ti-cgt-msp430_21.6.1.LTS/lib/</path>
         <kind>archive</kind>
         <file>rts430x_lc_sd_eabi.lib</file>
         <name>lsl16.asm.obj</name>
      </input_file>
      <input_file id="fl-77">
         <path>/home/saranga/ti/ccs2041/ccs/tools/compiler/ti-cgt-msp430_21.6.1.LTS/lib/</path>
         <kind>archive</kind>
         <file>rts430x_lc_sd_eabi.lib</file>
         <name>lsr16.asm.obj</name>
      </input_file>
      <input_file id="fl-78">
         <path>/home/saranga/ti/ccs2041/ccs/tools/compiler/ti-cgt-msp430_21.6.1.LTS/lib/</path>
         <kind>archive</kind>
         <file>rts430x_lc_sd_eabi.lib</file>
         <name>boot.c.obj</name>
      </input_file>
      <input_file id="fl-79">
         <path>/home/saranga/ti/ccs2041/ccs/ccs_base/msp430/lib/FR2xx/</path>
         <kind>archive</kind>
         <file>FRWP_INIT_LIB_CCS_msp430_large_code_small_data.lib</file>
         <name>frwp_init.obj</name>
      </input_file>
      <input_file id="fl-7a">
         <path>/home/saranga/ti/ccs2041/ccs/tools/compiler/ti-cgt-msp430_21.6.1.LTS/lib/</path>
         <kind>archive</kind>
         <file>rts430x_lc_sd_eabi.lib</file>
         <name>args_main.c.obj</name>
      </input_file>
      <input_file id="fl-7b">
         <path>/home/saranga/ti/ccs2041/ccs/tools/compiler/ti-cgt-msp430_21.6.1.LTS/lib/</path>
         <kind>archive</kind>
         <file>rts430x_lc_sd_eabi.lib</file>
         <name>autoinit.c.obj</name>
      </input_file>
      <input_file id="fl-7c">
         <path>/home/saranga/ti/ccs2041/ccs/tools/compiler/ti-cgt-msp430_21.6.1.LTS/lib/</path>
         <kind>archive</kind>
         <file>rts430x_lc_sd_eabi.lib</file>
         <name>startup.c.obj</name>
      </input_file>
      <input_file id="fl-7d">
         <path>/home/saranga/ti/ccs2041/ccs/tools/compiler/ti-cgt-msp430_21.6.1.LTS/lib/</path>
         <kind>archive</kind>
         <file>rts430x_lc_sd_eabi.lib</file>
         <name>pre_init.c.obj</name>
      </input_file>
      <input_file id="fl-7e">
         <path>/home/saranga/ti/ccs2041/ccs/tools/compiler/ti-cgt-msp430_21.6.1.LTS/lib/</path>
         <kind>archive</kind>
         <file>rts430x_lc_sd_eabi.lib</file>
         <name>abs.c.obj</name>
      </input_file>
      <input_file id="fl-7f">
         <path>/home/saranga/ti/ccs2041/ccs/tools/compiler/ti-cgt-msp430_21.6.1.LTS/lib/</path>
         <kind>archive</kind>
         <file>rts430x_lc_sd_eabi.lib</file>
         <name>cpy_tbl.c.obj</name>
      </input_file>
      <input_file id="fl-80">
         <path>/home/saranga/ti/ccs2041/ccs/tools/compiler/ti-cgt-msp430_21.6.1.LTS/lib/</path>
         <kind>archive</kind>
         <file>rts430x_lc_sd_eabi.lib</file>
         <name>exit.c.obj</name>
      </input_file>
      <input_file id="fl-81">
         <path>/home/saranga/ti/ccs2041/ccs/tools/compiler/ti-cgt-msp430_21.6.1.LTS/lib/</path>
         <kind>archive</kind>
         <file>rts430x_lc_sd_eabi.lib</file>
         <name>exit_gvars.c.obj</name>
      </input_file>
      <input_file id="fl-82">
         <path>/home/saranga/ti/ccs2041/ccs/tools/compiler/ti-cgt-msp430_21.6.1.LTS/lib/</path>
         <kind>archive</kind>
         <file>rts430x_lc_sd_eabi.lib</file>
         <name>_lock.c.obj</name>
      </input_file>
      <input_file id="fl-83">
         <path>/home/saranga/ti/ccs2041/ccs/tools/compiler/ti-cgt-msp430_21.6.1.LTS/lib/</path>
         <kind>archive</kind>
         <file>rts430x_lc_sd_eabi.lib</file>
         <name>labs.c.obj</name>
      </input_file>
      <input_file id="fl-84">
         <path>/home/saranga/ti/ccs2041/ccs/tools/compiler/ti-cgt-msp430_21.6.1.LTS/lib/</path>
         <kind>archive</kind>
         <file>rts430x_lc_sd_eabi.lib</file>
         <name>memcpy.c.obj</name>
      </input_file>
      <input_file id="fl-85">
         <path>/home/saranga/ti/ccs2041/ccs/tools/compiler/ti-cgt-msp430_21.6.1.LTS/lib/</path>
         <kind>archive</kind>
         <file>rts430x_lc_sd_eabi.lib</file>
         <name>strcpy.c.obj</name>
      </input_file>
      <input_file id="fl-86">
         <path>/home/saranga/ti/ccs2041/ccs/tools/compiler/ti-cgt-msp430_21.6.1.LTS/lib/</path>
         <kind>archive</kind>
         <file>rts430x_lc_sd_eabi.lib</file>
         <name>strncmp.c.obj</name>
      </input_file>
   </input_file_list>
   <object_component_list>
      <object_component id="oc-c10">
         <name>.cinit..data.load</name>
         <load_address>0x8400</load_address>
         <run_address>0x8400</run_address>
         <size>0x94</size>
      </object_component>
      <object_component id="oc-c0d">
         <name>__TI_handler_table</name>
         <load_address>0x8494</load_address>
         <run_address>0x8494</run_address>
         <size>0xc</size>
      </object_component>
      <object_component id="oc-c0f">
         <name>.cinit..bss.load</name>
         <load_address>0x84a0</load_address>
         <run_address>0x84a0</run_address>
         <size>0x6</size>
      </object_component>
      <object_component id="oc-c0e">
         <name>__TI_cinit_table</name>
         <load_address>0x84a6</load_address>
         <run_address>0x84a6</run_address>
         <size>0x10</size>
      </object_component>
      <object_component id="oc-bad">
         <name>.binit</name>
         <load_address>0x84b6</load_address>
         <run_address>0x84b6</run_address>
         <size>0x10</size>
      </object_component>
      <object_component id="oc-c11">
         <name>__TI_BINIT_Limit</name>
         <load_address>0x84c6</load_address>
         <run_address>0x84c6</run_address>
         <size>0x0</size>
      </object_component>
      <object_component id="oc-8a0">
         <name>.const:.string</name>
         <load_address>0x84c6</load_address>
         <run_address>0x84c6</run_address>
         <size>0x9e</size>
         <input_file_ref idref="fl-c"/>
      </object_component>
      <object_component id="oc-595">
         <name>.const:.string</name>
         <load_address>0x8564</load_address>
         <run_address>0x8564</run_address>
         <size>0x60</size>
         <input_file_ref idref="fl-8"/>
      </object_component>
      <object_component id="oc-9a6">
         <name>.const:.string</name>
         <load_address>0x85c4</load_address>
         <run_address>0x85c4</run_address>
         <size>0x3c</size>
         <input_file_ref idref="fl-d"/>
      </object_component>
      <object_component id="oc-a93">
         <name>.const:GPIO_PORT_TO_BASE</name>
         <load_address>0x8600</load_address>
         <run_address>0x8600</run_address>
         <size>0x1c</size>
         <input_file_ref idref="fl-1a"/>
      </object_component>
      <object_component id="oc-80f">
         <name>.const:$P$T0$1</name>
         <load_address>0x861c</load_address>
         <run_address>0x861c</run_address>
         <size>0xe</size>
         <input_file_ref idref="fl-f"/>
      </object_component>
      <object_component id="oc-824">
         <name>.const:$P$T1$2</name>
         <load_address>0x862a</load_address>
         <run_address>0x862a</run_address>
         <size>0xe</size>
         <input_file_ref idref="fl-f"/>
      </object_component>
      <object_component id="oc-a58">
         <name>.const:.string:$P$T0$1</name>
         <load_address>0x8638</load_address>
         <run_address>0x8638</run_address>
         <size>0xb</size>
         <input_file_ref idref="fl-c"/>
      </object_component>
      <object_component id="oc-a5b">
         <name>.const:.string:$P$T1$2</name>
         <load_address>0x8644</load_address>
         <run_address>0x8644</run_address>
         <size>0xb</size>
         <input_file_ref idref="fl-c"/>
      </object_component>
      <object_component id="oc-a5e">
         <name>.const:.string:$P$T2$3</name>
         <load_address>0x8650</load_address>
         <run_address>0x8650</run_address>
         <size>0xb</size>
         <input_file_ref idref="fl-c"/>
      </object_component>
      <object_component id="oc-a11">
         <name>.const:.string:$P$T3$4</name>
         <load_address>0x865c</load_address>
         <run_address>0x865c</run_address>
         <size>0xb</size>
         <input_file_ref idref="fl-c"/>
      </object_component>
      <object_component id="oc-520">
         <name>.const:adc_input_map</name>
         <load_address>0x8668</load_address>
         <run_address>0x8668</run_address>
         <size>0x6</size>
         <input_file_ref idref="fl-2"/>
      </object_component>
      <object_component id="oc-799">
         <name>.text:commandTick</name>
         <load_address>0x866e</load_address>
         <run_address>0x866e</run_address>
         <size>0x1a74</size>
         <input_file_ref idref="fl-c"/>
      </object_component>
      <object_component id="oc-4ec">
         <name>.text:main</name>
         <load_address>0xa0e2</load_address>
         <run_address>0xa0e2</run_address>
         <size>0x282</size>
         <input_file_ref idref="fl-8"/>
      </object_component>
      <object_component id="oc-937">
         <name>.text:setTurnSysIdDisplay</name>
         <load_address>0xa364</load_address>
         <run_address>0xa364</run_address>
         <size>0x26e</size>
         <input_file_ref idref="fl-c"/>
      </object_component>
      <object_component id="oc-8f7">
         <name>.text</name>
         <load_address>0xa5d2</load_address>
         <run_address>0xa5d2</run_address>
         <size>0x132</size>
         <input_file_ref idref="fl-60"/>
      </object_component>
      <object_component id="oc-5b5">
         <name>.text:setRobotShape</name>
         <load_address>0xa704</load_address>
         <run_address>0xa704</run_address>
         <size>0xf8</size>
         <input_file_ref idref="fl-c"/>
      </object_component>
      <object_component id="oc-66">
         <name>.text:decompress:lzss:__TI_decompress_lzss</name>
         <load_address>0xa7fc</load_address>
         <run_address>0xa7fc</run_address>
         <size>0xee</size>
         <input_file_ref idref="fl-48"/>
      </object_component>
      <object_component id="oc-7c7">
         <name>.text:Switch1_Process</name>
         <load_address>0xa8ea</load_address>
         <run_address>0xa8ea</run_address>
         <size>0xd4</size>
         <input_file_ref idref="fl-d"/>
      </object_component>
      <object_component id="oc-a32">
         <name>.text:formatGainLine</name>
         <load_address>0xa9be</load_address>
         <run_address>0xa9be</run_address>
         <size>0xc8</size>
         <input_file_ref idref="fl-c"/>
      </object_component>
      <object_component id="oc-a25">
         <name>.text:clampSignedPwm</name>
         <load_address>0xaa86</load_address>
         <run_address>0xaa86</run_address>
         <size>0xc6</size>
         <input_file_ref idref="fl-c"/>
      </object_component>
      <object_component id="oc-582">
         <name>.text:Init_LCD</name>
         <load_address>0xab4c</load_address>
         <run_address>0xab4c</run_address>
         <size>0xc4</size>
         <input_file_ref idref="fl-10"/>
      </object_component>
      <object_component id="oc-68e">
         <name>.text:Software_Trim</name>
         <load_address>0xac10</load_address>
         <run_address>0xac10</run_address>
         <size>0xbe</size>
         <input_file_ref idref="fl-3"/>
      </object_component>
      <object_component id="oc-603">
         <name>.text:format_detector_line</name>
         <load_address>0xacce</load_address>
         <run_address>0xacce</run_address>
         <size>0xbc</size>
         <input_file_ref idref="fl-5"/>
      </object_component>
      <object_component id="oc-793">
         <name>.text</name>
         <load_address>0xad8a</load_address>
         <run_address>0xad8a</run_address>
         <size>0xb8</size>
         <input_file_ref idref="fl-6c"/>
      </object_component>
      <object_component id="oc-669">
         <name>.text:Init_Port1</name>
         <load_address>0xae42</load_address>
         <run_address>0xae42</run_address>
         <size>0xaa</size>
         <input_file_ref idref="fl-b"/>
      </object_component>
      <object_component id="oc-675">
         <name>.text:Init_Port3</name>
         <load_address>0xaeec</load_address>
         <run_address>0xaeec</run_address>
         <size>0xaa</size>
         <input_file_ref idref="fl-b"/>
      </object_component>
      <object_component id="oc-7ef">
         <name>.text:copy_in</name>
         <load_address>0xaf96</load_address>
         <run_address>0xaf96</run_address>
         <size>0xa8</size>
         <input_file_ref idref="fl-7f"/>
      </object_component>
      <object_component id="oc-787">
         <name>.text:otos_poll_measurement</name>
         <load_address>0xb03e</load_address>
         <run_address>0xb03e</run_address>
         <size>0xa0</size>
         <input_file_ref idref="fl-a"/>
      </object_component>
      <object_component id="oc-66f">
         <name>.text:Init_Port2</name>
         <load_address>0xb0de</load_address>
         <run_address>0xb0de</run_address>
         <size>0x96</size>
         <input_file_ref idref="fl-b"/>
      </object_component>
      <object_component id="oc-67b">
         <name>.text:Init_Port4</name>
         <load_address>0xb174</load_address>
         <run_address>0xb174</run_address>
         <size>0x92</size>
         <input_file_ref idref="fl-b"/>
      </object_component>
      <object_component id="oc-687">
         <name>.text:Init_Port6</name>
         <load_address>0xb206</load_address>
         <run_address>0xb206</run_address>
         <size>0x92</size>
         <input_file_ref idref="fl-b"/>
      </object_component>
      <object_component id="oc-ad3">
         <name>.text:getChainApi</name>
         <load_address>0xb298</load_address>
         <run_address>0xb298</run_address>
         <size>0x92</size>
         <input_file_ref idref="fl-c"/>
      </object_component>
      <object_component id="oc-918">
         <name>.text</name>
         <load_address>0xb32a</load_address>
         <run_address>0xb32a</run_address>
         <size>0x90</size>
         <input_file_ref idref="fl-62"/>
      </object_component>
      <object_component id="oc-8d9">
         <name>.text:commandTickParallelDriveChild</name>
         <load_address>0xb3ba</load_address>
         <run_address>0xb3ba</run_address>
         <size>0x8c</size>
         <input_file_ref idref="fl-c"/>
      </object_component>
      <object_component id="oc-69d">
         <name>.text:Init_Timer_B0</name>
         <load_address>0xb446</load_address>
         <run_address>0xb446</run_address>
         <size>0x7c</size>
         <input_file_ref idref="fl-f"/>
      </object_component>
      <object_component id="oc-649">
         <name>.text:__TI_auto_init_nopinit_hold_wdt:__TI_auto_init_nopinit_hold_wdt</name>
         <load_address>0xb4c2</load_address>
         <run_address>0xb4c2</run_address>
         <size>0x7c</size>
         <input_file_ref idref="fl-7b"/>
      </object_component>
      <object_component id="oc-9fb">
         <name>.text:i2c_write_byte</name>
         <load_address>0xb53e</load_address>
         <run_address>0xb53e</run_address>
         <size>0x78</size>
         <input_file_ref idref="fl-a"/>
      </object_component>
      <object_component id="oc-872">
         <name>.text:otos_read_register_bytes</name>
         <load_address>0xb5b6</load_address>
         <run_address>0xb5b6</run_address>
         <size>0x78</size>
         <input_file_ref idref="fl-a"/>
      </object_component>
      <object_component id="oc-b9d">
         <name>.text:Command_DriveToXY</name>
         <load_address>0xb62e</load_address>
         <run_address>0xb62e</run_address>
         <size>0x76</size>
         <input_file_ref idref="fl-c"/>
      </object_component>
      <object_component id="oc-6a3">
         <name>.text:Init_Timer_B1</name>
         <load_address>0xb6a4</load_address>
         <run_address>0xb6a4</run_address>
         <size>0x76</size>
         <input_file_ref idref="fl-f"/>
      </object_component>
      <object_component id="oc-5e5">
         <name>.text:format_emitter_line</name>
         <load_address>0xb71a</load_address>
         <run_address>0xb71a</run_address>
         <size>0x76</size>
         <input_file_ref idref="fl-5"/>
      </object_component>
      <object_component id="oc-a3b">
         <name>.text:wrap_heading</name>
         <load_address>0xb790</load_address>
         <run_address>0xb790</run_address>
         <size>0x76</size>
         <input_file_ref idref="fl-a"/>
      </object_component>
      <object_component id="oc-71c">
         <name>.text:OTOS_Begin</name>
         <load_address>0xb806</load_address>
         <run_address>0xb806</run_address>
         <size>0x74</size>
         <input_file_ref idref="fl-a"/>
      </object_component>
      <object_component id="oc-722">
         <name>.text:OTOS_CalibrateImu</name>
         <load_address>0xb87a</load_address>
         <run_address>0xb87a</run_address>
         <size>0x74</size>
         <input_file_ref idref="fl-a"/>
      </object_component>
      <object_component id="oc-8df">
         <name>.text:pwmCountsFromPercent</name>
         <load_address>0xb8ee</load_address>
         <run_address>0xb8ee</run_address>
         <size>0x74</size>
         <input_file_ref idref="fl-c"/>
      </object_component>
      <object_component id="oc-8ec">
         <name>.text:setTurnAutoTuneDisplay</name>
         <load_address>0xb962</load_address>
         <run_address>0xb962</run_address>
         <size>0x72</size>
         <input_file_ref idref="fl-c"/>
      </object_component>
      <object_component id="oc-5fd">
         <name>.text:getDetectedColor</name>
         <load_address>0xb9d4</load_address>
         <run_address>0xb9d4</run_address>
         <size>0x70</size>
         <input_file_ref idref="fl-4"/>
      </object_component>
      <object_component id="oc-a07">
         <name>.text:i2c_read_byte</name>
         <load_address>0xba44</load_address>
         <run_address>0xba44</run_address>
         <size>0x6e</size>
         <input_file_ref idref="fl-a"/>
      </object_component>
      <object_component id="oc-955">
         <name>.text:clampPwmCounts</name>
         <load_address>0xbab2</load_address>
         <run_address>0xbab2</run_address>
         <size>0x6c</size>
         <input_file_ref idref="fl-c"/>
      </object_component>
      <object_component id="oc-5d3">
         <name>.text:updateRobot</name>
         <load_address>0xbb1e</load_address>
         <run_address>0xbb1e</run_address>
         <size>0x6a</size>
         <input_file_ref idref="fl-c"/>
      </object_component>
      <object_component id="oc-570">
         <name>.text:Init_Clocks</name>
         <load_address>0xbb88</load_address>
         <run_address>0xbb88</run_address>
         <size>0x68</size>
         <input_file_ref idref="fl-3"/>
      </object_component>
      <object_component id="oc-8ca">
         <name>.text</name>
         <load_address>0xbbf0</load_address>
         <run_address>0xbbf0</run_address>
         <size>0x68</size>
         <input_file_ref idref="fl-67"/>
      </object_component>
      <object_component id="oc-6a9">
         <name>.text:Init_Timer_B3</name>
         <load_address>0xbc58</load_address>
         <run_address>0xbc58</run_address>
         <size>0x66</size>
         <input_file_ref idref="fl-f"/>
      </object_component>
      <object_component id="oc-780">
         <name>.text:applyMotorMode</name>
         <load_address>0xbcbe</load_address>
         <run_address>0xbcbe</run_address>
         <size>0x66</size>
         <input_file_ref idref="fl-9"/>
      </object_component>
      <object_component id="oc-b70">
         <name>.text:Command_TurnToAngle</name>
         <load_address>0xbd24</load_address>
         <run_address>0xbd24</run_address>
         <size>0x62</size>
         <input_file_ref idref="fl-c"/>
      </object_component>
      <object_component id="oc-681">
         <name>.text:Init_Port5</name>
         <load_address>0xbd86</load_address>
         <run_address>0xbd86</run_address>
         <size>0x62</size>
         <input_file_ref idref="fl-b"/>
      </object_component>
      <object_component id="oc-612">
         <name>.text:Switch_Process</name>
         <load_address>0xbde8</load_address>
         <run_address>0xbde8</run_address>
         <size>0x62</size>
         <input_file_ref idref="fl-d"/>
      </object_component>
      <object_component id="oc-b85">
         <name>.text:Command_AlignLeftToLine</name>
         <load_address>0xbe4a</load_address>
         <run_address>0xbe4a</run_address>
         <size>0x60</size>
         <input_file_ref idref="fl-c"/>
      </object_component>
      <object_component id="oc-b96">
         <name>.text:Command_TurnSysId</name>
         <load_address>0xbeaa</load_address>
         <run_address>0xbeaa</run_address>
         <size>0x60</size>
         <input_file_ref idref="fl-c"/>
      </object_component>
      <object_component id="oc-588">
         <name>.text:Init_ADC</name>
         <load_address>0xbf0a</load_address>
         <run_address>0xbf0a</run_address>
         <size>0x60</size>
         <input_file_ref idref="fl-2"/>
      </object_component>
      <object_component id="oc-b77">
         <name>.text:Command_DriveStraight</name>
         <load_address>0xbf6a</load_address>
         <run_address>0xbf6a</run_address>
         <size>0x5c</size>
         <input_file_ref idref="fl-c"/>
      </object_component>
      <object_component id="oc-b7e">
         <name>.text:Command_ReverseStraight</name>
         <load_address>0xbfc6</load_address>
         <run_address>0xbfc6</run_address>
         <size>0x5c</size>
         <input_file_ref idref="fl-c"/>
      </object_component>
      <object_component id="oc-817">
         <name>.text:Timer_B_initUpMode</name>
         <load_address>0xc022</load_address>
         <run_address>0xc022</run_address>
         <size>0x5c</size>
         <input_file_ref idref="fl-25"/>
      </object_component>
      <object_component id="oc-8e5">
         <name>.text:applyMixedDrive</name>
         <load_address>0xc07e</load_address>
         <run_address>0xc07e</run_address>
         <size>0x5c</size>
         <input_file_ref idref="fl-c"/>
      </object_component>
      <object_component id="oc-879">
         <name>.text:otos_write_register_bytes</name>
         <load_address>0xc0da</load_address>
         <run_address>0xc0da</run_address>
         <size>0x5c</size>
         <input_file_ref idref="fl-a"/>
      </object_component>
      <object_component id="oc-747">
         <name>.text:Command_Parallel</name>
         <load_address>0xc136</load_address>
         <run_address>0xc136</run_address>
         <size>0x5a</size>
         <input_file_ref idref="fl-c"/>
      </object_component>
      <object_component id="oc-757">
         <name>.text:Command_Sequence</name>
         <load_address>0xc190</load_address>
         <run_address>0xc190</run_address>
         <size>0x5a</size>
         <input_file_ref idref="fl-c"/>
      </object_component>
      <object_component id="oc-5c1">
         <name>.text:Motors_Service</name>
         <load_address>0xc1ea</load_address>
         <run_address>0xc1ea</run_address>
         <size>0x5a</size>
         <input_file_ref idref="fl-9"/>
      </object_component>
      <object_component id="oc-b52">
         <name>.text:chainAndThenDriveToXY</name>
         <load_address>0xc244</load_address>
         <run_address>0xc244</run_address>
         <size>0x58</size>
         <input_file_ref idref="fl-c"/>
      </object_component>
      <object_component id="oc-812">
         <name>.text</name>
         <load_address>0xc29c</load_address>
         <run_address>0xc29c</run_address>
         <size>0x58</size>
         <input_file_ref idref="fl-66"/>
      </object_component>
      <object_component id="oc-b8f">
         <name>.text:Command_DriveUntil</name>
         <load_address>0xc2f4</load_address>
         <run_address>0xc2f4</run_address>
         <size>0x54</size>
         <input_file_ref idref="fl-c"/>
      </object_component>
      <object_component id="oc-b3a">
         <name>.text:chainUntilSelective</name>
         <load_address>0xc348</load_address>
         <run_address>0xc348</run_address>
         <size>0x54</size>
         <input_file_ref idref="fl-c"/>
      </object_component>
      <object_component id="oc-576">
         <name>.text:Init_Conditions</name>
         <load_address>0xc39c</load_address>
         <run_address>0xc39c</run_address>
         <size>0x52</size>
         <input_file_ref idref="fl-6"/>
      </object_component>
      <object_component id="oc-8a1">
         <name>.text:setCurrentCommandDisplay</name>
         <load_address>0xc3ee</load_address>
         <run_address>0xc3ee</run_address>
         <size>0x52</size>
         <input_file_ref idref="fl-c"/>
      </object_component>
      <object_component id="oc-7cd">
         <name>.text:Switch2_Process</name>
         <load_address>0xc440</load_address>
         <run_address>0xc440</run_address>
         <size>0x50</size>
         <input_file_ref idref="fl-d"/>
      </object_component>
      <object_component id="oc-b34">
         <name>.text:chainUntil</name>
         <load_address>0xc490</load_address>
         <run_address>0xc490</run_address>
         <size>0x4e</size>
         <input_file_ref idref="fl-c"/>
      </object_component>
      <object_component id="oc-931">
         <name>.text:Motors_DriveSpinPWM</name>
         <load_address>0xc4de</load_address>
         <run_address>0xc4de</run_address>
         <size>0x4c</size>
         <input_file_ref idref="fl-9"/>
      </object_component>
      <object_component id="oc-b1c">
         <name>.text:chainAndThenTurnToAngle</name>
         <load_address>0xc52a</load_address>
         <run_address>0xc52a</run_address>
         <size>0x4c</size>
         <input_file_ref idref="fl-c"/>
      </object_component>
      <object_component id="oc-b16">
         <name>.text:chainAndThenSpinCCW</name>
         <load_address>0xc576</load_address>
         <run_address>0xc576</run_address>
         <size>0x4a</size>
         <input_file_ref idref="fl-c"/>
      </object_component>
      <object_component id="oc-b10">
         <name>.text:chainAndThenSpinCW</name>
         <load_address>0xc5c0</load_address>
         <run_address>0xc5c0</run_address>
         <size>0x4a</size>
         <input_file_ref idref="fl-c"/>
      </object_component>
      <object_component id="oc-908">
         <name>.text</name>
         <load_address>0xc60a</load_address>
         <run_address>0xc60a</run_address>
         <size>0x4a</size>
         <input_file_ref idref="fl-61"/>
      </object_component>
      <object_component id="oc-b22">
         <name>.text:chainAndThenDriveStraight</name>
         <load_address>0xc654</load_address>
         <run_address>0xc654</run_address>
         <size>0x48</size>
         <input_file_ref idref="fl-c"/>
      </object_component>
      <object_component id="oc-b46">
         <name>.text:chainAndThenDriveUntil</name>
         <load_address>0xc69c</load_address>
         <run_address>0xc69c</run_address>
         <size>0x48</size>
         <input_file_ref idref="fl-c"/>
      </object_component>
      <object_component id="oc-b03">
         <name>.text:chainAndThenForward</name>
         <load_address>0xc6e4</load_address>
         <run_address>0xc6e4</run_address>
         <size>0x48</size>
         <input_file_ref idref="fl-c"/>
      </object_component>
      <object_component id="oc-b0a">
         <name>.text:chainAndThenReverse</name>
         <load_address>0xc72c</load_address>
         <run_address>0xc72c</run_address>
         <size>0x48</size>
         <input_file_ref idref="fl-c"/>
      </object_component>
      <object_component id="oc-b28">
         <name>.text:chainAndThenReverseStraight</name>
         <load_address>0xc774</load_address>
         <run_address>0xc774</run_address>
         <size>0x48</size>
         <input_file_ref idref="fl-c"/>
      </object_component>
      <object_component id="oc-a7c">
         <name>.text:chainAndThenWait</name>
         <load_address>0xc7bc</load_address>
         <run_address>0xc7bc</run_address>
         <size>0x48</size>
         <input_file_ref idref="fl-c"/>
      </object_component>
      <object_component id="oc-a51">
         <name>.text:clampPWM</name>
         <load_address>0xc804</load_address>
         <run_address>0xc804</run_address>
         <size>0x48</size>
         <input_file_ref idref="fl-9"/>
      </object_component>
      <object_component id="oc-ac1">
         <name>.text:pwmCountsFromPercent</name>
         <load_address>0xc84c</load_address>
         <run_address>0xc84c</run_address>
         <size>0x48</size>
         <input_file_ref idref="fl-9"/>
      </object_component>
      <object_component id="oc-961">
         <name>.text:Motors_DriveForwardPWM</name>
         <load_address>0xc894</load_address>
         <run_address>0xc894</run_address>
         <size>0x46</size>
         <input_file_ref idref="fl-9"/>
      </object_component>
      <object_component id="oc-96d">
         <name>.text:Motors_DriveReversePWM</name>
         <load_address>0xc8da</load_address>
         <run_address>0xc8da</run_address>
         <size>0x46</size>
         <input_file_ref idref="fl-9"/>
      </object_component>
      <object_component id="oc-95b">
         <name>.text:Motors_DriveSpinReversePWM</name>
         <load_address>0xc920</load_address>
         <run_address>0xc920</run_address>
         <size>0x46</size>
         <input_file_ref idref="fl-9"/>
      </object_component>
      <object_component id="oc-a47">
         <name>.text</name>
         <load_address>0xc966</load_address>
         <run_address>0xc966</run_address>
         <size>0x46</size>
         <input_file_ref idref="fl-69"/>
      </object_component>
      <object_component id="oc-715">
         <name>.text:Display_Update</name>
         <load_address>0xc9ac</load_address>
         <run_address>0xc9ac</run_address>
         <size>0x44</size>
         <input_file_ref idref="fl-10"/>
      </object_component>
      <object_component id="oc-77a">
         <name>.text:requiresDirectionChangeDeadtime</name>
         <load_address>0xc9f0</load_address>
         <run_address>0xc9f0</run_address>
         <size>0x42</size>
         <input_file_ref idref="fl-9"/>
      </object_component>
      <object_component id="oc-73f">
         <name>.text:Command_Spin</name>
         <load_address>0xca32</load_address>
         <run_address>0xca32</run_address>
         <size>0x40</size>
         <input_file_ref idref="fl-c"/>
      </object_component>
      <object_component id="oc-6b0">
         <name>.text:Init_SPI_B1</name>
         <load_address>0xca72</load_address>
         <run_address>0xca72</run_address>
         <size>0x40</size>
         <input_file_ref idref="fl-10"/>
      </object_component>
      <object_component id="oc-42b">
         <name>.text:__memcpy_far</name>
         <load_address>0xcab2</load_address>
         <run_address>0xcab2</run_address>
         <size>0x40</size>
         <input_file_ref idref="fl-5f"/>
      </object_component>
      <object_component id="oc-b2e">
         <name>.text:chainAndThenAlignLeftToLine</name>
         <load_address>0xcaf2</load_address>
         <run_address>0xcaf2</run_address>
         <size>0x40</size>
         <input_file_ref idref="fl-c"/>
      </object_component>
      <object_component id="oc-b4c">
         <name>.text:chainAndThenTurnSysId</name>
         <load_address>0xcb32</load_address>
         <run_address>0xcb32</run_address>
         <size>0x40</size>
         <input_file_ref idref="fl-c"/>
      </object_component>
      <object_component id="oc-7ac">
         <name>.text</name>
         <load_address>0xcb72</load_address>
         <run_address>0xcb72</run_address>
         <size>0x40</size>
         <input_file_ref idref="fl-64"/>
      </object_component>
      <object_component id="oc-460">
         <name>.text:decompress:ZI:__TI_zero_init</name>
         <load_address>0xcbb2</load_address>
         <run_address>0xcbb2</run_address>
         <size>0x3e</size>
         <input_file_ref idref="fl-5e"/>
      </object_component>
      <object_component id="oc-b67">
         <name>.text:Command_Reverse</name>
         <load_address>0xcbf0</load_address>
         <run_address>0xcbf0</run_address>
         <size>0x3c</size>
         <input_file_ref idref="fl-c"/>
      </object_component>
      <object_component id="oc-4fe">
         <name>.text:__mpu_init</name>
         <load_address>0xcc2c</load_address>
         <run_address>0xcc2c</run_address>
         <size>0x3c</size>
         <input_file_ref idref="fl-79"/>
      </object_component>
      <object_component id="oc-6c">
         <name>.text:decompress:none:__TI_decompress_none</name>
         <load_address>0xcc68</load_address>
         <run_address>0xcc68</run_address>
         <size>0x3c</size>
         <input_file_ref idref="fl-49"/>
      </object_component>
      <object_component id="oc-738">
         <name>.text:Command_Forward</name>
         <load_address>0xcca4</load_address>
         <run_address>0xcca4</run_address>
         <size>0x3a</size>
         <input_file_ref idref="fl-c"/>
      </object_component>
      <object_component id="oc-ad9">
         <name>.text:Command_Wait</name>
         <load_address>0xccde</load_address>
         <run_address>0xccde</run_address>
         <size>0x3a</size>
         <input_file_ref idref="fl-c"/>
      </object_component>
      <object_component id="oc-a6b">
         <name>.text:Timer_CCR_Interval_From_Frequency</name>
         <load_address>0xcd18</load_address>
         <run_address>0xcd18</run_address>
         <size>0x36</size>
         <input_file_ref idref="fl-9"/>
      </object_component>
      <object_component id="oc-898">
         <name>.text:commandResetRecursive</name>
         <load_address>0xcd4e</load_address>
         <run_address>0xcd4e</run_address>
         <size>0x36</size>
         <input_file_ref idref="fl-c"/>
      </object_component>
      <object_component id="oc-9a7">
         <name>.text:detectorSetBlackRangeFromCurrent</name>
         <load_address>0xcd84</load_address>
         <run_address>0xcd84</run_address>
         <size>0x36</size>
         <input_file_ref idref="fl-4"/>
      </object_component>
      <object_component id="oc-5bb">
         <name>.text:detectorSetWhiteRangeFromCurrent</name>
         <load_address>0xcdba</load_address>
         <run_address>0xcdba</run_address>
         <size>0x36</size>
         <input_file_ref idref="fl-4"/>
      </object_component>
      <object_component id="oc-78e">
         <name>.text</name>
         <load_address>0xcdf0</load_address>
         <run_address>0xcdf0</run_address>
         <size>0x36</size>
         <input_file_ref idref="fl-6a"/>
      </object_component>
      <object_component id="oc-6db">
         <name>.text:ADC_init</name>
         <load_address>0xce26</load_address>
         <run_address>0xce26</run_address>
         <size>0x34</size>
         <input_file_ref idref="fl-11"/>
      </object_component>
      <object_component id="oc-979">
         <name>.text:driveSpin</name>
         <load_address>0xce5a</load_address>
         <run_address>0xce5a</run_address>
         <size>0x34</size>
         <input_file_ref idref="fl-9"/>
      </object_component>
      <object_component id="oc-985">
         <name>.text:driveForward</name>
         <load_address>0xce8e</load_address>
         <run_address>0xce8e</run_address>
         <size>0x32</size>
         <input_file_ref idref="fl-9"/>
      </object_component>
      <object_component id="oc-97f">
         <name>.text:driveReverse</name>
         <load_address>0xcec0</load_address>
         <run_address>0xcec0</run_address>
         <size>0x32</size>
         <input_file_ref idref="fl-9"/>
      </object_component>
      <object_component id="oc-973">
         <name>.text:driveSpinReverse</name>
         <load_address>0xcef2</load_address>
         <run_address>0xcef2</run_address>
         <size>0x32</size>
         <input_file_ref idref="fl-9"/>
      </object_component>
      <object_component id="oc-5df">
         <name>.text:getThumbWheel</name>
         <load_address>0xcf24</load_address>
         <run_address>0xcf24</run_address>
         <size>0x32</size>
         <input_file_ref idref="fl-2"/>
      </object_component>
      <object_component id="oc-926">
         <name>.text:roundPositiveToUInt</name>
         <load_address>0xcf56</load_address>
         <run_address>0xcf56</run_address>
         <size>0x30</size>
         <input_file_ref idref="fl-c"/>
      </object_component>
      <object_component id="oc-4bb">
         <name>.text:ADC_SelectAndStart</name>
         <load_address>0xcf86</load_address>
         <run_address>0xcf86</run_address>
         <size>0x2e</size>
         <input_file_ref idref="fl-2"/>
      </object_component>
      <object_component id="oc-7b8">
         <name>.text</name>
         <load_address>0xcfb4</load_address>
         <run_address>0xcfb4</run_address>
         <size>0x2c</size>
         <input_file_ref idref="fl-63"/>
      </object_component>
      <object_component id="oc-b58">
         <name>.text:chainSchedule</name>
         <load_address>0xcfe0</load_address>
         <run_address>0xcfe0</run_address>
         <size>0x2a</size>
         <input_file_ref idref="fl-c"/>
      </object_component>
      <object_component id="oc-8fc">
         <name>.text:getHeading</name>
         <load_address>0xd00a</load_address>
         <run_address>0xd00a</run_address>
         <size>0x2a</size>
         <input_file_ref idref="fl-a"/>
      </object_component>
      <object_component id="oc-5eb">
         <name>.text:strncmp</name>
         <load_address>0xd034</load_address>
         <run_address>0xd034</run_address>
         <size>0x2a</size>
         <input_file_ref idref="fl-86"/>
      </object_component>
      <object_component id="oc-aaa">
         <name>.text:wait_scl_high</name>
         <load_address>0xd05e</load_address>
         <run_address>0xd05e</run_address>
         <size>0x2a</size>
         <input_file_ref idref="fl-a"/>
      </object_component>
      <object_component id="oc-9e6">
         <name>.text:WriteData</name>
         <load_address>0xd088</load_address>
         <run_address>0xd088</run_address>
         <size>0x28</size>
         <input_file_ref idref="fl-10"/>
      </object_component>
      <object_component id="oc-6c8">
         <name>.text:WriteIns</name>
         <load_address>0xd0b0</load_address>
         <run_address>0xd0b0</run_address>
         <size>0x28</size>
         <input_file_ref idref="fl-10"/>
      </object_component>
      <object_component id="oc-9ed">
         <name>.text:GPIO_setAsInputPinWithPullUpResistor</name>
         <load_address>0xd0d8</load_address>
         <run_address>0xd0d8</run_address>
         <size>0x26</size>
         <input_file_ref idref="fl-1a"/>
      </object_component>
      <object_component id="oc-b40">
         <name>.text:chainWithDisplay</name>
         <load_address>0xd0fe</load_address>
         <run_address>0xd0fe</run_address>
         <size>0x26</size>
         <input_file_ref idref="fl-c"/>
      </object_component>
      <object_component id="oc-8b6">
         <name>.text:leftWheelDirectionForMode</name>
         <load_address>0xd124</load_address>
         <run_address>0xd124</run_address>
         <size>0x26</size>
         <input_file_ref idref="fl-9"/>
      </object_component>
      <object_component id="oc-8bc">
         <name>.text:rightWheelDirectionForMode</name>
         <load_address>0xd14a</load_address>
         <run_address>0xd14a</run_address>
         <size>0x26</size>
         <input_file_ref idref="fl-9"/>
      </object_component>
      <object_component id="oc-8f2">
         <name>.text</name>
         <load_address>0xd170</load_address>
         <run_address>0xd170</run_address>
         <size>0x24</size>
         <input_file_ref idref="fl-6b"/>
      </object_component>
      <object_component id="oc-7a7">
         <name>.text</name>
         <load_address>0xd194</load_address>
         <run_address>0xd194</run_address>
         <size>0x24</size>
         <input_file_ref idref="fl-70"/>
      </object_component>
      <object_component id="oc-59d">
         <name>.text:Display_Process</name>
         <load_address>0xd1b8</load_address>
         <run_address>0xd1b8</run_address>
         <size>0x22</size>
         <input_file_ref idref="fl-5"/>
      </object_component>
      <object_component id="oc-5cd">
         <name>.text:zeroHeading</name>
         <load_address>0xd1da</load_address>
         <run_address>0xd1da</run_address>
         <size>0x22</size>
         <input_file_ref idref="fl-a"/>
      </object_component>
      <object_component id="oc-967">
         <name>.text:getPositionY</name>
         <load_address>0xd1fc</load_address>
         <run_address>0xd1fc</run_address>
         <size>0x20</size>
         <input_file_ref idref="fl-a"/>
      </object_component>
      <object_component id="oc-74d">
         <name>.text:scheduleCommand</name>
         <load_address>0xd21c</load_address>
         <run_address>0xd21c</run_address>
         <size>0x20</size>
         <input_file_ref idref="fl-c"/>
      </object_component>
      <object_component id="oc-51a">
         <name>.text:ADC_disableConversions</name>
         <load_address>0xd23c</load_address>
         <run_address>0xd23c</run_address>
         <size>0x1e</size>
         <input_file_ref idref="fl-11"/>
      </object_component>
      <object_component id="oc-af0">
         <name>.text:GPIO_setAsOutputPin</name>
         <load_address>0xd25a</load_address>
         <run_address>0xd25a</run_address>
         <size>0x1e</size>
         <input_file_ref idref="fl-1a"/>
      </object_component>
      <object_component id="oc-a01">
         <name>.text:i2c_stop</name>
         <load_address>0xd278</load_address>
         <run_address>0xd278</run_address>
         <size>0x1e</size>
         <input_file_ref idref="fl-a"/>
      </object_component>
      <object_component id="oc-833">
         <name>.text:SPI_B1_write</name>
         <load_address>0xd296</load_address>
         <run_address>0xd296</run_address>
         <size>0x1c</size>
         <input_file_ref idref="fl-10"/>
      </object_component>
      <object_component id="oc-a1f">
         <name>.text:__mpyul</name>
         <load_address>0xd2b2</load_address>
         <run_address>0xd2b2</run_address>
         <size>0x1c</size>
         <input_file_ref idref="fl-72"/>
      </object_component>
      <object_component id="oc-adf">
         <name>.text:chainAppend</name>
         <load_address>0xd2ce</load_address>
         <run_address>0xd2ce</run_address>
         <size>0x1c</size>
         <input_file_ref idref="fl-c"/>
      </object_component>
      <object_component id="oc-85f">
         <name>.text:lcd_out</name>
         <load_address>0xd2ea</load_address>
         <run_address>0xd2ea</run_address>
         <size>0x1c</size>
         <input_file_ref idref="fl-10"/>
      </object_component>
      <object_component id="oc-af8">
         <name>.text:GPIO_getInputPinValue</name>
         <load_address>0xd306</load_address>
         <run_address>0xd306</run_address>
         <size>0x1a</size>
         <input_file_ref idref="fl-1a"/>
      </object_component>
      <object_component id="oc-56a">
         <name>.text:Init_Ports</name>
         <load_address>0xd320</load_address>
         <run_address>0xd320</run_address>
         <size>0x1a</size>
         <input_file_ref idref="fl-b"/>
      </object_component>
      <object_component id="oc-58e">
         <name>.text:Init_Switches</name>
         <load_address>0xd33a</load_address>
         <run_address>0xd33a</run_address>
         <size>0x1a</size>
         <input_file_ref idref="fl-d"/>
      </object_component>
      <object_component id="oc-9f5">
         <name>.text:i2c_start</name>
         <load_address>0xd354</load_address>
         <run_address>0xd354</run_address>
         <size>0x1a</size>
         <input_file_ref idref="fl-a"/>
      </object_component>
      <object_component id="oc-529">
         <name>.text:ADC_startConversion</name>
         <load_address>0xd36e</load_address>
         <run_address>0xd36e</run_address>
         <size>0x18</size>
         <input_file_ref idref="fl-11"/>
      </object_component>
      <object_component id="oc-83a">
         <name>.text:ClrDisplay_Buffer_0</name>
         <load_address>0xd386</load_address>
         <run_address>0xd386</run_address>
         <size>0x18</size>
         <input_file_ref idref="fl-10"/>
      </object_component>
      <object_component id="oc-840">
         <name>.text:ClrDisplay_Buffer_1</name>
         <load_address>0xd39e</load_address>
         <run_address>0xd39e</run_address>
         <size>0x18</size>
         <input_file_ref idref="fl-10"/>
      </object_component>
      <object_component id="oc-846">
         <name>.text:ClrDisplay_Buffer_2</name>
         <load_address>0xd3b6</load_address>
         <run_address>0xd3b6</run_address>
         <size>0x18</size>
         <input_file_ref idref="fl-10"/>
      </object_component>
      <object_component id="oc-84c">
         <name>.text:ClrDisplay_Buffer_3</name>
         <load_address>0xd3ce</load_address>
         <run_address>0xd3ce</run_address>
         <size>0x18</size>
         <input_file_ref idref="fl-10"/>
      </object_component>
      <object_component id="oc-98b">
         <name>.text:Motors_IsSettled</name>
         <load_address>0xd3e6</load_address>
         <run_address>0xd3e6</run_address>
         <size>0x18</size>
         <input_file_ref idref="fl-9"/>
      </object_component>
      <object_component id="oc-5af">
         <name>.text:initRobot</name>
         <load_address>0xd3fe</load_address>
         <run_address>0xd3fe</run_address>
         <size>0x18</size>
         <input_file_ref idref="fl-c"/>
      </object_component>
      <object_component id="oc-ab0">
         <name>.text:read_sda</name>
         <load_address>0xd416</load_address>
         <run_address>0xd416</run_address>
         <size>0x18</size>
         <input_file_ref idref="fl-a"/>
      </object_component>
      <object_component id="oc-92c">
         <name>.text</name>
         <load_address>0xd42e</load_address>
         <run_address>0xd42e</run_address>
         <size>0x18</size>
         <input_file_ref idref="fl-6e"/>
      </object_component>
      <object_component id="oc-523">
         <name>.text:ADC_configureMemory</name>
         <load_address>0xd446</load_address>
         <run_address>0xd446</run_address>
         <size>0x16</size>
         <input_file_ref idref="fl-11"/>
      </object_component>
      <object_component id="oc-6ce">
         <name>.text:ClrDisplay</name>
         <load_address>0xd45c</load_address>
         <run_address>0xd45c</run_address>
         <size>0x16</size>
         <input_file_ref idref="fl-10"/>
      </object_component>
      <object_component id="oc-aea">
         <name>.text:GPIO_setOutputLowOnPin</name>
         <load_address>0xd472</load_address>
         <run_address>0xd472</run_address>
         <size>0x16</size>
         <input_file_ref idref="fl-1a"/>
      </object_component>
      <object_component id="oc-609">
         <name>.text:isRobotBusy</name>
         <load_address>0xd488</load_address>
         <run_address>0xd488</run_address>
         <size>0x16</size>
         <input_file_ref idref="fl-c"/>
      </object_component>
      <object_component id="oc-7be">
         <name>.text</name>
         <load_address>0xd49e</load_address>
         <run_address>0xd49e</run_address>
         <size>0x16</size>
         <input_file_ref idref="fl-65"/>
      </object_component>
      <object_component id="oc-6bc">
         <name>.text:spi_chipselect_idle</name>
         <load_address>0xd4b4</load_address>
         <run_address>0xd4b4</run_address>
         <size>0x16</size>
         <input_file_ref idref="fl-10"/>
      </object_component>
      <object_component id="oc-6e7">
         <name>.text:ADC_setupSamplingTimer</name>
         <load_address>0xd4ca</load_address>
         <run_address>0xd4ca</run_address>
         <size>0x14</size>
         <input_file_ref idref="fl-11"/>
      </object_component>
      <object_component id="oc-76a">
         <name>.text:clampAdc</name>
         <load_address>0xd4de</load_address>
         <run_address>0xd4de</run_address>
         <size>0x14</size>
         <input_file_ref idref="fl-4"/>
      </object_component>
      <object_component id="oc-88f">
         <name>.text:secondsToTicks</name>
         <load_address>0xd4f2</load_address>
         <run_address>0xd4f2</run_address>
         <size>0x14</size>
         <input_file_ref idref="fl-c"/>
      </object_component>
      <object_component id="oc-5a3">
         <name>.text:Init_IMU</name>
         <load_address>0xd506</load_address>
         <run_address>0xd506</run_address>
         <size>0x12</size>
         <input_file_ref idref="fl-a"/>
      </object_component>
      <object_component id="oc-764">
         <name>.text:getAverageDetectorRaw</name>
         <load_address>0xd518</load_address>
         <run_address>0xd518</run_address>
         <size>0x12</size>
         <input_file_ref idref="fl-4"/>
      </object_component>
      <object_component id="oc-5f1">
         <name>.text:memcpy</name>
         <load_address>0xd52a</load_address>
         <run_address>0xd52a</run_address>
         <size>0x12</size>
         <input_file_ref idref="fl-84"/>
      </object_component>
      <object_component id="oc-731">
         <name>.text:resetRobot</name>
         <load_address>0xd53c</load_address>
         <run_address>0xd53c</run_address>
         <size>0x12</size>
         <input_file_ref idref="fl-c"/>
      </object_component>
      <object_component id="oc-aa3">
         <name>.text:scl_low</name>
         <load_address>0xd54e</load_address>
         <run_address>0xd54e</run_address>
         <size>0x12</size>
         <input_file_ref idref="fl-a"/>
      </object_component>
      <object_component id="oc-a9d">
         <name>.text:sda_low</name>
         <load_address>0xd560</load_address>
         <run_address>0xd560</run_address>
         <size>0x12</size>
         <input_file_ref idref="fl-a"/>
      </object_component>
      <object_component id="oc-82d">
         <name>.text:spi_chipselect_active</name>
         <load_address>0xd572</load_address>
         <run_address>0xd572</run_address>
         <size>0x12</size>
         <input_file_ref idref="fl-10"/>
      </object_component>
      <object_component id="oc-8d3">
         <name>.text:getDisplayName</name>
         <load_address>0xd584</load_address>
         <run_address>0xd584</run_address>
         <size>0x10</size>
         <input_file_ref idref="fl-c"/>
      </object_component>
      <object_component id="oc-5f7">
         <name>.text:getRawDetectorValue</name>
         <load_address>0xd594</load_address>
         <run_address>0xd594</run_address>
         <size>0x10</size>
         <input_file_ref idref="fl-4"/>
      </object_component>
      <object_component id="oc-596">
         <name>.text:strcpy</name>
         <load_address>0xd5a4</load_address>
         <run_address>0xd5a4</run_address>
         <size>0x10</size>
         <input_file_ref idref="fl-85"/>
      </object_component>
      <object_component id="oc-6ed">
         <name>.text:ADC_setResolution</name>
         <load_address>0xd5b4</load_address>
         <run_address>0xd5b4</run_address>
         <size>0xe</size>
         <input_file_ref idref="fl-11"/>
      </object_component>
      <object_component id="oc-6d4">
         <name>.text:DisplayOnOff</name>
         <load_address>0xd5c2</load_address>
         <run_address>0xd5c2</run_address>
         <size>0xe</size>
         <input_file_ref idref="fl-10"/>
      </object_component>
      <object_component id="oc-57c">
         <name>.text:Init_Timers</name>
         <load_address>0xd5d0</load_address>
         <run_address>0xd5d0</run_address>
         <size>0xe</size>
         <input_file_ref idref="fl-f"/>
      </object_component>
      <object_component id="oc-8c4">
         <name>.text:bytes_to_int16</name>
         <load_address>0xd5de</load_address>
         <run_address>0xd5de</run_address>
         <size>0xe</size>
         <input_file_ref idref="fl-a"/>
      </object_component>
      <object_component id="oc-a97">
         <name>.text:otos_delay</name>
         <load_address>0xd5ec</load_address>
         <run_address>0xd5ec</run_address>
         <size>0xe</size>
         <input_file_ref idref="fl-a"/>
      </object_component>
      <object_component id="oc-5c7">
         <name>.text:IMU_Process</name>
         <load_address>0xd5fa</load_address>
         <run_address>0xd5fa</run_address>
         <size>0xc</size>
         <input_file_ref idref="fl-a"/>
      </object_component>
      <object_component id="oc-6f3">
         <name>.text:ADC_setDataReadBackFormat</name>
         <load_address>0xd606</load_address>
         <run_address>0xd606</run_address>
         <size>0xa</size>
         <input_file_ref idref="fl-11"/>
      </object_component>
      <object_component id="oc-a2b">
         <name>.text:abs</name>
         <load_address>0xd610</load_address>
         <run_address>0xd610</run_address>
         <size>0xa</size>
         <input_file_ref idref="fl-7e"/>
      </object_component>
      <object_component id="oc-9a0">
         <name>.text:chainWait</name>
         <load_address>0xd61a</load_address>
         <run_address>0xd61a</run_address>
         <size>0xa</size>
         <input_file_ref idref="fl-c"/>
      </object_component>
      <object_component id="oc-75d">
         <name>.text:commandDisplayName</name>
         <load_address>0xd624</load_address>
         <run_address>0xd624</run_address>
         <size>0xa</size>
         <input_file_ref idref="fl-c"/>
      </object_component>
      <object_component id="oc-706">
         <name>.text:enable_switch_SW1</name>
         <load_address>0xd62e</load_address>
         <run_address>0xd62e</run_address>
         <size>0xa</size>
         <input_file_ref idref="fl-d"/>
      </object_component>
      <object_component id="oc-70c">
         <name>.text:enable_switch_SW2</name>
         <load_address>0xd638</load_address>
         <run_address>0xd638</run_address>
         <size>0xa</size>
         <input_file_ref idref="fl-d"/>
      </object_component>
      <object_component id="oc-913">
         <name>.text</name>
         <load_address>0xd642</load_address>
         <run_address>0xd642</run_address>
         <size>0xa</size>
         <input_file_ref idref="fl-75"/>
      </object_component>
      <object_component id="oc-86c">
         <name>.text:scl_high</name>
         <load_address>0xd64c</load_address>
         <run_address>0xd64c</run_address>
         <size>0xa</size>
         <input_file_ref idref="fl-a"/>
      </object_component>
      <object_component id="oc-866">
         <name>.text:sda_high</name>
         <load_address>0xd656</load_address>
         <run_address>0xd656</run_address>
         <size>0xa</size>
         <input_file_ref idref="fl-a"/>
      </object_component>
      <object_component id="oc-6f9">
         <name>.text:ADC_clearInterrupt</name>
         <load_address>0xd660</load_address>
         <run_address>0xd660</run_address>
         <size>0x8</size>
         <input_file_ref idref="fl-11"/>
      </object_component>
      <object_component id="oc-6e1">
         <name>.text:ADC_enable</name>
         <load_address>0xd668</load_address>
         <run_address>0xd668</run_address>
         <size>0x8</size>
         <input_file_ref idref="fl-11"/>
      </object_component>
      <object_component id="oc-6ff">
         <name>.text:ADC_enableInterrupt</name>
         <load_address>0xd670</load_address>
         <run_address>0xd670</run_address>
         <size>0x8</size>
         <input_file_ref idref="fl-11"/>
      </object_component>
      <object_component id="oc-696">
         <name>.text:enable_interrupts</name>
         <load_address>0xd678</load_address>
         <run_address>0xd678</run_address>
         <size>0x8</size>
         <input_file_ref idref="fl-e"/>
      </object_component>
      <object_component id="oc-4b5">
         <name>.text:ADC_getResults</name>
         <load_address>0xd680</load_address>
         <run_address>0xd680</run_address>
         <size>0x6</size>
         <input_file_ref idref="fl-11"/>
      </object_component>
      <object_component id="oc-93d">
         <name>.text:IMU_GetAccelXRaw</name>
         <load_address>0xd686</load_address>
         <run_address>0xd686</run_address>
         <size>0x6</size>
         <input_file_ref idref="fl-a"/>
      </object_component>
      <object_component id="oc-943">
         <name>.text:IMU_GetAccelYRaw</name>
         <load_address>0xd68c</load_address>
         <run_address>0xd68c</run_address>
         <size>0x6</size>
         <input_file_ref idref="fl-a"/>
      </object_component>
      <object_component id="oc-949">
         <name>.text:IMU_GetAccelZRaw</name>
         <load_address>0xd692</load_address>
         <run_address>0xd692</run_address>
         <size>0x6</size>
         <input_file_ref idref="fl-a"/>
      </object_component>
      <object_component id="oc-5a9">
         <name>.text:IMU_GetPacketCount</name>
         <load_address>0xd698</load_address>
         <run_address>0xd698</run_address>
         <size>0x6</size>
         <input_file_ref idref="fl-a"/>
      </object_component>
      <object_component id="oc-81d">
         <name>.text:Timer_B_startCounter</name>
         <load_address>0xd69e</load_address>
         <run_address>0xd69e</run_address>
         <size>0x6</size>
         <input_file_ref idref="fl-25"/>
      </object_component>
      <object_component id="oc-619">
         <name>.text:abort</name>
         <load_address>0xd6a4</load_address>
         <run_address>0xd6a4</run_address>
         <size>0x6</size>
         <input_file_ref idref="fl-80"/>
      </object_component>
      <object_component id="oc-94f">
         <name>.text:absoluteInt16</name>
         <load_address>0xd6aa</load_address>
         <run_address>0xd6aa</run_address>
         <size>0x6</size>
         <input_file_ref idref="fl-c"/>
      </object_component>
      <object_component id="oc-a76">
         <name>.text:chainReset</name>
         <load_address>0xd6b0</load_address>
         <run_address>0xd6b0</run_address>
         <size>0x6</size>
         <input_file_ref idref="fl-c"/>
      </object_component>
      <object_component id="oc-4a0">
         <name>.text:disable_switch_SW1</name>
         <load_address>0xd6b6</load_address>
         <run_address>0xd6b6</run_address>
         <size>0x6</size>
         <input_file_ref idref="fl-d"/>
      </object_component>
      <object_component id="oc-4ab">
         <name>.text:disable_switch_SW2</name>
         <load_address>0xd6bc</load_address>
         <run_address>0xd6bc</run_address>
         <size>0x6</size>
         <input_file_ref idref="fl-d"/>
      </object_component>
      <object_component id="oc-79f">
         <name>.text:driveStop</name>
         <load_address>0xd6c2</load_address>
         <run_address>0xd6c2</run_address>
         <size>0x6</size>
         <input_file_ref idref="fl-9"/>
      </object_component>
      <object_component id="oc-5d9">
         <name>.text:getEmitterState</name>
         <load_address>0xd6c8</load_address>
         <run_address>0xd6c8</run_address>
         <size>0x6</size>
         <input_file_ref idref="fl-d"/>
      </object_component>
      <object_component id="oc-6c2">
         <name>.text:spi_reset_active</name>
         <load_address>0xd6ce</load_address>
         <run_address>0xd6ce</run_address>
         <size>0x6</size>
         <input_file_ref idref="fl-10"/>
      </object_component>
      <object_component id="oc-6b6">
         <name>.text:spi_reset_idle</name>
[...]
         <object_component_ref idref="oc-72d"/>
      </symbol>
      <symbol id="sm-adc">
         <name>align_line_target_delta_deg</name>
         <value>0x2e8e</value>
         <object_component_ref idref="oc-72d"/>
      </symbol>
      <symbol id="sm-add">
         <name>drive_straight_kp</name>
         <value>0x2e52</value>
         <object_component_ref idref="oc-72d"/>
      </symbol>
      <symbol id="sm-ade">
         <name>drive_straight_kd</name>
         <value>0x2e56</value>
         <object_component_ref idref="oc-72d"/>
      </symbol>
      <symbol id="sm-b50">
         <name>PORT4_ISR</name>
         <value>0xd7a0</value>
         <object_component_ref idref="oc-437"/>
      </symbol>
      <symbol id="sm-b51">
         <name>__TI_int24</name>
         <value>0xffd2</value>
         <object_component_ref idref="oc-74"/>
      </symbol>
      <symbol id="sm-b52">
         <name>__TI_int22</name>
         <value>0xffce</value>
         <object_component_ref idref="oc-72"/>
      </symbol>
      <symbol id="sm-b53">
         <name>disable_switch_SW2</name>
         <value>0xd6bc</value>
         <object_component_ref idref="oc-4ab"/>
      </symbol>
      <symbol id="sm-b54">
         <name>disable_switch_SW1</name>
         <value>0xd6b6</value>
         <object_component_ref idref="oc-4a0"/>
      </symbol>
      <symbol id="sm-b55">
         <name>Switches_Process</name>
         <value>0xbde8</value>
         <object_component_ref idref="oc-612"/>
      </symbol>
      <symbol id="sm-b56">
         <name>Init_Switches</name>
         <value>0xd33a</value>
         <object_component_ref idref="oc-58e"/>
      </symbol>
      <symbol id="sm-b57">
         <name>enable_switch_SW2</name>
         <value>0xd638</value>
         <object_component_ref idref="oc-70c"/>
      </symbol>
      <symbol id="sm-b58">
         <name>enable_switch_SW1</name>
         <value>0xd62e</value>
         <object_component_ref idref="oc-706"/>
      </symbol>
      <symbol id="sm-b59">
         <name>Switch_Process</name>
         <value>0xbde8</value>
         <object_component_ref idref="oc-612"/>
      </symbol>
      <symbol id="sm-b5a">
         <name>getEmitterState</name>
         <value>0xd6c8</value>
         <object_component_ref idref="oc-5d9"/>
      </symbol>
      <symbol id="sm-b5b">
         <name>Switch1_Process</name>
         <value>0xa8ea</value>
         <object_component_ref idref="oc-7c7"/>
      </symbol>
      <symbol id="sm-b5c">
         <name>PORT2_ISR</name>
         <value>0xd788</value>
         <object_component_ref idref="oc-442"/>
      </symbol>
      <symbol id="sm-b5d">
         <name>switch_control</name>
         <value>0xbde8</value>
         <object_component_ref idref="oc-612"/>
      </symbol>
      <symbol id="sm-b5e">
         <name>Init_Switch</name>
         <value>0xd33a</value>
         <object_component_ref idref="oc-58e"/>
      </symbol>
      <symbol id="sm-b5f">
         <name>Switch2_Process</name>
         <value>0xc440</value>
         <object_component_ref idref="oc-7cd"/>
      </symbol>
      <symbol id="sm-b6c">
         <name>enable_interrupts</name>
         <value>0xd678</value>
         <object_component_ref idref="oc-696"/>
      </symbol>
      <symbol id="sm-bb2">
         <name>Init_Timers</name>
         <value>0xd5d0</value>
         <object_component_ref idref="oc-57c"/>
      </symbol>
      <symbol id="sm-bb3">
         <name>__TI_int43</name>
         <value>0xfff8</value>
         <object_component_ref idref="oc-87"/>
      </symbol>
      <symbol id="sm-bb4">
         <name>__TI_int41</name>
         <value>0xfff4</value>
         <object_component_ref idref="oc-85"/>
      </symbol>
      <symbol id="sm-bb5">
         <name>Timer0_B0_ISR</name>
         <value>0xd73e</value>
         <object_component_ref idref="oc-454"/>
      </symbol>
      <symbol id="sm-bb6">
         <name>Init_Timer_B3</name>
         <value>0xbc58</value>
         <object_component_ref idref="oc-6a9"/>
      </symbol>
      <symbol id="sm-bb7">
         <name>Init_Timer_B1</name>
         <value>0xb6a4</value>
         <object_component_ref idref="oc-6a3"/>
      </symbol>
      <symbol id="sm-bb8">
         <name>Init_Timer_B0</name>
         <value>0xb446</value>
         <object_component_ref idref="oc-69d"/>
      </symbol>
      <symbol id="sm-bb9">
         <name>Timer1_B0_ISR</name>
         <value>0xd7b8</value>
         <object_component_ref idref="oc-44e"/>
      </symbol>
      <symbol id="sm-c48">
         <name>current_character</name>
         <value>0x2cda</value>
      </symbol>
      <symbol id="sm-c49">
         <name>update_display_count</name>
         <value>0x2cd8</value>
      </symbol>
      <symbol id="sm-c4a">
         <name>update_display</name>
         <value>0x2cdd</value>
      </symbol>
      <symbol id="sm-c4b">
         <name>display_changed</name>
         <value>0x2cdb</value>
      </symbol>
      <symbol id="sm-c4c">
         <name>display_line</name>
         <value>0x2c66</value>
      </symbol>
      <symbol id="sm-c4d">
         <name>display</name>
         <value>0x2cc6</value>
      </symbol>
      <symbol id="sm-c4e">
         <name>ClrDisplay_Buffer_2</name>
         <value>0xd3b6</value>
         <object_component_ref idref="oc-846"/>
      </symbol>
      <symbol id="sm-c4f">
         <name>ClrDisplay_Buffer_3</name>
         <value>0xd3ce</value>
         <object_component_ref idref="oc-84c"/>
      </symbol>
      <symbol id="sm-c50">
         <name>ClrDisplay_Buffer_0</name>
         <value>0xd386</value>
         <object_component_ref idref="oc-83a"/>
      </symbol>
      <symbol id="sm-c51">
         <name>ClrDisplay_Buffer_1</name>
         <value>0xd39e</value>
         <object_component_ref idref="oc-840"/>
      </symbol>
      <symbol id="sm-c52">
         <name>spi_chipselect_idle</name>
         <value>0xd4b4</value>
         <object_component_ref idref="oc-6bc"/>
      </symbol>
      <symbol id="sm-c53">
         <name>WriteIns</name>
         <value>0xd0b0</value>
         <object_component_ref idref="oc-6c8"/>
      </symbol>
      <symbol id="sm-c54">
         <name>spi_reset_active</name>
         <value>0xd6ce</value>
         <object_component_ref idref="oc-6c2"/>
      </symbol>
      <symbol id="sm-c55">
         <name>WriteData</name>
         <value>0xd088</value>
         <object_component_ref idref="oc-9e6"/>
      </symbol>
      <symbol id="sm-c56">
         <name>DisplayOnOff</name>
         <value>0xd5c2</value>
         <object_component_ref idref="oc-6d4"/>
      </symbol>
      <symbol id="sm-c57">
         <name>spi_chipselect_active</name>
         <value>0xd572</value>
         <object_component_ref idref="oc-82d"/>
      </symbol>
      <symbol id="sm-c58">
         <name>lcd_out</name>
         <value>0xd2ea</value>
         <object_component_ref idref="oc-85f"/>
      </symbol>
      <symbol id="sm-c59">
         <name>Display_Update</name>
         <value>0xc9ac</value>
         <object_component_ref idref="oc-715"/>
      </symbol>
      <symbol id="sm-c5a">
         <name>Init_LCD</name>
         <value>0xab4c</value>
         <object_component_ref idref="oc-582"/>
      </symbol>
      <symbol id="sm-c5b">
         <name>SPI_B1_write</name>
         <value>0xd296</value>
         <object_component_ref idref="oc-833"/>
      </symbol>
      <symbol id="sm-c5c">
         <name>Init_SPI_B1</name>
         <value>0xca72</value>
         <object_component_ref idref="oc-6b0"/>
      </symbol>
      <symbol id="sm-c5d">
         <name>spi_reset_idle</name>
         <value>0xd6d4</value>
         <object_component_ref idref="oc-6b6"/>
      </symbol>
      <symbol id="sm-c5e">
         <name>ClrDisplay</name>
         <value>0xd45c</value>
         <object_component_ref idref="oc-6ce"/>
      </symbol>
      <symbol id="sm-cb0">
         <name>ADC_setupSamplingTimer</name>
         <value>0xd4ca</value>
         <object_component_ref idref="oc-6e7"/>
      </symbol>
      <symbol id="sm-cb1">
         <name>ADC_setDataReadBackFormat</name>
         <value>0xd606</value>
         <object_component_ref idref="oc-6f3"/>
      </symbol>
      <symbol id="sm-cb2">
         <name>ADC_configureMemory</name>
         <value>0xd446</value>
         <object_component_ref idref="oc-523"/>
      </symbol>
      <symbol id="sm-cb3">
         <name>ADC_disableConversions</name>
         <value>0xd23c</value>
         <object_component_ref idref="oc-51a"/>
      </symbol>
      <symbol id="sm-cb4">
         <name>ADC_enableInterrupt</name>
         <value>0xd670</value>
         <object_component_ref idref="oc-6ff"/>
      </symbol>
      <symbol id="sm-cb5">
         <name>ADC_startConversion</name>
         <value>0xd36e</value>
         <object_component_ref idref="oc-529"/>
      </symbol>
      <symbol id="sm-cb6">
         <name>ADC_init</name>
         <value>0xce26</value>
         <object_component_ref idref="oc-6db"/>
      </symbol>
      <symbol id="sm-cb7">
         <name>ADC_getResults</name>
         <value>0xd680</value>
         <object_component_ref idref="oc-4b5"/>
      </symbol>
      <symbol id="sm-cb8">
         <name>ADC_enable</name>
         <value>0xd668</value>
         <object_component_ref idref="oc-6e1"/>
      </symbol>
      <symbol id="sm-cb9">
         <name>ADC_clearInterrupt</name>
         <value>0xd660</value>
         <object_component_ref idref="oc-6f9"/>
      </symbol>
      <symbol id="sm-cba">
         <name>ADC_setResolution</name>
         <value>0xd5b4</value>
         <object_component_ref idref="oc-6ed"/>
      </symbol>
      <symbol id="sm-cee">
         <name>GPIO_setAsInputPinWithPullUpResistor</name>
         <value>0xd0d8</value>
         <object_component_ref idref="oc-9ed"/>
      </symbol>
      <symbol id="sm-cef">
         <name>GPIO_setAsOutputPin</name>
         <value>0xd25a</value>
         <object_component_ref idref="oc-af0"/>
      </symbol>
      <symbol id="sm-cf0">
         <name>GPIO_setOutputLowOnPin</name>
         <value>0xd472</value>
         <object_component_ref idref="oc-aea"/>
      </symbol>
      <symbol id="sm-cf1">
         <name>GPIO_getInputPinValue</name>
         <value>0xd306</value>
         <object_component_ref idref="oc-af8"/>
      </symbol>
      <symbol id="sm-d11">
         <name>Timer_B_startCounter</name>
         <value>0xd69e</value>
         <object_component_ref idref="oc-81d"/>
      </symbol>
      <symbol id="sm-d12">
         <name>Timer_B_initUpMode</name>
         <value>0xc022</value>
         <object_component_ref idref="oc-817"/>
      </symbol>
      <symbol id="sm-d35">
         <name>__TI_decompress_lzss</name>
         <value>0xa7fc</value>
         <object_component_ref idref="oc-66"/>
      </symbol>
      <symbol id="sm-d46">
         <name>__TI_decompress_none</name>
         <value>0xcc68</value>
         <object_component_ref idref="oc-6c"/>
      </symbol>
      <symbol id="sm-d49">
         <name>__TI_int23</name>
         <value>0xffd0</value>
         <object_component_ref idref="oc-73"/>
      </symbol>
      <symbol id="sm-d51">
         <name>__TI_ISR_TRAP</name>
         <value>0xd7c2</value>
         <object_component_ref idref="oc-43d"/>
      </symbol>
      <symbol id="sm-d54">
         <name>__TI_int25</name>
         <value>0xffd4</value>
         <object_component_ref idref="oc-75"/>
      </symbol>
      <symbol id="sm-d57">
         <name>__TI_int26</name>
         <value>0xffd6</value>
         <object_component_ref idref="oc-76"/>
      </symbol>
      <symbol id="sm-d5a">
         <name>__TI_int27</name>
         <value>0xffd8</value>
         <object_component_ref idref="oc-77"/>
      </symbol>
      <symbol id="sm-d5d">
         <name>__TI_int28</name>
         <value>0xffda</value>
         <object_component_ref idref="oc-78"/>
      </symbol>
      <symbol id="sm-d60">
         <name>__TI_int30</name>
         <value>0xffde</value>
         <object_component_ref idref="oc-7a"/>
      </symbol>
      <symbol id="sm-d63">
         <name>__TI_int31</name>
         <value>0xffe0</value>
         <object_component_ref idref="oc-7b"/>
      </symbol>
      <symbol id="sm-d66">
         <name>__TI_int32</name>
         <value>0xffe2</value>
         <object_component_ref idref="oc-7c"/>
      </symbol>
      <symbol id="sm-d69">
         <name>__TI_int33</name>
         <value>0xffe4</value>
         <object_component_ref idref="oc-7d"/>
      </symbol>
      <symbol id="sm-d6c">
         <name>__TI_int34</name>
         <value>0xffe6</value>
         <object_component_ref idref="oc-7e"/>
      </symbol>
      <symbol id="sm-d6f">
         <name>__TI_int35</name>
         <value>0xffe8</value>
         <object_component_ref idref="oc-7f"/>
      </symbol>
      <symbol id="sm-d72">
         <name>__TI_int36</name>
         <value>0xffea</value>
         <object_component_ref idref="oc-80"/>
      </symbol>
      <symbol id="sm-d75">
         <name>__TI_int37</name>
         <value>0xffec</value>
         <object_component_ref idref="oc-81"/>
      </symbol>
      <symbol id="sm-d78">
         <name>__TI_int38</name>
         <value>0xffee</value>
         <object_component_ref idref="oc-82"/>
      </symbol>
      <symbol id="sm-d7b">
         <name>__TI_int39</name>
         <value>0xfff0</value>
         <object_component_ref idref="oc-83"/>
      </symbol>
      <symbol id="sm-d7e">
         <name>__TI_int40</name>
         <value>0xfff2</value>
         <object_component_ref idref="oc-84"/>
      </symbol>
      <symbol id="sm-d81">
         <name>__TI_int42</name>
         <value>0xfff6</value>
         <object_component_ref idref="oc-86"/>
      </symbol>
      <symbol id="sm-d84">
         <name>__TI_int44</name>
         <value>0xfffa</value>
         <object_component_ref idref="oc-88"/>
      </symbol>
      <symbol id="sm-d87">
         <name>__TI_int45</name>
         <value>0xfffc</value>
         <object_component_ref idref="oc-89"/>
      </symbol>
      <symbol id="sm-d97">
         <name>__TI_zero_init</name>
         <value>0xcbb2</value>
         <object_component_ref idref="oc-460"/>
      </symbol>
      <symbol id="sm-da2">
         <name>__memcpy_far</name>
         <value>0xcab2</value>
         <object_component_ref idref="oc-42b"/>
      </symbol>
      <symbol id="sm-dbd">
         <name>__mspabi_subf</name>
         <value>0xa5d2</value>
         <object_component_ref idref="oc-8f7"/>
      </symbol>
      <symbol id="sm-dbe">
         <name>__mspabi_addf</name>
         <value>0xa5d8</value>
         <object_component_ref idref="oc-8f7"/>
      </symbol>
      <symbol id="sm-dce">
         <name>__mspabi_cmpf</name>
         <value>0xc60a</value>
         <object_component_ref idref="oc-908"/>
      </symbol>
      <symbol id="sm-de0">
         <name>__mspabi_divf</name>
         <value>0xb32a</value>
         <object_component_ref idref="oc-918"/>
      </symbol>
      <symbol id="sm-dec">
         <name>__mspabi_remi</name>
         <value>0xcfb4</value>
         <object_component_ref idref="oc-7b8"/>
      </symbol>
      <symbol id="sm-ded">
         <name>__mspabi_divi</name>
         <value>0xcfb4</value>
         <object_component_ref idref="oc-7b8"/>
      </symbol>
      <symbol id="sm-df9">
         <name>__mspabi_remli</name>
         <value>0xcb72</value>
         <object_component_ref idref="oc-7ac"/>
      </symbol>
      <symbol id="sm-dfa">
         <name>__mspabi_divli</name>
         <value>0xcb72</value>
         <object_component_ref idref="oc-7ac"/>
      </symbol>
      <symbol id="sm-e04">
         <name>__mspabi_remu</name>
         <value>0xd49e</value>
         <object_component_ref idref="oc-7be"/>
      </symbol>
      <symbol id="sm-e05">
         <name>__mspabi_divu</name>
         <value>0xd49e</value>
         <object_component_ref idref="oc-7be"/>
      </symbol>
      <symbol id="sm-e13">
         <name>__mspabi_remul</name>
         <value>0xc29c</value>
         <object_component_ref idref="oc-812"/>
      </symbol>
      <symbol id="sm-e14">
         <name>__mspabi_divul</name>
         <value>0xc29c</value>
         <object_component_ref idref="oc-812"/>
      </symbol>
      <symbol id="sm-e26">
         <name>__mspabi_fixfi</name>
         <value>0xbbf0</value>
         <object_component_ref idref="oc-8ca"/>
      </symbol>
      <symbol id="sm-e36">
         <name>__mspabi_fixfu</name>
         <value>0xc966</value>
         <object_component_ref idref="oc-a47"/>
      </symbol>
      <symbol id="sm-e43">
         <name>__mspabi_fltif</name>
         <value>0xcdf0</value>
         <object_component_ref idref="oc-78e"/>
      </symbol>
      <symbol id="sm-e4e">
         <name>__mspabi_fltuf</name>
         <value>0xd170</value>
         <object_component_ref idref="oc-8f2"/>
      </symbol>
      <symbol id="sm-e65">
         <name>__mspabi_mpyf</name>
         <value>0xad8a</value>
         <object_component_ref idref="oc-793"/>
      </symbol>
      <symbol id="sm-e6e">
         <name>__mspabi_mpyi_f5hw</name>
         <value>0xd42e</value>
         <object_component_ref idref="oc-92c"/>
      </symbol>
      <symbol id="sm-e77">
         <name>__mspabi_mpyl_f5hw</name>
         <value>0xd194</value>
         <object_component_ref idref="oc-7a7"/>
      </symbol>
      <symbol id="sm-e80">
         <name>__mspabi_mpyul_f5hw</name>
         <value>0xd2b2</value>
         <object_component_ref idref="oc-a1f"/>
      </symbol>
      <symbol id="sm-e8b">
         <name>__mspabi_negf</name>
         <value>0xd642</value>
         <object_component_ref idref="oc-913"/>
      </symbol>
      <symbol id="sm-e9d">
         <name>_c_int00_noargs_mpu</name>
         <value>0xd768</value>
         <object_component_ref idref="oc-484"/>
      </symbol>
      <symbol id="sm-e9e">
         <name>_stack</name>
         <value>0x2f60</value>
         <object_component_ref idref="oc-41c"/>
      </symbol>
      <symbol id="sm-e9f">
         <name>_reset_vector</name>
         <value>0xfffe</value>
         <object_component_ref idref="oc-41f"/>
      </symbol>
      <symbol id="sm-ead">
         <name>__mpu_init</name>
         <value>0xcc2c</value>
         <object_component_ref idref="oc-4fe"/>
      </symbol>
      <symbol id="sm-ed1">
         <name>__TI_auto_init_nopinit_hold_wdt</name>
         <value>0xb4c2</value>
         <object_component_ref idref="oc-649"/>
      </symbol>
      <symbol id="sm-eda">
         <name>_system_post_cinit</name>
         <value>0xd6de</value>
         <object_component_ref idref="oc-7e6"/>
      </symbol>
      <symbol id="sm-ee3">
         <name>_system_pre_init</name>
         <value>0xd6da</value>
         <object_component_ref idref="oc-4e6"/>
      </symbol>
      <symbol id="sm-eed">
         <name>abs</name>
         <value>0xd610</value>
         <object_component_ref idref="oc-a2b"/>
      </symbol>
      <symbol id="sm-f04">
         <name>copy_in</name>
         <value>0xaf96</value>
         <object_component_ref idref="oc-7ef"/>
      </symbol>
      <symbol id="sm-f0e">
         <name>C$$EXIT</name>
         <value>0xd6a4</value>
         <object_component_ref idref="oc-619"/>
      </symbol>
      <symbol id="sm-f0f">
         <name>abort</name>
         <value>0xd6a4</value>
         <object_component_ref idref="oc-619"/>
      </symbol>
      <symbol id="sm-f20">
         <name>memcpy</name>
         <value>0xd52a</value>
         <object_component_ref idref="oc-5f1"/>
      </symbol>
      <symbol id="sm-f2d">
         <name>strcpy</name>
         <value>0xd5a4</value>
         <object_component_ref idref="oc-596"/>
      </symbol>
      <symbol id="sm-f3d">
         <name>strncmp</name>
         <value>0xd034</value>
         <object_component_ref idref="oc-5eb"/>
      </symbol>
   </symbol_table>
   <title>Link successful</title>
</link_info>
