<?xml version="1.0" encoding="ISO-8859-1" ?>
<link_info>
   <banner>MSP430 Linker PC v21.6.1.LTS</banner>
   <copyright>Copyright (c) 2003-2018 Texas Instruments Incorporated</copyright>
   <link_time>0x69a1806f</link_time>
   <link_errors>0x0</link_errors>
   <output_file>Project 05.out</output_file>
   <entry_point>
      <name>_c_int00_noargs_mpu</name>
      <address>0xc048</address>
   </entry_point>
   <input_file_list>
      <input_file id="fl-2">
         <path>.\</path>
         <kind>object</kind>
         <file>clocks.obj</file>
         <name>clocks.obj</name>
      </input_file>
      <input_file id="fl-3">
         <path>.\</path>
         <kind>object</kind>
         <file>display.obj</file>
         <name>display.obj</name>
      </input_file>
      <input_file id="fl-4">
         <path>.\</path>
         <kind>object</kind>
         <file>imu.obj</file>
         <name>imu.obj</name>
      </input_file>
      <input_file id="fl-5">
         <path>.\</path>
         <kind>object</kind>
         <file>init.obj</file>
         <name>init.obj</name>
      </input_file>
      <input_file id="fl-6">
         <path>.\</path>
         <kind>object</kind>
         <file>led.obj</file>
         <name>led.obj</name>
      </input_file>
      <input_file id="fl-7">
         <path>.\</path>
         <kind>object</kind>
         <file>main.obj</file>
         <name>main.obj</name>
      </input_file>
      <input_file id="fl-8">
         <path>.\</path>
         <kind>object</kind>
         <file>motors.obj</file>
         <name>motors.obj</name>
      </input_file>
      <input_file id="fl-9">
         <path>.\</path>
         <kind>object</kind>
         <file>ports.obj</file>
         <name>ports.obj</name>
      </input_file>
      <input_file id="fl-a">
         <path>.\</path>
         <kind>object</kind>
         <file>robot.obj</file>
         <name>robot.obj</name>
      </input_file>
      <input_file id="fl-b">
         <path>.\</path>
         <kind>object</kind>
         <file>system.obj</file>
         <name>system.obj</name>
      </input_file>
      <input_file id="fl-c">
         <path>.\</path>
         <kind>object</kind>
         <file>timers.obj</file>
         <name>timers.obj</name>
      </input_file>
      <input_file id="fl-d">
         <path>..\Compiled\</path>
         <kind>object</kind>
         <file>LCD.obj</file>
         <name>LCD.obj</name>
      </input_file>
      <input_file id="fl-e">
         <path>..\Compiled\</path>
         <kind>object</kind>
         <file>switches.obj</file>
         <name>switches.obj</name>
      </input_file>
      <input_file id="fl-f">
         <path>.\driverlib\MSP430FR2xx_4xx\</path>
         <kind>object</kind>
         <file>adc.obj</file>
         <name>adc.obj</name>
      </input_file>
      <input_file id="fl-10">
         <path>.\driverlib\MSP430FR2xx_4xx\</path>
         <kind>object</kind>
         <file>crc.obj</file>
         <name>crc.obj</name>
      </input_file>
      <input_file id="fl-11">
         <path>.\driverlib\MSP430FR2xx_4xx\</path>
         <kind>object</kind>
         <file>cs.obj</file>
         <name>cs.obj</name>
      </input_file>
      <input_file id="fl-12">
         <path>.\driverlib\MSP430FR2xx_4xx\</path>
         <kind>object</kind>
         <file>ecomp.obj</file>
         <name>ecomp.obj</name>
      </input_file>
      <input_file id="fl-13">
         <path>.\driverlib\MSP430FR2xx_4xx\</path>
         <kind>object</kind>
         <file>eusci_a_spi.obj</file>
         <name>eusci_a_spi.obj</name>
      </input_file>
      <input_file id="fl-14">
         <path>.\driverlib\MSP430FR2xx_4xx\</path>
         <kind>object</kind>
         <file>eusci_a_uart.obj</file>
         <name>eusci_a_uart.obj</name>
      </input_file>
      <input_file id="fl-15">
         <path>.\driverlib\MSP430FR2xx_4xx\</path>
         <kind>object</kind>
         <file>eusci_b_i2c.obj</file>
         <name>eusci_b_i2c.obj</name>
      </input_file>
      <input_file id="fl-16">
         <path>.\driverlib\MSP430FR2xx_4xx\</path>
         <kind>object</kind>
         <file>eusci_b_spi.obj</file>
         <name>eusci_b_spi.obj</name>
      </input_file>
      <input_file id="fl-17">
         <path>.\driverlib\MSP430FR2xx_4xx\</path>
         <kind>object</kind>
         <file>framctl.obj</file>
         <name>framctl.obj</name>
      </input_file>
      <input_file id="fl-18">
         <path>.\driverlib\MSP430FR2xx_4xx\</path>
         <kind>object</kind>
         <file>gpio.obj</file>
         <name>gpio.obj</name>
      </input_file>
      <input_file id="fl-19">
         <path>.\driverlib\MSP430FR2xx_4xx\</path>
         <kind>object</kind>
         <file>icc.obj</file>
         <name>icc.obj</name>
      </input_file>
      <input_file id="fl-1a">
         <path>.\driverlib\MSP430FR2xx_4xx\</path>
         <kind>object</kind>
         <file>lcd_e.obj</file>
         <name>lcd_e.obj</name>
      </input_file>
      <input_file id="fl-1b">
         <path>.\driverlib\MSP430FR2xx_4xx\</path>
         <kind>object</kind>
         <file>mpy32.obj</file>
         <name>mpy32.obj</name>
      </input_file>
      <input_file id="fl-1c">
         <path>.\driverlib\MSP430FR2xx_4xx\</path>
         <kind>object</kind>
         <file>pmm.obj</file>
         <name>pmm.obj</name>
      </input_file>
      <input_file id="fl-1d">
         <path>.\driverlib\MSP430FR2xx_4xx\</path>
         <kind>object</kind>
         <file>rtc.obj</file>
         <name>rtc.obj</name>
      </input_file>
      <input_file id="fl-1e">
         <path>.\driverlib\MSP430FR2xx_4xx\</path>
         <kind>object</kind>
         <file>sac.obj</file>
         <name>sac.obj</name>
      </input_file>
      <input_file id="fl-1f">
         <path>.\driverlib\MSP430FR2xx_4xx\</path>
         <kind>object</kind>
         <file>sfr.obj</file>
         <name>sfr.obj</name>
      </input_file>
      <input_file id="fl-20">
         <path>.\driverlib\MSP430FR2xx_4xx\</path>
         <kind>object</kind>
         <file>sysctl.obj</file>
         <name>sysctl.obj</name>
      </input_file>
      <input_file id="fl-21">
         <path>.\driverlib\MSP430FR2xx_4xx\</path>
         <kind>object</kind>
         <file>tia.obj</file>
         <name>tia.obj</name>
      </input_file>
      <input_file id="fl-22">
         <path>.\driverlib\MSP430FR2xx_4xx\</path>
         <kind>object</kind>
         <file>timer_a.obj</file>
         <name>timer_a.obj</name>
      </input_file>
      <input_file id="fl-23">
         <path>.\driverlib\MSP430FR2xx_4xx\</path>
         <kind>object</kind>
         <file>timer_b.obj</file>
         <name>timer_b.obj</name>
      </input_file>
      <input_file id="fl-24">
         <path>.\driverlib\MSP430FR2xx_4xx\</path>
         <kind>object</kind>
         <file>tlv.obj</file>
         <name>tlv.obj</name>
      </input_file>
      <input_file id="fl-25">
         <path>.\driverlib\MSP430FR2xx_4xx\</path>
         <kind>object</kind>
         <file>wdt_a.obj</file>
         <name>wdt_a.obj</name>
      </input_file>
      <input_file id="fl-2b">
         <kind>object</kind>
         <file>&lt;internal&gt;</file>
         <name>&lt;internal&gt;</name>
      </input_file>
      <input_file id="fl-46">
         <path>C:\ti\ccs2041\ccs\tools\compiler\ti-cgt-msp430_21.6.1.LTS\lib\</path>
         <kind>archive</kind>
         <file>rts430x_lc_sd_eabi.lib</file>
         <name>copy_decompress_lzss.c.obj</name>
      </input_file>
      <input_file id="fl-47">
         <path>C:\ti\ccs2041\ccs\tools\compiler\ti-cgt-msp430_21.6.1.LTS\lib\</path>
         <kind>archive</kind>
         <file>rts430x_lc_sd_eabi.lib</file>
         <name>copy_decompress_none.c.obj</name>
      </input_file>
      <input_file id="fl-48">
         <path>C:\ti\ccs2041\ccs\tools\compiler\ti-cgt-msp430_21.6.1.LTS\lib\</path>
         <kind>archive</kind>
         <file>rts430x_lc_sd_eabi.lib</file>
         <name>int22.asm.obj</name>
      </input_file>
      <input_file id="fl-49">
         <path>C:\ti\ccs2041\ccs\tools\compiler\ti-cgt-msp430_21.6.1.LTS\lib\</path>
         <kind>archive</kind>
         <file>rts430x_lc_sd_eabi.lib</file>
         <name>isr_trap.asm.obj</name>
      </input_file>
      <input_file id="fl-4a">
         <path>C:\ti\ccs2041\ccs\tools\compiler\ti-cgt-msp430_21.6.1.LTS\lib\</path>
         <kind>archive</kind>
         <file>rts430x_lc_sd_eabi.lib</file>
         <name>int23.asm.obj</name>
      </input_file>
      <input_file id="fl-4b">
         <path>C:\ti\ccs2041\ccs\tools\compiler\ti-cgt-msp430_21.6.1.LTS\lib\</path>
         <kind>archive</kind>
         <file>rts430x_lc_sd_eabi.lib</file>
         <name>int24.asm.obj</name>
      </input_file>
      <input_file id="fl-4c">
         <path>C:\ti\ccs2041\ccs\tools\compiler\ti-cgt-msp430_21.6.1.LTS\lib\</path>
         <kind>archive</kind>
         <file>rts430x_lc_sd_eabi.lib</file>
         <name>int25.asm.obj</name>
      </input_file>
      <input_file id="fl-4d">
         <path>C:\ti\ccs2041\ccs\tools\compiler\ti-cgt-msp430_21.6.1.LTS\lib\</path>
         <kind>archive</kind>
         <file>rts430x_lc_sd_eabi.lib</file>
         <name>int26.asm.obj</name>
      </input_file>
      <input_file id="fl-4e">
         <path>C:\ti\ccs2041\ccs\tools\compiler\ti-cgt-msp430_21.6.1.LTS\lib\</path>
         <kind>archive</kind>
         <file>rts430x_lc_sd_eabi.lib</file>
         <name>int27.asm.obj</name>
      </input_file>
      <input_file id="fl-4f">
         <path>C:\ti\ccs2041\ccs\tools\compiler\ti-cgt-msp430_21.6.1.LTS\lib\</path>
         <kind>archive</kind>
         <file>rts430x_lc_sd_eabi.lib</file>
         <name>int28.asm.obj</name>
      </input_file>
      <input_file id="fl-50">
         <path>C:\ti\ccs2041\ccs\tools\compiler\ti-cgt-msp430_21.6.1.LTS\lib\</path>
         <kind>archive</kind>
         <file>rts430x_lc_sd_eabi.lib</file>
         <name>int29.asm.obj</name>
      </input_file>
      <input_file id="fl-51">
         <path>C:\ti\ccs2041\ccs\tools\compiler\ti-cgt-msp430_21.6.1.LTS\lib\</path>
         <kind>archive</kind>
         <file>rts430x_lc_sd_eabi.lib</file>
         <name>int30.asm.obj</name>
      </input_file>
      <input_file id="fl-52">
         <path>C:\ti\ccs2041\ccs\tools\compiler\ti-cgt-msp430_21.6.1.LTS\lib\</path>
         <kind>archive</kind>
         <file>rts430x_lc_sd_eabi.lib</file>
         <name>int31.asm.obj</name>
      </input_file>
      <input_file id="fl-53">
         <path>C:\ti\ccs2041\ccs\tools\compiler\ti-cgt-msp430_21.6.1.LTS\lib\</path>
         <kind>archive</kind>
         <file>rts430x_lc_sd_eabi.lib</file>
         <name>int33.asm.obj</name>
      </input_file>
      <input_file id="fl-54">
         <path>C:\ti\ccs2041\ccs\tools\compiler\ti-cgt-msp430_21.6.1.LTS\lib\</path>
         <kind>archive</kind>
         <file>rts430x_lc_sd_eabi.lib</file>
         <name>int34.asm.obj</name>
      </input_file>
      <input_file id="fl-55">
         <path>C:\ti\ccs2041\ccs\tools\compiler\ti-cgt-msp430_21.6.1.LTS\lib\</path>
         <kind>archive</kind>
         <file>rts430x_lc_sd_eabi.lib</file>
         <name>int35.asm.obj</name>
      </input_file>
      <input_file id="fl-56">
         <path>C:\ti\ccs2041\ccs\tools\compiler\ti-cgt-msp430_21.6.1.LTS\lib\</path>
         <kind>archive</kind>
         <file>rts430x_lc_sd_eabi.lib</file>
         <name>int36.asm.obj</name>
      </input_file>
      <input_file id="fl-57">
         <path>C:\ti\ccs2041\ccs\tools\compiler\ti-cgt-msp430_21.6.1.LTS\lib\</path>
         <kind>archive</kind>
         <file>rts430x_lc_sd_eabi.lib</file>
         <name>int37.asm.obj</name>
      </input_file>
      <input_file id="fl-58">
         <path>C:\ti\ccs2041\ccs\tools\compiler\ti-cgt-msp430_21.6.1.LTS\lib\</path>
         <kind>archive</kind>
         <file>rts430x_lc_sd_eabi.lib</file>
         <name>int38.asm.obj</name>
      </input_file>
      <input_file id="fl-59">
         <path>C:\ti\ccs2041\ccs\tools\compiler\ti-cgt-msp430_21.6.1.LTS\lib\</path>
         <kind>archive</kind>
         <file>rts430x_lc_sd_eabi.lib</file>
         <name>int39.asm.obj</name>
      </input_file>
      <input_file id="fl-5a">
         <path>C:\ti\ccs2041\ccs\tools\compiler\ti-cgt-msp430_21.6.1.LTS\lib\</path>
         <kind>archive</kind>
         <file>rts430x_lc_sd_eabi.lib</file>
         <name>int40.asm.obj</name>
      </input_file>
      <input_file id="fl-5b">
         <path>C:\ti\ccs2041\ccs\tools\compiler\ti-cgt-msp430_21.6.1.LTS\lib\</path>
         <kind>archive</kind>
         <file>rts430x_lc_sd_eabi.lib</file>
         <name>int42.asm.obj</name>
      </input_file>
      <input_file id="fl-5c">
         <path>C:\ti\ccs2041\ccs\tools\compiler\ti-cgt-msp430_21.6.1.LTS\lib\</path>
         <kind>archive</kind>
         <file>rts430x_lc_sd_eabi.lib</file>
         <name>int44.asm.obj</name>
      </input_file>
      <input_file id="fl-5d">
         <path>C:\ti\ccs2041\ccs\tools\compiler\ti-cgt-msp430_21.6.1.LTS\lib\</path>
         <kind>archive</kind>
         <file>rts430x_lc_sd_eabi.lib</file>
         <name>int45.asm.obj</name>
      </input_file>
      <input_file id="fl-5e">
         <path>C:\ti\ccs2041\ccs\tools\compiler\ti-cgt-msp430_21.6.1.LTS\lib\</path>
         <kind>archive</kind>
         <file>rts430x_lc_sd_eabi.lib</file>
         <name>copy_zero_init.c.obj</name>
      </input_file>
      <input_file id="fl-5f">
         <path>C:\ti\ccs2041\ccs\tools\compiler\ti-cgt-msp430_21.6.1.LTS\lib\</path>
         <kind>archive</kind>
         <file>rts430x_lc_sd_eabi.lib</file>
         <name>cpy_util.asm.obj</name>
      </input_file>
      <input_file id="fl-60">
         <path>C:\ti\ccs2041\ccs\tools\compiler\ti-cgt-msp430_21.6.1.LTS\lib\</path>
         <kind>archive</kind>
         <file>rts430x_lc_sd_eabi.lib</file>
         <name>fs_add.asm.obj</name>
      </input_file>
      <input_file id="fl-61">
         <path>C:\ti\ccs2041\ccs\tools\compiler\ti-cgt-msp430_21.6.1.LTS\lib\</path>
         <kind>archive</kind>
         <file>rts430x_lc_sd_eabi.lib</file>
         <name>fs_cmp.asm.obj</name>
      </input_file>
      <input_file id="fl-62">
         <path>C:\ti\ccs2041\ccs\tools\compiler\ti-cgt-msp430_21.6.1.LTS\lib\</path>
         <kind>archive</kind>
         <file>rts430x_lc_sd_eabi.lib</file>
         <name>fs_div.asm.obj</name>
      </input_file>
      <input_file id="fl-63">
         <path>C:\ti\ccs2041\ccs\tools\compiler\ti-cgt-msp430_21.6.1.LTS\lib\</path>
         <kind>archive</kind>
         <file>rts430x_lc_sd_eabi.lib</file>
         <name>div16s.asm.obj</name>
      </input_file>
      <input_file id="fl-64">
         <path>C:\ti\ccs2041\ccs\tools\compiler\ti-cgt-msp430_21.6.1.LTS\lib\</path>
         <kind>archive</kind>
         <file>rts430x_lc_sd_eabi.lib</file>
         <name>div32s.asm.obj</name>
      </input_file>
      <input_file id="fl-65">
         <path>C:\ti\ccs2041\ccs\tools\compiler\ti-cgt-msp430_21.6.1.LTS\lib\</path>
         <kind>archive</kind>
         <file>rts430x_lc_sd_eabi.lib</file>
         <name>div16u.asm.obj</name>
      </input_file>
      <input_file id="fl-66">
         <path>C:\ti\ccs2041\ccs\tools\compiler\ti-cgt-msp430_21.6.1.LTS\lib\</path>
         <kind>archive</kind>
         <file>rts430x_lc_sd_eabi.lib</file>
         <name>div32u.asm.obj</name>
      </input_file>
      <input_file id="fl-67">
         <path>C:\ti\ccs2041\ccs\tools\compiler\ti-cgt-msp430_21.6.1.LTS\lib\</path>
         <kind>archive</kind>
         <file>rts430x_lc_sd_eabi.lib</file>
         <name>fs_toi.asm.obj</name>
      </input_file>
      <input_file id="fl-68">
         <path>C:\ti\ccs2041\ccs\tools\compiler\ti-cgt-msp430_21.6.1.LTS\lib\</path>
         <kind>archive</kind>
         <file>rts430x_lc_sd_eabi.lib</file>
         <name>fs_tol.asm.obj</name>
      </input_file>
      <input_file id="fl-69">
         <path>C:\ti\ccs2041\ccs\tools\compiler\ti-cgt-msp430_21.6.1.LTS\lib\</path>
         <kind>archive</kind>
         <file>rts430x_lc_sd_eabi.lib</file>
         <name>fs_tou.asm.obj</name>
      </input_file>
      <input_file id="fl-6a">
         <path>C:\ti\ccs2041\ccs\tools\compiler\ti-cgt-msp430_21.6.1.LTS\lib\</path>
         <kind>archive</kind>
         <file>rts430x_lc_sd_eabi.lib</file>
         <name>fs_itof.asm.obj</name>
      </input_file>
      <input_file id="fl-6b">
         <path>C:\ti\ccs2041\ccs\tools\compiler\ti-cgt-msp430_21.6.1.LTS\lib\</path>
         <kind>archive</kind>
         <file>rts430x_lc_sd_eabi.lib</file>
         <name>fs_utof.asm.obj</name>
      </input_file>
      <input_file id="fl-6c">
         <path>C:\ti\ccs2041\ccs\tools\compiler\ti-cgt-msp430_21.6.1.LTS\lib\</path>
         <kind>archive</kind>
         <file>rts430x_lc_sd_eabi.lib</file>
         <name>fs_ultof.asm.obj</name>
      </input_file>
      <input_file id="fl-6d">
         <path>C:\ti\ccs2041\ccs\tools\compiler\ti-cgt-msp430_21.6.1.LTS\lib\</path>
         <kind>archive</kind>
         <file>rts430x_lc_sd_eabi.lib</file>
         <name>fs_mpy.asm.obj</name>
      </input_file>
      <input_file id="fl-6e">
         <path>C:\ti\ccs2041\ccs\tools\compiler\ti-cgt-msp430_21.6.1.LTS\lib\</path>
         <kind>archive</kind>
         <file>rts430x_lc_sd_eabi.lib</file>
         <name>mult16.asm.obj</name>
      </input_file>
      <input_file id="fl-6f">
         <path>C:\ti\ccs2041\ccs\tools\compiler\ti-cgt-msp430_21.6.1.LTS\lib\</path>
         <kind>archive</kind>
         <file>rts430x_lc_sd_eabi.lib</file>
         <name>mult16_f5hw.asm.obj</name>
      </input_file>
      <input_file id="fl-70">
         <path>C:\ti\ccs2041\ccs\tools\compiler\ti-cgt-msp430_21.6.1.LTS\lib\</path>
         <kind>archive</kind>
         <file>rts430x_lc_sd_eabi.lib</file>
         <name>mult32.asm.obj</name>
      </input_file>
      <input_file id="fl-71">
         <path>C:\ti\ccs2041\ccs\tools\compiler\ti-cgt-msp430_21.6.1.LTS\lib\</path>
         <kind>archive</kind>
         <file>rts430x_lc_sd_eabi.lib</file>
         <name>mult32_f5hw.asm.obj</name>
      </input_file>
      <input_file id="fl-72">
         <path>C:\ti\ccs2041\ccs\tools\compiler\ti-cgt-msp430_21.6.1.LTS\lib\</path>
         <kind>archive</kind>
         <file>rts430x_lc_sd_eabi.lib</file>
         <name>mult64_f5hw.asm.obj</name>
      </input_file>
      <input_file id="fl-73">
         <path>C:\ti\ccs2041\ccs\tools\compiler\ti-cgt-msp430_21.6.1.LTS\lib\</path>
         <kind>archive</kind>
         <file>rts430x_lc_sd_eabi.lib</file>
         <name>mult1632_f5hw.asm.obj</name>
      </input_file>
      <input_file id="fl-74">
         <path>C:\ti\ccs2041\ccs\tools\compiler\ti-cgt-msp430_21.6.1.LTS\lib\</path>
         <kind>archive</kind>
         <file>rts430x_lc_sd_eabi.lib</file>
         <name>mult3264_f5hw.asm.obj</name>
      </input_file>
      <input_file id="fl-75">
         <path>C:\ti\ccs2041\ccs\tools\compiler\ti-cgt-msp430_21.6.1.LTS\lib\</path>
         <kind>archive</kind>
         <file>rts430x_lc_sd_eabi.lib</file>
         <name>mult1632.asm.obj</name>
      </input_file>
      <input_file id="fl-76">
         <path>C:\ti\ccs2041\ccs\tools\compiler\ti-cgt-msp430_21.6.1.LTS\lib\</path>
         <kind>archive</kind>
         <file>rts430x_lc_sd_eabi.lib</file>
         <name>fs_neg.asm.obj</name>
      </input_file>
      <input_file id="fl-77">
         <path>C:\ti\ccs2041\ccs\tools\compiler\ti-cgt-msp430_21.6.1.LTS\lib\</path>
         <kind>archive</kind>
         <file>rts430x_lc_sd_eabi.lib</file>
         <name>lsl16.asm.obj</name>
      </input_file>
      <input_file id="fl-78">
         <path>C:\ti\ccs2041\ccs\tools\compiler\ti-cgt-msp430_21.6.1.LTS\lib\</path>
         <kind>archive</kind>
         <file>rts430x_lc_sd_eabi.lib</file>
         <name>lsr16.asm.obj</name>
      </input_file>
      <input_file id="fl-79">
         <path>C:\ti\ccs2041\ccs\tools\compiler\ti-cgt-msp430_21.6.1.LTS\lib\</path>
         <kind>archive</kind>
         <file>rts430x_lc_sd_eabi.lib</file>
         <name>boot.c.obj</name>
      </input_file>
      <input_file id="fl-7a">
         <path>C:\ti\ccs2041\ccs\ccs_base\msp430\lib\FR2xx\</path>
         <kind>archive</kind>
         <file>FRWP_INIT_LIB_CCS_msp430_large_code_small_data.lib</file>
         <name>frwp_init.obj</name>
      </input_file>
      <input_file id="fl-7b">
         <path>C:\ti\ccs2041\ccs\tools\compiler\ti-cgt-msp430_21.6.1.LTS\lib\</path>
         <kind>archive</kind>
         <file>rts430x_lc_sd_eabi.lib</file>
         <name>args_main.c.obj</name>
      </input_file>
      <input_file id="fl-7c">
         <path>C:\ti\ccs2041\ccs\tools\compiler\ti-cgt-msp430_21.6.1.LTS\lib\</path>
         <kind>archive</kind>
         <file>rts430x_lc_sd_eabi.lib</file>
         <name>autoinit.c.obj</name>
      </input_file>
      <input_file id="fl-7d">
         <path>C:\ti\ccs2041\ccs\tools\compiler\ti-cgt-msp430_21.6.1.LTS\lib\</path>
         <kind>archive</kind>
         <file>rts430x_lc_sd_eabi.lib</file>
         <name>startup.c.obj</name>
      </input_file>
      <input_file id="fl-7e">
         <path>C:\ti\ccs2041\ccs\tools\compiler\ti-cgt-msp430_21.6.1.LTS\lib\</path>
         <kind>archive</kind>
         <file>rts430x_lc_sd_eabi.lib</file>
         <name>pre_init.c.obj</name>
      </input_file>
      <input_file id="fl-7f">
         <path>C:\ti\ccs2041\ccs\tools\compiler\ti-cgt-msp430_21.6.1.LTS\lib\</path>
         <kind>archive</kind>
         <file>rts430x_lc_sd_eabi.lib</file>
         <name>abs.c.obj</name>
      </input_file>
      <input_file id="fl-80">
         <path>C:\ti\ccs2041\ccs\tools\compiler\ti-cgt-msp430_21.6.1.LTS\lib\</path>
         <kind>archive</kind>
         <file>rts430x_lc_sd_eabi.lib</file>
         <name>cpy_tbl.c.obj</name>
      </input_file>
      <input_file id="fl-81">
         <path>C:\ti\ccs2041\ccs\tools\compiler\ti-cgt-msp430_21.6.1.LTS\lib\</path>
         <kind>archive</kind>
         <file>rts430x_lc_sd_eabi.lib</file>
         <name>exit.c.obj</name>
      </input_file>
      <input_file id="fl-82">
         <path>C:\ti\ccs2041\ccs\tools\compiler\ti-cgt-msp430_21.6.1.LTS\lib\</path>
         <kind>archive</kind>
         <file>rts430x_lc_sd_eabi.lib</file>
         <name>exit_gvars.c.obj</name>
      </input_file>
      <input_file id="fl-83">
         <path>C:\ti\ccs2041\ccs\tools\compiler\ti-cgt-msp430_21.6.1.LTS\lib\</path>
         <kind>archive</kind>
         <file>rts430x_lc_sd_eabi.lib</file>
         <name>_lock.c.obj</name>
      </input_file>
      <input_file id="fl-84">
         <path>C:\ti\ccs2041\ccs\tools\compiler\ti-cgt-msp430_21.6.1.LTS\lib\</path>
         <kind>archive</kind>
         <file>rts430x_lc_sd_eabi.lib</file>
         <name>labs.c.obj</name>
      </input_file>
      <input_file id="fl-85">
         <path>C:\ti\ccs2041\ccs\tools\compiler\ti-cgt-msp430_21.6.1.LTS\lib\</path>
         <kind>archive</kind>
         <file>rts430x_lc_sd_eabi.lib</file>
         <name>memcpy.c.obj</name>
      </input_file>
      <input_file id="fl-86">
         <path>C:\ti\ccs2041\ccs\tools\compiler\ti-cgt-msp430_21.6.1.LTS\lib\</path>
         <kind>archive</kind>
         <file>rts430x_lc_sd_eabi.lib</file>
         <name>strcpy.c.obj</name>
      </input_file>
      <input_file id="fl-87">
         <path>C:\ti\ccs2041\ccs\tools\compiler\ti-cgt-msp430_21.6.1.LTS\lib\</path>
         <kind>archive</kind>
         <file>rts430x_lc_sd_eabi.lib</file>
         <name>strncmp.c.obj</name>
      </input_file>
   </input_file_list>
   <object_component_list>
      <object_component id="oc-aa2">
         <name>.cinit..data.load</name>
         <load_address>0x8000</load_address>
         <run_address>0x8000</run_address>
         <size>0x57</size>
      </object_component>
      <object_component id="oc-a9f">
         <name>__TI_handler_table</name>
         <load_address>0x8058</load_address>
         <run_address>0x8058</run_address>
         <size>0xc</size>
      </object_component>
      <object_component id="oc-aa1">
         <name>.cinit..bss.load</name>
         <load_address>0x8064</load_address>
         <run_address>0x8064</run_address>
         <size>0x6</size>
      </object_component>
      <object_component id="oc-aa0">
         <name>__TI_cinit_table</name>
         <load_address>0x806a</load_address>
         <run_address>0x806a</run_address>
         <size>0x10</size>
      </object_component>
      <object_component id="oc-a3f">
         <name>.binit</name>
         <load_address>0x807a</load_address>
         <run_address>0x807a</run_address>
         <size>0x0</size>
      </object_component>
      <object_component id="oc-7d4">
         <name>.const:.string</name>
         <load_address>0x807a</load_address>
         <run_address>0x807a</run_address>
         <size>0x84</size>
         <input_file_ref idref="fl-a"/>
      </object_component>
      <object_component id="oc-55d">
         <name>.const:.string</name>
         <load_address>0x80fe</load_address>
         <run_address>0x80fe</run_address>
         <size>0x24</size>
         <input_file_ref idref="fl-7"/>
      </object_component>
      <object_component id="oc-663">
         <name>.const:$P$T0$1</name>
         <load_address>0x8122</load_address>
         <run_address>0x8122</run_address>
         <size>0x10</size>
         <input_file_ref idref="fl-4"/>
      </object_component>
      <object_component id="oc-769">
         <name>.const:$P$T0$1</name>
         <load_address>0x8132</load_address>
         <run_address>0x8132</run_address>
         <size>0xe</size>
         <input_file_ref idref="fl-c"/>
      </object_component>
      <object_component id="oc-783">
         <name>.const:$P$T1$2</name>
         <load_address>0x8140</load_address>
         <run_address>0x8140</run_address>
         <size>0xe</size>
         <input_file_ref idref="fl-c"/>
      </object_component>
      <object_component id="oc-9c6">
         <name>.const:.string:$P$T0$1</name>
         <load_address>0x814e</load_address>
         <run_address>0x814e</run_address>
         <size>0xb</size>
         <input_file_ref idref="fl-a"/>
      </object_component>
      <object_component id="oc-9c9">
         <name>.const:.string:$P$T1$2</name>
         <load_address>0x815a</load_address>
         <run_address>0x815a</run_address>
         <size>0xb</size>
         <input_file_ref idref="fl-a"/>
      </object_component>
      <object_component id="oc-9cc">
         <name>.const:.string:$P$T2$3</name>
         <load_address>0x8166</load_address>
         <run_address>0x8166</run_address>
         <size>0xb</size>
         <input_file_ref idref="fl-a"/>
      </object_component>
      <object_component id="oc-932">
         <name>.const:.string:$P$T3$4</name>
         <load_address>0x8172</load_address>
         <run_address>0x8172</run_address>
         <size>0xb</size>
         <input_file_ref idref="fl-a"/>
      </object_component>
      <object_component id="oc-6ff">
         <name>.text:commandTick</name>
         <load_address>0x817e</load_address>
         <run_address>0x817e</run_address>
         <size>0x132e</size>
         <input_file_ref idref="fl-a"/>
      </object_component>
      <object_component id="oc-87e">
         <name>.text:setTurnSysIdDisplay</name>
         <load_address>0x94ac</load_address>
         <run_address>0x94ac</run_address>
         <size>0x26e</size>
         <input_file_ref idref="fl-a"/>
      </object_component>
      <object_component id="oc-712">
         <name>.text:format_bottom_heading</name>
         <load_address>0x971a</load_address>
         <run_address>0x971a</run_address>
         <size>0x158</size>
         <input_file_ref idref="fl-3"/>
      </object_component>
      <object_component id="oc-4d0">
         <name>.text:main</name>
         <load_address>0x9872</load_address>
         <run_address>0x9872</run_address>
         <size>0x13a</size>
         <input_file_ref idref="fl-7"/>
      </object_component>
      <object_component id="oc-83f">
         <name>.text</name>
         <load_address>0x99ac</load_address>
         <run_address>0x99ac</run_address>
         <size>0x132</size>
         <input_file_ref idref="fl-60"/>
      </object_component>
      <object_component id="oc-577">
         <name>.text:setRobotShape</name>
         <load_address>0x9ade</load_address>
         <run_address>0x9ade</run_address>
         <size>0xf8</size>
         <input_file_ref idref="fl-a"/>
      </object_component>
      <object_component id="oc-66">
         <name>.text:decompress:lzss:__TI_decompress_lzss</name>
         <load_address>0x9bd6</load_address>
         <run_address>0x9bd6</run_address>
         <size>0xee</size>
         <input_file_ref idref="fl-46"/>
      </object_component>
      <object_component id="oc-6e7">
         <name>.text:applyMotorMode</name>
         <load_address>0x9cc4</load_address>
         <run_address>0x9cc4</run_address>
         <size>0xec</size>
         <input_file_ref idref="fl-8"/>
      </object_component>
      <object_component id="oc-9a6">
         <name>.text:formatGainLine</name>
         <load_address>0x9db0</load_address>
         <run_address>0x9db0</run_address>
         <size>0xc8</size>
         <input_file_ref idref="fl-a"/>
      </object_component>
      <object_component id="oc-991">
         <name>.text:clampSignedPwm</name>
         <load_address>0x9e78</load_address>
         <run_address>0x9e78</run_address>
         <size>0xc6</size>
         <input_file_ref idref="fl-a"/>
      </object_component>
      <object_component id="oc-556">
         <name>.text:Init_LCD</name>
         <load_address>0x9f3e</load_address>
         <run_address>0x9f3e</run_address>
         <size>0xc4</size>
         <input_file_ref idref="fl-d"/>
      </object_component>
      <object_component id="oc-565">
         <name>.text:Init_IMU</name>
         <load_address>0xa002</load_address>
         <run_address>0xa002</run_address>
         <size>0xc2</size>
         <input_file_ref idref="fl-4"/>
      </object_component>
      <object_component id="oc-614">
         <name>.text:Software_Trim</name>
         <load_address>0xa0c4</load_address>
         <run_address>0xa0c4</run_address>
         <size>0xbe</size>
         <input_file_ref idref="fl-2"/>
      </object_component>
      <object_component id="oc-6f3">
         <name>.text</name>
         <load_address>0xa182</load_address>
         <run_address>0xa182</run_address>
         <size>0xb8</size>
         <input_file_ref idref="fl-6d"/>
      </object_component>
      <object_component id="oc-5ef">
         <name>.text:Init_Port1</name>
         <load_address>0xa23a</load_address>
         <run_address>0xa23a</run_address>
         <size>0xaa</size>
         <input_file_ref idref="fl-9"/>
      </object_component>
      <object_component id="oc-5fb">
         <name>.text:Init_Port3</name>
         <load_address>0xa2e4</load_address>
         <run_address>0xa2e4</run_address>
         <size>0xaa</size>
         <input_file_ref idref="fl-9"/>
      </object_component>
      <object_component id="oc-85f">
         <name>.text:pwmCountsFromPercentFloat</name>
         <load_address>0xa38e</load_address>
         <run_address>0xa38e</run_address>
         <size>0xa0</size>
         <input_file_ref idref="fl-a"/>
      </object_component>
      <object_component id="oc-5f5">
         <name>.text:Init_Port2</name>
         <load_address>0xa42e</load_address>
         <run_address>0xa42e</run_address>
         <size>0x96</size>
         <input_file_ref idref="fl-9"/>
      </object_component>
      <object_component id="oc-60d">
         <name>.text:Init_Port6</name>
         <load_address>0xa4c4</load_address>
         <run_address>0xa4c4</run_address>
         <size>0x92</size>
         <input_file_ref idref="fl-9"/>
      </object_component>
      <object_component id="oc-678">
         <name>.text:EUSCI_A_UART_init</name>
         <load_address>0xa556</load_address>
         <run_address>0xa556</run_address>
         <size>0x90</size>
         <input_file_ref idref="fl-14"/>
      </object_component>
      <object_component id="oc-85a">
         <name>.text</name>
         <load_address>0xa5e6</load_address>
         <run_address>0xa5e6</run_address>
         <size>0x90</size>
         <input_file_ref idref="fl-62"/>
      </object_component>
      <object_component id="oc-81f">
         <name>.text:commandTickParallelDriveChild</name>
         <load_address>0xa676</load_address>
         <run_address>0xa676</run_address>
         <size>0x8c</size>
         <input_file_ref idref="fl-a"/>
      </object_component>
      <object_component id="oc-8d5">
         <name>.text</name>
         <load_address>0xa702</load_address>
         <run_address>0xa702</run_address>
         <size>0x7e</size>
         <input_file_ref idref="fl-68"/>
      </object_component>
      <object_component id="oc-623">
         <name>.text:Init_Timer_B0</name>
         <load_address>0xa780</load_address>
         <run_address>0xa780</run_address>
         <size>0x7c</size>
         <input_file_ref idref="fl-c"/>
      </object_component>
      <object_component id="oc-601">
         <name>.text:Init_Port4</name>
         <load_address>0xa7fc</load_address>
         <run_address>0xa7fc</run_address>
         <size>0x7a</size>
         <input_file_ref idref="fl-9"/>
      </object_component>
      <object_component id="oc-629">
         <name>.text:Init_Timer_B1</name>
         <load_address>0xa876</load_address>
         <run_address>0xa876</run_address>
         <size>0x76</size>
         <input_file_ref idref="fl-c"/>
      </object_component>
      <object_component id="oc-844">
         <name>.text:wrapAngle</name>
         <load_address>0xa8ec</load_address>
         <run_address>0xa8ec</run_address>
         <size>0x76</size>
         <input_file_ref idref="fl-a"/>
      </object_component>
      <object_component id="oc-8ce">
         <name>.text:wrap_heading</name>
         <load_address>0xa962</load_address>
         <run_address>0xa962</run_address>
         <size>0x76</size>
         <input_file_ref idref="fl-4"/>
      </object_component>
      <object_component id="oc-825">
         <name>.text:pwmCountsFromPercent</name>
         <load_address>0xa9d8</load_address>
         <run_address>0xa9d8</run_address>
         <size>0x74</size>
         <input_file_ref idref="fl-a"/>
      </object_component>
      <object_component id="oc-834">
         <name>.text:setTurnAutoTuneDisplay</name>
         <load_address>0xaa4c</load_address>
         <run_address>0xaa4c</run_address>
         <size>0x72</size>
         <input_file_ref idref="fl-a"/>
      </object_component>
      <object_component id="oc-58f">
         <name>.text:updateRobot</name>
         <load_address>0xaabe</load_address>
         <run_address>0xaabe</run_address>
         <size>0x6e</size>
         <input_file_ref idref="fl-a"/>
      </object_component>
      <object_component id="oc-89c">
         <name>.text:clampPwmCounts</name>
         <load_address>0xab2c</load_address>
         <run_address>0xab2c</run_address>
         <size>0x6c</size>
         <input_file_ref idref="fl-a"/>
      </object_component>
      <object_component id="oc-5c0">
         <name>.text:__TI_auto_init_nobinit_nopinit_hold_wdt:__TI_auto_init_nobinit_nopinit_hold_wdt</name>
         <load_address>0xab98</load_address>
         <run_address>0xab98</run_address>
         <size>0x6a</size>
         <input_file_ref idref="fl-7c"/>
      </object_component>
      <object_component id="oc-7d5">
         <name>.text:setCurrentCommandDisplay</name>
         <load_address>0xac02</load_address>
         <run_address>0xac02</run_address>
         <size>0x6a</size>
         <input_file_ref idref="fl-a"/>
      </object_component>
      <object_component id="oc-544">
         <name>.text:Init_Clocks</name>
         <load_address>0xac6c</load_address>
         <run_address>0xac6c</run_address>
         <size>0x68</size>
         <input_file_ref idref="fl-2"/>
      </object_component>
      <object_component id="oc-865">
         <name>.text</name>
         <load_address>0xacd4</load_address>
         <run_address>0xacd4</run_address>
         <size>0x68</size>
         <input_file_ref idref="fl-67"/>
      </object_component>
      <object_component id="oc-62f">
         <name>.text:Init_Timer_B3</name>
         <load_address>0xad3c</load_address>
         <run_address>0xad3c</run_address>
         <size>0x66</size>
         <input_file_ref idref="fl-c"/>
      </object_component>
      <object_component id="oc-607">
         <name>.text:Init_Port5</name>
         <load_address>0xada2</load_address>
         <run_address>0xada2</run_address>
         <size>0x62</size>
         <input_file_ref idref="fl-9"/>
      </object_component>
      <object_component id="oc-7e0">
         <name>.text:getChainApi</name>
         <load_address>0xae04</load_address>
         <run_address>0xae04</run_address>
         <size>0x62</size>
         <input_file_ref idref="fl-a"/>
      </object_component>
      <object_component id="oc-776">
         <name>.text:Timer_B_initUpMode</name>
         <load_address>0xae66</load_address>
         <run_address>0xae66</run_address>
         <size>0x5c</size>
         <input_file_ref idref="fl-23"/>
      </object_component>
      <object_component id="oc-82b">
         <name>.text:applyMixedDrive</name>
         <load_address>0xaec2</load_address>
         <run_address>0xaec2</run_address>
         <size>0x5c</size>
         <input_file_ref idref="fl-a"/>
      </object_component>
      <object_component id="oc-583">
         <name>.text:Motors_Service</name>
         <load_address>0xaf1e</load_address>
         <run_address>0xaf1e</run_address>
         <size>0x5a</size>
         <input_file_ref idref="fl-8"/>
      </object_component>
      <object_component id="oc-595">
         <name>.text:Display_Process</name>
         <load_address>0xaf78</load_address>
         <run_address>0xaf78</run_address>
         <size>0x58</size>
         <input_file_ref idref="fl-3"/>
      </object_component>
      <object_component id="oc-4fe">
         <name>.text:imu_process_payload</name>
         <load_address>0xafd0</load_address>
         <run_address>0xafd0</run_address>
         <size>0x58</size>
         <input_file_ref idref="fl-4"/>
      </object_component>
      <object_component id="oc-771">
         <name>.text</name>
         <load_address>0xb028</load_address>
         <run_address>0xb028</run_address>
         <size>0x58</size>
         <input_file_ref idref="fl-66"/>
      </object_component>
      <object_component id="oc-a06">
         <name>.text:Command_TurnToAngle</name>
         <load_address>0xb080</load_address>
         <run_address>0xb080</run_address>
         <size>0x52</size>
         <input_file_ref idref="fl-a"/>
      </object_component>
      <object_component id="oc-54a">
         <name>.text:Init_Conditions</name>
         <load_address>0xb0d2</load_address>
         <run_address>0xb0d2</run_address>
         <size>0x52</size>
         <input_file_ref idref="fl-5"/>
      </object_component>
      <object_component id="oc-a1b">
         <name>.text:Command_TurnSysId</name>
         <load_address>0xb124</load_address>
         <run_address>0xb124</run_address>
         <size>0x4e</size>
         <input_file_ref idref="fl-a"/>
      </object_component>
      <object_component id="oc-a0d">
         <name>.text:Command_DriveStraight</name>
         <load_address>0xb172</load_address>
         <run_address>0xb172</run_address>
         <size>0x4c</size>
         <input_file_ref idref="fl-a"/>
      </object_component>
      <object_component id="oc-a14">
         <name>.text:Command_ReverseStraight</name>
         <load_address>0xb1be</load_address>
         <run_address>0xb1be</run_address>
         <size>0x4c</size>
         <input_file_ref idref="fl-a"/>
      </object_component>
      <object_component id="oc-4a1">
         <name>.text:imu_consume_byte</name>
         <load_address>0xb20a</load_address>
         <run_address>0xb20a</run_address>
         <size>0x4c</size>
         <input_file_ref idref="fl-4"/>
      </object_component>
      <object_component id="oc-6b1">
         <name>.text:Command_Parallel</name>
         <load_address>0xb256</load_address>
         <run_address>0xb256</run_address>
         <size>0x4a</size>
         <input_file_ref idref="fl-a"/>
      </object_component>
      <object_component id="oc-6c1">
         <name>.text:Command_Sequence</name>
         <load_address>0xb2a0</load_address>
         <run_address>0xb2a0</run_address>
         <size>0x4a</size>
         <input_file_ref idref="fl-a"/>
      </object_component>
      <object_component id="oc-84a">
         <name>.text</name>
         <load_address>0xb2ea</load_address>
         <run_address>0xb2ea</run_address>
         <size>0x4a</size>
         <input_file_ref idref="fl-61"/>
      </object_component>
      <object_component id="oc-9bf">
         <name>.text:clampPWM</name>
         <load_address>0xb334</load_address>
         <run_address>0xb334</run_address>
         <size>0x48</size>
         <input_file_ref idref="fl-8"/>
      </object_component>
      <object_component id="oc-a2b">
         <name>.text:pwmCountsFromPercent</name>
         <load_address>0xb37c</load_address>
         <run_address>0xb37c</run_address>
         <size>0x48</size>
         <input_file_ref idref="fl-8"/>
      </object_component>
      <object_component id="oc-9b4">
         <name>.text</name>
         <load_address>0xb3c4</load_address>
         <run_address>0xb3c4</run_address>
         <size>0x46</size>
         <input_file_ref idref="fl-69"/>
      </object_component>
      <object_component id="oc-71e">
         <name>.text:Display_Update</name>
         <load_address>0xb40a</load_address>
         <run_address>0xb40a</run_address>
         <size>0x44</size>
         <input_file_ref idref="fl-d"/>
      </object_component>
      <object_component id="oc-6e1">
         <name>.text:requiresDirectionChangeDeadtime</name>
         <load_address>0xb44e</load_address>
         <run_address>0xb44e</run_address>
         <size>0x42</size>
         <input_file_ref idref="fl-8"/>
      </object_component>
      <object_component id="oc-636">
         <name>.text:Init_SPI_B1</name>
         <load_address>0xb490</load_address>
         <run_address>0xb490</run_address>
         <size>0x40</size>
         <input_file_ref idref="fl-d"/>
      </object_component>
      <object_component id="oc-42b">
         <name>.text:__memcpy_far</name>
         <load_address>0xb4d0</load_address>
         <run_address>0xb4d0</run_address>
         <size>0x40</size>
         <input_file_ref idref="fl-5f"/>
      </object_component>
      <object_component id="oc-812">
         <name>.text:switchLeftProcess</name>
         <load_address>0xb510</load_address>
         <run_address>0xb510</run_address>
         <size>0x40</size>
         <input_file_ref idref="fl-a"/>
      </object_component>
      <object_component id="oc-818">
         <name>.text:switchRightProcess</name>
         <load_address>0xb550</load_address>
         <run_address>0xb550</run_address>
         <size>0x40</size>
         <input_file_ref idref="fl-a"/>
      </object_component>
      <object_component id="oc-988">
         <name>.text:cycleShapeLeft</name>
         <load_address>0xb590</load_address>
         <run_address>0xb590</run_address>
         <size>0x3e</size>
         <input_file_ref idref="fl-a"/>
      </object_component>
      <object_component id="oc-981">
         <name>.text:cycleShapeRight</name>
         <load_address>0xb5ce</load_address>
         <run_address>0xb5ce</run_address>
         <size>0x3e</size>
         <input_file_ref idref="fl-a"/>
      </object_component>
      <object_component id="oc-454">
         <name>.text:decompress:ZI:__TI_zero_init</name>
         <load_address>0xb60c</load_address>
         <run_address>0xb60c</run_address>
         <size>0x3e</size>
         <input_file_ref idref="fl-5e"/>
      </object_component>
      <object_component id="oc-4e2">
         <name>.text:__mpu_init</name>
         <load_address>0xb64a</load_address>
         <run_address>0xb64a</run_address>
         <size>0x3c</size>
         <input_file_ref idref="fl-7a"/>
      </object_component>
      <object_component id="oc-958">
         <name>.text:chainAndThenTurnToAngle</name>
         <load_address>0xb686</load_address>
         <run_address>0xb686</run_address>
         <size>0x3c</size>
         <input_file_ref idref="fl-a"/>
      </object_component>
      <object_component id="oc-6c">
         <name>.text:decompress:none:__TI_decompress_none</name>
         <load_address>0xb6c2</load_address>
         <run_address>0xb6c2</run_address>
         <size>0x3c</size>
         <input_file_ref idref="fl-47"/>
      </object_component>
      <object_component id="oc-952">
         <name>.text:chainAndThenSpinCCW</name>
         <load_address>0xb6fe</load_address>
         <run_address>0xb6fe</run_address>
         <size>0x3a</size>
         <input_file_ref idref="fl-a"/>
      </object_component>
      <object_component id="oc-94c">
         <name>.text:chainAndThenSpinCW</name>
         <load_address>0xb738</load_address>
         <run_address>0xb738</run_address>
         <size>0x3a</size>
         <input_file_ref idref="fl-a"/>
      </object_component>
      <object_component id="oc-95e">
         <name>.text:chainAndThenDriveStraight</name>
         <load_address>0xb772</load_address>
         <run_address>0xb772</run_address>
         <size>0x38</size>
         <input_file_ref idref="fl-a"/>
      </object_component>
      <object_component id="oc-93d">
         <name>.text:chainAndThenForward</name>
         <load_address>0xb7aa</load_address>
         <run_address>0xb7aa</run_address>
         <size>0x38</size>
         <input_file_ref idref="fl-a"/>
      </object_component>
      <object_component id="oc-946">
         <name>.text:chainAndThenReverse</name>
         <load_address>0xb7e2</load_address>
         <run_address>0xb7e2</run_address>
         <size>0x38</size>
         <input_file_ref idref="fl-a"/>
      </object_component>
      <object_component id="oc-964">
         <name>.text:chainAndThenReverseStraight</name>
         <load_address>0xb81a</load_address>
         <run_address>0xb81a</run_address>
         <size>0x38</size>
         <input_file_ref idref="fl-a"/>
      </object_component>
      <object_component id="oc-96a">
         <name>.text:chainAndThenTurnSysId</name>
         <load_address>0xb852</load_address>
         <run_address>0xb852</run_address>
         <size>0x38</size>
         <input_file_ref idref="fl-a"/>
      </object_component>
      <object_component id="oc-6d4">
         <name>.text:chainAndThenWait</name>
         <load_address>0xb88a</load_address>
         <run_address>0xb88a</run_address>
         <size>0x38</size>
         <input_file_ref idref="fl-a"/>
      </object_component>
      <object_component id="oc-809">
         <name>.text:Timer_CCR_Interval_From_Frequency</name>
         <load_address>0xb8c2</load_address>
         <run_address>0xb8c2</run_address>
         <size>0x36</size>
         <input_file_ref idref="fl-8"/>
      </object_component>
      <object_component id="oc-7cc">
         <name>.text:commandResetRecursive</name>
         <load_address>0xb8f8</load_address>
         <run_address>0xb8f8</run_address>
         <size>0x36</size>
         <input_file_ref idref="fl-a"/>
      </object_component>
      <object_component id="oc-6ee">
         <name>.text</name>
         <load_address>0xb92e</load_address>
         <run_address>0xb92e</run_address>
         <size>0x36</size>
         <input_file_ref idref="fl-6a"/>
      </object_component>
      <object_component id="oc-878">
         <name>.text:Motors_DriveSpinPWM</name>
         <load_address>0xb964</load_address>
         <run_address>0xb964</run_address>
         <size>0x34</size>
         <input_file_ref idref="fl-8"/>
      </object_component>
      <object_component id="oc-8da">
         <name>.text</name>
         <load_address>0xb998</load_address>
         <run_address>0xb998</run_address>
         <size>0x32</size>
         <input_file_ref idref="fl-6c"/>
      </object_component>
      <object_component id="oc-6a9">
         <name>.text:Command_Spin</name>
         <load_address>0xb9ca</load_address>
         <run_address>0xb9ca</run_address>
         <size>0x30</size>
         <input_file_ref idref="fl-a"/>
      </object_component>
      <object_component id="oc-86d">
         <name>.text:roundPositiveToUInt</name>
         <load_address>0xb9fa</load_address>
         <run_address>0xb9fa</run_address>
         <size>0x30</size>
         <input_file_ref idref="fl-a"/>
      </object_component>
      <object_component id="oc-8a8">
         <name>.text:Motors_DriveForwardPWM</name>
         <load_address>0xba2a</load_address>
         <run_address>0xba2a</run_address>
         <size>0x2e</size>
         <input_file_ref idref="fl-8"/>
      </object_component>
      <object_component id="oc-8a2">
         <name>.text:Motors_DriveReversePWM</name>
         <load_address>0xba58</load_address>
         <run_address>0xba58</run_address>
         <size>0x2e</size>
         <input_file_ref idref="fl-8"/>
      </object_component>
      <object_component id="oc-99d">
         <name>.text:Motors_DriveSpinReversePWM</name>
         <load_address>0xba86</load_address>
         <run_address>0xba86</run_address>
         <size>0x2e</size>
         <input_file_ref idref="fl-8"/>
      </object_component>
      <object_component id="oc-9fd">
         <name>.text:Command_Reverse</name>
         <load_address>0xbab4</load_address>
         <run_address>0xbab4</run_address>
         <size>0x2c</size>
         <input_file_ref idref="fl-a"/>
      </object_component>
      <object_component id="oc-6a2">
         <name>.text:Command_Forward</name>
         <load_address>0xbae0</load_address>
         <run_address>0xbae0</run_address>
         <size>0x2a</size>
         <input_file_ref idref="fl-a"/>
      </object_component>
      <object_component id="oc-7e6">
         <name>.text:Command_Wait</name>
         <load_address>0xbb0a</load_address>
         <run_address>0xbb0a</run_address>
         <size>0x2a</size>
         <input_file_ref idref="fl-a"/>
      </object_component>
      <object_component id="oc-970">
         <name>.text:chainSchedule</name>
         <load_address>0xbb34</load_address>
         <run_address>0xbb34</run_address>
         <size>0x2a</size>
         <input_file_ref idref="fl-a"/>
      </object_component>
      <object_component id="oc-718">
         <name>.text:strncmp</name>
         <load_address>0xbb5e</load_address>
         <run_address>0xbb5e</run_address>
         <size>0x2a</size>
         <input_file_ref idref="fl-87"/>
      </object_component>
      <object_component id="oc-9e3">
         <name>.text:WriteData</name>
         <load_address>0xbb88</load_address>
         <run_address>0xbb88</run_address>
         <size>0x28</size>
         <input_file_ref idref="fl-d"/>
      </object_component>
      <object_component id="oc-64e">
         <name>.text:WriteIns</name>
         <load_address>0xbbb0</load_address>
         <run_address>0xbbb0</run_address>
         <size>0x28</size>
         <input_file_ref idref="fl-d"/>
      </object_component>
      <object_component id="oc-70c">
         <name>.text:getHeading</name>
         <load_address>0xbbd8</load_address>
         <run_address>0xbbd8</run_address>
         <size>0x26</size>
         <input_file_ref idref="fl-4"/>
      </object_component>
      <object_component id="oc-7fc">
         <name>.text:leftWheelDirectionForMode</name>
         <load_address>0xbbfe</load_address>
         <run_address>0xbbfe</run_address>
         <size>0x26</size>
         <input_file_ref idref="fl-8"/>
      </object_component>
      <object_component id="oc-802">
         <name>.text:rightWheelDirectionForMode</name>
         <load_address>0xbc24</load_address>
         <run_address>0xbc24</run_address>
         <size>0x26</size>
         <input_file_ref idref="fl-8"/>
      </object_component>
      <object_component id="oc-84f">
         <name>.text:absoluteFloat</name>
         <load_address>0xbc4a</load_address>
         <run_address>0xbc4a</run_address>
         <size>0x24</size>
         <input_file_ref idref="fl-a"/>
      </object_component>
      <object_component id="oc-83a">
         <name>.text</name>
         <load_address>0xbc6e</load_address>
         <run_address>0xbc6e</run_address>
         <size>0x24</size>
         <input_file_ref idref="fl-6b"/>
      </object_component>
      <object_component id="oc-76c">
         <name>.text</name>
         <load_address>0xbc92</load_address>
         <run_address>0xbc92</run_address>
         <size>0x24</size>
         <input_file_ref idref="fl-71"/>
      </object_component>
      <object_component id="oc-6b7">
         <name>.text:scheduleCommand</name>
         <load_address>0xbcb6</load_address>
         <run_address>0xbcb6</run_address>
         <size>0x20</size>
         <input_file_ref idref="fl-a"/>
      </object_component>
      <object_component id="oc-589">
         <name>.text:zeroHeading</name>
         <load_address>0xbcd6</load_address>
         <run_address>0xbcd6</run_address>
         <size>0x1e</size>
         <input_file_ref idref="fl-4"/>
      </object_component>
      <object_component id="oc-792">
         <name>.text:SPI_B1_write</name>
         <load_address>0xbcf4</load_address>
         <run_address>0xbcf4</run_address>
         <size>0x1c</size>
         <input_file_ref idref="fl-d"/>
      </object_component>
      <object_component id="oc-97b">
         <name>.text:__mpyul</name>
         <load_address>0xbd10</load_address>
         <run_address>0xbd10</run_address>
         <size>0x1c</size>
         <input_file_ref idref="fl-73"/>
      </object_component>
      <object_component id="oc-7ec">
         <name>.text:chainAppend</name>
         <load_address>0xbd2c</load_address>
         <run_address>0xbd2c</run_address>
         <size>0x1c</size>
         <input_file_ref idref="fl-a"/>
      </object_component>
      <object_component id="oc-8ed">
         <name>.text:lcd_out</name>
         <load_address>0xbd48</load_address>
         <run_address>0xbd48</run_address>
         <size>0x1c</size>
         <input_file_ref idref="fl-d"/>
      </object_component>
      <object_component id="oc-672">
         <name>.text:EUSCI_A_UART_disableInterrupt</name>
         <load_address>0xbd64</load_address>
         <run_address>0xbd64</run_address>
         <size>0x1a</size>
         <input_file_ref idref="fl-14"/>
      </object_component>
      <object_component id="oc-68a">
         <name>.text:EUSCI_A_UART_enableInterrupt</name>
         <load_address>0xbd7e</load_address>
         <run_address>0xbd7e</run_address>
         <size>0x1a</size>
         <input_file_ref idref="fl-14"/>
      </object_component>
      <object_component id="oc-53e">
         <name>.text:Init_Ports</name>
         <load_address>0xbd98</load_address>
         <run_address>0xbd98</run_address>
         <size>0x1a</size>
         <input_file_ref idref="fl-9"/>
      </object_component>
      <object_component id="oc-799">
         <name>.text:ClrDisplay_Buffer_0</name>
         <load_address>0xbdb2</load_address>
         <run_address>0xbdb2</run_address>
         <size>0x18</size>
         <input_file_ref idref="fl-d"/>
      </object_component>
      <object_component id="oc-79f">
         <name>.text:ClrDisplay_Buffer_1</name>
         <load_address>0xbdca</load_address>
         <run_address>0xbdca</run_address>
         <size>0x18</size>
         <input_file_ref idref="fl-d"/>
      </object_component>
      <object_component id="oc-7a5">
         <name>.text:ClrDisplay_Buffer_2</name>
         <load_address>0xbde2</load_address>
         <run_address>0xbde2</run_address>
         <size>0x18</size>
         <input_file_ref idref="fl-d"/>
      </object_component>
      <object_component id="oc-7ab">
         <name>.text:ClrDisplay_Buffer_3</name>
         <load_address>0xbdfa</load_address>
         <run_address>0xbdfa</run_address>
         <size>0x18</size>
         <input_file_ref idref="fl-d"/>
      </object_component>
      <object_component id="oc-8c6">
         <name>.text:Motors_IsSettled</name>
         <load_address>0xbe12</load_address>
         <run_address>0xbe12</run_address>
         <size>0x18</size>
         <input_file_ref idref="fl-8"/>
      </object_component>
      <object_component id="oc-571">
         <name>.text:initRobot</name>
         <load_address>0xbe2a</load_address>
         <run_address>0xbe2a</run_address>
         <size>0x18</size>
         <input_file_ref idref="fl-a"/>
      </object_component>
      <object_component id="oc-873">
         <name>.text</name>
         <load_address>0xbe42</load_address>
         <run_address>0xbe42</run_address>
         <size>0x18</size>
         <input_file_ref idref="fl-6f"/>
      </object_component>
      <object_component id="oc-654">
         <name>.text:ClrDisplay</name>
         <load_address>0xbe5a</load_address>
         <run_address>0xbe5a</run_address>
         <size>0x16</size>
         <input_file_ref idref="fl-d"/>
      </object_component>
      <object_component id="oc-8e5">
         <name>.text</name>
         <load_address>0xbe70</load_address>
         <run_address>0xbe70</run_address>
         <size>0x16</size>
         <input_file_ref idref="fl-65"/>
      </object_component>
      <object_component id="oc-642">
         <name>.text:spi_chipselect_idle</name>
         <load_address>0xbe86</load_address>
         <run_address>0xbe86</run_address>
         <size>0x16</size>
         <input_file_ref idref="fl-d"/>
      </object_component>
      <object_component id="oc-49b">
         <name>.text:EUSCI_A_UART_receiveData</name>
         <load_address>0xbe9c</load_address>
         <run_address>0xbe9c</run_address>
         <size>0x14</size>
         <input_file_ref idref="fl-14"/>
      </object_component>
      <object_component id="oc-7c3">
         <name>.text:secondsToTicks</name>
         <load_address>0xbeb0</load_address>
         <run_address>0xbeb0</run_address>
         <size>0x14</size>
         <input_file_ref idref="fl-a"/>
      </object_component>
      <object_component id="oc-666">
         <name>.text:memcpy</name>
         <load_address>0xbec4</load_address>
         <run_address>0xbec4</run_address>
         <size>0x12</size>
         <input_file_ref idref="fl-85"/>
      </object_component>
      <object_component id="oc-69b">
         <name>.text:resetRobot</name>
         <load_address>0xbed6</load_address>
         <run_address>0xbed6</run_address>
         <size>0x12</size>
         <input_file_ref idref="fl-a"/>
      </object_component>
      <object_component id="oc-78c">
         <name>.text:spi_chipselect_active</name>
         <load_address>0xbee8</load_address>
         <run_address>0xbee8</run_address>
         <size>0x12</size>
         <input_file_ref idref="fl-d"/>
      </object_component>
      <object_component id="oc-6f9">
         <name>.text:switchProcess</name>
         <load_address>0xbefa</load_address>
         <run_address>0xbefa</run_address>
         <size>0x12</size>
         <input_file_ref idref="fl-a"/>
      </object_component>
      <object_component id="oc-55e">
         <name>.text:strcpy</name>
         <load_address>0xbf0c</load_address>
         <run_address>0xbf0c</run_address>
         <size>0x10</size>
         <input_file_ref idref="fl-86"/>
      </object_component>
      <object_component id="oc-65a">
         <name>.text:DisplayOnOff</name>
         <load_address>0xbf1c</load_address>
         <run_address>0xbf1c</run_address>
         <size>0xe</size>
         <input_file_ref idref="fl-d"/>
      </object_component>
      <object_component id="oc-550">
         <name>.text:Init_Timers</name>
         <load_address>0xbf2a</load_address>
         <run_address>0xbf2a</run_address>
         <size>0xe</size>
         <input_file_ref idref="fl-c"/>
      </object_component>
      <object_component id="oc-8df">
         <name>.text:labs</name>
         <load_address>0xbf38</load_address>
         <run_address>0xbf38</run_address>
         <size>0xe</size>
         <input_file_ref idref="fl-84"/>
      </object_component>
      <object_component id="oc-997">
         <name>.text:abs</name>
         <load_address>0xbf46</load_address>
         <run_address>0xbf46</run_address>
         <size>0xa</size>
         <input_file_ref idref="fl-7f"/>
      </object_component>
      <object_component id="oc-57d">
         <name>.text:chainWait</name>
         <load_address>0xbf50</load_address>
         <run_address>0xbf50</run_address>
         <size>0xa</size>
         <input_file_ref idref="fl-a"/>
      </object_component>
      <object_component id="oc-6c7">
         <name>.text:commandDisplayName</name>
         <load_address>0xbf5a</load_address>
         <run_address>0xbf5a</run_address>
         <size>0xa</size>
         <input_file_ref idref="fl-a"/>
      </object_component>
      <object_component id="oc-504">
         <name>.text:imu_reset_parser</name>
         <load_address>0xbf64</load_address>
         <run_address>0xbf64</run_address>
         <size>0xa</size>
         <input_file_ref idref="fl-4"/>
      </object_component>
      <object_component id="oc-855">
         <name>.text</name>
         <load_address>0xbf6e</load_address>
         <run_address>0xbf6e</run_address>
         <size>0xa</size>
         <input_file_ref idref="fl-76"/>
      </object_component>
      <object_component id="oc-684">
         <name>.text:EUSCI_A_UART_clearInterrupt</name>
         <load_address>0xbf78</load_address>
         <run_address>0xbf78</run_address>
         <size>0x8</size>
         <input_file_ref idref="fl-14"/>
      </object_component>
      <object_component id="oc-495">
         <name>.text:EUSCI_A_UART_getInterruptStatus</name>
         <load_address>0xbf80</load_address>
         <run_address>0xbf80</run_address>
         <size>0x8</size>
         <input_file_ref idref="fl-14"/>
      </object_component>
      <object_component id="oc-8b4">
         <name>.text:driveSpin</name>
         <load_address>0xbf88</load_address>
         <run_address>0xbf88</run_address>
         <size>0x8</size>
         <input_file_ref idref="fl-8"/>
      </object_component>
      <object_component id="oc-61c">
         <name>.text:enable_interrupts</name>
         <load_address>0xbf90</load_address>
         <run_address>0xbf90</run_address>
         <size>0x8</size>
         <input_file_ref idref="fl-b"/>
      </object_component>
      <object_component id="oc-66c">
         <name>.text:EUSCI_A_UART_disable</name>
         <load_address>0xbf98</load_address>
         <run_address>0xbf98</run_address>
         <size>0x6</size>
         <input_file_ref idref="fl-14"/>
      </object_component>
      <object_component id="oc-67e">
         <name>.text:EUSCI_A_UART_enable</name>
         <load_address>0xbf9e</load_address>
         <run_address>0xbf9e</run_address>
         <size>0x6</size>
         <input_file_ref idref="fl-14"/>
      </object_component>
      <object_component id="oc-884">
         <name>.text:IMU_GetAccelXRaw</name>
         <load_address>0xbfa4</load_address>
         <run_address>0xbfa4</run_address>
         <size>0x6</size>
         <input_file_ref idref="fl-4"/>
      </object_component>
      <object_component id="oc-88a">
         <name>.text:IMU_GetAccelYRaw</name>
         <load_address>0xbfaa</load_address>
         <run_address>0xbfaa</run_address>
         <size>0x6</size>
         <input_file_ref idref="fl-4"/>
      </object_component>
      <object_component id="oc-890">
         <name>.text:IMU_GetAccelZRaw</name>
         <load_address>0xbfb0</load_address>
         <run_address>0xbfb0</run_address>
         <size>0x6</size>
         <input_file_ref idref="fl-4"/>
      </object_component>
      <object_component id="oc-56b">
         <name>.text:IMU_GetPacketCount</name>
         <load_address>0xbfb6</load_address>
         <run_address>0xbfb6</run_address>
         <size>0x6</size>
         <input_file_ref idref="fl-4"/>
      </object_component>
      <object_component id="oc-77c">
         <name>.text:Timer_B_startCounter</name>
         <load_address>0xbfbc</load_address>
         <run_address>0xbfbc</run_address>
         <size>0x6</size>
         <input_file_ref idref="fl-23"/>
      </object_component>
      <object_component id="oc-59c">
         <name>.text:abort</name>
         <load_address>0xbfc2</load_address>
         <run_address>0xbfc2</run_address>
         <size>0x6</size>
         <input_file_ref idref="fl-81"/>
      </object_component>
      <object_component id="oc-896">
         <name>.text:absoluteInt16</name>
         <load_address>0xbfc8</load_address>
         <run_address>0xbfc8</run_address>
         <size>0x6</size>
         <input_file_ref idref="fl-a"/>
      </object_component>
      <object_component id="oc-6ce">
         <name>.text:chainReset</name>
         <load_address>0xbfce</load_address>
         <run_address>0xbfce</run_address>
         <size>0x6</size>
         <input_file_ref idref="fl-a"/>
      </object_component>
      <object_component id="oc-8c0">
         <name>.text:driveForward</name>
         <load_address>0xbfd4</load_address>
         <run_address>0xbfd4</run_address>
         <size>0x6</size>
         <input_file_ref idref="fl-8"/>
      </object_component>
      <object_component id="oc-8ba">
         <name>.text:driveReverse</name>
         <load_address>0xbfda</load_address>
         <run_address>0xbfda</run_address>
         <size>0x6</size>
         <input_file_ref idref="fl-8"/>
      </object_component>
      <object_component id="oc-8ae">
         <name>.text:driveSpinReverse</name>
         <load_address>0xbfe0</load_address>
         <run_address>0xbfe0</run_address>
         <size>0x6</size>
         <input_file_ref idref="fl-8"/>
      </object_component>
      <object_component id="oc-705">
         <name>.text:driveStop</name>
         <load_address>0xbfe6</load_address>
         <run_address>0xbfe6</run_address>
         <size>0x6</size>
         <input_file_ref idref="fl-8"/>
      </object_component>
      <object_component id="oc-648">
         <name>.text:spi_reset_active</name>
         <load_address>0xbfec</load_address>
         <run_address>0xbfec</run_address>
         <size>0x6</size>
         <input_file_ref idref="fl-d"/>
      </object_component>
      <object_component id="oc-63c">
         <name>.text:spi_reset_idle</name>
         <load_address>0xbff2</load_address>
         <run_address>0xbff2</run_address>
         <size>0x6</size>
         <input_file_ref idref="fl-d"/>
      </object_component>
      <object_component id="oc-4ca">
         <name>.text:_system_pre_init</name>
         <load_address>0xbff8</load_address>
         <run_address>0xbff8</run_address>
         <size>0x4</size>
         <input_file_ref idref="fl-7e"/>
      </object_component>
      <object_component id="oc-737">
         <name>.text:_system_post_cinit</name>
         <load_address>0xbffc</load_address>
         <run_address>0xbffc</run_address>
         <size>0x2</size>
         <input_file_ref idref="fl-7d"/>
      </object_component>
      <object_component id="oc-448">
         <name>.text:_isr:Timer0_B0_ISR</name>
         <load_address>0xbffe</load_address>
         <run_address>0xbffe</run_address>
         <size>0x2a</size>
         <input_file_ref idref="fl-c"/>
      </object_component>
      <object_component id="oc-43c">
         <name>.text:_isr:EUSCI_A1_ISR</name>
         <load_address>0xc028</load_address>
         <run_address>0xc028</run_address>
         <size>0x20</size>
         <input_file_ref idref="fl-4"/>
      </object_component>
      <object_component id="oc-478">
         <name>.text:_isr:_c_int00_noargs_mpu</name>
         <load_address>0xc048</load_address>
         <run_address>0xc048</run_address>
         <size>0x20</size>
         <input_file_ref idref="fl-79"/>
      </object_component>
      <object_component id="oc-442">
         <name>.text:_isr:Timer1_B0_ISR</name>
         <load_address>0xc068</load_address>
         <run_address>0xc068</run_address>
         <size>0xa</size>
         <input_file_ref idref="fl-c"/>
      </object_component>
      <object_component id="oc-437">
         <name>.text:_isr:__TI_ISR_TRAP</name>
         <load_address>0xc072</load_address>
         <run_address>0xc072</run_address>
         <size>0x8</size>
         <input_file_ref idref="fl-49"/>
      </object_component>
      <object_component id="oc-4fb">
         <name>.bss:imu_payload_buffer</name>
         <uninitialized>true</uninitialized>
         <run_address>0x2a62</run_address>
         <size>0x12</size>
         <input_file_ref idref="fl-4"/>
      </object_component>
      <object_component id="oc-5ea">
         <name>.bss:imu_raw_channels</name>
         <uninitialized>true</uninitialized>
         <run_address>0x2a74</run_address>
         <size>0xc</size>
         <input_file_ref idref="fl-4"/>
      </object_component>
      <object_component id="oc-7dc">
         <name>.bss:active_chain</name>
         <uninitialized>true</uninitialized>
         <run_address>0x2000</run_address>
         <size>0x672</size>
         <input_file_ref idref="fl-a"/>
      </object_component>
      <object_component id="oc-943">
         <name>.bss:chain_api</name>
         <uninitialized>true</uninitialized>
         <run_address>0x2a12</run_address>
         <size>0x28</size>
         <input_file_ref idref="fl-a"/>
      </object_component>
      <object_component id="oc-86a">
         <name>.bss:turn_sysid_data</name>
         <uninitialized>true</uninitialized>
         <run_address>0x27f2</run_address>
         <size>0xb4</size>
         <input_file_ref idref="fl-a"/>
      </object_component>
      <object_component id="oc-831">
         <name>.bss:turn_autotune_data</name>
         <uninitialized>true</uninitialized>
         <run_address>0x2a3a</run_address>
         <size>0x28</size>
         <input_file_ref idref="fl-a"/>
      </object_component>
      <object_component id="oc-6be">
         <name>.bss:triangle_steps$7</name>
         <uninitialized>true</uninitialized>
         <run_address>0x2672</run_address>
         <size>0x180</size>
         <input_file_ref idref="fl-a"/>
      </object_component>
      <object_component id="oc-6bf">
         <name>.bss:triangle_children$8</name>
         <uninitialized>true</uninitialized>
         <run_address>0x2a80</run_address>
         <size>0xc</size>
         <input_file_ref idref="fl-a"/>
      </object_component>
      <object_component id="oc-6c0">
         <name>.bss:triangle_sequence$9</name>
         <uninitialized>true</uninitialized>
         <run_address>0x29a6</run_address>
         <size>0x40</size>
         <input_file_ref idref="fl-a"/>
      </object_component>
      <object_component id="oc-6bd">
         <name>.bss:circle_spin$10</name>
         <uninitialized>true</uninitialized>
         <run_address>0x28a6</run_address>
         <size>0x40</size>
         <input_file_ref idref="fl-a"/>
      </object_component>
      <object_component id="oc-6a1">
         <name>.bss:figure8_forward$11</name>
         <uninitialized>true</uninitialized>
         <run_address>0x28e6</run_address>
         <size>0x40</size>
         <input_file_ref idref="fl-a"/>
      </object_component>
      <object_component id="oc-6a8">
         <name>.bss:figure8_spin$12</name>
         <uninitialized>true</uninitialized>
         <run_address>0x2966</run_address>
         <size>0x40</size>
         <input_file_ref idref="fl-a"/>
      </object_component>
      <object_component id="oc-6af">
         <name>.bss:figure8_parallel_children$13</name>
         <uninitialized>true</uninitialized>
         <run_address>0x2a94</run_address>
         <size>0x4</size>
         <input_file_ref idref="fl-a"/>
      </object_component>
      <object_component id="oc-6b0">
         <name>.bss:figure8_parallel$14</name>
         <uninitialized>true</uninitialized>
         <run_address>0x2926</run_address>
         <size>0x40</size>
         <input_file_ref idref="fl-a"/>
      </object_component>
      <object_component id="oc-4c0">
         <name>.common:Time_Sequence</name>
         <uninitialized>true</uninitialized>
         <run_address>0x2a9c</run_address>
         <size>0x2</size>
      </object_component>
      <object_component id="oc-4c1">
         <name>.common:one_time</name>
         <uninitialized>true</uninitialized>
         <run_address>0x2aa2</run_address>
         <size>0x1</size>
      </object_component>
      <object_component id="oc-4a8">
         <name>.common:one_second_timer</name>
         <uninitialized>true</uninitialized>
         <run_address>0x2a98</run_address>
         <size>0x4</size>
      </object_component>
      <object_component id="oc-926">
         <name>.common:current_character</name>
         <uninitialized>true</uninitialized>
         <run_address>0x2aa0</run_address>
         <size>0x1</size>
      </object_component>
      <object_component id="oc-4bf">
         <name>.common:update_display_count</name>
         <uninitialized>true</uninitialized>
         <run_address>0x2a9e</run_address>
         <size>0x2</size>
      </object_component>
      <object_component id="oc-4bc">
         <name>.common:update_display</name>
         <uninitialized>true</uninitialized>
         <run_address>0x2aa3</run_address>
         <size>0x1</size>
      </object_component>
      <object_component id="oc-564">
         <name>.common:display_changed</name>
         <uninitialized>true</uninitialized>
         <run_address>0x2aa1</run_address>
         <size>0x1</size>
      </object_component>
      <object_component id="oc-55c">
         <name>.common:display_line</name>
         <uninitialized>true</uninitialized>
         <run_address>0x29e6</run_address>
         <size>0x2c</size>
      </object_component>
      <object_component id="oc-61b">
         <name>.common:display</name>
         <uninitialized>true</uninitialized>
         <run_address>0x2a8c</run_address>
         <size>0x8</size>
      </object_component>
      <object_component id="oc-4f8">
         <name>.data</name>
         <load_address>0x2b18</load_address>
         <run_address>0x2b18</run_address>
         <size>0xc</size>
         <input_file_ref idref="fl-4"/>
      </object_component>
      <object_component id="oc-6db">
         <name>.data</name>
         <load_address>0x2b0a</load_address>
         <run_address>0x2b0a</run_address>
         <size>0xe</size>
         <input_file_ref idref="fl-8"/>
      </object_component>
      <object_component id="oc-697">
         <name>.data</name>
         <load_address>0x2aa4</load_address>
         <run_address>0x2aa4</run_address>
         <size>0x66</size>
         <input_file_ref idref="fl-a"/>
      </object_component>
      <object_component id="oc-41c">
         <name>.stack</name>
         <uninitialized>true</uninitialized>
         <run_address>0x2f60</run_address>
         <size>0x2</size>
         <input_file_ref idref="fl-79"/>
      </object_component>
      <object_component id="oc-aa3">
         <name>.stack</name>
         <uninitialized>true</uninitialized>
         <run_address>0x2f60</run_address>
         <size>0x0</size>
      </object_component>
      <object_component id="oc-72">
         <name>.int22</name>
         <load_address>0xffce</load_address>
         <run_address>0xffce</run_address>
         <size>0x2</size>
         <input_file_ref idref="fl-48"/>
      </object_component>
      <object_component id="oc-73">
         <name>.int23</name>
         <load_address>0xffd0</load_address>
         <run_address>0xffd0</run_address>
         <size>0x2</size>
         <input_file_ref idref="fl-4a"/>
      </object_component>
      <object_component id="oc-74">
         <name>.int24</name>
         <load_address>0xffd2</load_address>
         <run_address>0xffd2</run_address>
         <size>0x2</size>
         <input_file_ref idref="fl-4b"/>
      </object_component>
      <object_component id="oc-75">
         <name>.int25</name>
         <load_address>0xffd4</load_address>
         <run_address>0xffd4</run_address>
         <size>0x2</size>
         <input_file_ref idref="fl-4c"/>
      </object_component>
      <object_component id="oc-76">
         <name>.int26</name>
         <load_address>0xffd6</load_address>
         <run_address>0xffd6</run_address>
         <size>0x2</size>
         <input_file_ref idref="fl-4d"/>
      </object_component>
      <object_component id="oc-77">
         <name>.int27</name>
         <load_address>0xffd8</load_address>
         <run_address>0xffd8</run_address>
         <size>0x2</size>
         <input_file_ref idref="fl-4e"/>
      </object_component>
      <object_component id="oc-78">
         <name>.int28</name>
         <load_address>0xffda</load_address>
         <run_address>0xffda</run_address>
         <size>0x2</size>
         <input_file_ref idref="fl-4f"/>
      </object_component>
      <object_component id="oc-79">
         <name>.int29</name>
         <load_address>0xffdc</load_address>
         <run_address>0xffdc</run_address>
         <size>0x2</size>
         <input_file_ref idref="fl-50"/>
      </object_component>
      <object_component id="oc-7a">
         <name>.int30</name>
         <load_address>0xffde</load_address>
         <run_address>0xffde</run_address>
         <size>0x2</size>
         <input_file_ref idref="fl-51"/>
      </object_component>
      <object_component id="oc-7b">
         <name>.int31</name>
         <load_address>0xffe0</load_address>
         <run_address>0xffe0</run_address>
         <size>0x2</size>
         <input_file_ref idref="fl-52"/>
      </object_component>
      <object_component id="oc-7c">
         <name>.int32</name>
         <load_address>0xffe2</load_address>
         <run_address>0xffe2</run_address>
         <size>0x2</size>
         <input_file_ref idref="fl-4"/>
      </object_component>
      <object_component id="oc-7d">
         <name>.int33</name>
         <load_address>0xffe4</load_address>
         <run_address>0xffe4</run_address>
         <size>0x2</size>
         <input_file_ref idref="fl-53"/>
      </object_component>
      <object_component id="oc-7e">
         <name>.int34</name>
         <load_address>0xffe6</load_address>
         <run_address>0xffe6</run_address>
         <size>0x2</size>
         <input_file_ref idref="fl-54"/>
      </object_component>
      <object_component id="oc-7f">
         <name>.int35</name>
         <load_address>0xffe8</load_address>
         <run_address>0xffe8</run_address>
         <size>0x2</size>
         <input_file_ref idref="fl-55"/>
      </object_component>
      <object_component id="oc-80">
         <name>.int36</name>
         <load_address>0xffea</load_address>
         <run_address>0xffea</run_address>
         <size>0x2</size>
         <input_file_ref idref="fl-56"/>
      </object_component>
      <object_component id="oc-81">
         <name>.int37</name>
         <load_address>0xffec</load_address>
         <run_address>0xffec</run_address>
         <size>0x2</size>
         <input_file_ref idref="fl-57"/>
[...]
         <value>0xb2a0</value>
         <object_component_ref idref="oc-6c1"/>
      </symbol>
      <symbol id="sm-92e">
         <name>turn_sysid_ramp_start_pwm_percent</name>
         <value>0x2ace</value>
         <object_component_ref idref="oc-697"/>
      </symbol>
      <symbol id="sm-92f">
         <name>turn_sysid_step_pwm_percent</name>
         <value>0x2aca</value>
         <object_component_ref idref="oc-697"/>
      </symbol>
      <symbol id="sm-930">
         <name>Command_Forward</name>
         <value>0xbae0</value>
         <object_component_ref idref="oc-6a2"/>
      </symbol>
      <symbol id="sm-931">
         <name>drive_straight_base_percent</name>
         <value>0x2ae6</value>
         <object_component_ref idref="oc-697"/>
      </symbol>
      <symbol id="sm-932">
         <name>initRobot</name>
         <value>0xbe2a</value>
         <object_component_ref idref="oc-571"/>
      </symbol>
      <symbol id="sm-933">
         <name>drive_straight_deadband_deg</name>
         <value>0x2aee</value>
         <object_component_ref idref="oc-697"/>
      </symbol>
      <symbol id="sm-934">
         <name>Command_Reverse</name>
         <value>0xbab4</value>
         <object_component_ref idref="oc-9fd"/>
      </symbol>
      <symbol id="sm-935">
         <name>turn_ff_kv_percent_per_dps</name>
         <value>0x2abe</value>
         <object_component_ref idref="oc-697"/>
      </symbol>
      <symbol id="sm-936">
         <name>resetRobot</name>
         <value>0xbed6</value>
         <object_component_ref idref="oc-69b"/>
      </symbol>
      <symbol id="sm-937">
         <name>Command_DriveStraight</name>
         <value>0xb172</value>
         <object_component_ref idref="oc-a0d"/>
      </symbol>
      <symbol id="sm-938">
         <name>Command_TurnToAngle</name>
         <value>0xb080</value>
         <object_component_ref idref="oc-a06"/>
      </symbol>
      <symbol id="sm-939">
         <name>turn_angle_tolerance_deg</name>
         <value>0x2af6</value>
         <object_component_ref idref="oc-697"/>
      </symbol>
      <symbol id="sm-93a">
         <name>turn_ff_ks_percent</name>
         <value>0x2aba</value>
         <object_component_ref idref="oc-697"/>
      </symbol>
      <symbol id="sm-93b">
         <name>turn_kp</name>
         <value>0x2aa6</value>
         <object_component_ref idref="oc-697"/>
      </symbol>
      <symbol id="sm-93c">
         <name>turn_kd</name>
         <value>0x2aae</value>
         <object_component_ref idref="oc-697"/>
      </symbol>
      <symbol id="sm-93d">
         <name>turn_ki</name>
         <value>0x2aaa</value>
         <object_component_ref idref="oc-697"/>
      </symbol>
      <symbol id="sm-93e">
         <name>chainWait</name>
         <value>0xbf50</value>
         <object_component_ref idref="oc-57d"/>
      </symbol>
      <symbol id="sm-93f">
         <name>turn_ff_max_rate_dps</name>
         <value>0x2ab6</value>
         <object_component_ref idref="oc-697"/>
      </symbol>
      <symbol id="sm-940">
         <name>Command_Spin</name>
         <value>0xb9ca</value>
         <object_component_ref idref="oc-6a9"/>
      </symbol>
      <symbol id="sm-941">
         <name>updateRobot</name>
         <value>0xaabe</value>
         <object_component_ref idref="oc-58f"/>
      </symbol>
      <symbol id="sm-942">
         <name>drive_straight_correction_sign</name>
         <value>0x2af2</value>
         <object_component_ref idref="oc-697"/>
      </symbol>
      <symbol id="sm-943">
         <name>turn_sysid_motion_delta_deg</name>
         <value>0x2ada</value>
         <object_component_ref idref="oc-697"/>
      </symbol>
      <symbol id="sm-944">
         <name>turn_ff_rate_kp_dps_per_deg</name>
         <value>0x2ab2</value>
         <object_component_ref idref="oc-697"/>
      </symbol>
      <symbol id="sm-945">
         <name>drive_straight_kp</name>
         <value>0x2ade</value>
         <object_component_ref idref="oc-697"/>
      </symbol>
      <symbol id="sm-946">
         <name>drive_straight_kd</name>
         <value>0x2ae2</value>
         <object_component_ref idref="oc-697"/>
      </symbol>
      <symbol id="sm-953">
         <name>enable_interrupts</name>
         <value>0xbf90</value>
         <object_component_ref idref="oc-61c"/>
      </symbol>
      <symbol id="sm-999">
         <name>Init_Timers</name>
         <value>0xbf2a</value>
         <object_component_ref idref="oc-550"/>
      </symbol>
      <symbol id="sm-99a">
         <name>__TI_int43</name>
         <value>0xfff8</value>
         <object_component_ref idref="oc-87"/>
      </symbol>
      <symbol id="sm-99b">
         <name>__TI_int41</name>
         <value>0xfff4</value>
         <object_component_ref idref="oc-85"/>
      </symbol>
      <symbol id="sm-99c">
         <name>Timer0_B0_ISR</name>
         <value>0xbffe</value>
         <object_component_ref idref="oc-448"/>
      </symbol>
      <symbol id="sm-99d">
         <name>Init_Timer_B3</name>
         <value>0xad3c</value>
         <object_component_ref idref="oc-62f"/>
      </symbol>
      <symbol id="sm-99e">
         <name>Init_Timer_B1</name>
         <value>0xa876</value>
         <object_component_ref idref="oc-629"/>
      </symbol>
      <symbol id="sm-99f">
         <name>Init_Timer_B0</name>
         <value>0xa780</value>
         <object_component_ref idref="oc-623"/>
      </symbol>
      <symbol id="sm-9a0">
         <name>Timer1_B0_ISR</name>
         <value>0xc068</value>
         <object_component_ref idref="oc-442"/>
      </symbol>
      <symbol id="sm-a2f">
         <name>current_character</name>
         <value>0x2aa0</value>
      </symbol>
      <symbol id="sm-a30">
         <name>update_display_count</name>
         <value>0x2a9e</value>
      </symbol>
      <symbol id="sm-a31">
         <name>update_display</name>
         <value>0x2aa3</value>
      </symbol>
      <symbol id="sm-a32">
         <name>display_changed</name>
         <value>0x2aa1</value>
      </symbol>
      <symbol id="sm-a33">
         <name>display_line</name>
         <value>0x29e6</value>
      </symbol>
      <symbol id="sm-a34">
         <name>display</name>
         <value>0x2a8c</value>
      </symbol>
      <symbol id="sm-a35">
         <name>ClrDisplay_Buffer_2</name>
         <value>0xbde2</value>
         <object_component_ref idref="oc-7a5"/>
      </symbol>
      <symbol id="sm-a36">
         <name>ClrDisplay_Buffer_3</name>
         <value>0xbdfa</value>
         <object_component_ref idref="oc-7ab"/>
      </symbol>
      <symbol id="sm-a37">
         <name>ClrDisplay_Buffer_0</name>
         <value>0xbdb2</value>
         <object_component_ref idref="oc-799"/>
      </symbol>
      <symbol id="sm-a38">
         <name>ClrDisplay_Buffer_1</name>
         <value>0xbdca</value>
         <object_component_ref idref="oc-79f"/>
      </symbol>
      <symbol id="sm-a39">
         <name>spi_chipselect_idle</name>
         <value>0xbe86</value>
         <object_component_ref idref="oc-642"/>
      </symbol>
      <symbol id="sm-a3a">
         <name>WriteIns</name>
         <value>0xbbb0</value>
         <object_component_ref idref="oc-64e"/>
      </symbol>
      <symbol id="sm-a3b">
         <name>spi_reset_active</name>
         <value>0xbfec</value>
         <object_component_ref idref="oc-648"/>
      </symbol>
      <symbol id="sm-a3c">
         <name>WriteData</name>
         <value>0xbb88</value>
         <object_component_ref idref="oc-9e3"/>
      </symbol>
      <symbol id="sm-a3d">
         <name>DisplayOnOff</name>
         <value>0xbf1c</value>
         <object_component_ref idref="oc-65a"/>
      </symbol>
      <symbol id="sm-a3e">
         <name>spi_chipselect_active</name>
         <value>0xbee8</value>
         <object_component_ref idref="oc-78c"/>
      </symbol>
      <symbol id="sm-a3f">
         <name>lcd_out</name>
         <value>0xbd48</value>
         <object_component_ref idref="oc-8ed"/>
      </symbol>
      <symbol id="sm-a40">
         <name>Display_Update</name>
         <value>0xb40a</value>
         <object_component_ref idref="oc-71e"/>
      </symbol>
      <symbol id="sm-a41">
         <name>Init_LCD</name>
         <value>0x9f3e</value>
         <object_component_ref idref="oc-556"/>
      </symbol>
      <symbol id="sm-a42">
         <name>SPI_B1_write</name>
         <value>0xbcf4</value>
         <object_component_ref idref="oc-792"/>
      </symbol>
      <symbol id="sm-a43">
         <name>Init_SPI_B1</name>
         <value>0xb490</value>
         <object_component_ref idref="oc-636"/>
      </symbol>
      <symbol id="sm-a44">
         <name>spi_reset_idle</name>
         <value>0xbff2</value>
         <object_component_ref idref="oc-63c"/>
      </symbol>
      <symbol id="sm-a45">
         <name>ClrDisplay</name>
         <value>0xbe5a</value>
         <object_component_ref idref="oc-654"/>
      </symbol>
      <symbol id="sm-a8d">
         <name>EUSCI_A_UART_enableInterrupt</name>
         <value>0xbd7e</value>
         <object_component_ref idref="oc-68a"/>
      </symbol>
      <symbol id="sm-a8e">
         <name>EUSCI_A_UART_init</name>
         <value>0xa556</value>
         <object_component_ref idref="oc-678"/>
      </symbol>
      <symbol id="sm-a8f">
         <name>EUSCI_A_UART_enable</name>
         <value>0xbf9e</value>
         <object_component_ref idref="oc-67e"/>
      </symbol>
      <symbol id="sm-a90">
         <name>EUSCI_A_UART_disable</name>
         <value>0xbf98</value>
         <object_component_ref idref="oc-66c"/>
      </symbol>
      <symbol id="sm-a91">
         <name>EUSCI_A_UART_disableInterrupt</name>
         <value>0xbd64</value>
         <object_component_ref idref="oc-672"/>
      </symbol>
      <symbol id="sm-a92">
         <name>EUSCI_A_UART_receiveData</name>
         <value>0xbe9c</value>
         <object_component_ref idref="oc-49b"/>
      </symbol>
      <symbol id="sm-a93">
         <name>EUSCI_A_UART_getInterruptStatus</name>
         <value>0xbf80</value>
         <object_component_ref idref="oc-495"/>
      </symbol>
      <symbol id="sm-a94">
         <name>EUSCI_A_UART_clearInterrupt</name>
         <value>0xbf78</value>
         <object_component_ref idref="oc-684"/>
      </symbol>
      <symbol id="sm-ab8">
         <name>Timer_B_startCounter</name>
         <value>0xbfbc</value>
         <object_component_ref idref="oc-77c"/>
      </symbol>
      <symbol id="sm-ab9">
         <name>Timer_B_initUpMode</name>
         <value>0xae66</value>
         <object_component_ref idref="oc-776"/>
      </symbol>
      <symbol id="sm-adc">
         <name>__TI_decompress_lzss</name>
         <value>0x9bd6</value>
         <object_component_ref idref="oc-66"/>
      </symbol>
      <symbol id="sm-aed">
         <name>__TI_decompress_none</name>
         <value>0xb6c2</value>
         <object_component_ref idref="oc-6c"/>
      </symbol>
      <symbol id="sm-af0">
         <name>__TI_int22</name>
         <value>0xffce</value>
         <object_component_ref idref="oc-72"/>
      </symbol>
      <symbol id="sm-af8">
         <name>__TI_ISR_TRAP</name>
         <value>0xc072</value>
         <object_component_ref idref="oc-437"/>
      </symbol>
      <symbol id="sm-afb">
         <name>__TI_int23</name>
         <value>0xffd0</value>
         <object_component_ref idref="oc-73"/>
      </symbol>
      <symbol id="sm-afe">
         <name>__TI_int24</name>
         <value>0xffd2</value>
         <object_component_ref idref="oc-74"/>
      </symbol>
      <symbol id="sm-b01">
         <name>__TI_int25</name>
         <value>0xffd4</value>
         <object_component_ref idref="oc-75"/>
      </symbol>
      <symbol id="sm-b04">
         <name>__TI_int26</name>
         <value>0xffd6</value>
         <object_component_ref idref="oc-76"/>
      </symbol>
      <symbol id="sm-b07">
         <name>__TI_int27</name>
         <value>0xffd8</value>
         <object_component_ref idref="oc-77"/>
      </symbol>
      <symbol id="sm-b0a">
         <name>__TI_int28</name>
         <value>0xffda</value>
         <object_component_ref idref="oc-78"/>
      </symbol>
      <symbol id="sm-b0d">
         <name>__TI_int29</name>
         <value>0xffdc</value>
         <object_component_ref idref="oc-79"/>
      </symbol>
      <symbol id="sm-b10">
         <name>__TI_int30</name>
         <value>0xffde</value>
         <object_component_ref idref="oc-7a"/>
      </symbol>
      <symbol id="sm-b13">
         <name>__TI_int31</name>
         <value>0xffe0</value>
         <object_component_ref idref="oc-7b"/>
      </symbol>
      <symbol id="sm-b16">
         <name>__TI_int33</name>
         <value>0xffe4</value>
         <object_component_ref idref="oc-7d"/>
      </symbol>
      <symbol id="sm-b19">
         <name>__TI_int34</name>
         <value>0xffe6</value>
         <object_component_ref idref="oc-7e"/>
      </symbol>
      <symbol id="sm-b1c">
         <name>__TI_int35</name>
         <value>0xffe8</value>
         <object_component_ref idref="oc-7f"/>
      </symbol>
      <symbol id="sm-b1f">
         <name>__TI_int36</name>
         <value>0xffea</value>
         <object_component_ref idref="oc-80"/>
      </symbol>
      <symbol id="sm-b22">
         <name>__TI_int37</name>
         <value>0xffec</value>
         <object_component_ref idref="oc-81"/>
      </symbol>
      <symbol id="sm-b25">
         <name>__TI_int38</name>
         <value>0xffee</value>
         <object_component_ref idref="oc-82"/>
      </symbol>
      <symbol id="sm-b28">
         <name>__TI_int39</name>
         <value>0xfff0</value>
         <object_component_ref idref="oc-83"/>
      </symbol>
      <symbol id="sm-b2b">
         <name>__TI_int40</name>
         <value>0xfff2</value>
         <object_component_ref idref="oc-84"/>
      </symbol>
      <symbol id="sm-b2e">
         <name>__TI_int42</name>
         <value>0xfff6</value>
         <object_component_ref idref="oc-86"/>
      </symbol>
      <symbol id="sm-b31">
         <name>__TI_int44</name>
         <value>0xfffa</value>
         <object_component_ref idref="oc-88"/>
      </symbol>
      <symbol id="sm-b34">
         <name>__TI_int45</name>
         <value>0xfffc</value>
         <object_component_ref idref="oc-89"/>
      </symbol>
      <symbol id="sm-b44">
         <name>__TI_zero_init</name>
         <value>0xb60c</value>
         <object_component_ref idref="oc-454"/>
      </symbol>
      <symbol id="sm-b4f">
         <name>__memcpy_far</name>
         <value>0xb4d0</value>
         <object_component_ref idref="oc-42b"/>
      </symbol>
      <symbol id="sm-b6a">
         <name>__mspabi_subf</name>
         <value>0x99ac</value>
         <object_component_ref idref="oc-83f"/>
      </symbol>
      <symbol id="sm-b6b">
         <name>__mspabi_addf</name>
         <value>0x99b2</value>
         <object_component_ref idref="oc-83f"/>
      </symbol>
      <symbol id="sm-b7b">
         <name>__mspabi_cmpf</name>
         <value>0xb2ea</value>
         <object_component_ref idref="oc-84a"/>
      </symbol>
      <symbol id="sm-b8d">
         <name>__mspabi_divf</name>
         <value>0xa5e6</value>
         <object_component_ref idref="oc-85a"/>
      </symbol>
      <symbol id="sm-b99">
         <name>__mspabi_remu</name>
         <value>0xbe70</value>
         <object_component_ref idref="oc-8e5"/>
      </symbol>
      <symbol id="sm-b9a">
         <name>__mspabi_divu</name>
         <value>0xbe70</value>
         <object_component_ref idref="oc-8e5"/>
      </symbol>
      <symbol id="sm-ba8">
         <name>__mspabi_remul</name>
         <value>0xb028</value>
         <object_component_ref idref="oc-771"/>
      </symbol>
      <symbol id="sm-ba9">
         <name>__mspabi_divul</name>
         <value>0xb028</value>
         <object_component_ref idref="oc-771"/>
      </symbol>
      <symbol id="sm-bbb">
         <name>__mspabi_fixfi</name>
         <value>0xacd4</value>
         <object_component_ref idref="oc-865"/>
      </symbol>
      <symbol id="sm-bce">
         <name>__mspabi_fixfli</name>
         <value>0xa702</value>
         <object_component_ref idref="oc-8d5"/>
      </symbol>
      <symbol id="sm-bdd">
         <name>__mspabi_fixfu</name>
         <value>0xb3c4</value>
         <object_component_ref idref="oc-9b4"/>
      </symbol>
      <symbol id="sm-bea">
         <name>__mspabi_fltif</name>
         <value>0xb92e</value>
         <object_component_ref idref="oc-6ee"/>
      </symbol>
      <symbol id="sm-bf5">
         <name>__mspabi_fltuf</name>
         <value>0xbc6e</value>
         <object_component_ref idref="oc-83a"/>
      </symbol>
      <symbol id="sm-c01">
         <name>__mspabi_fltulf</name>
         <value>0xb998</value>
         <object_component_ref idref="oc-8da"/>
      </symbol>
      <symbol id="sm-c18">
         <name>__mspabi_mpyf</name>
         <value>0xa182</value>
         <object_component_ref idref="oc-6f3"/>
      </symbol>
      <symbol id="sm-c21">
         <name>__mspabi_mpyi_f5hw</name>
         <value>0xbe42</value>
         <object_component_ref idref="oc-873"/>
      </symbol>
      <symbol id="sm-c2a">
         <name>__mspabi_mpyl_f5hw</name>
         <value>0xbc92</value>
         <object_component_ref idref="oc-76c"/>
      </symbol>
      <symbol id="sm-c33">
         <name>__mspabi_mpyul_f5hw</name>
         <value>0xbd10</value>
         <object_component_ref idref="oc-97b"/>
      </symbol>
      <symbol id="sm-c3e">
         <name>__mspabi_negf</name>
         <value>0xbf6e</value>
         <object_component_ref idref="oc-855"/>
      </symbol>
      <symbol id="sm-c50">
         <name>_c_int00_noargs_mpu</name>
         <value>0xc048</value>
         <object_component_ref idref="oc-478"/>
      </symbol>
      <symbol id="sm-c51">
         <name>_stack</name>
         <value>0x2f60</value>
         <object_component_ref idref="oc-41c"/>
      </symbol>
      <symbol id="sm-c52">
         <name>_reset_vector</name>
         <value>0xfffe</value>
         <object_component_ref idref="oc-41f"/>
      </symbol>
      <symbol id="sm-c60">
         <name>__mpu_init</name>
         <value>0xb64a</value>
         <object_component_ref idref="oc-4e2"/>
      </symbol>
      <symbol id="sm-c83">
         <name>__TI_auto_init_nobinit_nopinit_hold_wdt</name>
         <value>0xab98</value>
         <object_component_ref idref="oc-5c0"/>
      </symbol>
      <symbol id="sm-c8c">
         <name>_system_post_cinit</name>
         <value>0xbffc</value>
         <object_component_ref idref="oc-737"/>
      </symbol>
      <symbol id="sm-c95">
         <name>_system_pre_init</name>
         <value>0xbff8</value>
         <object_component_ref idref="oc-4ca"/>
      </symbol>
      <symbol id="sm-c9f">
         <name>abs</name>
         <value>0xbf46</value>
         <object_component_ref idref="oc-997"/>
      </symbol>
      <symbol id="sm-caa">
         <name>C$$EXIT</name>
         <value>0xbfc2</value>
         <object_component_ref idref="oc-59c"/>
      </symbol>
      <symbol id="sm-cab">
         <name>abort</name>
         <value>0xbfc2</value>
         <object_component_ref idref="oc-59c"/>
      </symbol>
      <symbol id="sm-cb7">
         <name>labs</name>
         <value>0xbf38</value>
         <object_component_ref idref="oc-8df"/>
      </symbol>
      <symbol id="sm-cc5">
         <name>memcpy</name>
         <value>0xbec4</value>
         <object_component_ref idref="oc-666"/>
      </symbol>
      <symbol id="sm-cd2">
         <name>strcpy</name>
         <value>0xbf0c</value>
         <object_component_ref idref="oc-55e"/>
      </symbol>
      <symbol id="sm-ce2">
         <name>strncmp</name>
         <value>0xbb5e</value>
         <object_component_ref idref="oc-718"/>
      </symbol>
   </symbol_table>
   <title>Link successful</title>
</link_info>
