******************************************************************************
                  MSP430 Linker PC v21.6.1                     
******************************************************************************
>> Linked Tue Mar 24 14:37:00 2026

OUTPUT FILE NAME:   <Project 05.out>
ENTRY POINT SYMBOL: "_c_int00_noargs_mpu"  address: 0000cf94


MEMORY CONFIGURATION

         name            origin    length      used     unused   attr    fill
----------------------  --------  ---------  --------  --------  ----  --------
  TINYRAM               00000006   0000001a  00000000  0000001a  RWIX
  BSL0                  00001000   00000800  00000000  00000800  RWIX
  INFO                  00001800   00000200  00000000  00000200  RWIX
  TLVMEM                00001a00   00000200  00000000  00000200  RWIX
  BOOTCODE              00001c00   00000400  00000000  00000400  RWIX
  RAM                   00002000   00001000  00000810  000007f0  RWIX
  FRAM                  00008000   00007f80  00004dbc  000031c4  RWIX
  JTAGSIGNATURE         0000ff80   00000004  00000004  00000000  RWIX  ffff 
  BSLSIGNATURE          0000ff84   00000004  00000004  00000000  RWIX  ffff 
  BSLCONFIGURATIONSIGNA 0000ff88   00000002  00000002  00000000  RWIX  ffff 
  BSLCONFIGURATION      0000ff8a   00000002  00000002  00000000  RWIX  ffff 
  BSLI2CADDRESS         0000ffa0   00000002  00000002  00000000  RWIX  ffff 
  INT00                 0000ffa2   00000002  00000000  00000002  RWIX
  INT01                 0000ffa4   00000002  00000000  00000002  RWIX
  INT02                 0000ffa6   00000002  00000000  00000002  RWIX
  INT03                 0000ffa8   00000002  00000000  00000002  RWIX
  INT04                 0000ffaa   00000002  00000000  00000002  RWIX
  INT05                 0000ffac   00000002  00000000  00000002  RWIX
  INT06                 0000ffae   00000002  00000000  00000002  RWIX
  INT07                 0000ffb0   00000002  00000000  00000002  RWIX
  INT08                 0000ffb2   00000002  00000000  00000002  RWIX
  INT09                 0000ffb4   00000002  00000000  00000002  RWIX
  INT10                 0000ffb6   00000002  00000000  00000002  RWIX
  INT11                 0000ffb8   00000002  00000000  00000002  RWIX
  INT12                 0000ffba   00000002  00000000  00000002  RWIX
  INT13                 0000ffbc   00000002  00000000  00000002  RWIX
  INT14                 0000ffbe   00000002  00000000  00000002  RWIX
  INT15                 0000ffc0   00000002  00000000  00000002  RWIX
  INT16                 0000ffc2   00000002  00000000  00000002  RWIX
  INT17                 0000ffc4   00000002  00000000  00000002  RWIX
  INT18                 0000ffc6   00000002  00000000  00000002  RWIX
  INT19                 0000ffc8   00000002  00000000  00000002  RWIX
  INT20                 0000ffca   00000002  00000000  00000002  RWIX
  INT21                 0000ffcc   00000002  00000000  00000002  RWIX
  INT22                 0000ffce   00000002  00000002  00000000  RWIX
  INT23                 0000ffd0   00000002  00000002  00000000  RWIX
  INT24                 0000ffd2   00000002  00000002  00000000  RWIX
  INT25                 0000ffd4   00000002  00000002  00000000  RWIX
  INT26                 0000ffd6   00000002  00000002  00000000  RWIX
  INT27                 0000ffd8   00000002  00000002  00000000  RWIX
  INT28                 0000ffda   00000002  00000002  00000000  RWIX
  INT29                 0000ffdc   00000002  00000002  00000000  RWIX
  INT30                 0000ffde   00000002  00000002  00000000  RWIX
  INT31                 0000ffe0   00000002  00000002  00000000  RWIX
  INT32                 0000ffe2   00000002  00000002  00000000  RWIX
  INT33                 0000ffe4   00000002  00000002  00000000  RWIX
  INT34                 0000ffe6   00000002  00000002  00000000  RWIX
  INT35                 0000ffe8   00000002  00000002  00000000  RWIX
  INT36                 0000ffea   00000002  00000002  00000000  RWIX
  INT37                 0000ffec   00000002  00000002  00000000  RWIX
  INT38                 0000ffee   00000002  00000002  00000000  RWIX
  INT39                 0000fff0   00000002  00000002  00000000  RWIX
  INT40                 0000fff2   00000002  00000002  00000000  RWIX
  INT41                 0000fff4   00000002  00000002  00000000  RWIX
  INT42                 0000fff6   00000002  00000002  00000000  RWIX
  INT43                 0000fff8   00000002  00000002  00000000  RWIX
  INT44                 0000fffa   00000002  00000002  00000000  RWIX
  INT45                 0000fffc   00000002  00000002  00000000  RWIX
  RESET                 0000fffe   00000002  00000002  00000000  RWIX
  ROMLIB                000fac00   00005000  00000000  00005000  RWIX
  BSL1                  000ffc00   00000400  00000000  00000400  RWIX


SECTION ALLOCATION MAP

 output                                  attributes/
section   page    origin      length       input sections
--------  ----  ----------  ----------   ----------------
.TI.ramfunc 
*          0    00008000    000001ec     RUN ADDR = 0000248a
                  00008000    000000a0     robot.obj (.TI.ramfunc:pwmCountsFromPercentFloat)
                  000080a0    00000080     detector.obj (.TI.ramfunc:getDetectorWhiteLevel)
                  00008120    00000076     robot.obj (.TI.ramfunc:wrapAngle)
                  00008196    00000032     detector.obj (.TI.ramfunc:getDetectorValue)
                  000081c8    00000024     robot.obj (.TI.ramfunc:absoluteFloat)

.TI.persistent 
*          0    00008400    00000000     UNINITIALIZED

.cio       0    00008400    00000000     UNINITIALIZED

.sysmem    0    00008400    00000000     UNINITIALIZED

.cinit     0    00008400    000000c0     
                  00008400    0000009e     (.cinit..data.load) [load image, compression = lzss]
                  0000849e    0000000c     (__TI_handler_table)
                  000084aa    00000006     (.cinit..bss.load) [load image, compression = zero_init]
                  000084b0    00000010     (__TI_cinit_table)

.pinit     0    000084c0    00000000     UNINITIALIZED

.binit     0    000084c0    00000010     
                  000084c0    00000010     (.binit)

.init_array 
*          0    000084d0    00000000     UNINITIALIZED

.mspabi.exidx 
*          0    000084d0    00000000     UNINITIALIZED

.mspabi.extab 
*          0    000084d0    00000000     UNINITIALIZED

.const     0    000084d0    0000012e     
                  000084d0    00000060     robot.obj (.const:.string)
                  00008530    0000003c     switches.obj (.const:.string)
                  0000856c    00000030     main.obj (.const:.string)
                  0000859c    0000001c     gpio.obj (.const:GPIO_PORT_TO_BASE)
                  000085b8    0000000e     timers.obj (.const:$P$T0$1)
                  000085c6    0000000e     timers.obj (.const:$P$T1$2)
                  000085d4    0000000b     robot.obj (.const:.string:$P$T0$1)
                  000085df    00000001     --HOLE-- [fill = 0]
                  000085e0    0000000b     robot.obj (.const:.string:$P$T1$2)
                  000085eb    00000001     --HOLE-- [fill = 0]
                  000085ec    0000000b     robot.obj (.const:.string:$P$T2$3)
                  000085f7    00000001     --HOLE-- [fill = 0]
                  000085f8    00000006     adc.obj (.const:adc_input_map)

.text      0    000085fe    000047d2     
                  000085fe    0000134c     robot.obj (.text:commandTick)
                  0000994a    00000262     main.obj (.text:main)
                  00009bac    00000132     rts430x_lc_sd_eabi.lib : fs_add.asm.obj (.text)
                  00009cde    000000fc     switches.obj (.text:Switch1_Process)
                  00009dda    000000ee     rts430x_lc_sd_eabi.lib : copy_decompress_lzss.c.obj (.text:decompress:lzss:__TI_decompress_lzss)
                  00009ec8    000000e8     robot.obj (.text:setFollowLineElapsedDisplay)
                  00009fb0    000000d4     pid.obj (.text:PID_Calculate)
                  0000a084    000000ce     robot.obj (.text:pwmCountsFromPercentFloatSigned)
                  0000a152    000000c8     display.obj (.text:format_float)
                  0000a21a    000000c6     robot.obj (.text:clampSignedPwm)
                  0000a2e0    000000c4     LCD.obj (.text:Init_LCD)
                  0000a3a4    000000be     clocks.obj (.text:Software_Trim)
                  0000a462    000000b8     rts430x_lc_sd_eabi.lib : fs_mpy.asm.obj (.text)
                  0000a51a    000000aa     ports.obj (.text:Init_Port1)
                  0000a5c4    000000aa     ports.obj (.text:Init_Port3)
                  0000a66e    000000a8     rts430x_lc_sd_eabi.lib : cpy_tbl.c.obj (.text:copy_in)
                  0000a716    000000a8     display.obj (.text:format_detector_line)
                  0000a7be    000000a0     otos.obj (.text:otos_poll_measurement)
                  0000a85e    0000009a     robot.obj (.text:getChainApi)
                  0000a8f8    00000096     ports.obj (.text:Init_Port2)
                  0000a98e    00000092     ports.obj (.text:Init_Port4)
                  0000aa20    00000092     ports.obj (.text:Init_Port6)
                  0000aab2    00000090     rts430x_lc_sd_eabi.lib : fs_div.asm.obj (.text)
                  0000ab42    0000008c     timers.obj (.text:Init_Timer_B0)
                  0000abce    0000008c     robot.obj (.text:commandTickParallelDriveChild)
                  0000ac5a    0000007c     robot.obj (.text:Command_FollowLine)
                  0000acd6    0000007c     rts430x_lc_sd_eabi.lib : autoinit.c.obj (.text:__TI_auto_init_nopinit_hold_wdt:__TI_auto_init_nopinit_hold_wdt)
                  0000ad52    00000078     otos.obj (.text:i2c_write_byte)
                  0000adca    00000078     otos.obj (.text:otos_read_register_bytes)
                  0000ae42    00000076     robot.obj (.text:Command_DriveToXY)
                  0000aeb8    00000076     timers.obj (.text:Init_Timer_B1)
                  0000af2e    00000076     display.obj (.text:format_emitter_line)
                  0000afa4    00000076     otos.obj (.text:wrap_heading)
                  0000b01a    00000074     otos.obj (.text:OTOS_Begin)
                  0000b08e    00000074     otos.obj (.text:OTOS_CalibrateImu)
                  0000b102    00000074     robot.obj (.text:pwmCountsFromPercent)
                  0000b176    0000006e     otos.obj (.text:i2c_read_byte)
                  0000b1e4    0000006c     switches.obj (.text:Switch2_Process)
                  0000b250    0000006c     robot.obj (.text:clampPwmCounts)
                  0000b2bc    00000068     clocks.obj (.text:Init_Clocks)
                  0000b324    00000068     rts430x_lc_sd_eabi.lib : fs_toi.asm.obj (.text)
                  0000b38c    00000068     robot.obj (.text:setCurrentCommandDisplay)
                  0000b3f4    00000066     timers.obj (.text:Init_Timer_B3)
                  0000b45a    00000066     pid.obj (.text:PID_Init)
                  0000b4c0    00000062     robot.obj (.text:Command_TurnToAngle)
                  0000b522    00000062     ports.obj (.text:Init_Port5)
                  0000b584    00000060     robot.obj (.text:Command_AlignLeftToLine)
                  0000b5e4    00000060     robot.obj (.text:Command_DriveToLine)
                  0000b644    00000060     adc.obj (.text:Init_ADC)
                  0000b6a4    0000005e     motors.obj (.text:applyMotorMode)
                  0000b702    0000005c     robot.obj (.text:Command_DriveStraight)
                  0000b75e    0000005c     robot.obj (.text:Command_ReverseStraight)
                  0000b7ba    0000005c     timer_b.obj (.text:Timer_B_initUpMode)
                  0000b816    0000005c     robot.obj (.text:applyMixedDrive)
                  0000b872    0000005c     robot.obj (.text:initRobot)
                  0000b8ce    0000005c     otos.obj (.text:otos_write_register_bytes)
                  0000b92a    0000005a     robot.obj (.text:Command_Sequence)
                  0000b984    00000058     robot.obj (.text:chainAndThenDriveToXY)
                  0000b9dc    00000058     rts430x_lc_sd_eabi.lib : div32u.asm.obj (.text)
                  0000ba34    00000056     robot.obj (.text:updateRobot)
                  0000ba8a    00000054     robot.obj (.text:Command_DriveUntil)
                  0000bade    00000054     robot.obj (.text:chainUntilSelective)
                  0000bb32    00000052     init.obj (.text:Init_Conditions)
                  0000bb84    0000004e     robot.obj (.text:chainUntil)
                  0000bbd2    0000004e     detector.obj (.text:getDetectedColor)
                  0000bc20    0000004e     robot.obj (.text:setTurnToAngleDisplay)
                  0000bc6e    0000004c     robot.obj (.text:chainAndThenDriveUntil)
                  0000bcba    0000004c     robot.obj (.text:chainAndThenTurnToAngle)
                  0000bd06    0000004a     robot.obj (.text:chainAndThenSpinCCW)
                  0000bd50    0000004a     robot.obj (.text:chainAndThenSpinCW)
                  0000bd9a    0000004a     detector.obj (.text:detectorSetBlackRangeFromCurrent)
                  0000bde4    0000004a     detector.obj (.text:detectorSetWhiteRangeFromCurrent)
                  0000be2e    0000004a     rts430x_lc_sd_eabi.lib : fs_cmp.asm.obj (.text)
                  0000be78    00000048     robot.obj (.text:chainAndThenDriveStraight)
                  0000bec0    00000048     robot.obj (.text:chainAndThenFollowLine)
                  0000bf08    00000048     robot.obj (.text:chainAndThenForward)
                  0000bf50    00000048     robot.obj (.text:chainAndThenReverse)
                  0000bf98    00000048     robot.obj (.text:chainAndThenReverseStraight)
                  0000bfe0    00000048     robot.obj (.text:chainAndThenWait)
                  0000c028    00000048     motors.obj (.text:clampPWM)
                  0000c070    00000048     motors.obj (.text:pwmCountsFromPercent)
                  0000c0b8    00000046     rts430x_lc_sd_eabi.lib : fs_tou.asm.obj (.text)
                  0000c0fe    00000044     LCD.obj (.text:Display_Update)
                  0000c142    00000040     robot.obj (.text:Command_Spin)
                  0000c182    00000040     LCD.obj (.text:Init_SPI_B1)
                  0000c1c2    00000040     rts430x_lc_sd_eabi.lib : cpy_util.asm.obj (.text:__memcpy_far)
                  0000c202    00000040     robot.obj (.text:chainAndThenAlignLeftToLine)
                  0000c242    00000040     robot.obj (.text:chainAndThenDriveToLine)
                  0000c282    00000040     rts430x_lc_sd_eabi.lib : div32s.asm.obj (.text)
                  0000c2c2    0000003e                            : copy_zero_init.c.obj (.text:decompress:ZI:__TI_zero_init)
                  0000c300    0000003e                            : asr32.asm.obj (.text:l_asr_const)
                  0000c33e    0000003c     robot.obj (.text:Command_Reverse)
                  0000c37a    0000003c     FRWP_INIT_LIB_CCS_msp430_large_code_small_data.lib : frwp_init.obj (.text:__mpu_init)
                  0000c3b6    0000003c     rts430x_lc_sd_eabi.lib : copy_decompress_none.c.obj (.text:decompress:none:__TI_decompress_none)
                  0000c3f2    0000003a     robot.obj (.text:Command_Forward)
                  0000c42c    0000003a     robot.obj (.text:Command_Wait)
                  0000c466    00000036     motors.obj (.text:Timer_CCR_Interval_From_Frequency)
                  0000c49c    00000036     robot.obj (.text:commandResetRecursive)
                  0000c4d2    00000036     rts430x_lc_sd_eabi.lib : fs_itof.asm.obj (.text)
                  0000c508    00000034     adc.obj (.text:ADC_init)
                  0000c53c    00000034     motors.obj (.text:driveSpin)
                  0000c570    00000032     motors.obj (.text:driveForward)
                  0000c5a2    00000032     motors.obj (.text:driveReverse)
                  0000c5d4    00000032     motors.obj (.text:driveSpinReverse)
                  0000c606    00000032     adc.obj (.text:getThumbWheel)
                  0000c638    0000002e     adc.obj (.text:ADC_SelectAndStart)
                  0000c666    0000002e     switches.obj (.text:Init_Switches)
                  0000c694    0000002a     robot.obj (.text:chainSchedule)
                  0000c6be    0000002a     otos.obj (.text:getHeading)
                  0000c6e8    0000002a     rts430x_lc_sd_eabi.lib : strncmp.c.obj (.text:strncmp)
                  0000c712    0000002a     otos.obj (.text:wait_scl_high)
                  0000c73c    00000028     motors.obj (.text:Motors_DriveSpinPWM)
                  0000c764    00000028     LCD.obj (.text:WriteData)
                  0000c78c    00000028     LCD.obj (.text:WriteIns)
                  0000c7b4    00000026     gpio.obj (.text:GPIO_setAsInputPinWithPullUpResistor)
                  0000c7da    00000026     robot.obj (.text:chainWithDisplay)
                  0000c800    00000024     motors.obj (.text:Motors_DriveForwardPWM)
                  0000c824    00000024     motors.obj (.text:Motors_DriveReversePWM)
                  0000c848    00000024     motors.obj (.text:Motors_DriveSpinReversePWM)
                  0000c86c    00000024     rts430x_lc_sd_eabi.lib : fs_utof.asm.obj (.text)
                  0000c890    00000024                            : mult32_f5hw.asm.obj (.text)
                  0000c8b4    00000022     display.obj (.text:Display_Process)
                  0000c8d6    00000022     otos.obj (.text:zeroHeading)
                  0000c8f8    00000020     motors.obj (.text:Motors_Service)
                  0000c918    00000020     otos.obj (.text:getPositionY)
                  0000c938    00000020     robot.obj (.text:scheduleCommand)
                  0000c958    0000001e     adc.obj (.text:ADC_disableConversions)
                  0000c976    0000001e     gpio.obj (.text:GPIO_setAsOutputPin)
                  0000c994    0000001e     switches.obj (.text:Switch_Process)
                  0000c9b2    0000001e     otos.obj (.text:i2c_stop)
                  0000c9d0    0000001c     pid.obj (.text:PID_IsDone)
                  0000c9ec    0000001c     LCD.obj (.text:SPI_B1_write)
                  0000ca08    0000001c     rts430x_lc_sd_eabi.lib : mult1632_f5hw.asm.obj (.text:__mpyul)
                  0000ca24    0000001c     robot.obj (.text:chainAppend)
                  0000ca40    0000001c     LCD.obj (.text:lcd_out)
                  0000ca5c    0000001a     gpio.obj (.text:GPIO_getInputPinValue)
                  0000ca76    0000001a     ports.obj (.text:Init_Ports)
                  0000ca90    0000001a     otos.obj (.text:i2c_start)
                  0000caaa    00000018     adc.obj (.text:ADC_startConversion)
                  0000cac2    00000018     LCD.obj (.text:ClrDisplay_Buffer_0)
                  0000cada    00000018     LCD.obj (.text:ClrDisplay_Buffer_1)
                  0000caf2    00000018     LCD.obj (.text:ClrDisplay_Buffer_2)
                  0000cb0a    00000018     LCD.obj (.text:ClrDisplay_Buffer_3)
                  0000cb22    00000018     otos.obj (.text:read_sda)
                  0000cb3a    00000018     rts430x_lc_sd_eabi.lib : mult16_f5hw.asm.obj (.text)
                  0000cb52    00000018     robot.obj (.text:secondsToTicks)
                  0000cb6a    00000016     adc.obj (.text:ADC_configureMemory)
                  0000cb80    00000016     LCD.obj (.text:ClrDisplay)
                  0000cb96    00000016     gpio.obj (.text:GPIO_setOutputLowOnPin)
                  0000cbac    00000016     robot.obj (.text:isRobotBusy)
                  0000cbc2    00000016     rts430x_lc_sd_eabi.lib : div16u.asm.obj (.text)
                  0000cbd8    00000016     LCD.obj (.text:spi_chipselect_idle)
                  0000cbee    00000014     adc.obj (.text:ADC_setupSamplingTimer)
                  0000cc02    00000014     detector.obj (.text:clampAdc)
                  0000cc16    00000012     otos.obj (.text:Init_IMU)
                  0000cc28    00000012     rts430x_lc_sd_eabi.lib : memcpy.c.obj (.text:memcpy)
                  0000cc3a    00000012     robot.obj (.text:resetRobot)
                  0000cc4c    00000012     otos.obj (.text:scl_low)
                  0000cc5e    00000012     otos.obj (.text:sda_low)
                  0000cc70    00000012     LCD.obj (.text:spi_chipselect_active)
                  0000cc82    00000010     robot.obj (.text:getDisplayName)
                  0000cc92    00000010     detector.obj (.text:getRaw)
                  0000cca2    00000010     rts430x_lc_sd_eabi.lib : strcpy.c.obj (.text:strcpy)
                  0000ccb2    0000000e     adc.obj (.text:ADC_setResolution)
                  0000ccc0    0000000e     LCD.obj (.text:DisplayOnOff)
                  0000ccce    0000000e     timers.obj (.text:Init_Timers)
                  0000ccdc    0000000e     motors.obj (.text:Motors_IsSettled)
                  0000ccea    0000000e     otos.obj (.text:bytes_to_int16)
                  0000ccf8    0000000e     otos.obj (.text:otos_delay)
                  0000cd06    0000000e     robot.obj (.text:setRobotShape)
                  0000cd14    0000000c     otos.obj (.text:IMU_Process)
                  0000cd20    0000000a     adc.obj (.text:ADC_setDataReadBackFormat)
                  0000cd2a    0000000a     pid.obj (.text:PID_Reset)
                  0000cd34    0000000a     rts430x_lc_sd_eabi.lib : abs.c.obj (.text:abs)
                  0000cd3e    0000000a     robot.obj (.text:chainWait)
                  0000cd48    0000000a     switches.obj (.text:enable_switch_SW1)
                  0000cd52    0000000a     switches.obj (.text:enable_switch_SW2)
                  0000cd5c    0000000a     rts430x_lc_sd_eabi.lib : fs_neg.asm.obj (.text)
                  0000cd66    0000000a     otos.obj (.text:scl_high)
                  0000cd70    0000000a     otos.obj (.text:sda_high)
                  0000cd7a    00000008     adc.obj (.text:ADC_clearInterrupt)
                  0000cd82    00000008     adc.obj (.text:ADC_enable)
                  0000cd8a    00000008     adc.obj (.text:ADC_enableInterrupt)
                  0000cd92    00000008     system.obj (.text:enable_interrupts)
                  0000cd9a    00000006     otos.obj (.text:IMU_GetPacketCount)
                  0000cda0    00000006     timer_b.obj (.text:Timer_B_startCounter)
                  0000cda6    00000006     rts430x_lc_sd_eabi.lib : exit.c.obj (.text:abort)
                  0000cdac    00000006     robot.obj (.text:chainReset)
                  0000cdb2    00000006     motors.obj (.text:driveStop)
                  0000cdb8    00000006     switches.obj (.text:getEmitterState)
                  0000cdbe    00000006     LCD.obj (.text:spi_reset_active)
                  0000cdc4    00000006     LCD.obj (.text:spi_reset_idle)
                  0000cdca    00000004     rts430x_lc_sd_eabi.lib : pre_init.c.obj (.text:_system_pre_init)
                  0000cdce    00000002                            : startup.c.obj (.text:_system_post_cinit)

.text:_isr 
*          0    0000cdd0    00000200     
                  0000cdd0    00000088     switches.obj (.text:_isr:PORT2_ISR)
                  0000ce58    00000088     switches.obj (.text:_isr:PORT4_ISR)
                  0000cee0    0000005a     adc.obj (.text:_isr:ADC_ISR)
                  0000cf3a    00000030     timers.obj (.text:_isr:Timer0_B1_ISR)
                  0000cf6a    0000002a     timers.obj (.text:_isr:Timer0_B0_ISR)
                  0000cf94    00000020     rts430x_lc_sd_eabi.lib : boot.c.obj (.text:_isr:_c_int00_noargs_mpu)
                  0000cfb4    0000000a     timers.obj (.text:_isr:Timer1_B0_ISR)
                  0000cfbe    0000000a     timers.obj (.text:_isr:Timer1_B1_ISR)
                  0000cfc8    00000008     rts430x_lc_sd_eabi.lib : isr_trap.asm.obj (.text:_isr:__TI_ISR_TRAP)

.bss       0    00002000    00000489     UNINITIALIZED
                  00002000    000003dc     robot.obj (.bss:active_chain)
                  000023dc    00000044     robot.obj (.bss:chain_api_local$4)
                  00002420    0000002c     (.common:display_line)
                  0000244c    00000022     (.common:turnPID)
                  0000246e    00000008     (.common:display)
                  00002476    00000004     (.common:one_second_timer)
                  0000247a    00000002     (.common:Time_Sequence)
                  0000247c    00000002     (.common:sw1_debounce_count)
                  0000247e    00000002     (.common:sw2_debounce_count)
                  00002480    00000002     (.common:update_display_count)
                  00002482    00000001     (.common:backlight_blink_enable)
                  00002483    00000001     (.common:current_character)
                  00002484    00000001     (.common:display_changed)
                  00002485    00000001     (.common:one_time)
                  00002486    00000001     (.common:sw1_debounce_active)
                  00002487    00000001     (.common:sw2_debounce_active)
                  00002488    00000001     (.common:update_display)

.data      0    00002676    000000fb     UNINITIALIZED
                  00002676    000000a4     robot.obj (.data)
                  0000271a    00000020     otos.obj (.data:g_otos)
                  0000273a    00000010     detector.obj (.data)
                  0000274a    0000000e     main.obj (.data)
                  00002758    0000000e     motors.obj (.data)
                  00002766    00000008     adc.obj (.data)
                  0000276e    00000003     switches.obj (.data)

.stack     0    00002f60    000000a0     UNINITIALIZED
                  00002f60    00000002     rts430x_lc_sd_eabi.lib : boot.c.obj (.stack)
                  00002f62    0000009e     --HOLE--

PORT4      0    0000ffce    00000002     
                  0000ffce    00000002     switches.obj (.int22)

PORT3      0    0000ffd0    00000002     
                  0000ffd0    00000002     rts430x_lc_sd_eabi.lib : int23.asm.obj (.int23)

PORT2      0    0000ffd2    00000002     
                  0000ffd2    00000002     switches.obj (.int24)

PORT1      0    0000ffd4    00000002     
                  0000ffd4    00000002     rts430x_lc_sd_eabi.lib : int25.asm.obj (.int25)

SAC1_SAC3 
*          0    0000ffd6    00000002     
                  0000ffd6    00000002     rts430x_lc_sd_eabi.lib : int26.asm.obj (.int26)

SAC0_SAC2 
*          0    0000ffd8    00000002     
                  0000ffd8    00000002     rts430x_lc_sd_eabi.lib : int27.asm.obj (.int27)

ECOMP0_ECOMP1 
*          0    0000ffda    00000002     
                  0000ffda    00000002     rts430x_lc_sd_eabi.lib : int28.asm.obj (.int28)

ADC        0    0000ffdc    00000002     
                  0000ffdc    00000002     adc.obj (.int29)

EUSCI_B1   0    0000ffde    00000002     
                  0000ffde    00000002     rts430x_lc_sd_eabi.lib : int30.asm.obj (.int30)

EUSCI_B0   0    0000ffe0    00000002     
                  0000ffe0    00000002     rts430x_lc_sd_eabi.lib : int31.asm.obj (.int31)

EUSCI_A1   0    0000ffe2    00000002     
                  0000ffe2    00000002     rts430x_lc_sd_eabi.lib : int32.asm.obj (.int32)

EUSCI_A0   0    0000ffe4    00000002     
                  0000ffe4    00000002     rts430x_lc_sd_eabi.lib : int33.asm.obj (.int33)

WDT        0    0000ffe6    00000002     
                  0000ffe6    00000002     rts430x_lc_sd_eabi.lib : int34.asm.obj (.int34)

RTC        0    0000ffe8    00000002     
                  0000ffe8    00000002     rts430x_lc_sd_eabi.lib : int35.asm.obj (.int35)

TIMER3_B1 
*          0    0000ffea    00000002     
                  0000ffea    00000002     rts430x_lc_sd_eabi.lib : int36.asm.obj (.int36)

TIMER3_B0 
*          0    0000ffec    00000002     
                  0000ffec    00000002     rts430x_lc_sd_eabi.lib : int37.asm.obj (.int37)

TIMER2_B1 
*          0    0000ffee    00000002     
                  0000ffee    00000002     rts430x_lc_sd_eabi.lib : int38.asm.obj (.int38)

TIMER2_B0 
*          0    0000fff0    00000002     
                  0000fff0    00000002     rts430x_lc_sd_eabi.lib : int39.asm.obj (.int39)

TIMER1_B1 
*          0    0000fff2    00000002     
                  0000fff2    00000002     timers.obj (.int40)

TIMER1_B0 
*          0    0000fff4    00000002     
                  0000fff4    00000002     timers.obj (.int41)

TIMER0_B1 
*          0    0000fff6    00000002     
                  0000fff6    00000002     timers.obj (.int42)

TIMER0_B0 
*          0    0000fff8    00000002     
                  0000fff8    00000002     timers.obj (.int43)

UNMI       0    0000fffa    00000002     
                  0000fffa    00000002     rts430x_lc_sd_eabi.lib : int44.asm.obj (.int44)

SYSNMI     0    0000fffc    00000002     
                  0000fffc    00000002     rts430x_lc_sd_eabi.lib : int45.asm.obj (.int45)

.reset     0    0000fffe    00000002     
                  0000fffe    00000002     rts430x_lc_sd_eabi.lib : boot.c.obj (.reset)

$fill000   0    0000ff80    00000004     
                  0000ff80    00000004     --HOLE-- [fill = ffff]

$fill001   0    0000ff84    00000004     
                  0000ff84    00000004     --HOLE-- [fill = ffff]

$fill002   0    0000ff88    00000002     
                  0000ff88    00000002     --HOLE-- [fill = ffff]

$fill003   0    0000ff8a    00000002     
                  0000ff8a    00000002     --HOLE-- [fill = ffff]

$fill004   0    0000ffa0    00000002     
                  0000ffa0    00000002     --HOLE-- [fill = ffff]

MODULE SUMMARY

       Module                       code    ro data   rw data
       ------                       ----    -------   -------
    ..\Compiled\
       LCD.obj                      648     0         57     
    +--+----------------------------+-------+---------+---------+
       Total:                       648     0         57     
                                                             
    .\
       robot.obj                    9718    129       1254   
       otos.obj                     1302    0         32     
       ports.obj                    906     0         0      
       switches.obj                 734     64        3      
       motors.obj                   694     0         14     
       main.obj                     610     48        14     
       detector.obj                 618     0         16     
       display.obj                  520     0         0      
       timers.obj                   484     36        0      
       pid.obj                      352     0         0      
       clocks.obj                   294     0         14     
       adc.obj                      282     8         8      
       init.obj                     82      0         0      
       system.obj                   8       0         0      
    +--+----------------------------+-------+---------+---------+
       Total:                       16604   285       1355   
                                                             
    .\driverlib\MSP430FR2xx_4xx\
       adc.obj                      196     0         0      
       gpio.obj                     116     28        0      
       timer_b.obj                  98      0         0      
    +--+----------------------------+-------+---------+---------+
       Total:                       410     28        0      
                                                             
    C:\ti\ccs2041\ccs\ccs_base\msp430\lib\FR2xx\FRWP_INIT_LIB_CCS_msp430_large_code_small_data.lib
       frwp_init.obj                60      0         0      
    +--+----------------------------+-------+---------+---------+
       Total:                       60      0         0      
                                                             
    C:\ti\ccs2041\ccs\tools\compiler\ti-cgt-msp430_21.6.1.LTS\lib\rts430x_lc_sd_eabi.lib
       fs_add.asm.obj               306     0         0      
       copy_decompress_lzss.c.obj   238     0         0      
       fs_mpy.asm.obj               184     0         0      
       cpy_tbl.c.obj                168     0         0      
       fs_div.asm.obj               144     0         0      
       autoinit.c.obj               124     0         0      
       fs_toi.asm.obj               104     0         0      
       div32u.asm.obj               88      0         0      
       fs_cmp.asm.obj               74      0         0      
       fs_tou.asm.obj               70      0         0      
       cpy_util.asm.obj             64      0         0      
       div32s.asm.obj               64      0         0      
       asr32.asm.obj                62      0         0      
       copy_zero_init.c.obj         62      0         0      
       copy_decompress_none.c.obj   60      0         0      
       fs_itof.asm.obj              54      0         0      
       strncmp.c.obj                42      0         0      
       fs_utof.asm.obj              36      0         0      
       mult32_f5hw.asm.obj          36      0         0      
       boot.c.obj                   32      2         0      
       mult1632_f5hw.asm.obj        28      0         0      
       mult16_f5hw.asm.obj          24      0         0      
       div16u.asm.obj               22      0         0      
       memcpy.c.obj                 18      0         0      
       strcpy.c.obj                 16      0         0      
       abs.c.obj                    10      0         0      
       fs_neg.asm.obj               10      0         0      
       isr_trap.asm.obj             8       0         0      
       exit.c.obj                   6       0         0      
       pre_init.c.obj               4       0         0      
       int23.asm.obj                0       2         0      
       int25.asm.obj                0       2         0      
       int26.asm.obj                0       2         0      
       int27.asm.obj                0       2         0      
       int28.asm.obj                0       2         0      
       int30.asm.obj                0       2         0      
       int31.asm.obj                0       2         0      
       int32.asm.obj                0       2         0      
       int33.asm.obj                0       2         0      
       int34.asm.obj                0       2         0      
       int35.asm.obj                0       2         0      
       int36.asm.obj                0       2         0      
       int37.asm.obj                0       2         0      
       int38.asm.obj                0       2         0      
       int39.asm.obj                0       2         0      
       int44.asm.obj                0       2         0      
       int45.asm.obj                0       2         0      
       startup.c.obj                2       0         0      
    +--+----------------------------+-------+---------+---------+
       Total:                       2160    36        0      
                                                             
       Stack:                       0       0         160    
       Linker Generated:            0       208       0      
    +--+----------------------------+-------+---------+---------+
       Grand Total:                 19882   557       1572   


LINKER GENERATED COPY TABLES

__TI_cinit_table @ 000084b0 records: 2, size/record: 8, table size: 16
	.data: load addr=00008400, load size=0000009e bytes, run addr=00002676, run size=000000fb bytes, compression=lzss
	.bss: load addr=000084aa, load size=00000006 bytes, run addr=00002000, run size=00000489 bytes, compression=zero_init
binit @ 000084c0 records: 1, size/record: 12, table size: 16
	.TI.ramfunc: load addr=00008000, load size=000001ec, run addr=0000248a, run size=000001ec, compression=none


LINKER GENERATED HANDLER TABLE

__TI_handler_table @ 0000849e records: 3, size/record: 4, table size: 12
	index: 0, handler: __TI_zero_init
	index: 1, handler: __TI_decompress_lzss
	index: 2, handler: __TI_decompress_none


GLOBAL SYMBOLS: SORTED ALPHABETICALLY BY Name 

address   name                                 
-------   ----                                 
00000700  ADCCTL0                              
00000701  ADCCTL0_H                            
00000700  ADCCTL0_L                            
00000702  ADCCTL1                              
00000703  ADCCTL1_H                            
00000702  ADCCTL1_L                            
00000704  ADCCTL2                              
00000705  ADCCTL2_H                            
00000704  ADCCTL2_L                            
00000708  ADCHI                                
00000709  ADCHI_H                              
00000708  ADCHI_L                              
0000071a  ADCIE                                
0000071b  ADCIE_H                              
0000071a  ADCIE_L                              
0000071c  ADCIFG                               
0000071d  ADCIFG_H                             
0000071c  ADCIFG_L                             
0000071e  ADCIV                                
0000071f  ADCIV_H                              
0000071e  ADCIV_L                              
00000706  ADCLO                                
00000707  ADCLO_H                              
00000706  ADCLO_L                              
0000070a  ADCMCTL0                             
0000070b  ADCMCTL0_H                           
0000070a  ADCMCTL0_L                           
00000712  ADCMEM0                              
00000713  ADCMEM0_H                            
00000712  ADCMEM0_L                            
0000cee0  ADC_ISR                              
0000cd7a  ADC_clearInterrupt                   
0000cb6a  ADC_configureMemory                  
0000c958  ADC_disableConversions               
0000cd82  ADC_enable                           
0000cd8a  ADC_enableInterrupt                  
0000c508  ADC_init                             
0000cd20  ADC_setDataReadBackFormat            
0000ccb2  ADC_setResolution                    
0000cbee  ADC_setupSamplingTimer               
0000caaa  ADC_startConversion                  
00000660  BAKMEM0                              
00000661  BAKMEM0_H                            
00000660  BAKMEM0_L                            
00000662  BAKMEM1                              
00000674  BAKMEM10                             
00000675  BAKMEM10_H                           
00000674  BAKMEM10_L                           
00000676  BAKMEM11                             
00000677  BAKMEM11_H                           
00000676  BAKMEM11_L                           
00000678  BAKMEM12                             
00000679  BAKMEM12_H                           
00000678  BAKMEM12_L                           
0000067a  BAKMEM13                             
0000067b  BAKMEM13_H                           
0000067a  BAKMEM13_L                           
0000067c  BAKMEM14                             
0000067d  BAKMEM14_H                           
0000067c  BAKMEM14_L                           
0000067e  BAKMEM15                             
0000067f  BAKMEM15_H                           
0000067e  BAKMEM15_L                           
00000663  BAKMEM1_H                            
00000662  BAKMEM1_L                            
00000664  BAKMEM2                              
00000665  BAKMEM2_H                            
00000664  BAKMEM2_L                            
00000666  BAKMEM3                              
00000667  BAKMEM3_H                            
00000666  BAKMEM3_L                            
00000668  BAKMEM4                              
00000669  BAKMEM4_H                            
00000668  BAKMEM4_L                            
0000066a  BAKMEM5                              
0000066b  BAKMEM5_H                            
0000066a  BAKMEM5_L                            
0000066c  BAKMEM6                              
0000066d  BAKMEM6_H                            
0000066c  BAKMEM6_L                            
0000066e  BAKMEM7                              
0000066f  BAKMEM7_H                            
0000066e  BAKMEM7_L                            
00000670  BAKMEM8                              
00000671  BAKMEM8_H                            
00000670  BAKMEM8_L                            
00000672  BAKMEM9                              
00000673  BAKMEM9_H                            
00000672  BAKMEM9_L                            
0000cda6  C$$EXIT                              
000002ee  CAPTIOCTL                            
000002ef  CAPTIOCTL_H                          
000002ee  CAPTIOCTL_L                          
000008e0  CP0CTL0                              
000008e1  CP0CTL0_H                            
000008e0  CP0CTL0_L                            
000008e2  CP0CTL1                              
000008e3  CP0CTL1_H                            
000008e2  CP0CTL1_L                            
000008f0  CP0DACCTL                            
000008f1  CP0DACCTL_H                          
000008f0  CP0DACCTL_L                          
000008f2  CP0DACDATA                           
000008f3  CP0DACDATA_H                         
000008f2  CP0DACDATA_L                         
000008e6  CP0INT                               
000008e7  CP0INT_H                             
000008e6  CP0INT_L                             
000008e8  CP0IV                                
000008e9  CP0IV_H                              
000008e8  CP0IV_L                              
00000900  CP1CTL0                              
00000901  CP1CTL0_H                            
00000900  CP1CTL0_L                            
00000902  CP1CTL1                              
00000903  CP1CTL1_H                            
00000902  CP1CTL1_L                            
00000910  CP1DACCTL                            
00000911  CP1DACCTL_H                          
00000910  CP1DACCTL_L                          
00000912  CP1DACDATA                           
00000913  CP1DACDATA_H                         
00000912  CP1DACDATA_L                         
00000906  CP1INT                               
00000907  CP1INT_H                             
00000906  CP1INT_L                             
00000908  CP1IV                                
00000909  CP1IV_H                              
00000908  CP1IV_L                              
000001c0  CRCDI                                
000001c2  CRCDIRB                              
000001c3  CRCDIRB_H                            
000001c2  CRCDIRB_L                            
000001c1  CRCDI_H                              
000001c0  CRCDI_L                              
000001c4  CRCINIRES                            
000001c5  CRCINIRES_H                          
000001c4  CRCINIRES_L                          
000001c6  CRCRESR                              
000001c7  CRCRESR_H                            
000001c6  CRCRESR_L                            
00000180  CSCTL0                               
00000181  CSCTL0_H                             
00000180  CSCTL0_L                             
00000182  CSCTL1                               
00000183  CSCTL1_H                             
00000182  CSCTL1_L                             
00000184  CSCTL2                               
00000185  CSCTL2_H                             
00000184  CSCTL2_L                             
00000186  CSCTL3                               
00000187  CSCTL3_H                             
00000186  CSCTL3_L                             
00000188  CSCTL4                               
00000189  CSCTL4_H                             
00000188  CSCTL4_L                             
0000018a  CSCTL5                               
0000018b  CSCTL5_H                             
0000018a  CSCTL5_L                             
0000018c  CSCTL6                               
0000018d  CSCTL6_H                             
0000018c  CSCTL6_L                             
0000018e  CSCTL7                               
0000018f  CSCTL7_H                             
0000018e  CSCTL7_L                             
00000190  CSCTL8                               
00000191  CSCTL8_H                             
00000190  CSCTL8_L                             
0000cb80  ClrDisplay                           
0000cac2  ClrDisplay_Buffer_0                  
0000cada  ClrDisplay_Buffer_1                  
0000caf2  ClrDisplay_Buffer_2                  
0000cb0a  ClrDisplay_Buffer_3                  
0000b584  Command_AlignLeftToLine              
0000b702  Command_DriveStraight                
0000b5e4  Command_DriveToLine                  
0000ae42  Command_DriveToXY                    
0000ba8a  Command_DriveUntil                   
0000ac5a  Command_FollowLine                   
0000c3f2  Command_Forward                      
0000c33e  Command_Reverse                      
0000b75e  Command_ReverseStraight              
0000b92a  Command_Sequence                     
0000c142  Command_Spin                         
0000b4c0  Command_TurnToAngle                  
0000c42c  Command_Wait                         
0000ccc0  DisplayOnOff                         
0000c8b4  Display_Process                      
0000c0fe  Display_Update                       
000001a0  FRCTL0                               
000001a1  FRCTL0_H                             
000001a0  FRCTL0_L                             
000001a4  GCCTL0                               
000001a5  GCCTL0_H                             
000001a4  GCCTL0_L                             
000001a6  GCCTL1                               
000001a7  GCCTL1_H                             
000001a6  GCCTL1_L                             
0000ca5c  GPIO_getInputPinValue                
0000c7b4  GPIO_setAsInputPinWithPullUpResistor 
0000c976  GPIO_setAsOutputPin                  
0000cb96  GPIO_setOutputLowOnPin               
000006c4  ICCILSR0                             
000006c5  ICCILSR0_H                           
000006c4  ICCILSR0_L                           
000006c6  ICCILSR1                             
000006c7  ICCILSR1_H                           
000006c6  ICCILSR1_L                           
000006c8  ICCILSR2                             
000006c9  ICCILSR2_H                           
000006c8  ICCILSR2_L                           
000006ca  ICCILSR3                             
000006cb  ICCILSR3_H                           
000006ca  ICCILSR3_L                           
000006c2  ICCMVS                               
000006c3  ICCMVS_H                             
000006c2  ICCMVS_L                             
000006c0  ICCSC                                
000006c1  ICCSC_H                              
000006c0  ICCSC_L                              
0000cd9a  IMU_GetPacketCount                   
0000cd14  IMU_Process                          
0000b644  Init_ADC                             
0000b2bc  Init_Clocks                          
0000bb32  Init_Conditions                      
0000cc16  Init_IMU                             
0000a2e0  Init_LCD                             
0000a51a  Init_Port1                           
0000a8f8  Init_Port2                           
0000a5c4  Init_Port3                           
0000a98e  Init_Port4                           
0000b522  Init_Port5                           
0000aa20  Init_Port6                           
0000ca76  Init_Ports                           
0000c182  Init_SPI_B1                          
0000c666  Init_Switch                          
0000c666  Init_Switches                        
0000ab42  Init_Timer_B0                        
0000aeb8  Init_Timer_B1                        
0000b3f4  Init_Timer_B3                        
0000ccce  Init_Timers                          
000004c4  MAC                                  
000004da  MAC32H                               
000004db  MAC32H_H                             
000004da  MAC32H_L                             
000004d8  MAC32L                               
000004d9  MAC32L_H                             
000004d8  MAC32L_L                             
000004c6  MACS                                 
000004de  MACS32H                              
000004df  MACS32H_H                            
000004de  MACS32H_L                            
000004dc  MACS32L                              
000004dd  MACS32L_H                            
000004dc  MACS32L_L                            
000004c7  MACS_H                               
000004c6  MACS_L                               
000004c5  MAC_H                                
000004c4  MAC_L                                
000004c0  MPY                                  
000004ec  MPY32CTL0                            
000004ed  MPY32CTL0_H                          
000004ec  MPY32CTL0_L                          
000004d2  MPY32H                               
000004d3  MPY32H_H                             
000004d2  MPY32H_L                             
000004d0  MPY32L                               
000004d1  MPY32L_H                             
000004d0  MPY32L_L                             
000004c2  MPYS                                 
000004d6  MPYS32H                              
000004d7  MPYS32H_H                            
000004d6  MPYS32H_L                            
000004d4  MPYS32L                              
000004d5  MPYS32L_H                            
000004d4  MPYS32L_L                            
000004c3  MPYS_H                               
000004c2  MPYS_L                               
000004c1  MPY_H                                
000004c0  MPY_L                                
0000c800  Motors_DriveForwardPWM               
0000c824  Motors_DriveReversePWM               
0000c73c  Motors_DriveSpinPWM                  
0000c848  Motors_DriveSpinReversePWM           
0000ccdc  Motors_IsSettled                     
0000c8f8  Motors_Service                       
000004c8  OP2                                  
000004e2  OP2H                                 
000004e3  OP2H_H                               
000004e2  OP2H_L                               
000004e0  OP2L                                 
000004e1  OP2L_H                               
000004e0  OP2L_L                               
000004c9  OP2_H                                
000004c8  OP2_L                                
0000b01a  OTOS_Begin                           
0000b08e  OTOS_CalibrateImu                    
00000204  P1DIR                                
0000021a  P1IE                                 
00000218  P1IES                                
0000021c  P1IFG                                
00000200  P1IN                                 
0000020e  P1IV                                 
0000020f  P1IV_H                               
0000020e  P1IV_L                               
00000202  P1OUT                                
00000206  P1REN                                
0000020a  P1SEL0                               
0000020c  P1SEL1                               
00000216  P1SELC                               
00000205  P2DIR                                
0000021b  P2IE                                 
00000219  P2IES                                
0000021d  P2IFG                                
00000201  P2IN                                 
0000021e  P2IV                                 
0000021f  P2IV_H                               
0000021e  P2IV_L                               
00000203  P2OUT                                
00000207  P2REN                                
0000020b  P2SEL0                               
0000020d  P2SEL1                               
00000217  P2SELC                               
00000224  P3DIR                                
0000023a  P3IE                                 
00000238  P3IES                                
0000023c  P3IFG                                
00000220  P3IN                                 
0000022e  P3IV                                 
0000022f  P3IV_H                               
0000022e  P3IV_L                               
00000222  P3OUT                                
00000226  P3REN                                
0000022a  P3SEL0                               
0000022c  P3SEL1                               
00000236  P3SELC                               
00000225  P4DIR                                
0000023b  P4IE                                 
00000239  P4IES                                
0000023d  P4IFG                                
00000221  P4IN                                 
0000023e  P4IV                                 
0000023f  P4IV_H                               
0000023e  P4IV_L                               
00000223  P4OUT                                
00000227  P4REN                                
0000022b  P4SEL0                               
0000022d  P4SEL1                               
00000237  P4SELC                               
00000244  P5DIR                                
0000025a  P5IE                                 
00000258  P5IES                                
0000025c  P5IFG                                
00000240  P5IN                                 
0000024e  P5IV                                 
0000024f  P5IV_H                               
0000024e  P5IV_L                               
00000242  P5OUT                                
00000246  P5REN                                
0000024a  P5SEL0                               
0000024c  P5SEL1                               
00000256  P5SELC                               
00000245  P6DIR                                
0000025b  P6IE                                 
00000259  P6IES                                
0000025d  P6IFG                                
00000241  P6IN                                 
0000025e  P6IV                                 
0000025f  P6IV_H                               
0000025e  P6IV_L                               
00000243  P6OUT                                
00000247  P6REN                                
0000024b  P6SEL0                               
0000024d  P6SEL1                               
00000257  P6SELC                               
00000204  PADIR                                
00000205  PADIR_H                              
00000204  PADIR_L                              
0000021a  PAIE                                 
00000218  PAIES                                
00000219  PAIES_H                              
00000218  PAIES_L                              
0000021b  PAIE_H                               
0000021a  PAIE_L                               
0000021c  PAIFG                                
0000021d  PAIFG_H                              
0000021c  PAIFG_L                              
00000200  PAIN                                 
00000201  PAIN_H                               
00000200  PAIN_L                               
00000202  PAOUT                                
00000203  PAOUT_H                              
00000202  PAOUT_L                              
00000206  PAREN                                
00000207  PAREN_H                              
00000206  PAREN_L                              
0000020a  PASEL0                               
0000020b  PASEL0_H                             
0000020a  PASEL0_L                             
0000020c  PASEL1                               
0000020d  PASEL1_H                             
0000020c  PASEL1_L                             
00000216  PASELC                               
00000217  PASELC_H                             
00000216  PASELC_L                             
00000224  PBDIR                                
00000225  PBDIR_H                              
00000224  PBDIR_L                              
0000023a  PBIE                                 
00000238  PBIES                                
00000239  PBIES_H                              
00000238  PBIES_L                              
0000023b  PBIE_H                               
0000023a  PBIE_L                               
0000023c  PBIFG                                
0000023d  PBIFG_H                              
0000023c  PBIFG_L                              
00000220  PBIN                                 
00000221  PBIN_H                               
00000220  PBIN_L                               
00000222  PBOUT                                
00000223  PBOUT_H                              
00000222  PBOUT_L                              
00000226  PBREN                                
00000227  PBREN_H                              
00000226  PBREN_L                              
0000022a  PBSEL0                               
0000022b  PBSEL0_H                             
0000022a  PBSEL0_L                             
0000022c  PBSEL1                               
0000022d  PBSEL1_H                             
0000022c  PBSEL1_L                             
00000236  PBSELC                               
00000237  PBSELC_H                             
00000236  PBSELC_L                             
00000244  PCDIR                                
00000245  PCDIR_H                              
00000244  PCDIR_L                              
0000025a  PCIE                                 
00000258  PCIES                                
00000259  PCIES_H                              
00000258  PCIES_L                              
0000025b  PCIE_H                               
0000025a  PCIE_L                               
0000025c  PCIFG                                
0000025d  PCIFG_H                              
0000025c  PCIFG_L                              
00000240  PCIN                                 
00000241  PCIN_H                               
00000240  PCIN_L                               
00000242  PCOUT                                
00000243  PCOUT_H                              
00000242  PCOUT_L                              
00000246  PCREN                                
00000247  PCREN_H                              
00000246  PCREN_L                              
0000024a  PCSEL0                               
0000024b  PCSEL0_H                             
0000024a  PCSEL0_L                             
0000024c  PCSEL1                               
0000024d  PCSEL1_H                             
0000024c  PCSEL1_L                             
00000256  PCSELC                               
00000257  PCSELC_H                             
00000256  PCSELC_L                             
0000b45a  PID_Init                             
0000c9d0  PID_IsDone                           
00000324  PJDIR                                
00000325  PJDIR_H                              
00000324  PJDIR_L                              
00000320  PJIN                                 
00000321  PJIN_H                               
00000320  PJIN_L                               
00000322  PJOUT                                
00000323  PJOUT_H                              
00000322  PJOUT_L                              
00000326  PJREN                                
00000327  PJREN_H                              
00000326  PJREN_L                              
0000032a  PJSEL0                               
0000032b  PJSEL0_H                             
0000032a  PJSEL0_L                             
0000032c  PJSEL1                               
0000032d  PJSEL1_H                             
0000032c  PJSEL1_L                             
00000336  PJSELC                               
00000337  PJSELC_H                             
00000336  PJSELC_L                             
00000130  PM5CTL0                              
00000131  PM5CTL0_H                            
00000130  PM5CTL0_L                            
00000120  PMMCTL0                              
00000121  PMMCTL0_H                            
00000120  PMMCTL0_L                            
00000124  PMMCTL2                              
00000125  PMMCTL2_H                            
00000124  PMMCTL2_L                            
0000012a  PMMIFG                               
0000012b  PMMIFG_H                             
0000012a  PMMIFG_L                             
0000cdd0  PORT2_ISR                            
0000ce58  PORT4_ISR                            
000004e4  RES0                                 
000004e5  RES0_H                               
000004e4  RES0_L                               
000004e6  RES1                                 
000004e7  RES1_H                               
000004e6  RES1_L                               
000004e8  RES2                                 
000004e9  RES2_H                               
000004e8  RES2_L                               
000004ea  RES3                                 
000004eb  RES3_H                               
000004ea  RES3_L                               
000004cc  RESHI                                
000004cd  RESHI_H                              
000004cc  RESHI_L                              
000004ca  RESLO                                
000004cb  RESLO_H                              
000004ca  RESLO_L                              
0000030c  RTCCNT                               
0000030d  RTCCNT_H                             
0000030c  RTCCNT_L                             
00000300  RTCCTL                               
00000301  RTCCTL_H                             
00000300  RTCCTL_L                             
00000304  RTCIV                                
00000305  RTCIV_H                              
00000304  RTCIV_L                              
00000308  RTCMOD                               
00000309  RTCMOD_H                             
00000308  RTCMOD_L                             
00000c84  SAC0DAC                              
00000c88  SAC0DACSTS                           
00000c89  SAC0DACSTS_H                         
00000c88  SAC0DACSTS_L                         
00000c85  SAC0DAC_H                            
00000c84  SAC0DAC_L                            
00000c86  SAC0DAT                              
00000c87  SAC0DAT_H                            
00000c86  SAC0DAT_L                            
00000c8a  SAC0IV                               
00000c8b  SAC0IV_H                             
00000c8a  SAC0IV_L                             
00000c80  SAC0OA                               
00000c81  SAC0OA_H                             
00000c80  SAC0OA_L                             
00000c82  SAC0PGA                              
00000c83  SAC0PGA_H                            
00000c82  SAC0PGA_L                            
00000c94  SAC1DAC                              
00000c98  SAC1DACSTS                           
00000c99  SAC1DACSTS_H                         
00000c98  SAC1DACSTS_L                         
00000c95  SAC1DAC_H                            
00000c94  SAC1DAC_L                            
00000c96  SAC1DAT                              
00000c97  SAC1DAT_H                            
00000c96  SAC1DAT_L                            
00000c9a  SAC1IV                               
00000c9b  SAC1IV_H                             
00000c9a  SAC1IV_L                             
00000c90  SAC1OA                               
00000c91  SAC1OA_H                             
00000c90  SAC1OA_L                             
00000c92  SAC1PGA                              
00000c93  SAC1PGA_H                            
00000c92  SAC1PGA_L                            
00000ca4  SAC2DAC                              
00000ca8  SAC2DACSTS                           
00000ca9  SAC2DACSTS_H                         
00000ca8  SAC2DACSTS_L                         
00000ca5  SAC2DAC_H                            
00000ca4  SAC2DAC_L                            
00000ca6  SAC2DAT                              
00000ca7  SAC2DAT_H                            
00000ca6  SAC2DAT_L                            
00000caa  SAC2IV                               
00000cab  SAC2IV_H                             
00000caa  SAC2IV_L                             
00000ca0  SAC2OA                               
00000ca1  SAC2OA_H                             
00000ca0  SAC2OA_L                             
00000ca2  SAC2PGA                              
00000ca3  SAC2PGA_H                            
00000ca2  SAC2PGA_L                            
00000cb4  SAC3DAC                              
00000cb8  SAC3DACSTS                           
00000cb9  SAC3DACSTS_H                         
00000cb8  SAC3DACSTS_L                         
00000cb5  SAC3DAC_H                            
00000cb4  SAC3DAC_L                            
00000cb6  SAC3DAT                              
00000cb7  SAC3DAT_H                            
00000cb6  SAC3DAT_L                            
00000cba  SAC3IV                               
00000cbb  SAC3IV_H                             
00000cba  SAC3IV_L                             
00000cb0  SAC3OA                               
00000cb1  SAC3OA_H                             
00000cb0  SAC3OA_L                             
00000cb2  SAC3PGA                              
00000cb3  SAC3PGA_H                            
00000cb2  SAC3PGA_L                            
00000100  SFRIE1                               
00000101  SFRIE1_H                             
00000100  SFRIE1_L                             
00000102  SFRIFG1                              
00000103  SFRIFG1_H                            
00000102  SFRIFG1_L                            
00000104  SFRRPCR                              
00000105  SFRRPCR_H                            
00000104  SFRRPCR_L                            
0000c9ec  SPI_B1_write                         
000004ce  SUMEXT                               
000004cf  SUMEXT_H                             
000004ce  SUMEXT_L                             
00000142  SYSBSLC                              
00000143  SYSBSLC_H                            
00000142  SYSBSLC_L                            
00000160  SYSCFG0                              
00000161  SYSCFG0_H                            
00000160  SYSCFG0_L                            
00000162  SYSCFG1                              
00000163  SYSCFG1_H                            
00000162  SYSCFG1_L                            
00000164  SYSCFG2                              
00000165  SYSCFG2_H                            
00000164  SYSCFG2_L                            
00000140  SYSCTL                               
00000141  SYSCTL_H                             
00000140  SYSCTL_L                             
00000146  SYSJMBC                              
00000147  SYSJMBC_H                            
00000146  SYSJMBC_L                            
00000148  SYSJMBI0                             
00000149  SYSJMBI0_H                           
00000148  SYSJMBI0_L                           
0000014a  SYSJMBI1                             
0000014b  SYSJMBI1_H                           
0000014a  SYSJMBI1_L                           
0000014c  SYSJMBO0                             
0000014d  SYSJMBO0_H                           
0000014c  SYSJMBO0_L                           
0000014e  SYSJMBO1                             
0000014f  SYSJMBO1_H                           
0000014e  SYSJMBO1_L                           
0000015e  SYSRSTIV                             
0000015f  SYSRSTIV_H                           
0000015e  SYSRSTIV_L                           
0000015c  SYSSNIV                              
0000015d  SYSSNIV_H                            
0000015c  SYSSNIV_L                            
0000015a  SYSUNIV                              
0000015b  SYSUNIV_H                            
0000015a  SYSUNIV_L                            
0000a3a4  Software_Trim                        
00009cde  Switch1_Process                      
0000b1e4  Switch2_Process                      
0000c994  Switch_Process                       
0000c994  Switches_Process                     
00000392  TB0CCR0                              
00000393  TB0CCR0_H                            
00000392  TB0CCR0_L                            
00000394  TB0CCR1                              
00000395  TB0CCR1_H                            
00000394  TB0CCR1_L                            
00000396  TB0CCR2                              
00000397  TB0CCR2_H                            
00000396  TB0CCR2_L                            
00000382  TB0CCTL0                             
00000383  TB0CCTL0_H                           
00000382  TB0CCTL0_L                           
00000384  TB0CCTL1                             
00000385  TB0CCTL1_H                           
00000384  TB0CCTL1_L                           
00000386  TB0CCTL2                             
00000387  TB0CCTL2_H                           
00000386  TB0CCTL2_L                           
00000380  TB0CTL                               
00000381  TB0CTL_H                             
00000380  TB0CTL_L                             
000003a0  TB0EX0                               
000003a1  TB0EX0_H                             
000003a0  TB0EX0_L                             
000003ae  TB0IV                                
000003af  TB0IV_H                              
000003ae  TB0IV_L                              
00000390  TB0R                                 
00000391  TB0R_H                               
00000390  TB0R_L                               
000003d2  TB1CCR0                              
000003d3  TB1CCR0_H                            
000003d2  TB1CCR0_L                            
000003d4  TB1CCR1                              
000003d5  TB1CCR1_H                            
000003d4  TB1CCR1_L                            
000003d6  TB1CCR2                              
000003d7  TB1CCR2_H                            
000003d6  TB1CCR2_L                            
000003c2  TB1CCTL0                             
000003c3  TB1CCTL0_H                           
000003c2  TB1CCTL0_L                           
000003c4  TB1CCTL1                             
000003c5  TB1CCTL1_H                           
000003c4  TB1CCTL1_L                           
000003c6  TB1CCTL2                             
000003c7  TB1CCTL2_H                           
000003c6  TB1CCTL2_L                           
000003c0  TB1CTL                               
000003c1  TB1CTL_H                             
000003c0  TB1CTL_L                             
000003e0  TB1EX0                               
000003e1  TB1EX0_H                             
000003e0  TB1EX0_L                             
000003ee  TB1IV                                
000003ef  TB1IV_H                              
000003ee  TB1IV_L                              
000003d0  TB1R                                 
000003d1  TB1R_H                               
000003d0  TB1R_L                               
00000412  TB2CCR0                              
00000413  TB2CCR0_H                            
00000412  TB2CCR0_L                            
00000414  TB2CCR1                              
00000415  TB2CCR1_H                            
00000414  TB2CCR1_L                            
00000416  TB2CCR2                              
00000417  TB2CCR2_H                            
00000416  TB2CCR2_L                            
00000402  TB2CCTL0                             
00000403  TB2CCTL0_H                           
00000402  TB2CCTL0_L                           
00000404  TB2CCTL1                             
00000405  TB2CCTL1_H                           
00000404  TB2CCTL1_L                           
00000406  TB2CCTL2                             
00000407  TB2CCTL2_H                           
00000406  TB2CCTL2_L                           
00000400  TB2CTL                               
00000401  TB2CTL_H                             
00000400  TB2CTL_L                             
00000420  TB2EX0                               
00000421  TB2EX0_H                             
00000420  TB2EX0_L                             
0000042e  TB2IV                                
0000042f  TB2IV_H                              
0000042e  TB2IV_L                              
00000410  TB2R                                 
00000411  TB2R_H                               
00000410  TB2R_L                               
00000452  TB3CCR0                              
00000453  TB3CCR0_H                            
00000452  TB3CCR0_L                            
00000454  TB3CCR1                              
00000455  TB3CCR1_H                            
00000454  TB3CCR1_L                            
00000456  TB3CCR2                              
00000457  TB3CCR2_H                            
00000456  TB3CCR2_L                            
00000458  TB3CCR3                              
00000459  TB3CCR3_H                            
00000458  TB3CCR3_L                            
0000045a  TB3CCR4                              
0000045b  TB3CCR4_H                            
0000045a  TB3CCR4_L                            
0000045c  TB3CCR5                              
0000045d  TB3CCR5_H                            
0000045c  TB3CCR5_L                            
0000045e  TB3CCR6                              
0000045f  TB3CCR6_H                            
0000045e  TB3CCR6_L                            
00000442  TB3CCTL0                             
00000443  TB3CCTL0_H                           
00000442  TB3CCTL0_L                           
00000444  TB3CCTL1                             
00000445  TB3CCTL1_H                           
00000444  TB3CCTL1_L                           
00000446  TB3CCTL2                             
00000447  TB3CCTL2_H                           
00000446  TB3CCTL2_L                           
00000448  TB3CCTL3                             
00000449  TB3CCTL3_H                           
00000448  TB3CCTL3_L                           
0000044a  TB3CCTL4                             
0000044b  TB3CCTL4_H                           
0000044a  TB3CCTL4_L                           
0000044c  TB3CCTL5                             
0000044d  TB3CCTL5_H                           
0000044c  TB3CCTL5_L                           
0000044e  TB3CCTL6                             
0000044f  TB3CCTL6_H                           
0000044e  TB3CCTL6_L                           
00000440  TB3CTL                               
00000441  TB3CTL_H                             
00000440  TB3CTL_L                             
00000460  TB3EX0                               
00000461  TB3EX0_H                             
00000460  TB3EX0_L                             
0000046e  TB3IV                                
0000046f  TB3IV_H                              
0000046e  TB3IV_L                              
00000450  TB3R                                 
00000451  TB3R_H                               
00000450  TB3R_L                               
0000247a  Time_Sequence                        
0000cf6a  Timer0_B0_ISR                        
0000cf3a  Timer0_B1_ISR                        
0000cfb4  Timer1_B0_ISR                        
0000cfbe  Timer1_B1_ISR                        
0000b7ba  Timer_B_initUpMode                   
0000cda0  Timer_B_startCounter                 
00000510  UCA0ABCTL                            
00000511  UCA0ABCTL_H                          
00000510  UCA0ABCTL_L                          
00000506  UCA0BRW                              
00000507  UCA0BRW_H                            
00000506  UCA0BRW_L                            
00000500  UCA0CTLW0                            
00000501  UCA0CTLW0_H                          
00000500  UCA0CTLW0_L                          
00000502  UCA0CTLW1                            
00000503  UCA0CTLW1_H                          
00000502  UCA0CTLW1_L                          
0000051a  UCA0IE                               
0000051b  UCA0IE_H                             
0000051a  UCA0IE_L                             
0000051c  UCA0IFG                              
0000051d  UCA0IFG_H                            
0000051c  UCA0IFG_L                            
00000512  UCA0IRCTL                            
00000513  UCA0IRCTL_H                          
00000512  UCA0IRCTL_L                          
0000051e  UCA0IV                               
0000051f  UCA0IV_H                             
0000051e  UCA0IV_L                             
00000508  UCA0MCTLW                            
00000509  UCA0MCTLW_H                          
00000508  UCA0MCTLW_L                          
0000050c  UCA0RXBUF                            
0000050d  UCA0RXBUF_H                          
0000050c  UCA0RXBUF_L                          
0000050a  UCA0STATW                            
0000050b  UCA0STATW_H                          
0000050a  UCA0STATW_L                          
0000050e  UCA0TXBUF                            
0000050f  UCA0TXBUF_H                          
0000050e  UCA0TXBUF_L                          
00000590  UCA1ABCTL                            
00000591  UCA1ABCTL_H                          
00000590  UCA1ABCTL_L                          
00000586  UCA1BRW                              
00000587  UCA1BRW_H                            
00000586  UCA1BRW_L                            
00000580  UCA1CTLW0                            
00000581  UCA1CTLW0_H                          
00000580  UCA1CTLW0_L                          
00000582  UCA1CTLW1                            
00000583  UCA1CTLW1_H                          
00000582  UCA1CTLW1_L                          
0000059a  UCA1IE                               
0000059b  UCA1IE_H                             
0000059a  UCA1IE_L                             
0000059c  UCA1IFG                              
0000059d  UCA1IFG_H                            
0000059c  UCA1IFG_L                            
00000592  UCA1IRCTL                            
00000593  UCA1IRCTL_H                          
00000592  UCA1IRCTL_L                          
0000059e  UCA1IV                               
0000059f  UCA1IV_H                             
0000059e  UCA1IV_L                             
00000588  UCA1MCTLW                            
00000589  UCA1MCTLW_H                          
00000588  UCA1MCTLW_L                          
0000058c  UCA1RXBUF                            
0000058d  UCA1RXBUF_H                          
0000058c  UCA1RXBUF_L                          
0000058a  UCA1STATW                            
0000058b  UCA1STATW_H                          
0000058a  UCA1STATW_L                          
0000058e  UCA1TXBUF                            
0000058f  UCA1TXBUF_H                          
0000058e  UCA1TXBUF_L                          
0000055e  UCB0ADDMASK                          
0000055f  UCB0ADDMASK_H                        
0000055e  UCB0ADDMASK_L                        
0000055c  UCB0ADDRX                            
0000055d  UCB0ADDRX_H                          
0000055c  UCB0ADDRX_L                          
00000546  UCB0BRW                              
00000547  UCB0BRW_H                            
00000546  UCB0BRW_L                            
00000540  UCB0CTLW0                            
00000541  UCB0CTLW0_H                          
00000540  UCB0CTLW0_L                          
00000542  UCB0CTLW1                            
00000543  UCB0CTLW1_H                          
00000542  UCB0CTLW1_L                          
00000554  UCB0I2COA0                           
00000555  UCB0I2COA0_H                         
00000554  UCB0I2COA0_L                         
00000556  UCB0I2COA1                           
00000557  UCB0I2COA1_H                         
00000556  UCB0I2COA1_L                         
00000558  UCB0I2COA2                           
00000559  UCB0I2COA2_H                         
[...]
000006cb  ICCILSR3_H                           
00000700  ADCCTL0                              
00000700  ADCCTL0_L                            
00000701  ADCCTL0_H                            
00000702  ADCCTL1                              
00000702  ADCCTL1_L                            
00000703  ADCCTL1_H                            
00000704  ADCCTL2                              
00000704  ADCCTL2_L                            
00000705  ADCCTL2_H                            
00000706  ADCLO                                
00000706  ADCLO_L                              
00000707  ADCLO_H                              
00000708  ADCHI                                
00000708  ADCHI_L                              
00000709  ADCHI_H                              
0000070a  ADCMCTL0                             
0000070a  ADCMCTL0_L                           
0000070b  ADCMCTL0_H                           
00000712  ADCMEM0                              
00000712  ADCMEM0_L                            
00000713  ADCMEM0_H                            
0000071a  ADCIE                                
0000071a  ADCIE_L                              
0000071b  ADCIE_H                              
0000071c  ADCIFG                               
0000071c  ADCIFG_L                             
0000071d  ADCIFG_H                             
0000071e  ADCIV                                
0000071e  ADCIV_L                              
0000071f  ADCIV_H                              
000008e0  CP0CTL0                              
000008e0  CP0CTL0_L                            
000008e1  CP0CTL0_H                            
000008e2  CP0CTL1                              
000008e2  CP0CTL1_L                            
000008e3  CP0CTL1_H                            
000008e6  CP0INT                               
000008e6  CP0INT_L                             
000008e7  CP0INT_H                             
000008e8  CP0IV                                
000008e8  CP0IV_L                              
000008e9  CP0IV_H                              
000008f0  CP0DACCTL                            
000008f0  CP0DACCTL_L                          
000008f1  CP0DACCTL_H                          
000008f2  CP0DACDATA                           
000008f2  CP0DACDATA_L                         
000008f3  CP0DACDATA_H                         
00000900  CP1CTL0                              
00000900  CP1CTL0_L                            
00000901  CP1CTL0_H                            
00000902  CP1CTL1                              
00000902  CP1CTL1_L                            
00000903  CP1CTL1_H                            
00000906  CP1INT                               
00000906  CP1INT_L                             
00000907  CP1INT_H                             
00000908  CP1IV                                
00000908  CP1IV_L                              
00000909  CP1IV_H                              
00000910  CP1DACCTL                            
00000910  CP1DACCTL_L                          
00000911  CP1DACCTL_H                          
00000912  CP1DACDATA                           
00000912  CP1DACDATA_L                         
00000913  CP1DACDATA_H                         
00000c80  SAC0OA                               
00000c80  SAC0OA_L                             
00000c81  SAC0OA_H                             
00000c82  SAC0PGA                              
00000c82  SAC0PGA_L                            
00000c83  SAC0PGA_H                            
00000c84  SAC0DAC                              
00000c84  SAC0DAC_L                            
00000c85  SAC0DAC_H                            
00000c86  SAC0DAT                              
00000c86  SAC0DAT_L                            
00000c87  SAC0DAT_H                            
00000c88  SAC0DACSTS                           
00000c88  SAC0DACSTS_L                         
00000c89  SAC0DACSTS_H                         
00000c8a  SAC0IV                               
00000c8a  SAC0IV_L                             
00000c8b  SAC0IV_H                             
00000c90  SAC1OA                               
00000c90  SAC1OA_L                             
00000c91  SAC1OA_H                             
00000c92  SAC1PGA                              
00000c92  SAC1PGA_L                            
00000c93  SAC1PGA_H                            
00000c94  SAC1DAC                              
00000c94  SAC1DAC_L                            
00000c95  SAC1DAC_H                            
00000c96  SAC1DAT                              
00000c96  SAC1DAT_L                            
00000c97  SAC1DAT_H                            
00000c98  SAC1DACSTS                           
00000c98  SAC1DACSTS_L                         
00000c99  SAC1DACSTS_H                         
00000c9a  SAC1IV                               
00000c9a  SAC1IV_L                             
00000c9b  SAC1IV_H                             
00000ca0  SAC2OA                               
00000ca0  SAC2OA_L                             
00000ca1  SAC2OA_H                             
00000ca2  SAC2PGA                              
00000ca2  SAC2PGA_L                            
00000ca3  SAC2PGA_H                            
00000ca4  SAC2DAC                              
00000ca4  SAC2DAC_L                            
00000ca5  SAC2DAC_H                            
00000ca6  SAC2DAT                              
00000ca6  SAC2DAT_L                            
00000ca7  SAC2DAT_H                            
00000ca8  SAC2DACSTS                           
00000ca8  SAC2DACSTS_L                         
00000ca9  SAC2DACSTS_H                         
00000caa  SAC2IV                               
00000caa  SAC2IV_L                             
00000cab  SAC2IV_H                             
00000cb0  SAC3OA                               
00000cb0  SAC3OA_L                             
00000cb1  SAC3OA_H                             
00000cb2  SAC3PGA                              
00000cb2  SAC3PGA_L                            
00000cb3  SAC3PGA_H                            
00000cb4  SAC3DAC                              
00000cb4  SAC3DAC_L                            
00000cb5  SAC3DAC_H                            
00000cb6  SAC3DAT                              
00000cb6  SAC3DAT_L                            
00000cb7  SAC3DAT_H                            
00000cb8  SAC3DACSTS                           
00000cb8  SAC3DACSTS_L                         
00000cb9  SAC3DACSTS_H                         
00000cba  SAC3IV                               
00000cba  SAC3IV_L                             
00000cbb  SAC3IV_H                             
00002420  display_line                         
0000244c  turnPID                              
0000246e  display                              
00002476  one_second_timer                     
0000247a  Time_Sequence                        
0000247c  sw1_debounce_count                   
0000247e  sw2_debounce_count                   
00002480  update_display_count                 
00002482  backlight_blink_enable               
00002483  current_character                    
00002484  display_changed                      
00002485  one_time                             
00002486  sw1_debounce_active                  
00002487  sw2_debounce_active                  
00002488  update_display                       
0000252a  getDetectorWhiteLevel                
00002620  getDetectorValue                     
0000268a  turn_kp                              
0000268e  turn_ki                              
00002692  turn_kd                              
00002696  turn_ff_rate_kp_dps_per_deg          
0000269a  turn_ff_max_rate_dps                 
0000269e  turn_ff_ks_percent                   
000026a2  turn_ff_kv_percent_per_dps           
000026a6  turn_max_pwm_percent                 
000026aa  turn_integral_zone_deg               
000026ae  turn_sysid_step_pwm_percent          
000026b2  turn_sysid_ramp_start_pwm_percent    
000026b6  turn_sysid_ramp_step_pwm_percent     
000026ba  turn_sysid_ramp_max_pwm_percent      
000026be  turn_sysid_motion_delta_deg          
000026c2  drive_straight_kp                    
000026c6  drive_straight_kd                    
000026ca  drive_straight_base_percent          
000026ce  drive_straight_max_correction_percent
000026d2  drive_straight_deadband_deg          
000026d6  drive_straight_correction_sign       
000026da  turn_angle_tolerance_deg             
000026de  drive_to_xy_speed_percent            
000026e2  drive_to_xy_tolerance_in             
000026e6  align_line_left_base_percent         
000026ea  align_line_right_base_percent        
000026ee  align_line_detector_kp               
000026f2  align_line_detector_kd               
000026f6  align_line_detector_ki               
000026fa  align_line_heading_kp                
000026fe  align_line_target_delta_deg          
00002702  align_line_heading_tolerance_deg     
00002706  align_line_detector_tolerance_raw    
0000270a  drive_to_line_max_percent            
0000270e  drive_to_line_min_percent            
00002712  drive_to_line_approach_gain          
0000273a  detector_left_white_min              
0000273c  detector_left_white_max              
0000273e  detector_right_white_min             
00002740  detector_right_white_max             
00002742  detector_left_black_min              
00002744  detector_left_black_max              
00002746  detector_right_black_min             
00002748  detector_right_black_max             
0000274a  black_line_left                      
0000274c  black_line_right                     
0000274e  black_all                            
00002750  project7count                        
00002754  project7lock                         
00002756  project7flag                         
00002766  adc_thumb_raw                        
00002768  adc_left_det_raw                     
0000276a  adc_right_det_raw                    
00002f60  _stack                               
00003000  __STACK_END                          
00008400  fram_rw_start                        
00008400  fram_rx_start                        
0000849e  __TI_Handler_Table_Base              
000084aa  __TI_Handler_Table_Limit             
000084b0  __TI_CINIT_Base                      
000084c0  __TI_BINIT_Base                      
000084c0  __TI_CINIT_Limit                     
000084c0  __TI_CINIT_Warm                      
000084c0  __TI_table_binit                     
000084d0  __TI_BINIT_Limit                     
0000994a  main                                 
00009bac  __mspabi_subf                        
00009bb2  __mspabi_addf                        
00009cde  Switch1_Process                      
00009dda  __TI_decompress_lzss                 
0000a152  format_float                         
0000a2e0  Init_LCD                             
0000a3a4  Software_Trim                        
0000a462  __mspabi_mpyf                        
0000a51a  Init_Port1                           
0000a5c4  Init_Port3                           
0000a66e  copy_in                              
0000a716  format_detector_line                 
0000a8f8  Init_Port2                           
0000a98e  Init_Port4                           
0000aa20  Init_Port6                           
0000aab2  __mspabi_divf                        
0000ab42  Init_Timer_B0                        
0000ac5a  Command_FollowLine                   
0000acd6  __TI_auto_init_nopinit_hold_wdt      
0000ae42  Command_DriveToXY                    
0000aeb8  Init_Timer_B1                        
0000af2e  format_emitter_line                  
0000b01a  OTOS_Begin                           
0000b08e  OTOS_CalibrateImu                    
0000b1e4  Switch2_Process                      
0000b2bc  Init_Clocks                          
0000b324  __mspabi_fixfi                       
0000b3f4  Init_Timer_B3                        
0000b45a  PID_Init                             
0000b4c0  Command_TurnToAngle                  
0000b522  Init_Port5                           
0000b584  Command_AlignLeftToLine              
0000b5e4  Command_DriveToLine                  
0000b644  Init_ADC                             
0000b702  Command_DriveStraight                
0000b75e  Command_ReverseStraight              
0000b7ba  Timer_B_initUpMode                   
0000b872  initRobot                            
0000b92a  Command_Sequence                     
0000b9dc  __mspabi_divul                       
0000b9dc  __mspabi_remul                       
0000ba34  updateRobot                          
0000ba8a  Command_DriveUntil                   
0000bb32  Init_Conditions                      
0000bbd2  getDetectedColor                     
0000bd9a  detectorSetBlackRangeFromCurrent     
0000bde4  detectorSetWhiteRangeFromCurrent     
0000be2e  __mspabi_cmpf                        
0000c0b8  __mspabi_fixfu                       
0000c0fe  Display_Update                       
0000c142  Command_Spin                         
0000c182  Init_SPI_B1                          
0000c1c2  __memcpy_far                         
0000c282  __mspabi_divli                       
0000c282  __mspabi_remli                       
0000c2c2  __TI_zero_init                       
0000c300  __mspabi_sral_15                     
0000c304  __mspabi_sral_14                     
0000c308  __mspabi_sral_13                     
0000c30c  __mspabi_sral_12                     
0000c310  __mspabi_sral_11                     
0000c314  __mspabi_sral_10                     
0000c318  __mspabi_sral_9                      
0000c31c  __mspabi_sral_8                      
0000c320  __mspabi_sral_7                      
0000c324  __mspabi_sral_6                      
0000c328  __mspabi_sral_5                      
0000c32c  __mspabi_sral_4                      
0000c330  __mspabi_sral_3                      
0000c334  __mspabi_sral_2                      
0000c338  __mspabi_sral_1                      
0000c33e  Command_Reverse                      
0000c37a  __mpu_init                           
0000c3b6  __TI_decompress_none                 
0000c3f2  Command_Forward                      
0000c42c  Command_Wait                         
0000c4d2  __mspabi_fltif                       
0000c508  ADC_init                             
0000c53c  driveSpin                            
0000c570  driveForward                         
0000c5a2  driveReverse                         
0000c5d4  driveSpinReverse                     
0000c606  getThumbWheel                        
0000c666  Init_Switch                          
0000c666  Init_Switches                        
0000c6be  getHeading                           
0000c6e8  strncmp                              
0000c73c  Motors_DriveSpinPWM                  
0000c764  WriteData                            
0000c78c  WriteIns                             
0000c7b4  GPIO_setAsInputPinWithPullUpResistor 
0000c800  Motors_DriveForwardPWM               
0000c824  Motors_DriveReversePWM               
0000c848  Motors_DriveSpinReversePWM           
0000c86c  __mspabi_fltuf                       
0000c890  __mspabi_mpyl_f5hw                   
0000c8b4  Display_Process                      
0000c8d6  zeroHeading                          
0000c8f8  Motors_Service                       
0000c918  getPositionY                         
0000c958  ADC_disableConversions               
0000c976  GPIO_setAsOutputPin                  
0000c994  Switch_Process                       
0000c994  Switches_Process                     
0000c994  switch_control                       
0000c9d0  PID_IsDone                           
0000c9ec  SPI_B1_write                         
0000ca08  __mspabi_mpyul_f5hw                  
0000ca40  lcd_out                              
0000ca5c  GPIO_getInputPinValue                
0000ca76  Init_Ports                           
0000caaa  ADC_startConversion                  
0000cac2  ClrDisplay_Buffer_0                  
0000cada  ClrDisplay_Buffer_1                  
0000caf2  ClrDisplay_Buffer_2                  
0000cb0a  ClrDisplay_Buffer_3                  
0000cb3a  __mspabi_mpyi_f5hw                   
0000cb6a  ADC_configureMemory                  
0000cb80  ClrDisplay                           
0000cb96  GPIO_setOutputLowOnPin               
0000cbac  isRobotBusy                          
0000cbc2  __mspabi_divu                        
0000cbc2  __mspabi_remu                        
0000cbd8  spi_chipselect_idle                  
0000cbee  ADC_setupSamplingTimer               
0000cc16  Init_IMU                             
0000cc28  memcpy                               
0000cc3a  resetRobot                           
0000cc70  spi_chipselect_active                
0000cc92  getRawDetectorValue                  
0000cca2  strcpy                               
0000ccb2  ADC_setResolution                    
0000ccc0  DisplayOnOff                         
0000ccce  Init_Timers                          
0000ccdc  Motors_IsSettled                     
0000cd06  setRobotShape                        
0000cd14  IMU_Process                          
0000cd20  ADC_setDataReadBackFormat            
0000cd34  abs                                  
0000cd3e  chainWait                            
0000cd48  enable_switch_SW1                    
0000cd52  enable_switch_SW2                    
0000cd5c  __mspabi_negf                        
0000cd7a  ADC_clearInterrupt                   
0000cd82  ADC_enable                           
0000cd8a  ADC_enableInterrupt                  
0000cd92  enable_interrupts                    
0000cd9a  IMU_GetPacketCount                   
0000cda0  Timer_B_startCounter                 
0000cda6  C$$EXIT                              
0000cda6  abort                                
0000cdb2  driveStop                            
0000cdb8  getEmitterState                      
0000cdbe  spi_reset_active                     
0000cdc4  spi_reset_idle                       
0000cdca  _system_pre_init                     
0000cdce  _system_post_cinit                   
0000cdd0  PORT2_ISR                            
0000ce58  PORT4_ISR                            
0000cee0  ADC_ISR                              
0000cf3a  Timer0_B1_ISR                        
0000cf6a  Timer0_B0_ISR                        
0000cf94  _c_int00_noargs_mpu                  
0000cfb4  Timer1_B0_ISR                        
0000cfbe  Timer1_B1_ISR                        
0000cfc8  __TI_ISR_TRAP                        
0000ffce  __TI_int22                           
0000ffd0  __TI_int23                           
0000ffd2  __TI_int24                           
0000ffd4  __TI_int25                           
0000ffd6  __TI_int26                           
0000ffd8  __TI_int27                           
0000ffda  __TI_int28                           
0000ffdc  __TI_int29                           
0000ffde  __TI_int30                           
0000ffe0  __TI_int31                           
0000ffe2  __TI_int32                           
0000ffe4  __TI_int33                           
0000ffe6  __TI_int34                           
0000ffe8  __TI_int35                           
0000ffea  __TI_int36                           
0000ffec  __TI_int37                           
0000ffee  __TI_int38                           
0000fff0  __TI_int39                           
0000fff2  __TI_int40                           
0000fff4  __TI_int41                           
0000fff6  __TI_int42                           
0000fff8  __TI_int43                           
0000fffa  __TI_int44                           
0000fffc  __TI_int45                           
0000fffe  _reset_vector                        
ffffffff  __TI_pprof_out_hndl                  
ffffffff  __TI_prof_data_size                  
ffffffff  __TI_prof_data_start                 
ffffffff  __c_args__                           

[1188 symbols]
